Jul 19 04:40:04 kibr sendmail[12711]: 06J1e4G4012711: from=sergey, size=17080, class=0, nrcpts=1, msgid=<202007190140.06J1e4G4012711@mail.kibr.net>, relay=sergey@localhost
Jul 19 04:40:09 kibr sm-mta[12713]: 06J1e42n012713: from=<sergey@mail.kibr.net>, size=17342, class=0, nrcpts=1, msgid=<202007190140.06J1e4G4012711@mail.kibr.net>, proto=ESMTP, daemon=MTA, relay=localhost [127.0.0.1]
Jul 19 04:40:09 kibr sendmail[12711]: 06J1e4G4012711: to=sergey, ctladdr=sergey (1003/100), delay=00:00:05, xdelay=00:00:05, mailer=relay, pri=47080, relay=[127.0.0.1] [127.0.0.1], dsn=2.0.0, stat=Sent (06J1e42n012713 Message accepted for delivery)
Jul 19 04:40:10 kibr sm-mta[12714]: 06J1e42n012713: to=<sergey@mail.kibr.net>, ctladdr=<sergey@mail.kibr.net> (1003/100), delay=00:00:01, xdelay=00:00:00, mailer=local, pri=47529, dsn=2.0.0, stat=Sent
Jul 19 04:42:33 kibr sendmail[12768]: 06J1gXwY012768: from=root, size=654, class=0, nrcpts=1, msgid=<202007190142.06J1gXwY012768@mail.kibr.net>, relay=root@localhost
Jul 19 04:42:38 kibr sm-mta[12770]: 06J1gXkT012770: from=<root@mail.kibr.net>, size=912, class=0, nrcpts=1, msgid=<202007190142.06J1gXwY012768@mail.kibr.net>, proto=ESMTP, daemon=MTA, relay=localhost [127.0.0.1]
Jul 19 04:42:38 kibr sendmail[12768]: 06J1gXwY012768: to=root, ctladdr=root (0/0), delay=00:00:05, xdelay=00:00:05, mailer=relay, pri=30654, relay=[127.0.0.1] [127.0.0.1], dsn=2.0.0, stat=Sent (06J1gXkT012770 Message accepted for delivery)
Jul 19 04:42:38 kibr sm-mta[12772]: 06J1gXkT012770: to=<root@mail.kibr.net>, ctladdr=<root@mail.kibr.net> (0/0), delay=00:00:00, xdelay=00:00:00, mailer=local, pri=31097, dsn=2.0.0, stat=Sent
Jul 19 04:47:09 kibr sm-mta[12834]: 06J1l3ME012834: [37.49.230.250] did not issue MAIL/EXPN/VRFY/ETRN during connection to MTA
Jul 19 04:48:13 kibr sendmail[12845]: 06J1mCX0012845: from=root, size=164, class=0, nrcpts=1, msgid=<202007190148.06J1mCX0012845@mail.kibr.net>, relay=root@localhost
Jul 19 04:48:18 kibr sm-mta[12847]: 06J1mDR0012847: from=<root@mail.kibr.net>, size=422, class=0, nrcpts=1, msgid=<202007190148.06J1mCX0012845@mail.kibr.net>, proto=ESMTP, daemon=MTA, relay=localhost [127.0.0.1]
Jul 19 04:48:18 kibr sendmail[12845]: 06J1mCX0012845: to=root, ctladdr=root (0/0), delay=00:00:06, xdelay=00:00:05, mailer=relay, pri=30164, relay=[127.0.0.1] [127.0.0.1], dsn=2.0.0, stat=Sent (06J1mDR0012847 Message accepted for delivery)
Jul 19 04:48:18 kibr sm-mta[12848]: 06J1mDR0012847: to=<root@mail.kibr.net>, ctladdr=<root@mail.kibr.net> (0/0), delay=00:00:00, xdelay=00:00:00, mailer=local, pri=30607, dsn=2.0.0, stat=Sent
Jul 19 05:08:16 kibr sm-mta[12930]: 06J289X8012930: [37.49.230.250] did not issue MAIL/EXPN/VRFY/ETRN during connection to MTA
Jul 19 05:29:38 kibr sm-mta[13013]: 06J2TXOj013013: [37.49.230.250] did not issue MAIL/EXPN/VRFY/ETRN during connection to MTA
Jul 19 05:47:56 kibr sendmail[13134]: 06J2luZF013134: from=root, size=164, class=0, nrcpts=1, msgid=<202007190247.06J2luZF013134@mail.kibr.net>, relay=root@localhost
Jul 19 05:48:02 kibr sm-mta[13136]: 06J2luf1013136: from=<root@mail.kibr.net>, size=422, class=0, nrcpts=1, msgid=<202007190247.06J2luZF013134@mail.kibr.net>, proto=ESMTP, daemon=MTA, relay=localhost [127.0.0.1]
Jul 19 05:48:02 kibr sendmail[13134]: 06J2luZF013134: to=root, ctladdr=root (0/0), delay=00:00:06, xdelay=00:00:06, mailer=relay, pri=30164, relay=[127.0.0.1] [127.0.0.1], dsn=2.0.0, stat=Sent (06J2luf1013136 Message accepted for delivery)
Jul 19 05:48:02 kibr sm-mta[13137]: 06J2luf1013136: to=<root@mail.kibr.net>, ctladdr=<root@mail.kibr.net> (0/0), delay=00:00:01, xdelay=00:00:00, mailer=local, pri=30607, dsn=2.0.0, stat=Sent
Jul 19 05:50:44 kibr sm-mta[13148]: 06J2ocgH013148: [37.49.230.250] did not issue MAIL/EXPN/VRFY/ETRN during connection to MTA
Jul 19 06:02:38 kibr sm-mta[13194]: 06J32SbK013194: [193.56.28.176] did not issue MAIL/EXPN/VRFY/ETRN during connection to MTA
Jul 19 06:11:20 kibr sm-mta[13230]: 06J3BEBl013230: [37.49.230.250] did not issue MAIL/EXPN/VRFY/ETRN during connection to MTA
Jul 19 06:18:20 kibr sm-mta[13261]: 06J3IFCm013261: ruleset=check_rcpt, arg1=<mboconnect2019@hotmail.com>, relay=fowl.cosmosnob.com [89.33.192.102] (may be forged), reject=550 5.7.1 <mboconnect2019@hotmail.com>... Relaying denied. IP name possibly forged [89.33.192.102]
Jul 19 06:18:20 kibr sm-mta[13261]: 06J3IFCm013261: from=<contact3273282758@vectronicsappleworlds.com>, size=0, class=0, nrcpts=0, bodytype=8BITMIME, proto=ESMTP, daemon=MTA, relay=fowl.cosmosnob.com [89.33.192.102] (may be forged)
Jul 19 06:22:19 kibr sm-mta[13274]: 06J3MDBL013274: ruleset=check_rcpt, arg1=<spameri@tiscali.it>, relay=[37.49.230.223], reject=550 5.7.1 <spameri@tiscali.it>... Relaying denied. IP name lookup failed [37.49.230.223]
Jul 19 06:22:19 kibr sm-mta[13274]: 06J3MDBL013274: from=<spameri@tiscali.it>, size=0, class=0, nrcpts=0, proto=ESMTP, daemon=MTA, relay=[37.49.230.223]
Jul 19 06:25:27 kibr sm-mta[13288]: 06J3POfb013288: 39.3.dialup.mari-el.ru [77.40.3.39] (may be forged) did not issue MAIL/EXPN/VRFY/ETRN during connection to MTA
Jul 19 06:31:48 kibr sm-mta[13313]: 06J3Vhno013313: [37.49.230.250] did not issue MAIL/EXPN/VRFY/ETRN during connection to MTA
Jul 19 06:47:53 kibr sendmail[13428]: 06J3lr01013428: from=root, size=164, class=0, nrcpts=1, msgid=<202007190347.06J3lr01013428@mail.kibr.net>, relay=root@localhost
Jul 19 06:47:58 kibr sm-mta[13430]: 06J3lrVB013430: from=<root@mail.kibr.net>, size=422, class=0, nrcpts=1, msgid=<202007190347.06J3lr01013428@mail.kibr.net>, proto=ESMTP, daemon=MTA, relay=localhost [127.0.0.1]
Jul 19 06:47:58 kibr sendmail[13428]: 06J3lr01013428: to=root, ctladdr=root (0/0), delay=00:00:05, xdelay=00:00:05, mailer=relay, pri=30164, relay=[127.0.0.1] [127.0.0.1], dsn=2.0.0, stat=Sent (06J3lrVB013430 Message accepted for delivery)
Jul 19 06:47:58 kibr sm-mta[13431]: 06J3lrVB013430: to=<root@mail.kibr.net>, ctladdr=<root@mail.kibr.net> (0/0), delay=00:00:00, xdelay=00:00:00, mailer=local, pri=30607, dsn=2.0.0, stat=Sent
Jul 19 06:52:09 kibr sm-mta[13446]: 06J3q3GN013446: [37.49.230.250] did not issue MAIL/EXPN/VRFY/ETRN during connection to MTA
Jul 19 07:12:30 kibr sm-mta[13527]: 06J4CPsi013527: [37.49.230.250] did not issue MAIL/EXPN/VRFY/ETRN during connection to MTA
Jul 19 07:20:33 kibr sm-mta[13562]: 06J4KUnV013562: 39.3.dialup.mari-el.ru [77.40.3.39] (may be forged) did not issue MAIL/EXPN/VRFY/ETRN during connection to MTA
Jul 19 07:23:15 kibr sm-mta[13573]: 06J4NDXj013573: rejecting commands from rnd.group-ib.ru [80.82.70.118] due to pre-greeting traffic after 2 seconds
Jul 19 07:32:51 kibr sm-mta[13612]: 06J4Wk6j013612: [37.49.230.250] did not issue MAIL/EXPN/VRFY/ETRN during connection to MTA
Jul 19 07:36:57 kibr sm-mta[13626]: 06J4am5G013626: [193.56.28.176] did not issue MAIL/EXPN/VRFY/ETRN during connection to MTA
Jul 19 07:47:54 kibr sendmail[13722]: 06J4lsGc013722: from=root, size=164, class=0, nrcpts=1, msgid=<202007190447.06J4lsGc013722@mail.kibr.net>, relay=root@localhost
Jul 19 07:47:59 kibr sm-mta[13724]: 06J4lsQl013724: from=<root@mail.kibr.net>, size=422, class=0, nrcpts=1, msgid=<202007190447.06J4lsGc013722@mail.kibr.net>, proto=ESMTP, daemon=MTA, relay=localhost [127.0.0.1]
Jul 19 07:47:59 kibr sendmail[13722]: 06J4lsGc013722: to=root, ctladdr=root (0/0), delay=00:00:05, xdelay=00:00:05, mailer=relay, pri=30164, relay=[127.0.0.1] [127.0.0.1], dsn=2.0.0, stat=Sent (06J4lsQl013724 Message accepted for delivery)
Jul 19 07:47:59 kibr sm-mta[13725]: 06J4lsQl013724: to=<root@mail.kibr.net>, ctladdr=<root@mail.kibr.net> (0/0), delay=00:00:00, xdelay=00:00:00, mailer=local, pri=30607, dsn=2.0.0, stat=Sent
Jul 19 07:53:10 kibr sm-mta[13745]: 06J4r5Wm013745: [37.49.230.250] did not issue MAIL/EXPN/VRFY/ETRN during connection to MTA
Jul 19 08:13:39 kibr sm-mta[13825]: 06J5DYJa013825: [37.49.230.250] did not issue MAIL/EXPN/VRFY/ETRN during connection to MTA
Jul 19 08:31:51 kibr sm-mta[13898]: 06J5ViRx013898: ruleset=check_rcpt, arg1=<spameri@tiscali.it>, relay=[27.255.75.189], reject=550 5.7.1 <spameri@tiscali.it>... Relaying denied. IP name lookup failed [27.255.75.189]
Jul 19 08:31:51 kibr sm-mta[13898]: 06J5ViRx013898: from=<spameri@tiscali.it>, size=0, class=0, nrcpts=0, proto=ESMTP, daemon=MTA, relay=[27.255.75.189]
Jul 19 08:33:01 kibr sm-mta[13902]: 06J5Wtbg013902: [37.49.230.250] did not issue MAIL/EXPN/VRFY/ETRN during connection to MTA
Jul 19 08:33:26 kibr sm-mta[13904]: 06J5XF80013904: [180.101.145.234] did not issue MAIL/EXPN/VRFY/ETRN during connection to MTA
Jul 19 08:47:53 kibr sendmail[14010]: 06J5lrWT014010: from=root, size=164, class=0, nrcpts=1, msgid=<202007190547.06J5lrWT014010@mail.kibr.net>, relay=root@localhost
Jul 19 08:47:59 kibr sm-mta[14012]: 06J5lrkA014012: from=<root@mail.kibr.net>, size=422, class=0, nrcpts=1, msgid=<202007190547.06J5lrWT014010@mail.kibr.net>, proto=ESMTP, daemon=MTA, relay=localhost [127.0.0.1]
Jul 19 08:47:59 kibr sendmail[14010]: 06J5lrWT014010: to=root, ctladdr=root (0/0), delay=00:00:06, xdelay=00:00:06, mailer=relay, pri=30164, relay=[127.0.0.1] [127.0.0.1], dsn=2.0.0, stat=Sent (06J5lrkA014012 Message accepted for delivery)
Jul 19 08:47:59 kibr sm-mta[14013]: 06J5lrkA014012: to=<root@mail.kibr.net>, ctladdr=<root@mail.kibr.net> (0/0), delay=00:00:00, xdelay=00:00:00, mailer=local, pri=30607, dsn=2.0.0, stat=Sent
Jul 19 08:52:47 kibr sm-mta[14033]: 06J5qftr014033: [37.49.230.250] did not issue MAIL/EXPN/VRFY/ETRN during connection to MTA
Jul 19 09:13:16 kibr sm-mta[14112]: 06J6DAn3014112: [37.49.230.250] did not issue MAIL/EXPN/VRFY/ETRN during connection to MTA
Jul 19 09:34:00 kibr sm-mta[14195]: 06J6XtRR014195: [37.49.230.250] did not issue MAIL/EXPN/VRFY/ETRN during connection to MTA
Jul 19 09:47:53 kibr sendmail[14300]: 06J6lrnD014300: from=root, size=164, class=0, nrcpts=1, msgid=<202007190647.06J6lrnD014300@mail.kibr.net>, relay=root@localhost
Jul 19 09:47:58 kibr sm-mta[14302]: 06J6lrwf014302: from=<root@mail.kibr.net>, size=422, class=0, nrcpts=1, msgid=<202007190647.06J6lrnD014300@mail.kibr.net>, proto=ESMTP, daemon=MTA, relay=localhost [127.0.0.1]
Jul 19 09:47:58 kibr sendmail[14300]: 06J6lrnD014300: to=root, ctladdr=root (0/0), delay=00:00:05, xdelay=00:00:05, mailer=relay, pri=30164, relay=[127.0.0.1] [127.0.0.1], dsn=2.0.0, stat=Sent (06J6lrwf014302 Message accepted for delivery)
Jul 19 09:47:58 kibr sm-mta[14303]: 06J6lrwf014302: to=<root@mail.kibr.net>, ctladdr=<root@mail.kibr.net> (0/0), delay=00:00:00, xdelay=00:00:00, mailer=local, pri=30607, dsn=2.0.0, stat=Sent
Jul 19 09:55:01 kibr sm-mta[14335]: 06J6stLO014335: [37.49.230.250] did not issue MAIL/EXPN/VRFY/ETRN during connection to MTA
Jul 19 10:14:36 kibr sm-mta[14408]: 06J7EVZW014408: [37.49.230.250] did not issue MAIL/EXPN/VRFY/ETRN during connection to MTA
Jul 19 10:34:16 kibr sm-mta[14486]: 06J7YBBY014486: [37.49.230.250] did not issue MAIL/EXPN/VRFY/ETRN during connection to MTA
Jul 19 10:47:54 kibr sendmail[14586]: 06J7lsBG014586: from=root, size=164, class=0, nrcpts=1, msgid=<202007190747.06J7lsBG014586@mail.kibr.net>, relay=root@localhost
Jul 19 10:48:02 kibr sm-mta[14588]: 06J7lseM014588: from=<root@mail.kibr.net>, size=422, class=0, nrcpts=1, msgid=<202007190747.06J7lsBG014586@mail.kibr.net>, proto=ESMTP, daemon=MTA, relay=localhost [127.0.0.1]
Jul 19 10:48:02 kibr sendmail[14586]: 06J7lsBG014586: to=root, ctladdr=root (0/0), delay=00:00:08, xdelay=00:00:08, mailer=relay, pri=30164, relay=[127.0.0.1] [127.0.0.1], dsn=2.0.0, stat=Sent (06J7lseM014588 Message accepted for delivery)
Jul 19 10:48:02 kibr sm-mta[14590]: 06J7lseM014588: to=<root@mail.kibr.net>, ctladdr=<root@mail.kibr.net> (0/0), delay=00:00:02, xdelay=00:00:00, mailer=local, pri=30607, dsn=2.0.0, stat=Sent
Jul 19 10:53:51 kibr sm-mta[14617]: 06J7rk0H014617: [37.49.230.250] did not issue MAIL/EXPN/VRFY/ETRN during connection to MTA
Jul 19 10:55:40 kibr sm-mta[14625]: 06J7tPcQ014625: ruleset=check_rcpt, arg1=<Apostolyuk.Elena@kibr.net>, relay=subscribe211.litres.ru [193.26.19.119], reject=550 5.7.1 <Apostolyuk.Elena@kibr.net>... Mail from 193.26.19.119 rejected - see safe.dnsbl.sorbs.net
Jul 19 10:55:40 kibr sm-mta[14625]: 06J7tPcQ014625: from=<subscrib@e.litres.ru>, size=163638, class=0, nrcpts=0, bodytype=8BITMIME, proto=ESMTP, daemon=MTA, relay=subscribe211.litres.ru [193.26.19.119]
Jul 19 11:13:33 kibr sm-mta[14691]: 06J8DSMd014691: [37.49.230.250] did not issue MAIL/EXPN/VRFY/ETRN during connection to MTA
Jul 19 11:33:17 kibr sm-mta[14771]: 06J8XBNS014771: [37.49.230.250] did not issue MAIL/EXPN/VRFY/ETRN during connection to MTA
Jul 19 11:35:28 kibr sm-mta[14778]: 06J8YroD014778: 29.20.97.83.ro.ovo.sc [83.97.20.29] did not issue MAIL/EXPN/VRFY/ETRN during connection to MTA
Jul 19 11:47:53 kibr sendmail[14880]: 06J8lr65014880: from=root, size=164, class=0, nrcpts=1, msgid=<202007190847.06J8lr65014880@mail.kibr.net>, relay=root@localhost
Jul 19 11:47:58 kibr sm-mta[14882]: 06J8lrLJ014882: from=<root@mail.kibr.net>, size=422, class=0, nrcpts=1, msgid=<202007190847.06J8lr65014880@mail.kibr.net>, proto=ESMTP, daemon=MTA, relay=localhost [127.0.0.1]
Jul 19 11:47:58 kibr sendmail[14880]: 06J8lr65014880: to=root, ctladdr=root (0/0), delay=00:00:05, xdelay=00:00:05, mailer=relay, pri=30164, relay=[127.0.0.1] [127.0.0.1], dsn=2.0.0, stat=Sent (06J8lrLJ014882 Message accepted for delivery)
Jul 19 11:47:59 kibr sm-mta[14883]: 06J8lrLJ014882: to=<root@mail.kibr.net>, ctladdr=<root@mail.kibr.net> (0/0), delay=00:00:01, xdelay=00:00:01, mailer=local, pri=30607, dsn=2.0.0, stat=Sent
Jul 19 11:52:52 kibr sm-mta[14902]: 06J8qlYn014902: [37.49.230.250] did not issue MAIL/EXPN/VRFY/ETRN during connection to MTA
Jul 19 12:12:28 kibr sm-mta[14981]: 06J9CMVp014981: [37.49.230.250] did not issue MAIL/EXPN/VRFY/ETRN during connection to MTA
Jul 19 12:13:20 kibr sm-mta[14985]: 06J9DKB8014985: rejecting commands from ns3167267.ip-51-178-78.eu [51.178.78.154] due to pre-greeting traffic after 0 seconds
Jul 19 12:32:04 kibr sm-mta[15061]: 06J9Vxpq015061: [37.49.230.250] did not issue MAIL/EXPN/VRFY/ETRN during connection to MTA
Jul 19 12:47:53 kibr sendmail[15174]: 06J9lrqq015174: from=root, size=164, class=0, nrcpts=1, msgid=<202007190947.06J9lrqq015174@mail.kibr.net>, relay=root@localhost
Jul 19 12:47:58 kibr sm-mta[15176]: 06J9lrY4015176: from=<root@mail.kibr.net>, size=422, class=0, nrcpts=1, msgid=<202007190947.06J9lrqq015174@mail.kibr.net>, proto=ESMTP, daemon=MTA, relay=localhost [127.0.0.1]
Jul 19 12:47:58 kibr sendmail[15174]: 06J9lrqq015174: to=root, ctladdr=root (0/0), delay=00:00:05, xdelay=00:00:05, mailer=relay, pri=30164, relay=[127.0.0.1] [127.0.0.1], dsn=2.0.0, stat=Sent (06J9lrY4015176 Message accepted for delivery)
Jul 19 12:47:59 kibr sm-mta[15177]: 06J9lrY4015176: to=<root@mail.kibr.net>, ctladdr=<root@mail.kibr.net> (0/0), delay=00:00:01, xdelay=00:00:00, mailer=local, pri=30607, dsn=2.0.0, stat=Sent
Jul 19 12:52:22 kibr sm-mta[15193]: 06J9qG5q015193: [37.49.230.250] did not issue MAIL/EXPN/VRFY/ETRN during connection to MTA
Jul 19 13:47:53 kibr sendmail[15464]: 06JAlqQs015464: from=root, size=164, class=0, nrcpts=1, msgid=<202007191047.06JAlqQs015464@mail.kibr.net>, relay=root@localhost
Jul 19 13:47:58 kibr sm-mta[15466]: 06JAlrfM015466: from=<root@mail.kibr.net>, size=422, class=0, nrcpts=1, msgid=<202007191047.06JAlqQs015464@mail.kibr.net>, proto=ESMTP, daemon=MTA, relay=localhost [127.0.0.1]
Jul 19 13:47:58 kibr sendmail[15464]: 06JAlqQs015464: to=root, ctladdr=root (0/0), delay=00:00:06, xdelay=00:00:05, mailer=relay, pri=30164, relay=[127.0.0.1] [127.0.0.1], dsn=2.0.0, stat=Sent (06JAlrfM015466 Message accepted for delivery)
Jul 19 13:47:58 kibr sm-mta[15467]: 06JAlrfM015466: to=<root@mail.kibr.net>, ctladdr=<root@mail.kibr.net> (0/0), delay=00:00:00, xdelay=00:00:00, mailer=local, pri=30607, dsn=2.0.0, stat=Sent
Jul 19 14:47:54 kibr sendmail[15765]: 06JBlrtJ015765: from=root, size=164, class=0, nrcpts=1, msgid=<202007191147.06JBlrtJ015765@mail.kibr.net>, relay=root@localhost
Jul 19 14:47:59 kibr sm-mta[15767]: 06JBlsrg015767: from=<root@mail.kibr.net>, size=422, class=0, nrcpts=1, msgid=<202007191147.06JBlrtJ015765@mail.kibr.net>, proto=ESMTP, daemon=MTA, relay=localhost [127.0.0.1]
Jul 19 14:47:59 kibr sendmail[15765]: 06JBlrtJ015765: to=root, ctladdr=root (0/0), delay=00:00:06, xdelay=00:00:05, mailer=relay, pri=30164, relay=[127.0.0.1] [127.0.0.1], dsn=2.0.0, stat=Sent (06JBlsrg015767 Message accepted for delivery)
Jul 19 14:47:59 kibr sm-mta[15768]: 06JBlsrg015767: to=<root@mail.kibr.net>, ctladdr=<root@mail.kibr.net> (0/0), delay=00:00:00, xdelay=00:00:00, mailer=local, pri=30607, dsn=2.0.0, stat=Sent
Jul 19 15:47:53 kibr sendmail[16047]: 06JClrds016047: from=root, size=164, class=0, nrcpts=1, msgid=<202007191247.06JClrds016047@mail.kibr.net>, relay=root@localhost
Jul 19 15:47:58 kibr sm-mta[16049]: 06JClrwR016049: from=<root@mail.kibr.net>, size=422, class=0, nrcpts=1, msgid=<202007191247.06JClrds016047@mail.kibr.net>, proto=ESMTP, daemon=MTA, relay=localhost [127.0.0.1]
Jul 19 15:47:58 kibr sendmail[16047]: 06JClrds016047: to=root, ctladdr=root (0/0), delay=00:00:05, xdelay=00:00:05, mailer=relay, pri=30164, relay=[127.0.0.1] [127.0.0.1], dsn=2.0.0, stat=Sent (06JClrwR016049 Message accepted for delivery)
Jul 19 15:47:58 kibr sm-mta[16050]: 06JClrwR016049: to=<root@mail.kibr.net>, ctladdr=<root@mail.kibr.net> (0/0), delay=00:00:00, xdelay=00:00:00, mailer=local, pri=30607, dsn=2.0.0, stat=Sent
Jul 19 16:47:53 kibr sendmail[16333]: 06JDlrPB016333: from=root, size=164, class=0, nrcpts=1, msgid=<202007191347.06JDlrPB016333@mail.kibr.net>, relay=root@localhost
Jul 19 16:47:58 kibr sm-mta[16335]: 06JDlrkb016335: from=<root@mail.kibr.net>, size=422, class=0, nrcpts=1, msgid=<202007191347.06JDlrPB016333@mail.kibr.net>, proto=ESMTP, daemon=MTA, relay=localhost [127.0.0.1]
Jul 19 16:47:59 kibr sendmail[16333]: 06JDlrPB016333: to=root, ctladdr=root (0/0), delay=00:00:06, xdelay=00:00:06, mailer=relay, pri=30164, relay=[127.0.0.1] [127.0.0.1], dsn=2.0.0, stat=Sent (06JDlrkb016335 Message accepted for delivery)
Jul 19 16:47:59 kibr sm-mta[16337]: 06JDlrkb016335: to=<root@mail.kibr.net>, ctladdr=<root@mail.kibr.net> (0/0), delay=00:00:01, xdelay=00:00:00, mailer=local, pri=30607, dsn=2.0.0, stat=Sent
Jul 19 17:26:46 kibr sm-mta[16486]: 06JEQeKU016486: [103.133.105.65] did not issue MAIL/EXPN/VRFY/ETRN during connection to MTA
Jul 19 17:36:05 kibr sm-mta[16524]: 06JEa0VF016524: ruleset=check_rcpt, arg1=<mboconnect2019@hotmail.com>, relay=[188.240.221.78], reject=550 5.7.1 <mboconnect2019@hotmail.com>... Relaying denied. IP name lookup failed [188.240.221.78]
Jul 19 17:36:05 kibr sm-mta[16524]: 06JEa0VF016524: from=<contact3273282758@vectronicsappleworlds.com>, size=0, class=0, nrcpts=0, bodytype=8BITMIME, proto=ESMTP, daemon=MTA, relay=[188.240.221.78]
Jul 19 17:47:53 kibr sendmail[16620]: 06JElq1t016620: from=root, size=164, class=0, nrcpts=1, msgid=<202007191447.06JElq1t016620@mail.kibr.net>, relay=root@localhost
Jul 19 17:47:58 kibr sm-mta[16622]: 06JElr6D016622: from=<root@mail.kibr.net>, size=422, class=0, nrcpts=1, msgid=<202007191447.06JElq1t016620@mail.kibr.net>, proto=ESMTP, daemon=MTA, relay=localhost [127.0.0.1]
Jul 19 17:47:58 kibr sendmail[16620]: 06JElq1t016620: to=root, ctladdr=root (0/0), delay=00:00:06, xdelay=00:00:05, mailer=relay, pri=30164, relay=[127.0.0.1] [127.0.0.1], dsn=2.0.0, stat=Sent (06JElr6D016622 Message accepted for delivery)
Jul 19 17:47:58 kibr sm-mta[16624]: 06JElr6D016622: to=<root@mail.kibr.net>, ctladdr=<root@mail.kibr.net> (0/0), delay=00:00:00, xdelay=00:00:00, mailer=local, pri=30607, dsn=2.0.0, stat=Sent
Jul 19 18:47:53 kibr sendmail[16910]: 06JFlr4l016910: from=root, size=164, class=0, nrcpts=1, msgid=<202007191547.06JFlr4l016910@mail.kibr.net>, relay=root@localhost
Jul 19 18:47:58 kibr sm-mta[16912]: 06JFlrYJ016912: from=<root@mail.kibr.net>, size=422, class=0, nrcpts=1, msgid=<202007191547.06JFlr4l016910@mail.kibr.net>, proto=ESMTP, daemon=MTA, relay=localhost [127.0.0.1]
Jul 19 18:47:58 kibr sendmail[16910]: 06JFlr4l016910: to=root, ctladdr=root (0/0), delay=00:00:05, xdelay=00:00:05, mailer=relay, pri=30164, relay=[127.0.0.1] [127.0.0.1], dsn=2.0.0, stat=Sent (06JFlrYJ016912 Message accepted for delivery)
Jul 19 18:47:59 kibr sm-mta[16913]: 06JFlrYJ016912: to=<root@mail.kibr.net>, ctladdr=<root@mail.kibr.net> (0/0), delay=00:00:01, xdelay=00:00:00, mailer=local, pri=30607, dsn=2.0.0, stat=Sent
Jul 19 19:14:12 kibr sm-mta[17015]: 06JGE7sn017015: ruleset=check_rcpt, arg1=<spameri@tiscali.it>, relay=[94.102.50.186], reject=550 5.7.1 <spameri@tiscali.it>... Relaying denied. IP name lookup failed [94.102.50.186]
Jul 19 19:14:12 kibr sm-mta[17015]: 06JGE7sn017015: from=<spameri@tiscali.it>, size=0, class=0, nrcpts=0, proto=ESMTP, daemon=MTA, relay=[94.102.50.186]
Jul 19 19:47:53 kibr sendmail[17198]: 06JGlrqC017198: from=root, size=164, class=0, nrcpts=1, msgid=<202007191647.06JGlrqC017198@mail.kibr.net>, relay=root@localhost
Jul 19 19:47:59 kibr sm-mta[17200]: 06JGlr04017200: from=<root@mail.kibr.net>, size=422, class=0, nrcpts=1, msgid=<202007191647.06JGlrqC017198@mail.kibr.net>, proto=ESMTP, daemon=MTA, relay=localhost [127.0.0.1]
Jul 19 19:47:59 kibr sendmail[17198]: 06JGlrqC017198: to=root, ctladdr=root (0/0), delay=00:00:06, xdelay=00:00:06, mailer=relay, pri=30164, relay=[127.0.0.1] [127.0.0.1], dsn=2.0.0, stat=Sent (06JGlr04017200 Message accepted for delivery)
Jul 19 19:47:59 kibr sm-mta[17201]: 06JGlr04017200: to=<root@mail.kibr.net>, ctladdr=<root@mail.kibr.net> (0/0), delay=00:00:01, xdelay=00:00:00, mailer=local, pri=30607, dsn=2.0.0, stat=Sent
Jul 19 20:08:06 kibr sm-mta[17282]: 06JH816L017282: hostby.web4net.org [45.227.255.224] (may be forged) did not issue MAIL/EXPN/VRFY/ETRN during connection to MTA
Jul 19 20:47:53 kibr sendmail[17487]: 06JHlrY4017487: from=root, size=164, class=0, nrcpts=1, msgid=<202007191747.06JHlrY4017487@mail.kibr.net>, relay=root@localhost
Jul 19 20:47:58 kibr sm-mta[17489]: 06JHlroe017489: from=<root@mail.kibr.net>, size=422, class=0, nrcpts=1, msgid=<202007191747.06JHlrY4017487@mail.kibr.net>, proto=ESMTP, daemon=MTA, relay=localhost [127.0.0.1]
Jul 19 20:47:58 kibr sendmail[17487]: 06JHlrY4017487: to=root, ctladdr=root (0/0), delay=00:00:05, xdelay=00:00:05, mailer=relay, pri=30164, relay=[127.0.0.1] [127.0.0.1], dsn=2.0.0, stat=Sent (06JHlroe017489 Message accepted for delivery)
Jul 19 20:47:59 kibr sm-mta[17491]: 06JHlroe017489: to=<root@mail.kibr.net>, ctladdr=<root@mail.kibr.net> (0/0), delay=00:00:01, xdelay=00:00:00, mailer=local, pri=30607, dsn=2.0.0, stat=Sent
Jul 19 21:47:53 kibr sendmail[17776]: 06JIlrVK017776: from=root, size=164, class=0, nrcpts=1, msgid=<202007191847.06JIlrVK017776@mail.kibr.net>, relay=root@localhost
Jul 19 21:47:58 kibr sm-mta[17778]: 06JIlrn6017778: from=<root@mail.kibr.net>, size=422, class=0, nrcpts=1, msgid=<202007191847.06JIlrVK017776@mail.kibr.net>, proto=ESMTP, daemon=MTA, relay=localhost [127.0.0.1]
Jul 19 21:47:59 kibr sendmail[17776]: 06JIlrVK017776: to=root, ctladdr=root (0/0), delay=00:00:06, xdelay=00:00:06, mailer=relay, pri=30164, relay=[127.0.0.1] [127.0.0.1], dsn=2.0.0, stat=Sent (06JIlrn6017778 Message accepted for delivery)
Jul 19 21:47:59 kibr sm-mta[17780]: 06JIlrn6017778: to=<root@mail.kibr.net>, ctladdr=<root@mail.kibr.net> (0/0), delay=00:00:01, xdelay=00:00:00, mailer=local, pri=30607, dsn=2.0.0, stat=Sent
Jul 19 22:47:53 kibr sendmail[18061]: 06JJlrJF018061: from=root, size=164, class=0, nrcpts=1, msgid=<202007191947.06JJlrJF018061@mail.kibr.net>, relay=root@localhost
Jul 19 22:47:58 kibr sm-mta[18063]: 06JJlrXl018063: from=<root@mail.kibr.net>, size=422, class=0, nrcpts=1, msgid=<202007191947.06JJlrJF018061@mail.kibr.net>, proto=ESMTP, daemon=MTA, relay=localhost [127.0.0.1]
Jul 19 22:47:58 kibr sendmail[18061]: 06JJlrJF018061: to=root, ctladdr=root (0/0), delay=00:00:05, xdelay=00:00:05, mailer=relay, pri=30164, relay=[127.0.0.1] [127.0.0.1], dsn=2.0.0, stat=Sent (06JJlrXl018063 Message accepted for delivery)
Jul 19 22:47:58 kibr sm-mta[18064]: 06JJlrXl018063: to=<root@mail.kibr.net>, ctladdr=<root@mail.kibr.net> (0/0), delay=00:00:00, xdelay=00:00:00, mailer=local, pri=30607, dsn=2.0.0, stat=Sent
Jul 19 23:21:21 kibr sm-mta[18193]: 06JKLGZD018193: ruleset=check_rcpt, arg1=<info@kibr.net>, relay=[188.127.251.210], reject=550 5.7.1 <info@kibr.net>... Mail from 188.127.251.210 rejected - see bl.spamcop.net
Jul 19 23:21:21 kibr sm-mta[18193]: 06JKLGZD018193: from=<admin@s293086.savps.ru>, size=57862, class=0, nrcpts=0, proto=ESMTP, daemon=MTA, relay=[188.127.251.210]
Jul 19 23:47:53 kibr sendmail[18351]: 06JKlrN7018351: from=root, size=164, class=0, nrcpts=1, msgid=<202007192047.06JKlrN7018351@mail.kibr.net>, relay=root@localhost
Jul 19 23:47:59 kibr sm-mta[18353]: 06JKlsuL018353: from=<root@mail.kibr.net>, size=422, class=0, nrcpts=1, msgid=<202007192047.06JKlrN7018351@mail.kibr.net>, proto=ESMTP, daemon=MTA, relay=localhost [127.0.0.1]
Jul 19 23:47:59 kibr sendmail[18351]: 06JKlrN7018351: to=root, ctladdr=root (0/0), delay=00:00:06, xdelay=00:00:05, mailer=relay, pri=30164, relay=[127.0.0.1] [127.0.0.1], dsn=2.0.0, stat=Sent (06JKlsuL018353 Message accepted for delivery)
Jul 19 23:47:59 kibr sm-mta[18354]: 06JKlsuL018353: to=<root@mail.kibr.net>, ctladdr=<root@mail.kibr.net> (0/0), delay=00:00:00, xdelay=00:00:00, mailer=local, pri=30607, dsn=2.0.0, stat=Sent
Jul 20 00:33:20 kibr sm-mta[18528]: 06JLXG9J018528: 191-53-237-56.ptu-wr.mastercabo.com.br [191.53.237.56] (may be forged) did not issue MAIL/EXPN/VRFY/ETRN during connection to MTA
Jul 20 00:47:53 kibr sendmail[18637]: 06JLlrLS018637: from=root, size=164, class=0, nrcpts=1, msgid=<202007192147.06JLlrLS018637@mail.kibr.net>, relay=root@localhost
Jul 20 00:47:58 kibr sm-mta[18639]: 06JLlrkk018639: from=<root@mail.kibr.net>, size=422, class=0, nrcpts=1, msgid=<202007192147.06JLlrLS018637@mail.kibr.net>, proto=ESMTP, daemon=MTA, relay=localhost [127.0.0.1]
Jul 20 00:47:58 kibr sendmail[18637]: 06JLlrLS018637: to=root, ctladdr=root (0/0), delay=00:00:05, xdelay=00:00:05, mailer=relay, pri=30164, relay=[127.0.0.1] [127.0.0.1], dsn=2.0.0, stat=Sent (06JLlrkk018639 Message accepted for delivery)
Jul 20 00:47:58 kibr sm-mta[18641]: 06JLlrkk018639: to=<root@mail.kibr.net>, ctladdr=<root@mail.kibr.net> (0/0), delay=00:00:00, xdelay=00:00:00, mailer=local, pri=30607, dsn=2.0.0, stat=Sent
Jul 20 01:32:34 kibr sendmail[18937]: 06JMWYEN018937: from=root, size=5203, class=0, nrcpts=1, msgid=<202007192232.06JMWYEN018937@mail.kibr.net>, relay=root@localhost
Jul 20 01:32:39 kibr sm-mta[18939]: 06JMWYai018939: from=<root@mail.kibr.net>, size=5461, class=0, nrcpts=1, msgid=<202007192232.06JMWYEN018937@mail.kibr.net>, proto=ESMTP, daemon=MTA, relay=localhost [127.0.0.1]
Jul 20 01:32:39 kibr sendmail[18937]: 06JMWYEN018937: to=root, ctladdr=root (0/0), delay=00:00:05, xdelay=00:00:05, mailer=relay, pri=35203, relay=[127.0.0.1] [127.0.0.1], dsn=2.0.0, stat=Sent (06JMWYai018939 Message accepted for delivery)
Jul 20 01:32:40 kibr sm-mta[18940]: 06JMWYai018939: to=<root@mail.kibr.net>, ctladdr=<root@mail.kibr.net> (0/0), delay=00:00:01, xdelay=00:00:01, mailer=local, pri=35646, dsn=2.0.0, stat=Sent
Jul 20 01:47:54 kibr sendmail[19051]: 06JMlsQU019051: from=root, size=164, class=0, nrcpts=1, msgid=<202007192247.06JMlsQU019051@mail.kibr.net>, relay=root@localhost
Jul 20 01:47:59 kibr sm-mta[19053]: 06JMlstR019053: from=<root@mail.kibr.net>, size=422, class=0, nrcpts=1, msgid=<202007192247.06JMlsQU019051@mail.kibr.net>, proto=ESMTP, daemon=MTA, relay=localhost [127.0.0.1]
Jul 20 01:47:59 kibr sendmail[19051]: 06JMlsQU019051: to=root, ctladdr=root (0/0), delay=00:00:05, xdelay=00:00:05, mailer=relay, pri=30164, relay=[127.0.0.1] [127.0.0.1], dsn=2.0.0, stat=Sent (06JMlstR019053 Message accepted for delivery)
Jul 20 01:47:59 kibr sm-mta[19054]: 06JMlstR019053: to=<root@mail.kibr.net>, ctladdr=<root@mail.kibr.net> (0/0), delay=00:00:00, xdelay=00:00:00, mailer=local, pri=30607, dsn=2.0.0, stat=Sent
Jul 20 02:47:56 kibr sendmail[19339]: 06JNluZv019339: from=root, size=164, class=0, nrcpts=1, msgid=<202007192347.06JNluZv019339@mail.kibr.net>, relay=root@localhost
Jul 20 02:48:01 kibr sm-mta[19341]: 06JNluPC019341: from=<root@mail.kibr.net>, size=422, class=0, nrcpts=1, msgid=<202007192347.06JNluZv019339@mail.kibr.net>, proto=ESMTP, daemon=MTA, relay=localhost [127.0.0.1]
Jul 20 02:48:01 kibr sendmail[19339]: 06JNluZv019339: to=root, ctladdr=root (0/0), delay=00:00:05, xdelay=00:00:05, mailer=relay, pri=30164, relay=[127.0.0.1] [127.0.0.1], dsn=2.0.0, stat=Sent (06JNluPC019341 Message accepted for delivery)
Jul 20 02:48:01 kibr sm-mta[19343]: 06JNluPC019341: to=<root@mail.kibr.net>, ctladdr=<root@mail.kibr.net> (0/0), delay=00:00:00, xdelay=00:00:00, mailer=local, pri=30607, dsn=2.0.0, stat=Sent
Jul 20 03:47:54 kibr sendmail[19624]: 06K0lsah019624: from=root, size=164, class=0, nrcpts=1, msgid=<202007200047.06K0lsah019624@mail.kibr.net>, relay=root@localhost
Jul 20 03:47:59 kibr sm-mta[19626]: 06K0lsxM019626: from=<root@mail.kibr.net>, size=422, class=0, nrcpts=1, msgid=<202007200047.06K0lsah019624@mail.kibr.net>, proto=ESMTP, daemon=MTA, relay=localhost [127.0.0.1]
Jul 20 03:47:59 kibr sendmail[19624]: 06K0lsah019624: to=root, ctladdr=root (0/0), delay=00:00:05, xdelay=00:00:05, mailer=relay, pri=30164, relay=[127.0.0.1] [127.0.0.1], dsn=2.0.0, stat=Sent (06K0lsxM019626 Message accepted for delivery)
Jul 20 03:47:59 kibr sm-mta[19628]: 06K0lsxM019626: to=<root@mail.kibr.net>, ctladdr=<root@mail.kibr.net> (0/0), delay=00:00:00, xdelay=00:00:00, mailer=local, pri=30607, dsn=2.0.0, stat=Sent
Jul 20 03:48:01 kibr sm-mta[19627]: 06K0lxIs019627: [178.21.164.90] did not issue MAIL/EXPN/VRFY/ETRN during connection to MTA
Jul 20 04:01:35 kibr sendmail[19695]: 06K11ZTB019695: from=sergey, size=1583092, class=0, nrcpts=1, msgid=<202007200101.06K11ZTB019695@mail.kibr.net>, relay=sergey@localhost
Jul 20 04:01:40 kibr sm-mta[19697]: 06K11Z1H019697: from=<sergey@mail.kibr.net>, size=1583354, class=0, nrcpts=1, msgid=<202007200101.06K11ZTB019695@mail.kibr.net>, proto=ESMTP, daemon=MTA, relay=localhost [127.0.0.1]
Jul 20 04:01:40 kibr sendmail[19695]: 06K11ZTB019695: to=sergey, ctladdr=sergey (1003/100), delay=00:00:05, xdelay=00:00:05, mailer=relay, pri=1613092, relay=[127.0.0.1] [127.0.0.1], dsn=2.0.0, stat=Sent (06K11Z1H019697 Message accepted for delivery)
Jul 20 04:01:41 kibr sm-mta[19699]: 06K11Z1H019697: to=<sergey@mail.kibr.net>, ctladdr=<sergey@mail.kibr.net> (1003/100), delay=00:00:01, xdelay=00:00:00, mailer=local, pri=1613541, dsn=2.0.0, stat=Sent
Jul 20 04:40:04 kibr sendmail[20060]: 06K1e3a6020060: from=sergey, size=16678, class=0, nrcpts=1, msgid=<202007200140.06K1e3a6020060@mail.kibr.net>, relay=sergey@localhost
Jul 20 04:40:09 kibr sm-mta[20062]: 06K1e46X020062: from=<sergey@mail.kibr.net>, size=16940, class=0, nrcpts=1, msgid=<202007200140.06K1e3a6020060@mail.kibr.net>, proto=ESMTP, daemon=MTA, relay=localhost [127.0.0.1]
Jul 20 04:40:09 kibr sendmail[20060]: 06K1e3a6020060: to=sergey, ctladdr=sergey (1003/100), delay=00:00:06, xdelay=00:00:05, mailer=relay, pri=46678, relay=[127.0.0.1] [127.0.0.1], dsn=2.0.0, stat=Sent (06K1e46X020062 Message accepted for delivery)
Jul 20 04:40:09 kibr sm-mta[20064]: 06K1e46X020062: to=<sergey@mail.kibr.net>, ctladdr=<sergey@mail.kibr.net> (1003/100), delay=00:00:00, xdelay=00:00:00, mailer=local, pri=47127, dsn=2.0.0, stat=Sent
Jul 20 04:42:16 kibr sendmail[20119]: 06K1gG8G020119: from=root, size=189, class=0, nrcpts=1, msgid=<202007200142.06K1gG8G020119@mail.kibr.net>, relay=root@localhost
Jul 20 04:42:21 kibr sm-mta[20121]: 06K1gGdY020121: from=<root@mail.kibr.net>, size=447, class=0, nrcpts=1, msgid=<202007200142.06K1gG8G020119@mail.kibr.net>, proto=ESMTP, daemon=MTA, relay=localhost [127.0.0.1]
Jul 20 04:42:21 kibr sendmail[20119]: 06K1gG8G020119: to=root, ctladdr=root (0/0), delay=00:00:05, xdelay=00:00:05, mailer=relay, pri=30189, relay=[127.0.0.1] [127.0.0.1], dsn=2.0.0, stat=Sent (06K1gGdY020121 Message accepted for delivery)
Jul 20 04:42:22 kibr sm-mta[20123]: 06K1gGdY020121: to=<root@mail.kibr.net>, ctladdr=<root@mail.kibr.net> (0/0), delay=00:00:01, xdelay=00:00:00, mailer=local, pri=30632, dsn=2.0.0, stat=Sent
Jul 20 04:48:16 kibr sendmail[20199]: 06K1mGhm020199: from=root, size=164, class=0, nrcpts=1, msgid=<202007200148.06K1mGhm020199@mail.kibr.net>, relay=root@localhost
Jul 20 04:48:21 kibr sm-mta[20201]: 06K1mGIx020201: from=<root@mail.kibr.net>, size=422, class=0, nrcpts=1, msgid=<202007200148.06K1mGhm020199@mail.kibr.net>, proto=ESMTP, daemon=MTA, relay=localhost [127.0.0.1]
Jul 20 04:48:21 kibr sendmail[20199]: 06K1mGhm020199: to=root, ctladdr=root (0/0), delay=00:00:05, xdelay=00:00:05, mailer=relay, pri=30164, relay=[127.0.0.1] [127.0.0.1], dsn=2.0.0, stat=Sent (06K1mGIx020201 Message accepted for delivery)
Jul 20 04:48:22 kibr sm-mta[20202]: 06K1mGIx020201: to=<root@mail.kibr.net>, ctladdr=<root@mail.kibr.net> (0/0), delay=00:00:01, xdelay=00:00:01, mailer=local, pri=30607, dsn=2.0.0, stat=Sent
Jul 20 05:06:31 kibr sm-mta[20274]: 06K26SHg020274: [106.75.64.59] did not issue MAIL/EXPN/VRFY/ETRN during connection to MTA
Jul 20 05:06:31 kibr sm-mta[20275]: 06K26VVQ020275: rejecting commands from [106.75.64.59] [106.75.64.59] due to pre-greeting traffic after 0 seconds
Jul 20 05:06:31 kibr sm-mta[20276]: 06K26Vcu020276: rejecting commands from [106.75.64.59] [106.75.64.59] due to pre-greeting traffic after 0 seconds
Jul 20 05:06:31 kibr sm-mta[20276]: 06K26Vcu020276: [106.75.64.59]: probable open proxy: command=GET / HTTP/1.0\r\n
Jul 20 05:06:32 kibr sm-mta[20277]: 06K26W9P020277: rejecting commands from [106.75.64.59] [106.75.64.59] due to pre-greeting traffic after 0 seconds
Jul 20 05:06:32 kibr sm-mta[20277]: 06K26W9P020277: [106.75.64.59]: probable open proxy: command=USER anonymous\r\n
Jul 20 05:24:50 kibr sm-mta[20348]: 06K2Ohwe020348: scan-42.security.ipip.net [139.162.99.243] did not issue MAIL/EXPN/VRFY/ETRN during connection to MTA
Jul 20 05:24:53 kibr sm-mta[20350]: 06K2OlWc020350: scan-42.security.ipip.net [139.162.99.243] did not issue MAIL/EXPN/VRFY/ETRN during connection to MTA
Jul 20 05:34:29 kibr sm-mta[20387]: 06K2YO7r020387: security.criminalip.com [89.248.168.112] (may be forged) did not issue MAIL/EXPN/VRFY/ETRN during connection to MTA
Jul 20 05:47:56 kibr sendmail[20492]: 06K2luDQ020492: from=root, size=164, class=0, nrcpts=1, msgid=<202007200247.06K2luDQ020492@mail.kibr.net>, relay=root@localhost
Jul 20 05:48:01 kibr sm-mta[20494]: 06K2lujI020494: from=<root@mail.kibr.net>, size=422, class=0, nrcpts=1, msgid=<202007200247.06K2luDQ020492@mail.kibr.net>, proto=ESMTP, daemon=MTA, relay=localhost [127.0.0.1]
Jul 20 05:48:01 kibr sendmail[20492]: 06K2luDQ020492: to=root, ctladdr=root (0/0), delay=00:00:05, xdelay=00:00:05, mailer=relay, pri=30164, relay=[127.0.0.1] [127.0.0.1], dsn=2.0.0, stat=Sent (06K2lujI020494 Message accepted for delivery)
Jul 20 05:48:02 kibr sm-mta[20495]: 06K2lujI020494: to=<root@mail.kibr.net>, ctladdr=<root@mail.kibr.net> (0/0), delay=00:00:01, xdelay=00:00:00, mailer=local, pri=30607, dsn=2.0.0, stat=Sent
Jul 20 06:00:38 kibr sm-mta[20544]: 06K30Wd0020544: ruleset=check_rcpt, arg1=<spameri@tiscali.it>, relay=[37.49.224.247], reject=550 5.7.1 <spameri@tiscali.it>... Relaying denied. IP name lookup failed [37.49.224.247]
Jul 20 06:00:38 kibr sm-mta[20544]: 06K30Wd0020544: from=<spameri@tiscali.it>, size=0, class=0, nrcpts=0, proto=ESMTP, daemon=MTA, relay=[37.49.224.247]
Jul 20 06:24:18 kibr sm-mta[20638]: 06K3NuP0020638: from=<postman221788@emluni.com>, size=49791, class=0, nrcpts=1, msgid=<E1jxMPD-RaHcLJ-MJ@ucs102-ucs-9.msgpanel.com>, bodytype=8BITMIME, proto=ESMTP, daemon=MTA, relay=smtp464.emlone.com [84.237.210.150]
Jul 20 06:24:21 kibr sm-mta[20640]: 06K3NuP0020638: to=natasha, delay=00:00:03, xdelay=00:00:02, mailer=local, pri=79997, dsn=2.0.0, stat=Sent
Jul 20 06:47:53 kibr sendmail[20785]: 06K3lr4R020785: from=root, size=164, class=0, nrcpts=1, msgid=<202007200347.06K3lr4R020785@mail.kibr.net>, relay=root@localhost
Jul 20 06:47:59 kibr sm-mta[20787]: 06K3lsbN020787: from=<root@mail.kibr.net>, size=422, class=0, nrcpts=1, msgid=<202007200347.06K3lr4R020785@mail.kibr.net>, proto=ESMTP, daemon=MTA, relay=localhost [127.0.0.1]
Jul 20 06:47:59 kibr sendmail[20785]: 06K3lr4R020785: to=root, ctladdr=root (0/0), delay=00:00:06, xdelay=00:00:05, mailer=relay, pri=30164, relay=[127.0.0.1] [127.0.0.1], dsn=2.0.0, stat=Sent (06K3lsbN020787 Message accepted for delivery)
Jul 20 06:47:59 kibr sm-mta[20788]: 06K3lsbN020787: to=<root@mail.kibr.net>, ctladdr=<root@mail.kibr.net> (0/0), delay=00:00:00, xdelay=00:00:00, mailer=local, pri=30607, dsn=2.0.0, stat=Sent
Jul 20 06:54:26 kibr sm-mta[20818]: 06K3sLDI020818: worker-15.sfj.censys-scanner.com [192.35.168.244] (may be forged) did not issue MAIL/EXPN/VRFY/ETRN during connection to MTA
Jul 20 07:47:55 kibr sendmail[21078]: 06K4ltIq021078: from=root, size=164, class=0, nrcpts=1, msgid=<202007200447.06K4ltIq021078@mail.kibr.net>, relay=root@localhost
Jul 20 07:48:00 kibr sm-mta[21080]: 06K4ltJm021080: from=<root@mail.kibr.net>, size=422, class=0, nrcpts=1, msgid=<202007200447.06K4ltIq021078@mail.kibr.net>, proto=ESMTP, daemon=MTA, relay=localhost [127.0.0.1]
Jul 20 07:48:00 kibr sendmail[21078]: 06K4ltIq021078: to=root, ctladdr=root (0/0), delay=00:00:05, xdelay=00:00:05, mailer=relay, pri=30164, relay=[127.0.0.1] [127.0.0.1], dsn=2.0.0, stat=Sent (06K4ltJm021080 Message accepted for delivery)
Jul 20 07:48:00 kibr sm-mta[21081]: 06K4ltJm021080: to=<root@mail.kibr.net>, ctladdr=<root@mail.kibr.net> (0/0), delay=00:00:00, xdelay=00:00:00, mailer=local, pri=30607, dsn=2.0.0, stat=Sent
Jul 20 08:12:17 kibr sm-mta[21177]: 06K5CBbS021177: ruleset=check_rcpt, arg1=<spameri@tiscali.it>, relay=[103.207.38.185], reject=550 5.7.1 <spameri@tiscali.it>... Relaying denied. IP name lookup failed [103.207.38.185]
Jul 20 08:12:17 kibr sm-mta[21177]: 06K5CBbS021177: from=<spameri@tiscali.it>, size=0, class=0, nrcpts=0, proto=ESMTP, daemon=MTA, relay=[103.207.38.185]
Jul 20 08:34:53 kibr sm-mta[21263]: 06K5YbuK021263: from=<bounce+c8-shvidka.elena=kibr.net@m11.esputnik.com>, size=33557, class=-60, nrcpts=1, msgid=<e4d84169-5bfa-43ae-abf1-651a42748d86@ms4-56f5b95545-lrpvr>, bodytype=7BIT, proto=ESMTP, daemon=MTA, relay=m85.esputnik.com [34.250.170.186]
Jul 20 08:34:53 kibr sm-mta[21266]: 06K5YbuK021263: to=lena, delay=00:00:00, xdelay=00:00:00, mailer=local, pri=171747, dsn=2.0.0, stat=Sent
Jul 20 08:34:56 kibr sm-mta[21262]: 06K5YY5V021262: from=<bounce+a2-golub.luba=kibr.net@m13.esputnik.com>, size=33503, class=-60, nrcpts=1, msgid=<0b28fb36-7813-4153-b445-25b55e6dbf30@ms4-56f5b95545-lrpvr>, bodytype=7BIT, proto=ESMTP, daemon=MTA, relay=m23.esputnik.com [52.48.123.228]
Jul 20 08:34:56 kibr sm-mta[21269]: 06K5YY5V021262: to=luba, delay=00:00:00, xdelay=00:00:00, mailer=local, pri=171691, dsn=2.0.0, stat=Sent
Jul 20 08:47:54 kibr sendmail[21380]: 06K5lsIl021380: from=root, size=164, class=0, nrcpts=1, msgid=<202007200547.06K5lsIl021380@mail.kibr.net>, relay=root@localhost
Jul 20 08:48:00 kibr sm-mta[21382]: 06K5ltCQ021382: from=<root@mail.kibr.net>, size=422, class=0, nrcpts=1, msgid=<202007200547.06K5lsIl021380@mail.kibr.net>, proto=ESMTP, daemon=MTA, relay=localhost [127.0.0.1]
Jul 20 08:48:00 kibr sendmail[21380]: 06K5lsIl021380: to=root, ctladdr=root (0/0), delay=00:00:06, xdelay=00:00:05, mailer=relay, pri=30164, relay=[127.0.0.1] [127.0.0.1], dsn=2.0.0, stat=Sent (06K5ltCQ021382 Message accepted for delivery)
Jul 20 08:48:00 kibr sm-mta[21383]: 06K5ltCQ021382: to=<root@mail.kibr.net>, ctladdr=<root@mail.kibr.net> (0/0), delay=00:00:00, xdelay=00:00:00, mailer=local, pri=30607, dsn=2.0.0, stat=Sent
Jul 20 08:54:05 kibr sm-mta[21412]: 06K5s0dJ021412: from=<3djEVXwgTCi0WX-aNYUhJLLXdWcb.PXXPUN.LXVPXUdK.UdKJTRKa.WNc@gaia.bounces.google.com>, size=11677, class=0, nrcpts=1, msgid=<vPyysM3H1VYcCL9LX1jvjg.0@notifications.google.com>, proto=ESMTP, daemon=MTA, relay=mail-qt1-f201.google.com [209.85.160.201]
Jul 20 08:54:06 kibr sm-mta[21413]: 06K5s0dJ021412: to=luba, delay=00:00:01, xdelay=00:00:00, mailer=local, pri=41884, dsn=2.0.0, stat=Sent
Jul 20 09:48:14 kibr sendmail[21728]: 06K6mESu021728: from=root, size=164, class=0, nrcpts=1, msgid=<202007200648.06K6mESu021728@mail.kibr.net>, relay=root@localhost
Jul 20 09:48:20 kibr sm-mta[21730]: 06K6mEVX021730: from=<root@mail.kibr.net>, size=422, class=0, nrcpts=1, msgid=<202007200648.06K6mESu021728@mail.kibr.net>, proto=ESMTP, daemon=MTA, relay=localhost [127.0.0.1]
Jul 20 09:48:20 kibr sendmail[21728]: 06K6mESu021728: to=root, ctladdr=root (0/0), delay=00:00:06, xdelay=00:00:06, mailer=relay, pri=30164, relay=[127.0.0.1] [127.0.0.1], dsn=2.0.0, stat=Sent (06K6mEVX021730 Message accepted for delivery)
Jul 20 09:48:20 kibr sm-mta[21731]: 06K6mEVX021730: to=<root@mail.kibr.net>, ctladdr=<root@mail.kibr.net> (0/0), delay=00:00:00, xdelay=00:00:00, mailer=local, pri=30607, dsn=2.0.0, stat=Sent
Jul 20 10:01:52 kibr sm-mta[21803]: 06K71ksd021803: from=<y.barabanova@s1.ua>, size=49249, class=0, nrcpts=1, msgid=<CAOjunKdzrCPOcsXABJVVVRdOSaRC6--kPgn2Ckt3ob=Jk5M+2w@mail.gmail.com>, proto=ESMTP, daemon=MTA, relay=mail-qt1-f176.google.com [209.85.160.176]
Jul 20 10:01:52 kibr sm-mta[21804]: 06K71ksd021803: to=luba, delay=00:00:01, xdelay=00:00:00, mailer=local, pri=79459, dsn=2.0.0, stat=Sent
Jul 20 10:08:05 kibr sm-mta[21838]: 06K77wYU021838: from=<y.barabanova@s1.ua>, size=2286114, class=0, nrcpts=1, msgid=<CAOjunKdqQkSQGzAPGYikwvhC3tB6o9gRBDZCEOVW0zrHTmKp0A@mail.gmail.com>, proto=ESMTP, daemon=MTA, relay=mail-qk1-f181.google.com [209.85.222.181]
Jul 20 10:08:05 kibr sm-mta[21839]: 06K77wYU021838: to=luba, delay=00:00:01, xdelay=00:00:00, mailer=local, pri=2316324, dsn=2.0.0, stat=Sent
Jul 20 10:10:23 kibr sm-mta[21849]: 06K7AI4B021849: from=<y.barabanova@s1.ua>, size=39383, class=0, nrcpts=1, msgid=<CAOjunKcEMZ6fdzhJ3T+ywov2KaOU0=Mz9hyitgjbhNHFzTnU1Q@mail.gmail.com>, proto=ESMTP, daemon=MTA, relay=mail-qk1-f175.google.com [209.85.222.175]
Jul 20 10:10:24 kibr sm-mta[21852]: 06K7AI4B021849: to=luba, delay=00:00:01, xdelay=00:00:00, mailer=local, pri=69610, dsn=2.0.0, stat=Sent
Jul 20 10:26:59 kibr sm-mta[21965]: 06K7QqVN021965: from=<y.barabanova@s1.ua>, size=283178, class=0, nrcpts=1, msgid=<CAOjunKeHh6MVWxN6iY=R=8aGXt95G+h07dzfRT+3U8cpH1G1jA@mail.gmail.com>, proto=ESMTP, daemon=MTA, relay=mail-qk1-f171.google.com [209.85.222.171]
Jul 20 10:26:59 kibr sm-mta[21966]: 06K7QqVN021965: to=luba, delay=00:00:01, xdelay=00:00:00, mailer=local, pri=313407, dsn=2.0.0, stat=Sent
Jul 20 10:36:51 kibr sm-mta[22031]: 06K7aiTv022031: from=<a.bosova@s1.ua>, size=2201339, class=0, nrcpts=1, msgid=<CACTOr+RpooFTwmDrkTbsCs-tZp8NmNL1t78YFY-o=awac+AYoA@mail.gmail.com>, proto=ESMTP, daemon=MTA, relay=mail-oo1-f48.google.com [209.85.161.48]
Jul 20 10:36:51 kibr sm-mta[22032]: 06K7aiTv022031: to=tanja, delay=00:00:01, xdelay=00:00:00, mailer=local, pri=2231557, dsn=2.0.0, stat=Sent
Jul 20 10:38:21 kibr sm-mta[22039]: 06K7c4FF022039: from=<victori_72@ukr.net>, size=2201513, class=0, nrcpts=1, msgid=<1595230674.115178000.ozs4j7ze@frv50.fwdcdn.com>, proto=ESMTP, daemon=MTA, relay=frv199.fwdcdn.com [212.42.77.199]
Jul 20 10:38:21 kibr sm-mta[22042]: 06K7c4FF022039: to=tanja, delay=00:00:01, xdelay=00:00:00, mailer=local, pri=2231713, dsn=2.0.0, stat=Sent
Jul 20 10:38:47 kibr sm-mta[22045]: 06K7cdGc022045: from=<t.malyshevska@s1.ua>, size=22501498, class=0, nrcpts=1, msgid=<CAMauyjL7yxu7fzNA373DGYe_vb2BpcsuhmN=NUWhAEzpHk9EzA@mail.gmail.com>, proto=ESMTP, daemon=MTA, relay=mail-ot1-f53.google.com [209.85.210.53]
Jul 20 10:38:48 kibr sm-mta[22046]: 06K7cdGc022045: to=luba, delay=00:00:04, xdelay=00:00:01, mailer=local, pri=22531718, dsn=2.0.0, stat=Sent
Jul 20 10:39:18 kibr sm-mta[22049]: 06K7dAmp022049: from=<t.malyshevska@s1.ua>, size=22501502, class=0, nrcpts=1, msgid=<CAMauyjL7yxu7fzNA373DGYe_vb2BpcsuhmN=NUWhAEzpHk9EzA@mail.gmail.com>, proto=ESMTP, daemon=MTA, relay=mail-ej1-f47.google.com [209.85.218.47]
Jul 20 10:39:19 kibr sm-mta[22050]: 06K7dAmp022049: to=luba, delay=00:00:04, xdelay=00:00:01, mailer=local, pri=22531722, dsn=2.0.0, stat=Sent
Jul 20 10:45:11 kibr sm-mta[22081]: 06K7j52P022081: <golub@kibr.net>... User unknown
Jul 20 10:45:11 kibr sm-mta[22081]: 06K7j52P022081: from=<news@meta-inform.com>, size=29522, class=0, nrcpts=0, proto=ESMTP, daemon=MTA, relay=main.meta-inform.com [195.138.71.194]
Jul 20 10:45:27 kibr sm-mta[22083]: 06K7jM93022083: from=<v.pavlushyn@s1.ua>, size=15974, class=0, nrcpts=1, msgid=<002601d65e69$b8453a50$28cfaef0$@s1.ua>, proto=ESMTP, daemon=MTA, relay=mail-wm1-f54.google.com [209.85.128.54]
Jul 20 10:45:27 kibr sm-mta[22084]: 06K7jM93022083: to=tanja, delay=00:00:00, xdelay=00:00:00, mailer=local, pri=46185, dsn=2.0.0, stat=Sent
Jul 20 10:48:23 kibr sendmail[22176]: 06K7mN0k022176: from=root, size=164, class=0, nrcpts=1, msgid=<202007200748.06K7mN0k022176@mail.kibr.net>, relay=root@localhost
Jul 20 10:48:29 kibr sm-mta[22178]: 06K7mOSQ022178: from=<root@mail.kibr.net>, size=422, class=0, nrcpts=1, msgid=<202007200748.06K7mN0k022176@mail.kibr.net>, proto=ESMTP, daemon=MTA, relay=localhost [127.0.0.1]
Jul 20 10:48:29 kibr sendmail[22176]: 06K7mN0k022176: to=root, ctladdr=root (0/0), delay=00:00:06, xdelay=00:00:05, mailer=relay, pri=30164, relay=[127.0.0.1] [127.0.0.1], dsn=2.0.0, stat=Sent (06K7mOSQ022178 Message accepted for delivery)
Jul 20 10:48:29 kibr sm-mta[22179]: 06K7mOSQ022178: to=<root@mail.kibr.net>, ctladdr=<root@mail.kibr.net> (0/0), delay=00:00:00, xdelay=00:00:00, mailer=local, pri=30607, dsn=2.0.0, stat=Sent
Jul 20 10:53:03 kibr sm-mta[22197]: 06K7qvLO022197: from=<Usatenko.Tatjana@kibr.net>, size=2207028, class=0, nrcpts=1, msgid=<081c6b25-c79d-1449-dce3-7cf5723296db@kibr.net>, bodytype=8BITMIME, proto=ESMTP, daemon=MTA, relay=kibr4-8.kibr.net [192.168.0.48]
Jul 20 10:53:03 kibr sm-mta[22198]: 06K7qvLO022197: to=natasha, delay=00:00:01, xdelay=00:00:00, mailer=local, pri=2237228, dsn=2.0.0, stat=Sent
Jul 20 11:01:08 kibr sm-mta[22267]: 06K813Qj022267: from=<Usatenko.Tatjana@kibr.net>, size=567, class=0, nrcpts=1, msgid=<5ba31eae-4367-0aa4-6edd-783b45b112e6@kibr.net>, bodytype=8BITMIME, proto=ESMTP, daemon=MTA, relay=kibr4-8.kibr.net [192.168.0.48]
Jul 20 11:01:09 kibr sm-mta[22269]: STARTTLS=client, relay=mxs.ukr.net., version=TLSv1.3, verify=FAIL, cipher=TLS_AES_256_GCM_SHA384, bits=256/256
Jul 20 11:01:11 kibr sm-mta[22269]: 06K813Qj022267: to=<wladimirovna2006@ukr.net>, delay=00:00:03, xdelay=00:00:03, mailer=esmtp, pri=120567, relay=mxs.ukr.net. [212.42.75.251], dsn=2.0.0, stat=Sent (OK id=1jxQjW-000AaF-45)
Jul 20 11:06:35 kibr sm-mta[22306]: 06K86Uji022306: from=<Kadilnikova.Natalja@kibr.net>, size=176020, class=0, nrcpts=2, msgid=<4f2a3286-38ca-c76d-4778-db57ae19f1f4@kibr.net>, bodytype=8BITMIME, proto=ESMTP, daemon=MTA, relay=kibr4-7.kibr.net [192.168.0.47]
Jul 20 11:06:36 kibr sm-mta[22308]: STARTTLS=client, relay=gmail-smtp-in.l.google.com., version=TLSv1.3, verify=FAIL, cipher=TLS_AES_256_GCM_SHA384, bits=256/256
Jul 20 11:06:38 kibr sm-mta[22308]: 06K86Uji022306: to=<konstantin.tveritin@gmail.com>,<serg53555@gmail.com>, delay=00:00:03, xdelay=00:00:03, mailer=esmtp, pri=326020, relay=gmail-smtp-in.l.google.com. [173.194.222.26], dsn=2.0.0, stat=Sent (OK  1595232398 m12si12770171ljp.306 - gsmtp)
Jul 20 11:07:35 kibr sm-mta[22313]: 06K87UM3022313: from=<a.bosova@s1.ua>, size=9184, class=0, nrcpts=1, msgid=<CACTOr+T99RYCoyWSPDb-X6fcxw+_rq9fNCm+5BmZ3pNNJenmjQ@mail.gmail.com>, proto=ESMTP, daemon=MTA, relay=mail-ot1-f45.google.com [209.85.210.45]
Jul 20 11:07:35 kibr sm-mta[22312]: 06K87U0K022312: from=<a.bosova@s1.ua>, size=9191, class=0, nrcpts=1, msgid=<CACTOr+T99RYCoyWSPDb-X6fcxw+_rq9fNCm+5BmZ3pNNJenmjQ@mail.gmail.com>, proto=ESMTP, daemon=MTA, relay=mail-ot1-f42.google.com [209.85.210.42]
Jul 20 11:07:36 kibr sm-mta[22314]: 06K87U0K022312: to=tanja, delay=00:00:01, xdelay=00:00:00, mailer=local, pri=39419, dsn=2.0.0, stat=Sent
Jul 20 11:07:36 kibr sm-mta[22315]: 06K87UM3022313: to=luba, delay=00:00:01, xdelay=00:00:00, mailer=local, pri=39406, dsn=2.0.0, stat=Sent
Jul 20 11:20:32 kibr sm-mta[22387]: 06K8KHiO022387: from=<postman739202@eml-base.com>, size=103482, class=-60, nrcpts=1, msgid=<E1jxR1z-dvxaYM-MJ@ucs201-ucs-5.msgpanel.com>, bodytype=8BITMIME, proto=ESMTP, daemon=MTA, relay=smtp545.emlone.com [84.237.210.229]
Jul 20 11:20:32 kibr sm-mta[22389]: 06K8KHiO022387: to=lena, delay=00:00:00, xdelay=00:00:00, mailer=local, pri=241678, dsn=2.0.0, stat=Sent
Jul 20 11:23:46 kibr sm-mta[22405]: 06K8NeIo022405: from=<klimenko_serg@ukr.net>, size=499581, class=0, nrcpts=1, msgid=<1595233417.62582000.ljea3v51@frv53.fwdcdn.com>, proto=ESMTP, daemon=MTA, relay=frv197.fwdcdn.com [212.42.77.197]
Jul 20 11:23:47 kibr sm-mta[22407]: 06K8NeIo022405: to=natasha, delay=00:00:01, xdelay=00:00:01, mailer=local, pri=529783, dsn=2.0.0, stat=Sent
Jul 20 11:25:49 kibr sm-mta[22433]: 06K8PiTu022433: from=<Usatenko.Tatjana@kibr.net>, size=8359, class=0, nrcpts=2, msgid=<a5085857-363f-b029-0982-4ec7d5c9bc15@kibr.net>, bodytype=8BITMIME, proto=ESMTP, daemon=MTA, relay=kibr4-8.kibr.net [192.168.0.48]
Jul 20 11:25:50 kibr sm-mta[22434]: 06K8PiTu022433: to=luba, delay=00:00:01, xdelay=00:00:01, mailer=local, pri=68533, dsn=2.0.0, stat=Sent
Jul 20 11:25:50 kibr sm-mta[22434]: STARTTLS=client, relay=mxs.ukr.net., version=TLSv1.3, verify=FAIL, cipher=TLS_AES_256_GCM_SHA384, bits=256/256
Jul 20 11:25:51 kibr sm-mta[22434]: 06K8PiTu022433: to=<victori_72@ukr.net>, delay=00:00:02, xdelay=00:00:01, mailer=esmtp, pri=68533, relay=mxs.ukr.net. [212.42.75.251], dsn=2.0.0, stat=Sent (OK id=1jxR7P-000HnX-60)
Jul 20 11:27:23 kibr sm-mta[22449]: 06K8RGFY022449: from=<victori_72@ukr.net>, size=8635, class=0, nrcpts=1, msgid=<1595233626.2504000.3ct52u2t@frv50.fwdcdn.com>, proto=ESMTP, daemon=MTA, relay=frv197.fwdcdn.com [212.42.77.197]
Jul 20 11:27:23 kibr sm-mta[22451]: 06K8RGFY022449: to=luba, delay=00:00:00, xdelay=00:00:00, mailer=local, pri=38849, dsn=2.0.0, stat=Sent
Jul 20 11:27:26 kibr sm-mta[22450]: 06K8RIvn022450: from=<victori_72@ukr.net>, size=8641, class=0, nrcpts=1, msgid=<1595233626.2504000.3ct52u2t@frv50.fwdcdn.com>, proto=ESMTP, daemon=MTA, relay=frv191.fwdcdn.com [212.42.77.191]
Jul 20 11:27:26 kibr sm-mta[22453]: 06K8RIvn022450: to=tanja, delay=00:00:00, xdelay=00:00:00, mailer=local, pri=38861, dsn=2.0.0, stat=Sent
Jul 20 11:28:12 kibr sm-mta[22457]: 06K8S7em022457: from=<Kadilnikova.Natalja@kibr.net>, size=722, class=0, nrcpts=1, msgid=<e71ad145-b412-d113-4576-dc0e73b5089a@kibr.net>, bodytype=8BITMIME, proto=ESMTP, daemon=MTA, relay=kibr4-7.kibr.net [192.168.0.47]
Jul 20 11:28:12 kibr sm-mta[22459]: STARTTLS=client, relay=mxs.ukr.net., version=TLSv1.3, verify=FAIL, cipher=TLS_AES_256_GCM_SHA384, bits=256/256
Jul 20 11:28:14 kibr sm-mta[22459]: 06K8S7em022457: to=<klimenko_serg@ukr.net>, delay=00:00:02, xdelay=00:00:02, mailer=esmtp, pri=120722, relay=mxs.ukr.net. [212.42.75.251], dsn=2.0.0, stat=Sent (OK id=1jxR9h-000Owy-SV)
Jul 20 11:34:42 kibr sm-mta[22490]: 06K8YZcn022490: from=<y.barabanova@s1.ua>, size=1914718, class=0, nrcpts=1, msgid=<CAOjunKc4F26O=BObOJeDSeQv698ZGyg1aQ4bZedV4G_45UxH5A@mail.gmail.com>, proto=ESMTP, daemon=MTA, relay=mail-qt1-f169.google.com [209.85.160.169]
Jul 20 11:34:42 kibr sm-mta[22495]: 06K8YZcn022490: to=luba, delay=00:00:01, xdelay=00:00:00, mailer=local, pri=1944926, dsn=2.0.0, stat=Sent
Jul 20 11:35:12 kibr sm-mta[22499]: 06K8Z7B7022499: from=<a.bosova@s1.ua>, size=15568, class=0, nrcpts=1, msgid=<CACTOr+RWFfrmeV4_FqBnZSvQKMJb5SggSnBr_hHJRZ8XTS8gnA@mail.gmail.com>, proto=ESMTP, daemon=MTA, relay=mail-ot1-f51.google.com [209.85.210.51]
Jul 20 11:35:13 kibr sm-mta[22500]: 06K8Z7kS022500: from=<a.bosova@s1.ua>, size=15574, class=0, nrcpts=1, msgid=<CACTOr+RWFfrmeV4_FqBnZSvQKMJb5SggSnBr_hHJRZ8XTS8gnA@mail.gmail.com>, proto=ESMTP, daemon=MTA, relay=mail-ot1-f52.google.com [209.85.210.52]
Jul 20 11:35:13 kibr sm-mta[22501]: 06K8Z7B7022499: to=luba, delay=00:00:01, xdelay=00:00:00, mailer=local, pri=45790, dsn=2.0.0, stat=Sent
Jul 20 11:35:13 kibr sm-mta[22502]: 06K8Z7kS022500: to=tanja, delay=00:00:01, xdelay=00:00:00, mailer=local, pri=45802, dsn=2.0.0, stat=Sent
Jul 20 11:37:18 kibr sm-mta[22529]: 06K8bD29022529: from=<t.malyshevska@s1.ua>, size=2509710, class=0, nrcpts=1, msgid=<CAMauyjLLEKgYOauQnh_ApF--Xrb6ouzVtvN=XE-io-PoQYGGMw@mail.gmail.com>, proto=ESMTP, daemon=MTA, relay=mail-ej1-f51.google.com [209.85.218.51]
Jul 20 11:37:19 kibr sm-mta[22530]: 06K8bD29022529: to=luba, delay=00:00:01, xdelay=00:00:00, mailer=local, pri=2539928, dsn=2.0.0, stat=Sent
Jul 20 11:46:58 kibr sm-mta[22580]: 06K8kgGd022580: from=<bounce-mc.us7_18195139.168702-0258eee8a7@mail58.atl261.mcdlv.net>, size=46950, class=-60, nrcpts=1, msgid=<473cbd8586b809acf4bf00c83.0258eee8a7.20200720084613.0767ede78e.32afc4c5@mail58.atl261.mcdlv.net>, proto=ESMTP, daemon=MTA, relay=mail58.atl261.mcdlv.net [198.2.142.58]
Jul 20 11:46:58 kibr sm-mta[22583]: 06K8kgGd022580: to=lena, delay=00:00:01, xdelay=00:00:00, mailer=local, pri=185150, dsn=2.0.0, stat=Sent
Jul 20 11:48:50 kibr sendmail[22666]: 06K8mo0b022666: from=root, size=164, class=0, nrcpts=1, msgid=<202007200848.06K8mo0b022666@mail.kibr.net>, relay=root@localhost
Jul 20 11:48:56 kibr sm-mta[22668]: 06K8mogm022668: from=<root@mail.kibr.net>, size=422, class=0, nrcpts=1, msgid=<202007200848.06K8mo0b022666@mail.kibr.net>, proto=ESMTP, daemon=MTA, relay=localhost [127.0.0.1]
Jul 20 11:48:56 kibr sendmail[22666]: 06K8mo0b022666: to=root, ctladdr=root (0/0), delay=00:00:06, xdelay=00:00:06, mailer=relay, pri=30164, relay=[127.0.0.1] [127.0.0.1], dsn=2.0.0, stat=Sent (06K8mogm022668 Message accepted for delivery)
Jul 20 11:48:56 kibr sm-mta[22669]: 06K8mogm022668: to=<root@mail.kibr.net>, ctladdr=<root@mail.kibr.net> (0/0), delay=00:00:00, xdelay=00:00:00, mailer=local, pri=30607, dsn=2.0.0, stat=Sent
Jul 20 11:52:27 kibr sm-mta[22685]: 06K8qLEZ022685: from=<t.malyshevska@s1.ua>, size=80698, class=0, nrcpts=1, msgid=<CAMauyjJ58ObxFimy+d6c=bmNCgDUEtUskUFy_=5is183sMBR6w@mail.gmail.com>, proto=ESMTP, daemon=MTA, relay=mail-ej1-f54.google.com [209.85.218.54]
Jul 20 11:52:27 kibr sm-mta[22686]: 06K8qLEZ022685: to=luba, delay=00:00:01, xdelay=00:00:00, mailer=local, pri=110914, dsn=2.0.0, stat=Sent
Jul 20 11:53:48 kibr sm-mta[22700]: 06K8refo022700: from=<o.marchenko@s1.ua>, size=27429558, class=0, nrcpts=1, msgid=<CAF_rSea2bGHuv6i=bG__9E0vuznTu153do6+r3CV5FD_6HtLDg@mail.gmail.com>, proto=ESMTP, daemon=MTA, relay=mail-lf1-f43.google.com [209.85.167.43]
Jul 20 11:53:49 kibr sm-mta[22702]: 06K8refo022700: to=luba, delay=00:00:04, xdelay=00:00:01, mailer=local, pri=27459782, dsn=2.0.0, stat=Sent
Jul 20 12:08:57 kibr sm-mta[22784]: 06K98t0D022784: kibr4-8.kibr.net [192.168.0.48] did not issue MAIL/EXPN/VRFY/ETRN during connection to MTA
Jul 20 12:09:08 kibr sm-mta[22787]: 06K993t6022787: from=<Usatenko.Tatjana@kibr.net>, size=17600, class=0, nrcpts=3, msgid=<31bdccf5-2dbd-ff9e-45c3-7c241704f910@kibr.net>, bodytype=8BITMIME, proto=ESMTP, daemon=MTA, relay=kibr4-8.kibr.net [192.168.0.48]
Jul 20 12:09:09 kibr sm-mta[22790]: 06K993t6022787: to=luba, delay=00:00:01, xdelay=00:00:00, mailer=local, pri=107773, dsn=2.0.0, stat=Sent
Jul 20 12:09:09 kibr sm-mta[22790]: STARTTLS=client, relay=gmail-smtp-in.l.google.com., version=TLSv1.3, verify=FAIL, cipher=TLS_AES_256_GCM_SHA384, bits=256/256
Jul 20 12:09:10 kibr sm-mta[22790]: 06K993t6022787: to=<13201206cvsh@gmail.com>, delay=00:00:02, xdelay=00:00:01, mailer=esmtp, pri=107773, relay=gmail-smtp-in.l.google.com. [64.233.165.27], dsn=2.0.0, stat=Sent (OK  1595236150 201si7425604ljf.2 - gsmtp)
Jul 20 12:09:10 kibr sm-mta[22790]: STARTTLS=client, relay=mxs.ukr.net., version=TLSv1.3, verify=FAIL, cipher=TLS_AES_256_GCM_SHA384, bits=256/256
Jul 20 12:09:11 kibr sm-mta[22790]: 06K993t6022787: to=<victori_72@ukr.net>, delay=00:00:03, xdelay=00:00:01, mailer=esmtp, pri=107773, relay=mxs.ukr.net. [212.42.75.251], dsn=2.0.0, stat=Sent (OK id=1jxRnL-00032X-9I)
Jul 20 12:10:59 kibr sm-mta[22797]: 06K9As2C022797: from=<Usatenko.Tatjana@kibr.net>, size=17754, class=0, nrcpts=5, msgid=<aa18631e-1df7-5858-ab4c-33b22522ecd5@kibr.net>, bodytype=8BITMIME, proto=ESMTP, daemon=MTA, relay=kibr4-8.kibr.net [192.168.0.48]
Jul 20 12:10:59 kibr sm-mta[22799]: 06K9As2C022797: to=luba, delay=00:00:00, xdelay=00:00:00, mailer=local, pri=167943, dsn=2.0.0, stat=Sent
Jul 20 12:10:59 kibr sm-mta[22799]: STARTTLS=client, relay=gmail-smtp-in.l.google.com., version=TLSv1.3, verify=FAIL, cipher=TLS_AES_256_GCM_SHA384, bits=256/256
Jul 20 12:11:00 kibr sm-mta[22799]: 06K9As2C022797: to=<13201206cvsh@gmail.com>, delay=00:00:01, xdelay=00:00:01, mailer=esmtp, pri=167943, relay=gmail-smtp-in.l.google.com. [64.233.165.27], dsn=2.0.0, stat=Sent (OK  1595236260 j18si8192433ljc.286 - gsmtp)
Jul 20 12:11:00 kibr sm-mta[22799]: STARTTLS=client, relay=aspmx.l.google.com., version=TLSv1.3, verify=FAIL, cipher=TLS_AES_256_GCM_SHA384, bits=256/256
Jul 20 12:11:00 kibr sm-mta[22799]: 06K9As2C022797: to=<a.bosova@s1.ua>,<v.pavlushyn@s1.ua>, delay=00:00:01, xdelay=00:00:00, mailer=esmtp, pri=167943, relay=aspmx.l.google.com. [173.194.220.26], dsn=2.0.0, stat=Sent (OK  1595236260 p13si8088054ljh.284 - gsmtp)
Jul 20 12:11:01 kibr sm-mta[22799]: STARTTLS=client, relay=mxs.ukr.net., version=TLSv1.3, verify=FAIL, cipher=TLS_AES_256_GCM_SHA384, bits=256/256
Jul 20 12:11:02 kibr sm-mta[22799]: 06K9As2C022797: to=<victori_72@ukr.net>, delay=00:00:03, xdelay=00:00:02, mailer=esmtp, pri=167943, relay=mxs.ukr.net. [212.42.75.251], dsn=2.0.0, stat=Sent (OK id=1jxRp8-000AWW-3Q)
Jul 20 12:23:00 kibr sm-mta[22876]: 06K9N04O022876: rejecting commands from zg-0708c-21.stretchoid.com [162.243.129.216] due to pre-greeting traffic after 0 seconds
Jul 20 12:24:54 kibr sm-mta[22897]: 06K9OlCM022897: from=<y.barabanova@s1.ua>, size=4794875, class=0, nrcpts=1, msgid=<CAOjunKcpiXDQ+pkMXE2-y__v9QBj06NcQQ+nJLx0ZOZFkHEgpw@mail.gmail.com>, proto=ESMTP, daemon=MTA, relay=mail-qt1-f182.google.com [209.85.160.182]
Jul 20 12:24:54 kibr sm-mta[22899]: 06K9OlCM022897: to=luba, delay=00:00:01, xdelay=00:00:00, mailer=local, pri=4825098, dsn=2.0.0, stat=Sent
Jul 20 12:34:19 kibr sm-mta[22946]: 06K9Y35V022946: from=<bounce+c8-shvidka.elena=kibr.net@m11.esputnik.com>, size=30335, class=-60, nrcpts=1, msgid=<021d5ec0-d5b5-4e2b-a869-b63916ececb9@ms4-56f5b95545-2ltbc>, bodytype=7BIT, proto=ESMTP, daemon=MTA, relay=m55.esputnik.com [52.48.184.52]
Jul 20 12:34:20 kibr sm-mta[22948]: 06K9Y35V022946: to=lena, delay=00:00:01, xdelay=00:00:00, mailer=local, pri=168523, dsn=2.0.0, stat=Sent
Jul 20 12:34:21 kibr sm-mta[22945]: 06K9Y1W9022945: from=<bounce+a7-golub.luba=kibr.net@m14.esputnik.com>, size=30371, class=-60, nrcpts=1, msgid=<83193fa0-0a51-4a57-b1e8-6300b5dc1085@ms4-56f5b95545-5bpjs>, bodytype=7BIT, proto=ESMTP, daemon=MTA, relay=m30.esputnik.com [52.18.169.171]
Jul 20 12:34:21 kibr sm-mta[22951]: 06K9Y1W9022945: to=luba, delay=00:00:01, xdelay=00:00:00, mailer=local, pri=168557, dsn=2.0.0, stat=Sent
Jul 20 12:42:53 kibr sm-mta[23010]: 06K9giT0023010: from=<y.barabanova@s1.ua>, size=19657251, class=0, nrcpts=1, msgid=<CAOjunKcEwYrF+LTobzDoEvG5U4fS6-BbyZgC9h2K5w4BDcePhA@mail.gmail.com>, proto=ESMTP, daemon=MTA, relay=mail-qt1-f181.google.com [209.85.160.181]
Jul 20 12:42:54 kibr sm-mta[23012]: 06K9giT0023010: to=luba, delay=00:00:04, xdelay=00:00:01, mailer=local, pri=19687480, dsn=2.0.0, stat=Sent
Jul 20 12:48:49 kibr sendmail[23119]: 06K9mng7023119: from=root, size=164, class=0, nrcpts=1, msgid=<202007200948.06K9mng7023119@mail.kibr.net>, relay=root@localhost
Jul 20 12:48:54 kibr sm-mta[23121]: 06K9mn6q023121: from=<root@mail.kibr.net>, size=422, class=0, nrcpts=1, msgid=<202007200948.06K9mng7023119@mail.kibr.net>, proto=ESMTP, daemon=MTA, relay=localhost [127.0.0.1]
Jul 20 12:48:54 kibr sendmail[23119]: 06K9mng7023119: to=root, ctladdr=root (0/0), delay=00:00:05, xdelay=00:00:05, mailer=relay, pri=30164, relay=[127.0.0.1] [127.0.0.1], dsn=2.0.0, stat=Sent (06K9mn6q023121 Message accepted for delivery)
Jul 20 12:48:55 kibr sm-mta[23123]: 06K9mn6q023121: to=<root@mail.kibr.net>, ctladdr=<root@mail.kibr.net> (0/0), delay=00:00:01, xdelay=00:00:00, mailer=local, pri=30607, dsn=2.0.0, stat=Sent
Jul 20 13:11:24 kibr sm-mta[23237]: 06KABI7v023237: ruleset=check_rcpt, arg1=<spameri@tiscali.it>, relay=[156.96.56.66], reject=450 4.4.0 <spameri@tiscali.it>... Relaying temporarily denied. Cannot resolve PTR record for 156.96.56.66
Jul 20 13:11:24 kibr sm-mta[23237]: 06KABI7v023237: from=<spameri@tiscali.it>, size=0, class=0, nrcpts=0, proto=ESMTP, daemon=MTA, relay=[156.96.56.66]
Jul 20 13:47:24 kibr sm-mta[23492]: 06KAlHNt023492: from=<y.barabanova@s1.ua>, size=157877, class=0, nrcpts=1, msgid=<CAOjunKeuMDg=0=8Q_ThqHH-EL25LRwAJbb4F7LsBHutiYw8BRQ@mail.gmail.com>, proto=ESMTP, daemon=MTA, relay=mail-qk1-f178.google.com [209.85.222.178]
Jul 20 13:47:24 kibr sm-mta[23495]: 06KAlHNt023492: to=luba, delay=00:00:01, xdelay=00:00:00, mailer=local, pri=188104, dsn=2.0.0, stat=Sent
Jul 20 13:48:50 kibr sendmail[23534]: 06KAmoDB023534: from=root, size=164, class=0, nrcpts=1, msgid=<202007201048.06KAmoDB023534@mail.kibr.net>, relay=root@localhost
Jul 20 13:48:56 kibr sm-mta[23536]: 06KAmoLA023536: from=<root@mail.kibr.net>, size=422, class=0, nrcpts=1, msgid=<202007201048.06KAmoDB023534@mail.kibr.net>, proto=ESMTP, daemon=MTA, relay=localhost [127.0.0.1]
Jul 20 13:48:56 kibr sendmail[23534]: 06KAmoDB023534: to=root, ctladdr=root (0/0), delay=00:00:06, xdelay=00:00:06, mailer=relay, pri=30164, relay=[127.0.0.1] [127.0.0.1], dsn=2.0.0, stat=Sent (06KAmoLA023536 Message accepted for delivery)
Jul 20 13:48:56 kibr sm-mta[23537]: 06KAmoLA023536: to=<root@mail.kibr.net>, ctladdr=<root@mail.kibr.net> (0/0), delay=00:00:01, xdelay=00:00:00, mailer=local, pri=30607, dsn=2.0.0, stat=Sent
Jul 20 14:00:00 kibr sm-mta[23589]: 06KAxrFD023589: from=<t.malyshevska@s1.ua>, size=10932579, class=0, nrcpts=1, msgid=<CAMauyjJ1xFoKZSHzutwKMELYs5PgN9jUSshieYftBCXEwLC2bg@mail.gmail.com>, proto=ESMTP, daemon=MTA, relay=mail-ed1-f53.google.com [209.85.208.53]
Jul 20 14:00:01 kibr sm-mta[23591]: 06KAxrFD023589: to=luba, delay=00:00:03, xdelay=00:00:01, mailer=local, pri=10962797, dsn=2.0.0, stat=Sent
Jul 20 14:30:59 kibr sm-mta[23774]: 06KBUgof023774: ruleset=check_rcpt, arg1=<golub@kibr.net>, relay=[45.138.72.7], reject=550 5.7.1 <golub@kibr.net>... Fix reverse DNS for 45.138.72.7
Jul 20 14:30:59 kibr sm-mta[23774]: 06KBUgof023774: from=<infomail@cb-coins.com>, size=2143, class=0, nrcpts=0, bodytype=8BITMIME, proto=ESMTP, daemon=MTA, relay=[45.138.72.7]
Jul 20 14:38:38 kibr sm-mta[23831]: 06KBcWqk023831: from=<m.kudriavtsev@s1.ua>, size=128660, class=0, nrcpts=1, msgid=<CALMPk=z_tkRv4v_gEp7ZzTefqXhBYYrYv4c4w3Q03_BJ6Q9W1A@mail.gmail.com>, proto=ESMTP, daemon=MTA, relay=mail-il1-f177.google.com [209.85.166.177]
Jul 20 14:38:38 kibr sm-mta[23832]: 06KBcWqk023831: to=luba, delay=00:00:01, xdelay=00:00:00, mailer=local, pri=158873, dsn=2.0.0, stat=Sent
Jul 20 14:46:02 kibr sm-mta[23878]: 06KBjvwb023878: ruleset=check_rcpt, arg1=<spameri@tiscali.it>, relay=[37.49.224.214], reject=550 5.7.1 <spameri@tiscali.it>... Relaying denied. IP name lookup failed [37.49.224.214]
Jul 20 14:46:02 kibr sm-mta[23878]: 06KBjvwb023878: from=<spameri@tiscali.it>, size=0, class=0, nrcpts=0, proto=ESMTP, daemon=MTA, relay=[37.49.224.214]
Jul 20 14:46:07 kibr sm-mta[23877]: 06KBjsFX023877: from=<postman221788@emluni.com>, size=45969, class=0, nrcpts=1, msgid=<E1jxUEz-8BksT8-MJ@ucs202-ucs-9.msgpanel.com>, bodytype=8BITMIME, proto=ESMTP, daemon=MTA, relay=smtp519.emlone.com [84.237.210.204]
Jul 20 14:46:09 kibr sm-mta[23881]: 06KBjsFX023877: to=natasha, delay=00:00:02, xdelay=00:00:02, mailer=local, pri=76175, dsn=2.0.0, stat=Sent
Jul 20 14:48:49 kibr sendmail[23975]: 06KBmnux023975: from=root, size=164, class=0, nrcpts=1, msgid=<202007201148.06KBmnux023975@mail.kibr.net>, relay=root@localhost
Jul 20 14:48:54 kibr sm-mta[23978]: 06KBmnbB023978: from=<root@mail.kibr.net>, size=422, class=0, nrcpts=1, msgid=<202007201148.06KBmnux023975@mail.kibr.net>, proto=ESMTP, daemon=MTA, relay=localhost [127.0.0.1]
Jul 20 14:48:55 kibr sendmail[23975]: 06KBmnux023975: to=root, ctladdr=root (0/0), delay=00:00:06, xdelay=00:00:06, mailer=relay, pri=30164, relay=[127.0.0.1] [127.0.0.1], dsn=2.0.0, stat=Sent (06KBmnbB023978 Message accepted for delivery)
Jul 20 14:48:55 kibr sm-mta[23979]: 06KBmnbB023978: to=<root@mail.kibr.net>, ctladdr=<root@mail.kibr.net> (0/0), delay=00:00:01, xdelay=00:00:00, mailer=local, pri=30607, dsn=2.0.0, stat=Sent
Jul 20 14:49:36 kibr sm-mta[23984]: 06KBnUKG023984: from=<y.barabanova@s1.ua>, size=248258, class=0, nrcpts=1, msgid=<CAOjunKes=df2VYK95xP4jg78hvLMNZAwSdR=XTjV-Ge2D8vyxQ@mail.gmail.com>, proto=ESMTP, daemon=MTA, relay=mail-qt1-f177.google.com [209.85.160.177]
Jul 20 14:49:36 kibr sm-mta[23985]: 06KBnUKG023984: to=luba, delay=00:00:01, xdelay=00:00:00, mailer=local, pri=278487, dsn=2.0.0, stat=Sent
Jul 20 15:41:59 kibr sm-mta[24304]: 06KCfpEO024304: from=<y.barabanova@s1.ua>, size=17405498, class=0, nrcpts=1, msgid=<CAOjunKdaZ4uczp+3xoYif9h2Y0vqdPSOugu9nGk84Y0iAFP9sg@mail.gmail.com>, proto=ESMTP, daemon=MTA, relay=mail-qt1-f181.google.com [209.85.160.181]
Jul 20 15:42:00 kibr sm-mta[24307]: 06KCfpEO024304: to=luba, delay=00:00:04, xdelay=00:00:01, mailer=local, pri=17435727, dsn=2.0.0, stat=Sent
Jul 20 15:48:48 kibr sendmail[24413]: 06KCmmCL024413: from=root, size=164, class=0, nrcpts=1, msgid=<202007201248.06KCmmCL024413@mail.kibr.net>, relay=root@localhost
Jul 20 15:48:54 kibr sm-mta[24419]: 06KCmmcb024419: from=<root@mail.kibr.net>, size=422, class=0, nrcpts=1, msgid=<202007201248.06KCmmCL024413@mail.kibr.net>, proto=ESMTP, daemon=MTA, relay=localhost [127.0.0.1]
Jul 20 15:48:54 kibr sendmail[24413]: 06KCmmCL024413: to=root, ctladdr=root (0/0), delay=00:00:06, xdelay=00:00:06, mailer=relay, pri=30164, relay=[127.0.0.1] [127.0.0.1], dsn=2.0.0, stat=Sent (06KCmmcb024419 Message accepted for delivery)
Jul 20 15:48:54 kibr sm-mta[24421]: 06KCmmcb024419: to=<root@mail.kibr.net>, ctladdr=<root@mail.kibr.net> (0/0), delay=00:00:00, xdelay=00:00:00, mailer=local, pri=30607, dsn=2.0.0, stat=Sent
Jul 20 15:53:40 kibr sm-mta[24450]: 06KCrOI5024450: from=<bcp@bsr.gov.ua>, size=33466, class=0, nrcpts=1, msgid=<50172dc9-a570-4191-9547-5f348aec2b09@kibr.net>, proto=ESMTP, daemon=MTA, relay=mx-out-17.default-host.net [185.234.176.17]
Jul 20 15:53:41 kibr sm-mta[24451]: 06KCrOI5024450: to=lena, delay=00:00:01, xdelay=00:00:00, mailer=local, pri=63682, dsn=2.0.0, stat=Sent
Jul 20 16:12:06 kibr sm-mta[24550]: 06KDBxtC024550: from=<Kadilnikova.Natalja@kibr.net>, size=8420, class=0, nrcpts=1, msgid=<aaae2985-b422-840d-e270-f781dd5744aa@kibr.net>, bodytype=8BITMIME, proto=ESMTP, daemon=MTA, relay=kibr4-7.kibr.net [192.168.0.47]
Jul 20 16:12:07 kibr sm-mta[24553]: STARTTLS=client, relay=mx1.mirohost.net., version=TLSv1.3, verify=FAIL, cipher=TLS_AES_256_GCM_SHA384, bits=256/256
Jul 20 16:12:13 kibr sm-mta[24553]: 06KDBxtC024550: to=<kononchuk@papirus.ua>, delay=00:00:07, xdelay=00:00:07, mailer=esmtp, pri=128420, relay=mx1.mirohost.net. [89.184.64.110], dsn=2.0.0, stat=Sent (OK id=1jxVaW-004DFj-Am)
Jul 20 16:25:03 kibr sm-mta[24653]: 06KDOjHR024653: from=<kononchuk@papirus.ua>, size=10435, class=0, nrcpts=1, msgid=<2f9ba378-75eb-02e9-5156-690010a6b11a@papirus.ua>, proto=ESMTP, daemon=MTA, relay=papyrus.com.ua [212.90.164.254]
Jul 20 16:25:03 kibr sm-mta[24661]: 06KDOjHR024653: to=natasha, delay=00:00:00, xdelay=00:00:00, mailer=local, pri=40631, dsn=2.0.0, stat=Sent
Jul 20 16:27:08 kibr sm-mta[24675]: 06KDR3F5024675: from=<Kadilnikova.Natalja@kibr.net>, size=10922, class=0, nrcpts=1, msgid=<65eb56c8-23cf-9b0d-8f0f-59fcd47331e1@kibr.net>, bodytype=8BITMIME, proto=ESMTP, daemon=MTA, relay=kibr4-7.kibr.net [192.168.0.47]
Jul 20 16:27:14 kibr sm-mta[24677]: STARTTLS=client, relay=mx1.mirohost.net., version=TLSv1.3, verify=FAIL, cipher=TLS_AES_256_GCM_SHA384, bits=256/256
Jul 20 16:27:18 kibr sm-mta[24677]: 06KDR3F5024675: to=<kononchuk@papirus.ua>, delay=00:00:10, xdelay=00:00:10, mailer=esmtp, pri=130922, relay=mx1.mirohost.net. [89.184.64.110], dsn=2.0.0, stat=Sent (OK id=1jxVp7-00546q-Oj)
Jul 20 16:48:46 kibr sendmail[24864]: 06KDmj8C024864: from=root, size=164, class=0, nrcpts=1, msgid=<202007201348.06KDmj8C024864@mail.kibr.net>, relay=root@localhost
Jul 20 16:48:56 kibr sm-mta[24866]: 06KDmkfe024866: from=<root@mail.kibr.net>, size=422, class=0, nrcpts=1, msgid=<202007201348.06KDmj8C024864@mail.kibr.net>, proto=ESMTP, daemon=MTA, relay=localhost [127.0.0.1]
Jul 20 16:48:56 kibr sendmail[24864]: 06KDmj8C024864: to=root, ctladdr=root (0/0), delay=00:00:10, xdelay=00:00:10, mailer=relay, pri=30164, relay=[127.0.0.1] [127.0.0.1], dsn=2.0.0, stat=Sent (06KDmkfe024866 Message accepted for delivery)
Jul 20 16:48:56 kibr sm-mta[24867]: 06KDmkfe024866: to=<root@mail.kibr.net>, ctladdr=<root@mail.kibr.net> (0/0), delay=00:00:05, xdelay=00:00:00, mailer=local, pri=30607, dsn=2.0.0, stat=Sent
Jul 20 16:54:46 kibr sm-mta[24905]: 06KDsfJa024905: from=<Kadilnikova.Natalja@kibr.net>, size=2183771, class=0, nrcpts=1, msgid=<6c245a01-c279-52fd-2645-d6fd0c42e6d9@kibr.net>, bodytype=8BITMIME, proto=ESMTP, daemon=MTA, relay=kibr4-7.kibr.net [192.168.0.47]
Jul 20 16:54:46 kibr sm-mta[24909]: 06KDsfJa024905: to=tanja, delay=00:00:00, xdelay=00:00:00, mailer=local, pri=2213971, dsn=2.0.0, stat=Sent
Jul 20 17:04:29 kibr sm-mta[24952]: 06KE4KVi024952: from=<y.barabanova@s1.ua>, size=20979263, class=0, nrcpts=1, msgid=<CAOjunKcApQHuctoUnA30LFoAapAx_7rjz=3U3hApG9EsiQOPPg@mail.gmail.com>, proto=ESMTP, daemon=MTA, relay=mail-qv1-f48.google.com [209.85.219.48]
Jul 20 17:04:30 kibr sm-mta[24954]: 06KE4KVi024952: to=luba, delay=00:00:04, xdelay=00:00:01, mailer=local, pri=21009489, dsn=2.0.0, stat=Sent
Jul 20 17:08:05 kibr sm-mta[24975]: 06KE7xAK024975: from=<Usatenko.Tatjana@kibr.net>, size=2186241, class=0, nrcpts=2, msgid=<c501cd7d-404d-bc0e-b19b-b87f51f2d778@kibr.net>, bodytype=8BITMIME, proto=ESMTP, daemon=MTA, relay=kibr4-8.kibr.net [192.168.0.48]
Jul 20 17:08:05 kibr sm-mta[24976]: 06KE7xAK024975: to=luba, delay=00:00:01, xdelay=00:00:00, mailer=local, pri=2246414, dsn=2.0.0, stat=Sent
Jul 20 17:08:06 kibr sm-mta[24976]: STARTTLS=client, relay=mxs.ukr.net., version=TLSv1.3, verify=FAIL, cipher=TLS_AES_256_GCM_SHA384, bits=256/256
Jul 20 17:08:07 kibr sm-mta[24976]: 06KE7xAK024975: to=<victori_72@ukr.net>, delay=00:00:03, xdelay=00:00:02, mailer=esmtp, pri=2246414, relay=mxs.ukr.net. [212.42.75.251], dsn=2.0.0, stat=Sent (OK id=1jxWSc-000P8t-Ru)
Jul 20 17:19:03 kibr sm-mta[25029]: 06KEIwK3025029: ruleset=check_rcpt, arg1=<info@kibr.net>, relay=[188.127.251.210], reject=550 5.7.1 <info@kibr.net>... Mail from 188.127.251.210 rejected - see bl.spamcop.net
Jul 20 17:19:03 kibr sm-mta[25029]: 06KEIwK3025029: from=<admin@s293086.savps.ru>, size=33495, class=0, nrcpts=0, proto=ESMTP, daemon=MTA, relay=[188.127.251.210]
Jul 20 17:26:29 kibr sm-mta[25073]: 06KEQOxQ025073: from=<t.malyshevska@s1.ua>, size=87395, class=0, nrcpts=1, msgid=<CAMauyj+5eYhsPPMN_Q+dUGjA9zAq==0SnXoXjLJrn8XG55GiQw@mail.gmail.com>, proto=ESMTP, daemon=MTA, relay=mail-ed1-f47.google.com [209.85.208.47]
Jul 20 17:26:29 kibr sm-mta[25074]: 06KEQOxQ025073: to=luba, delay=00:00:00, xdelay=00:00:00, mailer=local, pri=117611, dsn=2.0.0, stat=Sent
Jul 20 17:43:33 kibr sm-mta[25151]: 06KEhGAX025151: from=<victori_72@ukr.net>, size=76197, class=0, nrcpts=1, msgid=<1595256149.953642000.v46v7z3z@frv50.fwdcdn.com>, proto=ESMTP, daemon=MTA, relay=frv199.fwdcdn.com [212.42.77.199]
Jul 20 17:43:33 kibr sm-mta[25153]: 06KEhGAX025151: to=luba, delay=00:00:00, xdelay=00:00:00, mailer=local, pri=106404, dsn=2.0.0, stat=Sent
Jul 20 17:47:56 kibr sendmail[25236]: 06KElu7h025236: from=root, size=164, class=0, nrcpts=1, msgid=<202007201447.06KElu7h025236@mail.kibr.net>, relay=root@localhost
Jul 20 17:48:02 kibr sm-mta[25238]: 06KEluF9025238: from=<root@mail.kibr.net>, size=422, class=0, nrcpts=1, msgid=<202007201447.06KElu7h025236@mail.kibr.net>, proto=ESMTP, daemon=MTA, relay=localhost [127.0.0.1]
Jul 20 17:48:02 kibr sendmail[25236]: 06KElu7h025236: to=root, ctladdr=root (0/0), delay=00:00:06, xdelay=00:00:06, mailer=relay, pri=30164, relay=[127.0.0.1] [127.0.0.1], dsn=2.0.0, stat=Sent (06KEluF9025238 Message accepted for delivery)
Jul 20 17:48:02 kibr sm-mta[25240]: 06KEluF9025238: to=<root@mail.kibr.net>, ctladdr=<root@mail.kibr.net> (0/0), delay=00:00:00, xdelay=00:00:00, mailer=local, pri=30607, dsn=2.0.0, stat=Sent
Jul 20 18:20:16 kibr sm-mta[25391]: 06KFKA1c025391: from=<t.malyshevska@s1.ua>, size=90909, class=0, nrcpts=1, msgid=<CAMauyjK=JudxO1oyJqzCYvyEmF+01p=x9WGM7DHm=f-m76kE7Q@mail.gmail.com>, proto=ESMTP, daemon=MTA, relay=mail-ed1-f47.google.com [209.85.208.47]
Jul 20 18:20:16 kibr sm-mta[25392]: 06KFKA1c025391: to=luba, delay=00:00:01, xdelay=00:00:00, mailer=local, pri=121125, dsn=2.0.0, stat=Sent
Jul 20 18:35:43 kibr sm-mta[25465]: 06KFZ80n025465: 29.20.97.83.ro.ovo.sc [83.97.20.29] did not issue MAIL/EXPN/VRFY/ETRN during connection to MTA
Jul 20 18:47:54 kibr sendmail[25583]: 06KFlrBf025583: from=root, size=164, class=0, nrcpts=1, msgid=<202007201547.06KFlrBf025583@mail.kibr.net>, relay=root@localhost
Jul 20 18:47:59 kibr sm-mta[25586]: 06KFlsRV025586: from=<root@mail.kibr.net>, size=422, class=0, nrcpts=1, msgid=<202007201547.06KFlrBf025583@mail.kibr.net>, proto=ESMTP, daemon=MTA, relay=localhost [127.0.0.1]
Jul 20 18:47:59 kibr sendmail[25583]: 06KFlrBf025583: to=root, ctladdr=root (0/0), delay=00:00:06, xdelay=00:00:05, mailer=relay, pri=30164, relay=[127.0.0.1] [127.0.0.1], dsn=2.0.0, stat=Sent (06KFlsRV025586 Message accepted for delivery)
Jul 20 18:48:00 kibr sm-mta[25587]: 06KFlsRV025586: to=<root@mail.kibr.net>, ctladdr=<root@mail.kibr.net> (0/0), delay=00:00:01, xdelay=00:00:00, mailer=local, pri=30607, dsn=2.0.0, stat=Sent
Jul 20 19:19:09 kibr sm-mta[26330]: 06KGIlJd026330: from=<bzun@xymht.com>, size=10806, class=0, nrcpts=1, msgid=aa941a64-0cf2-44a8-9b5c-05cb4f9414d8, proto=ESMTP, daemon=MTA, relay=bioenergo.com.ua [195.26.86.1]
Jul 20 19:19:09 kibr sm-mta[26332]: 06KGIlJd026330: Dropped invalid comments from header address
Jul 20 19:19:09 kibr sm-mta[26332]: 06KGIlJd026330: Dropped invalid comments from header address
Jul 20 19:19:09 kibr sm-mta[26332]: 06KGIlJd026330: to=<thr@kibr.net>, delay=00:00:00, xdelay=00:00:00, mailer=local, pri=40996, dsn=2.0.0, stat=Sent
Jul 20 19:47:54 kibr sendmail[26510]: 06KGlsLW026510: from=root, size=164, class=0, nrcpts=1, msgid=<202007201647.06KGlsLW026510@mail.kibr.net>, relay=root@localhost
Jul 20 19:48:00 kibr sm-mta[26512]: 06KGltqC026512: from=<root@mail.kibr.net>, size=422, class=0, nrcpts=1, msgid=<202007201647.06KGlsLW026510@mail.kibr.net>, proto=ESMTP, daemon=MTA, relay=localhost [127.0.0.1]
Jul 20 19:48:00 kibr sendmail[26510]: 06KGlsLW026510: to=root, ctladdr=root (0/0), delay=00:00:06, xdelay=00:00:05, mailer=relay, pri=30164, relay=[127.0.0.1] [127.0.0.1], dsn=2.0.0, stat=Sent (06KGltqC026512 Message accepted for delivery)
Jul 20 19:48:00 kibr sm-mta[26513]: 06KGltqC026512: to=<root@mail.kibr.net>, ctladdr=<root@mail.kibr.net> (0/0), delay=00:00:00, xdelay=00:00:00, mailer=local, pri=30607, dsn=2.0.0, stat=Sent
Jul 20 19:58:10 kibr sm-mta[26551]: 06KGw2gO026551: [180.101.145.234] did not issue MAIL/EXPN/VRFY/ETRN during connection to MTA
Jul 20 20:09:43 kibr sm-mta[26598]: 06KH9YCN026598: from=<hadson2008@ukr.net>, size=111816, class=0, nrcpts=1, msgid=<1595264686.870008000.6qef3kpu@frv55.fwdcdn.com>, proto=ESMTP, daemon=MTA, relay=frv191.fwdcdn.com [212.42.77.191]
Jul 20 20:09:43 kibr sm-mta[26599]: 06KH9YCN026598: to=tanja, delay=00:00:00, xdelay=00:00:00, mailer=local, pri=142018, dsn=2.0.0, stat=Sent
Jul 20 20:48:14 kibr sendmail[26942]: 06KHmDIp026942: from=root, size=164, class=0, nrcpts=1, msgid=<202007201748.06KHmDIp026942@mail.kibr.net>, relay=root@localhost
Jul 20 20:48:22 kibr sm-mta[26944]: 06KHmE09026944: from=<root@mail.kibr.net>, size=422, class=0, nrcpts=1, msgid=<202007201748.06KHmDIp026942@mail.kibr.net>, proto=ESMTP, daemon=MTA, relay=localhost [127.0.0.1]
Jul 20 20:48:22 kibr sendmail[26942]: 06KHmDIp026942: to=root, ctladdr=root (0/0), delay=00:00:09, xdelay=00:00:08, mailer=relay, pri=30164, relay=[127.0.0.1] [127.0.0.1], dsn=2.0.0, stat=Sent (06KHmE09026944 Message accepted for delivery)
Jul 20 20:48:22 kibr sm-mta[26946]: 06KHmE09026944: to=<root@mail.kibr.net>, ctladdr=<root@mail.kibr.net> (0/0), delay=00:00:03, xdelay=00:00:00, mailer=local, pri=30607, dsn=2.0.0, stat=Sent
Jul 20 21:24:22 kibr sm-mta[27085]: 06KIOG6K027085: ruleset=check_rcpt, arg1=<spameri@tiscali.it>, relay=[37.49.230.223], reject=550 5.7.1 <spameri@tiscali.it>... Relaying denied. IP name lookup failed [37.49.230.223]
Jul 20 21:24:22 kibr sm-mta[27085]: 06KIOG6K027085: from=<spameri@tiscali.it>, size=0, class=0, nrcpts=0, proto=ESMTP, daemon=MTA, relay=[37.49.230.223]
Jul 20 21:26:56 kibr sm-mta[27097]: 06KIQuJQ027097: [58.57.4.238] did not issue MAIL/EXPN/VRFY/ETRN during connection to MTA
Jul 20 21:27:02 kibr sm-mta[27098]: 06KIQuFM027098: [58.57.4.238] did not issue MAIL/EXPN/VRFY/ETRN during connection to MTA
Jul 20 21:47:55 kibr sendmail[27242]: 06KIltVY027242: from=root, size=164, class=0, nrcpts=1, msgid=<202007201847.06KIltVY027242@mail.kibr.net>, relay=root@localhost
Jul 20 21:48:00 kibr sm-mta[27245]: 06KIltgq027245: from=<root@mail.kibr.net>, size=422, class=0, nrcpts=1, msgid=<202007201847.06KIltVY027242@mail.kibr.net>, proto=ESMTP, daemon=MTA, relay=localhost [127.0.0.1]
Jul 20 21:48:00 kibr sendmail[27242]: 06KIltVY027242: to=root, ctladdr=root (0/0), delay=00:00:05, xdelay=00:00:05, mailer=relay, pri=30164, relay=[127.0.0.1] [127.0.0.1], dsn=2.0.0, stat=Sent (06KIltgq027245 Message accepted for delivery)
Jul 20 21:48:01 kibr sm-mta[27247]: 06KIltgq027245: to=<root@mail.kibr.net>, ctladdr=<root@mail.kibr.net> (0/0), delay=00:00:01, xdelay=00:00:00, mailer=local, pri=30607, dsn=2.0.0, stat=Sent
Jul 20 22:45:26 kibr sm-mta[27491]: 06KJjMCC027491: fb02itshh.fh-muenster.de [193.174.89.26] did not issue MAIL/EXPN/VRFY/ETRN during connection to MTA
Jul 20 22:47:54 kibr sendmail[27565]: 06KJlrlo027565: from=root, size=164, class=0, nrcpts=1, msgid=<202007201947.06KJlrlo027565@mail.kibr.net>, relay=root@localhost
Jul 20 22:47:59 kibr sm-mta[27567]: 06KJlsGl027567: from=<root@mail.kibr.net>, size=422, class=0, nrcpts=1, msgid=<202007201947.06KJlrlo027565@mail.kibr.net>, proto=ESMTP, daemon=MTA, relay=localhost [127.0.0.1]
Jul 20 22:47:59 kibr sendmail[27565]: 06KJlrlo027565: to=root, ctladdr=root (0/0), delay=00:00:06, xdelay=00:00:05, mailer=relay, pri=30164, relay=[127.0.0.1] [127.0.0.1], dsn=2.0.0, stat=Sent (06KJlsGl027567 Message accepted for delivery)
Jul 20 22:48:00 kibr sm-mta[27569]: 06KJlsGl027567: to=<root@mail.kibr.net>, ctladdr=<root@mail.kibr.net> (0/0), delay=00:00:01, xdelay=00:00:01, mailer=local, pri=30607, dsn=2.0.0, stat=Sent
Jul 20 23:13:04 kibr sm-mta[27675]: 06KKD3fS027675: [141.98.80.53] did not issue MAIL/EXPN/VRFY/ETRN during connection to MTA
Jul 20 23:42:15 kibr sm-mta[27799]: 06KKgAZF027799: [141.98.80.53] did not issue MAIL/EXPN/VRFY/ETRN during connection to MTA
Jul 20 23:43:30 kibr sm-mta[27812]: 06KKhOb3027812: ruleset=check_rcpt, arg1=<info@kibr.net>, relay=[170.79.50.255], reject=550 5.7.1 <info@kibr.net>... Mail from 170.79.50.255 rejected - see bl.spamcop.net
Jul 20 23:43:31 kibr sm-mta[27812]: 06KKhOb3027812: lost input channel from [170.79.50.255] to MTA after data
Jul 20 23:43:31 kibr sm-mta[27812]: 06KKhOb3027812: from=<johnny@veeko.com.hk>, size=0, class=0, nrcpts=0, proto=ESMTP, daemon=MTA, relay=[170.79.50.255]
Jul 20 23:47:55 kibr sendmail[27891]: 06KKlsWI027891: from=root, size=164, class=0, nrcpts=1, msgid=<202007202047.06KKlsWI027891@mail.kibr.net>, relay=root@localhost
Jul 20 23:48:00 kibr sm-mta[27894]: 06KKltfi027894: from=<root@mail.kibr.net>, size=422, class=0, nrcpts=1, msgid=<202007202047.06KKlsWI027891@mail.kibr.net>, proto=ESMTP, daemon=MTA, relay=localhost [127.0.0.1]
Jul 20 23:48:00 kibr sendmail[27891]: 06KKlsWI027891: to=root, ctladdr=root (0/0), delay=00:00:06, xdelay=00:00:05, mailer=relay, pri=30164, relay=[127.0.0.1] [127.0.0.1], dsn=2.0.0, stat=Sent (06KKltfi027894 Message accepted for delivery)
Jul 20 23:48:00 kibr sm-mta[27898]: 06KKltfi027894: to=<root@mail.kibr.net>, ctladdr=<root@mail.kibr.net> (0/0), delay=00:00:00, xdelay=00:00:00, mailer=local, pri=30607, dsn=2.0.0, stat=Sent
Jul 20 23:53:25 kibr sm-mta[27922]: 06KKrLDr027922: [141.98.80.53] did not issue MAIL/EXPN/VRFY/ETRN during connection to MTA
Jul 21 00:03:35 kibr sm-mta[27965]: 06KL3Ut9027965: [141.98.80.53] did not issue MAIL/EXPN/VRFY/ETRN during connection to MTA
Jul 21 00:09:00 kibr sm-mta[27993]: 06KL8sau027993: ruleset=check_rcpt, arg1=<loan@kibr.net>, relay=bb272f3a.virtua.com.br [187.39.47.58] (may be forged), reject=550 5.7.1 <loan@kibr.net>... Mail from 187.39.47.58 rejected - see bl.spamcop.net
Jul 21 00:09:01 kibr sm-mta[27993]: 06KL8sau027993: lost input channel from bb272f3a.virtua.com.br [187.39.47.58] (may be forged) to MTA after data
Jul 21 00:09:01 kibr sm-mta[27993]: 06KL8sau027993: from=<asjp@jpnic.com>, size=0, class=0, nrcpts=0, proto=ESMTP, daemon=MTA, relay=bb272f3a.virtua.com.br [187.39.47.58] (may be forged)
Jul 21 00:21:46 kibr sm-mta[28049]: 06KLLUHC028049: ruleset=check_rcpt, arg1=<lysz@kibr.net>, relay=pc-90-137-163-190.cm.vtr.net [190.163.137.90] (may be forged), reject=550 5.7.1 <lysz@kibr.net>... Mail from 190.163.137.90 rejected - see cbl.abuseat.org
Jul 21 00:21:48 kibr sm-mta[28049]: 06KLLUHC028049: lost input channel from pc-90-137-163-190.cm.vtr.net [190.163.137.90] (may be forged) to MTA after data
Jul 21 00:21:48 kibr sm-mta[28049]: 06KLLUHC028049: from=<lori.cainn@la-z-boy.co>, size=0, class=0, nrcpts=0, proto=ESMTP, daemon=MTA, relay=pc-90-137-163-190.cm.vtr.net [190.163.137.90] (may be forged)
Jul 21 00:47:16 kibr sendmail[28204]: 06KLlGDA028204: from=root, size=174, class=0, nrcpts=1, msgid=<202007202147.06KLlGDA028204@mail.kibr.net>, relay=root@localhost
Jul 21 00:47:22 kibr sm-mta[28206]: 06KLlGAE028206: from=<root@mail.kibr.net>, size=432, class=0, nrcpts=1, msgid=<202007202147.06KLlGDA028204@mail.kibr.net>, proto=ESMTP, daemon=MTA, relay=localhost [127.0.0.1]
Jul 21 00:47:22 kibr sendmail[28204]: 06KLlGDA028204: to=root, ctladdr=root (0/0), delay=00:00:06, xdelay=00:00:06, mailer=relay, pri=30174, relay=[127.0.0.1] [127.0.0.1], dsn=2.0.0, stat=Sent (06KLlGAE028206 Message accepted for delivery)
Jul 21 00:47:22 kibr sm-mta[28207]: 06KLlGAE028206: to=<root@mail.kibr.net>, ctladdr=<root@mail.kibr.net> (0/0), delay=00:00:01, xdelay=00:00:00, mailer=local, pri=30617, dsn=2.0.0, stat=Sent
Jul 21 01:15:03 kibr sm-mta[28326]: 06KMEw4T028326: ruleset=check_rcpt, arg1=<spameri@tiscali.it>, relay=[37.49.224.21], reject=550 5.7.1 <spameri@tiscali.it>... Relaying denied. IP name lookup failed [37.49.224.21]
Jul 21 01:15:03 kibr sm-mta[28326]: 06KMEw4T028326: from=<spameri@tiscali.it>, size=0, class=0, nrcpts=0, proto=ESMTP, daemon=MTA, relay=[37.49.224.21]
Jul 21 01:37:19 kibr sendmail[28557]: 06KMbJxC028557: from=root, size=5346, class=0, nrcpts=1, msgid=<202007202237.06KMbJxC028557@mail.kibr.net>, relay=root@localhost
Jul 21 01:37:24 kibr sm-mta[28559]: 06KMbJam028559: from=<root@mail.kibr.net>, size=5604, class=0, nrcpts=1, msgid=<202007202237.06KMbJxC028557@mail.kibr.net>, proto=ESMTP, daemon=MTA, relay=localhost [127.0.0.1]
Jul 21 01:37:24 kibr sendmail[28557]: 06KMbJxC028557: to=root, ctladdr=root (0/0), delay=00:00:05, xdelay=00:00:05, mailer=relay, pri=35346, relay=[127.0.0.1] [127.0.0.1], dsn=2.0.0, stat=Sent (06KMbJam028559 Message accepted for delivery)
Jul 21 01:37:25 kibr sm-mta[28560]: 06KMbJam028559: to=<root@mail.kibr.net>, ctladdr=<root@mail.kibr.net> (0/0), delay=00:00:01, xdelay=00:00:00, mailer=local, pri=35789, dsn=2.0.0, stat=Sent
Jul 21 01:45:46 kibr sm-mta[28601]: 06KMjhRo028601: ip-113-114.4vendeta.com [78.128.113.114] (may be forged) did not issue MAIL/EXPN/VRFY/ETRN during connection to MTA
Jul 21 01:47:53 kibr sendmail[28659]: 06KMlr4W028659: from=root, size=164, class=0, nrcpts=1, msgid=<202007202247.06KMlr4W028659@mail.kibr.net>, relay=root@localhost
Jul 21 01:47:59 kibr sm-mta[28661]: 06KMlrEm028661: from=<root@mail.kibr.net>, size=422, class=0, nrcpts=1, msgid=<202007202247.06KMlr4W028659@mail.kibr.net>, proto=ESMTP, daemon=MTA, relay=localhost [127.0.0.1]
Jul 21 01:47:59 kibr sendmail[28659]: 06KMlr4W028659: to=root, ctladdr=root (0/0), delay=00:00:06, xdelay=00:00:06, mailer=relay, pri=30164, relay=[127.0.0.1] [127.0.0.1], dsn=2.0.0, stat=Sent (06KMlrEm028661 Message accepted for delivery)
Jul 21 01:47:59 kibr sm-mta[28662]: 06KMlrEm028661: to=<root@mail.kibr.net>, ctladdr=<root@mail.kibr.net> (0/0), delay=00:00:01, xdelay=00:00:00, mailer=local, pri=30607, dsn=2.0.0, stat=Sent
Jul 21 01:50:56 kibr sm-mta[28673]: 06KMoqgh028673: ip-113-114.4vendeta.com [78.128.113.114] (may be forged) did not issue MAIL/EXPN/VRFY/ETRN during connection to MTA
Jul 21 02:47:53 kibr sendmail[28975]: 06KNlrGW028975: from=root, size=164, class=0, nrcpts=1, msgid=<202007202347.06KNlrGW028975@mail.kibr.net>, relay=root@localhost
Jul 21 02:47:58 kibr sm-mta[28978]: 06KNlrD8028978: from=<root@mail.kibr.net>, size=422, class=0, nrcpts=1, msgid=<202007202347.06KNlrGW028975@mail.kibr.net>, proto=ESMTP, daemon=MTA, relay=localhost [127.0.0.1]
Jul 21 02:47:58 kibr sendmail[28975]: 06KNlrGW028975: to=root, ctladdr=root (0/0), delay=00:00:05, xdelay=00:00:05, mailer=relay, pri=30164, relay=[127.0.0.1] [127.0.0.1], dsn=2.0.0, stat=Sent (06KNlrD8028978 Message accepted for delivery)
Jul 21 02:47:59 kibr sm-mta[28979]: 06KNlrD8028978: to=<root@mail.kibr.net>, ctladdr=<root@mail.kibr.net> (0/0), delay=00:00:01, xdelay=00:00:01, mailer=local, pri=30607, dsn=2.0.0, stat=Sent
Jul 21 03:37:54 kibr sm-mta[29194]: 06L0bsBD029194: [185.234.219.229] did not issue MAIL/EXPN/VRFY/ETRN during connection to MTA
Jul 21 03:42:01 kibr sm-mta[29215]: 06L0fvhi029215: ip-113-114.4vendeta.com [78.128.113.114] (may be forged) did not issue MAIL/EXPN/VRFY/ETRN during connection to MTA
Jul 21 03:47:54 kibr sendmail[29291]: 06L0lsi4029291: from=root, size=164, class=0, nrcpts=1, msgid=<202007210047.06L0lsi4029291@mail.kibr.net>, relay=root@localhost
Jul 21 03:47:59 kibr sm-mta[29294]: 06L0ls0c029294: from=<root@mail.kibr.net>, size=422, class=0, nrcpts=1, msgid=<202007210047.06L0lsi4029291@mail.kibr.net>, proto=ESMTP, daemon=MTA, relay=localhost [127.0.0.1]
Jul 21 03:47:59 kibr sendmail[29291]: 06L0lsi4029291: to=root, ctladdr=root (0/0), delay=00:00:05, xdelay=00:00:05, mailer=relay, pri=30164, relay=[127.0.0.1] [127.0.0.1], dsn=2.0.0, stat=Sent (06L0ls0c029294 Message accepted for delivery)
Jul 21 03:47:59 kibr sm-mta[29295]: 06L0ls0c029294: to=<root@mail.kibr.net>, ctladdr=<root@mail.kibr.net> (0/0), delay=00:00:00, xdelay=00:00:00, mailer=local, pri=30607, dsn=2.0.0, stat=Sent
Jul 21 03:51:43 kibr sm-mta[29309]: 06L0phvs029309: [37.49.224.173] did not issue MAIL/EXPN/VRFY/ETRN during connection to MTA
Jul 21 03:51:48 kibr sm-mta[29310]: 06L0phv8029310: ruleset=check_rcpt, arg1=<test@gmail.com>, relay=[37.49.224.173], reject=550 5.7.1 <test@gmail.com>... Relaying denied. IP name lookup failed [37.49.224.173]
Jul 21 03:52:09 kibr sm-mta[29313]: 06L0pso6029313: [37.49.224.173] did not issue MAIL/EXPN/VRFY/ETRN during connection to MTA
Jul 21 03:52:09 kibr sm-mta[29312]: 06L0pnKH029312: [37.49.224.173] did not issue MAIL/EXPN/VRFY/ETRN during connection to MTA
Jul 21 03:52:09 kibr sm-mta[29310]: 06L0phv8029310: lost input channel from [37.49.224.173] to MTA after rcpt
Jul 21 03:52:09 kibr sm-mta[29310]: 06L0phv8029310: from=<test@kibr.net>, size=0, class=0, nrcpts=0, proto=SMTP, daemon=MTA, relay=[37.49.224.173]
Jul 21 03:52:19 kibr sm-mta[29315]: 06L0q4IW029315: [37.49.224.173] did not issue MAIL/EXPN/VRFY/ETRN during connection to MTA
Jul 21 03:52:21 kibr sm-mta[29314]: 06L0pxPN029314: [37.49.224.173] did not issue MAIL/EXPN/VRFY/ETRN during connection to MTA
Jul 21 03:52:21 kibr sm-mta[29316]: 06L0q9oF029316: [37.49.224.173] did not issue MAIL/EXPN/VRFY/ETRN during connection to MTA
Jul 21 03:52:47 kibr sm-mta[29321]: 06L0qU0Q029321: [37.49.224.173] did not issue MAIL/EXPN/VRFY/ETRN during connection to MTA
Jul 21 03:52:47 kibr sm-mta[29319]: 06L0qKbw029319: [37.49.224.173] did not issue MAIL/EXPN/VRFY/ETRN during connection to MTA
Jul 21 03:52:47 kibr sm-mta[29320]: 06L0qPpT029320: [37.49.224.173] did not issue MAIL/EXPN/VRFY/ETRN during connection to MTA
Jul 21 03:52:47 kibr sm-mta[29322]: 06L0qZa3029322: [37.49.224.173] did not issue MAIL/EXPN/VRFY/ETRN during connection to MTA
Jul 21 03:53:36 kibr sm-mta[29340]: 06L0rMSF029340: [37.49.224.173] did not issue MAIL/EXPN/VRFY/ETRN during connection to MTA
Jul 21 03:54:14 kibr sm-mta[29344]: 06L0rhM1029344: [37.49.224.173] did not issue MAIL/EXPN/VRFY/ETRN during connection to MTA
Jul 21 03:54:14 kibr sm-mta[29332]: 06L0rCCD029332: [37.49.224.173] did not issue MAIL/EXPN/VRFY/ETRN during connection to MTA
Jul 21 03:54:14 kibr sm-mta[29343]: 06L0rcot029343: [37.49.224.173] did not issue MAIL/EXPN/VRFY/ETRN during connection to MTA
Jul 21 03:54:14 kibr sm-mta[29326]: 06L0qpBI029326: [37.49.224.173] did not issue MAIL/EXPN/VRFY/ETRN during connection to MTA
Jul 21 03:54:14 kibr sm-mta[29341]: 06L0rR8J029341: [37.49.224.173] did not issue MAIL/EXPN/VRFY/ETRN during connection to MTA
Jul 21 03:54:14 kibr sm-mta[29329]: 06L0r19U029329: [37.49.224.173] did not issue MAIL/EXPN/VRFY/ETRN during connection to MTA
Jul 21 03:54:14 kibr sm-mta[29324]: 06L0qfs9029324: [37.49.224.173] did not issue MAIL/EXPN/VRFY/ETRN during connection to MTA
Jul 21 03:54:14 kibr sm-mta[29342]: 06L0rWak029342: [37.49.224.173] did not issue MAIL/EXPN/VRFY/ETRN during connection to MTA
Jul 21 03:54:14 kibr sm-mta[29338]: 06L0rHWI029338: [37.49.224.173] did not issue MAIL/EXPN/VRFY/ETRN during connection to MTA
Jul 21 03:54:14 kibr sm-mta[29327]: 06L0quVC029327: [37.49.224.173] did not issue MAIL/EXPN/VRFY/ETRN during connection to MTA
Jul 21 03:54:14 kibr sm-mta[29330]: 06L0r6B3029330: [37.49.224.173] did not issue MAIL/EXPN/VRFY/ETRN during connection to MTA
Jul 21 03:54:14 kibr sm-mta[29347]: 06L0rrJU029347: [37.49.224.173] did not issue MAIL/EXPN/VRFY/ETRN during connection to MTA
Jul 21 03:54:14 kibr sm-mta[29325]: 06L0qkRk029325: [37.49.224.173] did not issue MAIL/EXPN/VRFY/ETRN during connection to MTA
Jul 21 03:54:14 kibr sm-mta[29346]: 06L0rmpY029346: [37.49.224.173] did not issue MAIL/EXPN/VRFY/ETRN during connection to MTA
Jul 21 03:57:48 kibr sm-mta[29317]: 06L0qFHY029317: [37.49.224.173] did not issue MAIL/EXPN/VRFY/ETRN during connection to MTA
Jul 21 04:01:36 kibr sendmail[29391]: 06L11axT029391: from=sergey, size=1583581, class=0, nrcpts=1, msgid=<202007210101.06L11axT029391@mail.kibr.net>, relay=sergey@localhost
Jul 21 04:01:42 kibr sm-mta[29393]: 06L11bL1029393: from=<sergey@mail.kibr.net>, size=1583843, class=0, nrcpts=1, msgid=<202007210101.06L11axT029391@mail.kibr.net>, proto=ESMTP, daemon=MTA, relay=localhost [127.0.0.1]
Jul 21 04:01:42 kibr sendmail[29391]: 06L11axT029391: to=sergey, ctladdr=sergey (1003/100), delay=00:00:06, xdelay=00:00:05, mailer=relay, pri=1613581, relay=[127.0.0.1] [127.0.0.1], dsn=2.0.0, stat=Sent (06L11bL1029393 Message accepted for delivery)
Jul 21 04:01:43 kibr sm-mta[29394]: 06L11bL1029393: to=<sergey@mail.kibr.net>, ctladdr=<sergey@mail.kibr.net> (1003/100), delay=00:00:01, xdelay=00:00:01, mailer=local, pri=1614030, dsn=2.0.0, stat=Sent
Jul 21 04:04:53 kibr sm-mta[29409]: 06L14lme029409: [103.133.105.65] did not issue MAIL/EXPN/VRFY/ETRN during connection to MTA
Jul 21 04:40:04 kibr sendmail[29776]: 06L1e4Pk029776: from=sergey, size=16678, class=0, nrcpts=1, msgid=<202007210140.06L1e4Pk029776@mail.kibr.net>, relay=sergey@localhost
Jul 21 04:40:10 kibr sm-mta[29778]: 06L1e43F029778: from=<sergey@mail.kibr.net>, size=16940, class=0, nrcpts=1, msgid=<202007210140.06L1e4Pk029776@mail.kibr.net>, proto=ESMTP, daemon=MTA, relay=localhost [127.0.0.1]
Jul 21 04:40:10 kibr sendmail[29776]: 06L1e4Pk029776: to=sergey, ctladdr=sergey (1003/100), delay=00:00:06, xdelay=00:00:06, mailer=relay, pri=46678, relay=[127.0.0.1] [127.0.0.1], dsn=2.0.0, stat=Sent (06L1e43F029778 Message accepted for delivery)
Jul 21 04:40:10 kibr sm-mta[29779]: 06L1e43F029778: to=<sergey@mail.kibr.net>, ctladdr=<sergey@mail.kibr.net> (1003/100), delay=00:00:01, xdelay=00:00:00, mailer=local, pri=47127, dsn=2.0.0, stat=Sent
Jul 21 04:42:25 kibr sendmail[29833]: 06L1gPPJ029833: from=root, size=189, class=0, nrcpts=1, msgid=<202007210142.06L1gPPJ029833@mail.kibr.net>, relay=root@localhost
Jul 21 04:42:30 kibr sm-mta[29835]: 06L1gPLd029835: from=<root@mail.kibr.net>, size=447, class=0, nrcpts=1, msgid=<202007210142.06L1gPPJ029833@mail.kibr.net>, proto=ESMTP, daemon=MTA, relay=localhost [127.0.0.1]
Jul 21 04:42:30 kibr sendmail[29833]: 06L1gPPJ029833: to=root, ctladdr=root (0/0), delay=00:00:05, xdelay=00:00:05, mailer=relay, pri=30189, relay=[127.0.0.1] [127.0.0.1], dsn=2.0.0, stat=Sent (06L1gPLd029835 Message accepted for delivery)
Jul 21 04:42:30 kibr sm-mta[29838]: 06L1gPLd029835: to=<root@mail.kibr.net>, ctladdr=<root@mail.kibr.net> (0/0), delay=00:00:00, xdelay=00:00:00, mailer=local, pri=30632, dsn=2.0.0, stat=Sent
Jul 21 04:48:13 kibr sendmail[29915]: 06L1mDTd029915: from=root, size=164, class=0, nrcpts=1, msgid=<202007210148.06L1mDTd029915@mail.kibr.net>, relay=root@localhost
Jul 21 04:48:19 kibr sm-mta[29917]: 06L1mDkX029917: from=<root@mail.kibr.net>, size=422, class=0, nrcpts=1, msgid=<202007210148.06L1mDTd029915@mail.kibr.net>, proto=ESMTP, daemon=MTA, relay=localhost [127.0.0.1]
Jul 21 04:48:20 kibr sendmail[29915]: 06L1mDTd029915: to=root, ctladdr=root (0/0), delay=00:00:07, xdelay=00:00:07, mailer=relay, pri=30164, relay=[127.0.0.1] [127.0.0.1], dsn=2.0.0, stat=Sent (06L1mDkX029917 Message accepted for delivery)
Jul 21 04:48:20 kibr sm-mta[29919]: 06L1mDkX029917: to=<root@mail.kibr.net>, ctladdr=<root@mail.kibr.net> (0/0), delay=00:00:02, xdelay=00:00:00, mailer=local, pri=30607, dsn=2.0.0, stat=Sent
Jul 21 05:03:53 kibr sm-mta[29985]: 06L23m0N029985: [80.82.77.240] did not issue MAIL/EXPN/VRFY/ETRN during connection to MTA
Jul 21 05:13:45 kibr sm-mta[30038]: 06L2DeRn030038: ruleset=check_rcpt, arg1=<spameri@tiscali.it>, relay=[37.49.224.247], reject=550 5.7.1 <spameri@tiscali.it>... Relaying denied. IP name lookup failed [37.49.224.247]
Jul 21 05:13:45 kibr sm-mta[30038]: 06L2DeRn030038: from=<spameri@tiscali.it>, size=0, class=0, nrcpts=0, proto=ESMTP, daemon=MTA, relay=[37.49.224.247]
Jul 21 05:17:43 kibr sm-mta[30056]: 06L2Hdae030056: ip-113-114.4vendeta.com [78.128.113.114] (may be forged) did not issue MAIL/EXPN/VRFY/ETRN during connection to MTA
Jul 21 05:47:55 kibr sendmail[30240]: 06L2ltec030240: from=root, size=164, class=0, nrcpts=1, msgid=<202007210247.06L2ltec030240@mail.kibr.net>, relay=root@localhost
Jul 21 05:48:01 kibr sm-mta[30242]: 06L2ltPk030242: from=<root@mail.kibr.net>, size=422, class=0, nrcpts=1, msgid=<202007210247.06L2ltec030240@mail.kibr.net>, proto=ESMTP, daemon=MTA, relay=localhost [127.0.0.1]
Jul 21 05:48:01 kibr sendmail[30240]: 06L2ltec030240: to=root, ctladdr=root (0/0), delay=00:00:06, xdelay=00:00:06, mailer=relay, pri=30164, relay=[127.0.0.1] [127.0.0.1], dsn=2.0.0, stat=Sent (06L2ltPk030242 Message accepted for delivery)
Jul 21 05:48:01 kibr sm-mta[30243]: 06L2ltPk030242: to=<root@mail.kibr.net>, ctladdr=<root@mail.kibr.net> (0/0), delay=00:00:01, xdelay=00:00:00, mailer=local, pri=30607, dsn=2.0.0, stat=Sent
Jul 21 06:20:50 kibr sm-mta[30389]: 06L3KQWD030389: from=<postman221788@emluni.com>, size=75930, class=0, nrcpts=1, msgid=<E1jxipM-merRE4-MJ@ucs102-ucs-9.msgpanel.com>, bodytype=8BITMIME, proto=ESMTP, daemon=MTA, relay=smtp66.emlone.com [84.237.210.22]
Jul 21 06:20:56 kibr sm-mta[30392]: 06L3KQWD030389: to=natasha, delay=00:00:06, xdelay=00:00:06, mailer=local, pri=106133, dsn=2.0.0, stat=Sent
Jul 21 06:47:53 kibr sendmail[30558]: 06L3lrCp030558: from=root, size=164, class=0, nrcpts=1, msgid=<202007210347.06L3lrCp030558@mail.kibr.net>, relay=root@localhost
Jul 21 06:47:58 kibr sm-mta[30560]: 06L3lrCl030560: from=<root@mail.kibr.net>, size=422, class=0, nrcpts=1, msgid=<202007210347.06L3lrCp030558@mail.kibr.net>, proto=ESMTP, daemon=MTA, relay=localhost [127.0.0.1]
Jul 21 06:47:59 kibr sendmail[30558]: 06L3lrCp030558: to=root, ctladdr=root (0/0), delay=00:00:06, xdelay=00:00:06, mailer=relay, pri=30164, relay=[127.0.0.1] [127.0.0.1], dsn=2.0.0, stat=Sent (06L3lrCl030560 Message accepted for delivery)
Jul 21 06:47:59 kibr sm-mta[30561]: 06L3lrCl030560: to=<root@mail.kibr.net>, ctladdr=<root@mail.kibr.net> (0/0), delay=00:00:01, xdelay=00:00:00, mailer=local, pri=30607, dsn=2.0.0, stat=Sent
Jul 21 06:59:36 kibr sm-mta[30613]: 06L3xahL030613: rejecting commands from ip237.208-100-26.static.steadfastdns.net [208.100.26.237] due to pre-greeting traffic after 0 seconds
Jul 21 06:59:39 kibr sm-mta[30615]: 06L3xdAB030615: rejecting commands from ip237.208-100-26.static.steadfastdns.net [208.100.26.237] due to pre-greeting traffic after 0 seconds
Jul 21 06:59:51 kibr sm-mta[30617]: 06L3xp4H030617: rejecting commands from ip236.208-100-26.static.steadfastdns.net [208.100.26.236] due to pre-greeting traffic after 0 seconds
Jul 21 07:00:15 kibr sm-mta[30619]: 06L40FTd030619: rejecting commands from ip235.208-100-26.static.steadfastdns.net [208.100.26.235] due to pre-greeting traffic after 0 seconds
Jul 21 07:01:07 kibr sm-mta[30625]: 06L417W6030625: rejecting commands from ip235.208-100-26.static.steadfastdns.net [208.100.26.235] due to pre-greeting traffic after 0 seconds
Jul 21 07:06:23 kibr sm-mta[30646]: 06L46JiI030646: ip-113-114.4vendeta.com [78.128.113.114] (may be forged) did not issue MAIL/EXPN/VRFY/ETRN during connection to MTA
Jul 21 07:32:45 kibr sm-mta[30764]: 06L4WfhI030764: ip-113-114.4vendeta.com [78.128.113.114] (may be forged) did not issue MAIL/EXPN/VRFY/ETRN during connection to MTA
Jul 21 07:39:13 kibr sm-mta[30788]: 06L4dDhP030788: rejecting commands from rnd.group-ib.ru [80.82.70.118] due to pre-greeting traffic after 0 seconds
Jul 21 07:39:13 kibr sm-mta[30788]: 06L4dDhP030788: rnd.group-ib.ru [80.82.70.118] (may be forged): probable open proxy: command=GET / HTTP/1.0\r\n
Jul 21 07:47:53 kibr sendmail[30877]: 06L4lqEF030877: from=root, size=164, class=0, nrcpts=1, msgid=<202007210447.06L4lqEF030877@mail.kibr.net>, relay=root@localhost
Jul 21 07:47:58 kibr sm-mta[30879]: 06L4lr1M030879: from=<root@mail.kibr.net>, size=422, class=0, nrcpts=1, msgid=<202007210447.06L4lqEF030877@mail.kibr.net>, proto=ESMTP, daemon=MTA, relay=localhost [127.0.0.1]
Jul 21 07:47:58 kibr sendmail[30877]: 06L4lqEF030877: to=root, ctladdr=root (0/0), delay=00:00:06, xdelay=00:00:05, mailer=relay, pri=30164, relay=[127.0.0.1] [127.0.0.1], dsn=2.0.0, stat=Sent (06L4lr1M030879 Message accepted for delivery)
Jul 21 07:47:58 kibr sm-mta[30881]: 06L4lr1M030879: to=<root@mail.kibr.net>, ctladdr=<root@mail.kibr.net> (0/0), delay=00:00:00, xdelay=00:00:00, mailer=local, pri=30607, dsn=2.0.0, stat=Sent
Jul 21 07:57:41 kibr sm-mta[30929]: 06L4vcce030929: ip-113-114.4vendeta.com [78.128.113.114] (may be forged) did not issue MAIL/EXPN/VRFY/ETRN during connection to MTA
Jul 21 08:07:46 kibr sm-mta[30975]: 06L57heK030975: ip-113-114.4vendeta.com [78.128.113.114] (may be forged) did not issue MAIL/EXPN/VRFY/ETRN during connection to MTA
Jul 21 08:48:28 kibr sendmail[31217]: 06L5mRwV031217: from=root, size=164, class=0, nrcpts=1, msgid=<202007210548.06L5mRwV031217@mail.kibr.net>, relay=root@localhost
Jul 21 08:48:33 kibr sm-mta[31219]: 06L5mSxS031219: from=<root@mail.kibr.net>, size=422, class=0, nrcpts=1, msgid=<202007210548.06L5mRwV031217@mail.kibr.net>, proto=ESMTP, daemon=MTA, relay=localhost [127.0.0.1]
Jul 21 08:48:33 kibr sendmail[31217]: 06L5mRwV031217: to=root, ctladdr=root (0/0), delay=00:00:06, xdelay=00:00:05, mailer=relay, pri=30164, relay=[127.0.0.1] [127.0.0.1], dsn=2.0.0, stat=Sent (06L5mSxS031219 Message accepted for delivery)
Jul 21 08:48:34 kibr sm-mta[31220]: 06L5mSxS031219: to=<root@mail.kibr.net>, ctladdr=<root@mail.kibr.net> (0/0), delay=00:00:01, xdelay=00:00:00, mailer=local, pri=30607, dsn=2.0.0, stat=Sent
Jul 21 08:51:03 kibr sm-mta[31232]: 06L5owAx031232: from=<i.tarasova@s1.ua>, size=113483, class=0, nrcpts=1, msgid=<000001d65f22$e6921b30$b3b65190$@s1.ua>, proto=ESMTP, daemon=MTA, relay=mail-wr1-f46.google.com [209.85.221.46]
Jul 21 08:51:04 kibr sm-mta[31234]: 06L5owAx031232: to=luba, delay=00:00:01, xdelay=00:00:00, mailer=local, pri=143709, dsn=2.0.0, stat=Sent
Jul 21 09:15:03 kibr sm-mta[31365]: 06L6Ew8a031365: from=<golub.luba@kibr.net>, size=10485, class=0, nrcpts=1, msgid=<006401d65f25$50efcd90$f2cf68b0$@kibr.net>, proto=ESMTP, daemon=MTA, relay=kibr4-4.kibr.net [192.168.0.44]
Jul 21 09:15:03 kibr sm-mta[31365]: 06L6Ew8b031365: from=<golub.luba@kibr.net>, size=12048, class=0, nrcpts=1, msgid=<006901d65f25$5128def0$f37a9cd0$@kibr.net>, proto=ESMTP, daemon=MTA, relay=kibr4-4.kibr.net [192.168.0.44]
Jul 21 09:15:03 kibr sm-mta[31367]: STARTTLS=client, relay=aspmx.l.google.com., version=TLSv1.3, verify=FAIL, cipher=TLS_AES_256_GCM_SHA384, bits=256/256
Jul 21 09:15:03 kibr sm-mta[31369]: STARTTLS=client, relay=aspmx.l.google.com., version=TLSv1.3, verify=FAIL, cipher=TLS_AES_256_GCM_SHA384, bits=256/256
Jul 21 09:15:04 kibr sm-mta[31369]: 06L6Ew8b031365: to=<y.barabanova@s1.ua>, delay=00:00:01, xdelay=00:00:01, mailer=esmtp, pri=132048, relay=aspmx.l.google.com. [64.233.162.27], dsn=2.0.0, stat=Sent (OK  1595312104 f5si10935246ljj.339 - gsmtp)
Jul 21 09:15:04 kibr sm-mta[31367]: 06L6Ew8a031365: to=<y.barabanova@s1.ua>, delay=00:00:01, xdelay=00:00:01, mailer=esmtp, pri=130485, relay=aspmx.l.google.com. [64.233.162.27], dsn=2.0.0, stat=Sent (OK  1595312104 i11si11307898ljj.170 - gsmtp)
Jul 21 09:22:03 kibr sm-mta[31412]: 06L6Lvrd031412: from=<golub.luba@kibr.net>, size=286368, class=0, nrcpts=2, msgid=<006e01d65f26$4b196600$e14c3200$@kibr.net>, proto=ESMTP, daemon=MTA, relay=kibr4-4.kibr.net [192.168.0.44]
Jul 21 09:22:03 kibr sm-mta[31416]: 06L6Lvrd031412: to=tanya, delay=00:00:01, xdelay=00:00:00, mailer=local, pri=346530, dsn=2.0.0, stat=Sent
Jul 21 09:22:05 kibr sm-mta[31416]: 06L6Lvrd031412: to=tanja, delay=00:00:03, xdelay=00:00:02, mailer=local, pri=346530, dsn=2.0.0, stat=Sent
Jul 21 09:23:34 kibr sm-mta[31429]: 06L6NSXb031429: from=<golub.luba@kibr.net>, size=2187490, class=0, nrcpts=5, msgid=<007401d65f26$811f5ac0$835e1040$@kibr.net>, proto=ESMTP, daemon=MTA, relay=kibr4-4.kibr.net [192.168.0.44]
Jul 21 09:23:34 kibr sm-mta[31431]: STARTTLS=client, relay=aspmx.l.google.com., version=TLSv1.3, verify=FAIL, cipher=TLS_AES_256_GCM_SHA384, bits=256/256
Jul 21 09:23:37 kibr sm-mta[31431]: 06L6NSXb031429: to=<v.pavlushyn@s1.ua>,<s.fitel@s1.ua>,<s.danilyuk@s1.ua>,<a.bahmach@s1.ua>, delay=00:00:04, xdelay=00:00:03, mailer=esmtp, pri=2427490, relay=aspmx.l.google.com. [173.194.73.26], dsn=2.0.0, stat=Sent (OK  1595312617 a15si12302346lji.530 - gsmtp)
Jul 21 09:23:37 kibr sm-mta[31431]: STARTTLS=client, relay=mxs.ukr.net., version=TLSv1.3, verify=FAIL, cipher=TLS_AES_256_GCM_SHA384, bits=256/256
Jul 21 09:23:38 kibr sm-mta[31431]: 06L6NSXb031429: to=<victori_72@ukr.net>, delay=00:00:05, xdelay=00:00:01, mailer=esmtp, pri=2427490, relay=mxs.ukr.net. [212.42.75.251], dsn=2.0.0, stat=Sent (OK id=1jxlgg-000HCa-D8)
Jul 21 09:23:44 kibr sm-mta[31432]: 06L6NcjN031432: from=<golub.luba@kibr.net>, size=17146, class=0, nrcpts=6, msgid=<007a01d65f26$8763d0f0$962b72d0$@kibr.net>, proto=ESMTP, daemon=MTA, relay=kibr4-4.kibr.net [192.168.0.44]
Jul 21 09:23:44 kibr sm-mta[31438]: STARTTLS=client, relay=aspmx.l.google.com., version=TLSv1.3, verify=FAIL, cipher=TLS_AES_256_GCM_SHA384, bits=256/256
Jul 21 09:23:45 kibr sm-mta[31438]: 06L6NcjN031432: to=<y.barabanova@s1.ua>,<s.danilyuk@s1.ua>,<o.marchenko@s1.ua>,<i.tarasova@s1.ua>,<a.rudiuk@s1.ua>, delay=00:00:02, xdelay=00:00:01, mailer=esmtp, pri=287146, relay=aspmx.l.google.com. [173.194.73.26], dsn=2.0.0, stat=Sent (OK  1595312625 k23si10182442lji.160 - gsmtp)
Jul 21 09:23:46 kibr sm-mta[31438]: STARTTLS=client, relay=mxs.ukr.net., version=TLSv1.3, verify=FAIL, cipher=TLS_AES_256_GCM_SHA384, bits=256/256
Jul 21 09:23:47 kibr sm-mta[31438]: 06L6NcjN031432: to=<victori_72@ukr.net>, delay=00:00:04, xdelay=00:00:02, mailer=esmtp, pri=287146, relay=mxs.ukr.net. [212.42.75.251], dsn=2.0.0, stat=Sent (OK id=1jxlgp-000Hph-EV)
Jul 21 09:32:39 kibr sm-mta[31493]: 06L6WdFf031493: rejecting commands from 178-73-215-171-static.glesys.net [178.73.215.171] due to pre-greeting traffic after 0 seconds
Jul 21 09:32:40 kibr sm-mta[31494]: 06L6WeB4031494: rejecting commands from 178-73-215-171-static.glesys.net [178.73.215.171] due to pre-greeting traffic after 0 seconds
Jul 21 09:32:43 kibr sm-mta[31495]: 06L6Wh4s031495: rejecting commands from 178-73-215-171-static.glesys.net [178.73.215.171] due to pre-greeting traffic after 0 seconds
Jul 21 09:32:47 kibr sm-mta[31497]: 06L6WlMY031497: rejecting commands from 178-73-215-171-static.glesys.net [178.73.215.171] due to pre-greeting traffic after 0 seconds
Jul 21 09:32:54 kibr sm-mta[31498]: 06L6Wsxh031498: rejecting commands from 178-73-215-171-static.glesys.net [178.73.215.171] due to pre-greeting traffic after 0 seconds
Jul 21 09:35:59 kibr sm-mta[31511]: 06L6Zns1031511: from=<golub.luba@kibr.net>, size=27441940, class=0, nrcpts=1, msgid=<008001d65f28$3aa01ab0$afe05010$@kibr.net>, proto=ESMTP, daemon=MTA, relay=kibr4-4.kibr.net [192.168.0.44]
Jul 21 09:36:00 kibr sm-mta[31513]: 06L6Zns1031511: to=tanja, delay=00:00:06, xdelay=00:00:01, mailer=local, pri=27472127, dsn=2.0.0, stat=Sent
Jul 21 09:42:12 kibr sm-mta[31554]: 06L6g6U6031554: from=<golub.luba@kibr.net>, size=4797789, class=0, nrcpts=2, msgid=<008701d65f29$1bd28e50$5377aaf0$@kibr.net>, proto=ESMTP, daemon=MTA, relay=kibr4-4.kibr.net [192.168.0.44]
Jul 21 09:42:13 kibr sm-mta[31561]: 06L6g6U6031554: to=tanya, delay=00:00:02, xdelay=00:00:00, mailer=local, pri=4857951, dsn=2.0.0, stat=Sent
Jul 21 09:42:13 kibr sm-mta[31561]: 06L6g6U6031554: to=tanja, delay=00:00:02, xdelay=00:00:00, mailer=local, pri=4857951, dsn=2.0.0, stat=Sent
Jul 21 09:43:20 kibr sm-mta[31568]: 06L6hCkH031568: from=<golub.luba@kibr.net>, size=19660322, class=0, nrcpts=2, msgid=<008d01d65f29$42b9f7b0$c82de710$@kibr.net>, proto=ESMTP, daemon=MTA, relay=kibr4-4.kibr.net [192.168.0.44]
Jul 21 09:43:20 kibr sm-mta[31568]: 06L6hCkI031568: from=<golub.luba@kibr.net>, size=161580, class=0, nrcpts=2, msgid=<009301d65f29$44cf1c10$ce6d5430$@kibr.net>, proto=ESMTP, daemon=MTA, relay=kibr4-4.kibr.net [192.168.0.44]
Jul 21 09:43:21 kibr sm-mta[31578]: 06L6hCkI031568: to=tanya, delay=00:00:01, xdelay=00:00:00, mailer=local, pri=221742, dsn=2.0.0, stat=Sent
Jul 21 09:43:21 kibr sm-mta[31578]: 06L6hCkI031568: to=tanja, delay=00:00:01, xdelay=00:00:00, mailer=local, pri=221742, dsn=2.0.0, stat=Sent
Jul 21 09:43:29 kibr sm-mta[31576]: 06L6hCkH031568: to=tanya, delay=00:00:12, xdelay=00:00:09, mailer=local, pri=19720484, dsn=2.0.0, stat=Sent
Jul 21 09:43:30 kibr sm-mta[31576]: 06L6hCkH031568: to=tanja, delay=00:00:13, xdelay=00:00:01, mailer=local, pri=19720484, dsn=2.0.0, stat=Sent
Jul 21 09:44:53 kibr sm-mta[31586]: 06L6ileG031586: from=<golub.luba@kibr.net>, size=251241, class=0, nrcpts=2, msgid=<009901d65f29$7b96da30$72c48e90$@kibr.net>, proto=ESMTP, daemon=MTA, relay=kibr4-4.kibr.net [192.168.0.44]
Jul 21 09:44:53 kibr sm-mta[31587]: 06L6ileG031586: to=tanya, delay=00:00:01, xdelay=00:00:00, mailer=local, pri=311403, dsn=2.0.0, stat=Sent
Jul 21 09:44:53 kibr sm-mta[31587]: 06L6ileG031586: to=tanja, delay=00:00:01, xdelay=00:00:00, mailer=local, pri=311403, dsn=2.0.0, stat=Sent
Jul 21 09:45:06 kibr sm-mta[31591]: 06L6iwvs031591: from=<golub.luba@kibr.net>, size=17408577, class=0, nrcpts=2, msgid=<009f01d65f29$82229290$8667b7b0$@kibr.net>, proto=ESMTP, daemon=MTA, relay=kibr4-4.kibr.net [192.168.0.44]
Jul 21 09:45:07 kibr sm-mta[31592]: 06L6iwvs031591: to=tanya, delay=00:00:04, xdelay=00:00:01, mailer=local, pri=17468739, dsn=2.0.0, stat=Sent
Jul 21 09:45:10 kibr sm-mta[31592]: 06L6iwvs031591: to=tanja, delay=00:00:07, xdelay=00:00:03, mailer=local, pri=17468739, dsn=2.0.0, stat=Sent
Jul 21 09:45:10 kibr sm-mta[31591]: 06L6iwvt031591: from=<golub.luba@kibr.net>, size=20982669, class=0, nrcpts=2, msgid=<00a501d65f29$84439dd0$8ccad970$@kibr.net>, proto=ESMTP, daemon=MTA, relay=kibr4-4.kibr.net [192.168.0.44]
Jul 21 09:45:11 kibr sm-mta[31595]: 06L6iwvt031591: to=tanya, delay=00:00:04, xdelay=00:00:01, mailer=local, pri=21042831, dsn=2.0.0, stat=Sent
Jul 21 09:45:12 kibr sm-mta[31595]: 06L6iwvt031591: to=tanja, delay=00:00:05, xdelay=00:00:01, mailer=local, pri=21042831, dsn=2.0.0, stat=Sent
Jul 21 09:47:36 kibr sm-mta[31651]: 06L6lVMv031651: from=<golub.luba@kibr.net>, size=115218, class=0, nrcpts=2, msgid=<00ab01d65f29$dd129a10$9737ce30$@kibr.net>, proto=ESMTP, daemon=MTA, relay=kibr4-4.kibr.net [192.168.0.44]
Jul 21 09:47:37 kibr sm-mta[31658]: 06L6lVMv031651: to=tanya, delay=00:00:01, xdelay=00:00:00, mailer=local, pri=175380, dsn=2.0.0, stat=Sent
Jul 21 09:47:37 kibr sm-mta[31658]: 06L6lVMv031651: to=tanja, delay=00:00:01, xdelay=00:00:00, mailer=local, pri=175380, dsn=2.0.0, stat=Sent
Jul 21 09:48:34 kibr sendmail[31683]: 06L6mXpo031683: from=root, size=164, class=0, nrcpts=1, msgid=<202007210648.06L6mXpo031683@mail.kibr.net>, relay=root@localhost
Jul 21 09:48:39 kibr sm-mta[31686]: 06L6mY62031686: from=<root@mail.kibr.net>, size=422, class=0, nrcpts=1, msgid=<202007210648.06L6mXpo031683@mail.kibr.net>, proto=ESMTP, daemon=MTA, relay=localhost [127.0.0.1]
Jul 21 09:48:39 kibr sendmail[31683]: 06L6mXpo031683: to=root, ctladdr=root (0/0), delay=00:00:06, xdelay=00:00:05, mailer=relay, pri=30164, relay=[127.0.0.1] [127.0.0.1], dsn=2.0.0, stat=Sent (06L6mY62031686 Message accepted for delivery)
Jul 21 09:48:39 kibr sm-mta[31687]: 06L6mY62031686: to=<root@mail.kibr.net>, ctladdr=<root@mail.kibr.net> (0/0), delay=00:00:00, xdelay=00:00:00, mailer=local, pri=30607, dsn=2.0.0, stat=Sent
Jul 21 09:56:10 kibr sm-mta[31737]: 06L6u5U7031737: from=<Usatenko.Tatjana@kibr.net>, size=113460, class=0, nrcpts=1, msgid=<3d9f0e94-a20b-2abe-f499-4a17a4f9b84b@kibr.net>, bodytype=8BITMIME, proto=ESMTP, daemon=MTA, relay=kibr4-8.kibr.net [192.168.0.48]
Jul 21 09:56:10 kibr sm-mta[31738]: 06L6u5U7031737: to=tanya, delay=00:00:00, xdelay=00:00:00, mailer=local, pri=143649, dsn=2.0.0, stat=Sent
Jul 21 10:08:03 kibr sm-mta[31813]: 06L77wLa031813: from=<golub.luba@kibr.net>, size=183983, class=0, nrcpts=1, msgid=<00b101d65f2c$b87ae5b0$2970b110$@kibr.net>, proto=ESMTP, daemon=MTA, relay=kibr4-4.kibr.net [192.168.0.44]
Jul 21 10:08:04 kibr sm-mta[31815]: STARTTLS=client, relay=gmail-smtp-in.l.google.com., version=TLSv1.3, verify=FAIL, cipher=TLS_AES_256_GCM_SHA384, bits=256/256
Jul 21 10:08:04 kibr sm-mta[31815]: 06L77wLa031813: to=<ufolog.80@gmail.com>, delay=00:00:01, xdelay=00:00:01, mailer=esmtp, pri=303983, relay=gmail-smtp-in.l.google.com. [64.233.165.27], dsn=2.0.0, stat=Sent (OK  1595315284 t3si9829017lfg.28 - gsmtp)
Jul 21 10:08:36 kibr sm-mta[31818]: 06L78UZF031818: from=<t.malyshevska@s1.ua>, size=371730, class=0, nrcpts=1, msgid=<CAMauyjLj4gQUQUfvrZ3gjLHkMeB+dak2mumzaq1-Fk-_F8hizg@mail.gmail.com>, proto=ESMTP, daemon=MTA, relay=mail-ed1-f43.google.com [209.85.208.43]
Jul 21 10:08:36 kibr sm-mta[31820]: 06L78UZF031818: to=luba, delay=00:00:01, xdelay=00:00:00, mailer=local, pri=401940, dsn=2.0.0, stat=Sent
Jul 21 10:26:41 kibr sm-mta[31932]: 06L7QdQB031932: ip-113-114.4vendeta.com [78.128.113.114] (may be forged) did not issue MAIL/EXPN/VRFY/ETRN during connection to MTA
Jul 21 10:36:00 kibr sm-mta[31989]: 06L7ZuBj031989: ip-113-114.4vendeta.com [78.128.113.114] (may be forged) did not issue MAIL/EXPN/VRFY/ETRN during connection to MTA
Jul 21 10:41:43 kibr sm-mta[32022]: 06L7fbol032022: from=<golub.luba@kibr.net>, size=188760, class=0, nrcpts=6, msgid=<00b801d65f31$6c6ce380$4546aa80$@kibr.net>, proto=ESMTP, daemon=MTA, relay=kibr4-4.kibr.net [192.168.0.44]
Jul 21 10:41:43 kibr sm-mta[32024]: STARTTLS=client, relay=gmail-smtp-in.l.google.com., version=TLSv1.3, verify=FAIL, cipher=TLS_AES_256_GCM_SHA384, bits=256/256
Jul 21 10:41:44 kibr sm-mta[32024]: 06L7fbol032022: to=<orangkiev@gmail.com>, delay=00:00:01, xdelay=00:00:01, mailer=esmtp, pri=458760, relay=gmail-smtp-in.l.google.com. [64.233.165.27], dsn=2.0.0, stat=Sent (OK  1595317304 y15si10062722ljh.492 - gsmtp)
Jul 21 10:41:45 kibr sm-mta[32024]: STARTTLS=client, relay=aspmx.l.google.com., version=TLSv1.3, verify=FAIL, cipher=TLS_AES_256_GCM_SHA384, bits=256/256
Jul 21 10:41:46 kibr sm-mta[32024]: 06L7fbol032022: to=<t.malyshevska@s1.ua>,<s.fitel@s1.ua>,<s.danilyuk@s1.ua>,<a.bahmach@s1.ua>, delay=00:00:03, xdelay=00:00:02, mailer=esmtp, pri=458760, relay=aspmx.l.google.com. [173.194.222.26], dsn=2.0.0, stat=Sent (OK  1595317306 f3si10714018ljj.483 - gsmtp)
Jul 21 10:41:46 kibr sm-mta[32024]: STARTTLS=client, relay=mxs.ukr.net., version=TLSv1.3, verify=FAIL, cipher=TLS_AES_256_GCM_SHA384, bits=256/256
Jul 21 10:41:48 kibr sm-mta[32024]: 06L7fbol032022: to=<victori_72@ukr.net>, delay=00:00:05, xdelay=00:00:02, mailer=esmtp, pri=458760, relay=mxs.ukr.net. [212.42.75.251], dsn=2.0.0, stat=Sent (OK id=1jxmuJ-0008Q6-Gq)
Jul 21 10:45:56 kibr sm-mta[32049]: 06L7jowH032049: from=<golub.luba@kibr.net>, size=97683, class=0, nrcpts=3, msgid=<00be01d65f32$02f9d7e0$08ed87a0$@kibr.net>, proto=ESMTP, daemon=MTA, relay=kibr4-4.kibr.net [192.168.0.44]
Jul 21 10:45:56 kibr sm-mta[32054]: STARTTLS=client, relay=aspmx.l.google.com., version=TLSv1.3, verify=FAIL, cipher=TLS_AES_256_GCM_SHA384, bits=256/256
Jul 21 10:45:56 kibr sm-mta[32054]: 06L7jowH032049: to=<t.malyshevska@s1.ua>,<s.danilyuk@s1.ua>, delay=00:00:01, xdelay=00:00:00, mailer=esmtp, pri=277683, relay=aspmx.l.google.com. [173.194.222.26], dsn=2.0.0, stat=Sent (OK  1595317556 p7si9286068ljn.524 - gsmtp)
Jul 21 10:45:58 kibr sm-mta[32054]: STARTTLS=client, relay=mxs.ukr.net., version=TLSv1.3, verify=FAIL, cipher=TLS_AES_256_GCM_SHA384, bits=256/256
Jul 21 10:45:59 kibr sm-mta[32054]: 06L7jowH032049: to=<victori_72@ukr.net>, delay=00:00:04, xdelay=00:00:03, mailer=esmtp, pri=277683, relay=mxs.ukr.net. [212.42.75.251], dsn=2.0.0, stat=Sent (OK id=1jxmyM-00041C-TN)
Jul 21 10:48:01 kibr sm-mta[32108]: 06L7ltu3032108: from=<t.malyshevska@s1.ua>, size=94437, class=0, nrcpts=1, msgid=<CAMauyjJq26AUyKgEatTVY37e+gw=EO8ps0NW+dAY_sOqNmo8Rw@mail.gmail.com>, proto=ESMTP, daemon=MTA, relay=mail-ej1-f45.google.com [209.85.218.45]
Jul 21 10:48:02 kibr sm-mta[32110]: 06L7ltu3032108: to=luba, delay=00:00:01, xdelay=00:00:00, mailer=local, pri=124647, dsn=2.0.0, stat=Sent
Jul 21 10:48:45 kibr sendmail[32135]: 06L7mjBK032135: from=root, size=164, class=0, nrcpts=1, msgid=<202007210748.06L7mjBK032135@mail.kibr.net>, relay=root@localhost
Jul 21 10:48:50 kibr sm-mta[32137]: 06L7mjJv032137: from=<root@mail.kibr.net>, size=422, class=0, nrcpts=1, msgid=<202007210748.06L7mjBK032135@mail.kibr.net>, proto=ESMTP, daemon=MTA, relay=localhost [127.0.0.1]
Jul 21 10:48:50 kibr sendmail[32135]: 06L7mjBK032135: to=root, ctladdr=root (0/0), delay=00:00:05, xdelay=00:00:05, mailer=relay, pri=30164, relay=[127.0.0.1] [127.0.0.1], dsn=2.0.0, stat=Sent (06L7mjJv032137 Message accepted for delivery)
Jul 21 10:48:59 kibr sm-mta[32139]: 06L7mjJv032137: to=<root@mail.kibr.net>, ctladdr=<root@mail.kibr.net> (0/0), delay=00:00:09, xdelay=00:00:09, mailer=local, pri=30607, dsn=2.0.0, stat=Sent
Jul 21 10:53:07 kibr sm-mta[32166]: 06L7qnRY032166: from=<bounce-mc.us7_18195139.168718-0258eee8a7@mail58.atl261.mcdlv.net>, size=76648, class=0, nrcpts=1, msgid=<473cbd8586b809acf4bf00c83.0258eee8a7.20200721075222.4542b0368a.9173c61a@mail58.atl261.mcdlv.net>, proto=ESMTP, daemon=MTA, relay=mail58.atl261.mcdlv.net [198.2.142.58]
Jul 21 10:53:07 kibr sm-mta[32167]: 06L7qnRY032166: to=lena, delay=00:00:01, xdelay=00:00:00, mailer=local, pri=106850, dsn=2.0.0, stat=Sent
Jul 21 10:58:53 kibr sm-mta[32204]: 06L7wmvQ032204: from=<golub.luba@kibr.net>, size=910490, class=0, nrcpts=1, msgid=<00c701d65f33$d249efc0$76ddcf40$@kibr.net>, proto=ESMTP, daemon=MTA, relay=kibr4-4.kibr.net [192.168.0.44]
Jul 21 10:58:55 kibr sm-mta[32209]: 06L7wmvQ032204: to=tanja, delay=00:00:02, xdelay=00:00:02, mailer=local, pri=940679, dsn=2.0.0, stat=Sent
Jul 21 11:19:23 kibr sm-mta[32335]: 06L8JIwb032335: from=<golub.luba@kibr.net>, size=81374, class=0, nrcpts=4, msgid=<00cb01d65f36$afdb5cf0$0f9216d0$@kibr.net>, proto=ESMTP, daemon=MTA, relay=kibr4-4.kibr.net [192.168.0.44]
Jul 21 11:19:25 kibr sm-mta[32343]: STARTTLS=client, relay=aspmx.l.google.com., version=TLSv1.3, verify=FAIL, cipher=TLS_AES_256_GCM_SHA384, bits=256/256
Jul 21 11:19:25 kibr sm-mta[32343]: 06L8JIwb032335: to=<o.korol@kdd.ua>, delay=00:00:02, xdelay=00:00:01, mailer=esmtp, pri=291374, relay=aspmx.l.google.com. [173.194.73.26], dsn=4.3.0, stat=Deferred: 451-4.3.0 Multiple destination domains per transaction is unsupported.  Please
Jul 21 11:19:26 kibr sm-mta[32343]: 06L8JIwb032335: to=<t.malyshevska@s1.ua>,<m.kudriavtsev@s1.ua>,<a.hordiichuk@s1.ua>, delay=00:00:03, xdelay=00:00:02, mailer=esmtp, pri=291374, relay=aspmx.l.google.com. [173.194.73.26], dsn=2.0.0, stat=Sent (OK  1595319566 p17si10179997ljn.65 - gsmtp)
Jul 21 11:19:34 kibr sm-mta[32343]: STARTTLS=client, relay=mx.kdd.ua., version=TLSv1.2, verify=FAIL, cipher=ECDHE-RSA-AES256-GCM-SHA384, bits=256/256
Jul 21 11:19:34 kibr sm-mta[32343]: 06L8JIwb032335: to=<o.korol@kdd.ua>, delay=00:00:11, xdelay=00:00:10, mailer=esmtp, pri=291374, relay=mx.kdd.ua. [195.201.212.224], dsn=2.0.0, stat=Sent (Ok: queued as 5A77084EA4EAC)
Jul 21 11:25:12 kibr sm-mta[32365]: 06L8P77t032365: from=<t.malyshevska@s1.ua>, size=11727, class=0, nrcpts=1, msgid=<CAMauyjLYDQy2G2-NusCAhKMdSv8+=MSv=EZmuPycpzYdAFy-=w@mail.gmail.com>, proto=ESMTP, daemon=MTA, relay=mail-ej1-f42.google.com [209.85.218.42]
Jul 21 11:25:13 kibr sm-mta[32366]: 06L8P77t032365: to=luba, delay=00:00:01, xdelay=00:00:01, mailer=local, pri=41943, dsn=2.0.0, stat=Sent
Jul 21 11:28:52 kibr sm-mta[32392]: 06L8Slus032392: from=<golub.luba@kibr.net>, size=828694, class=0, nrcpts=1, msgid=<00d101d65f38$02c599c0$0850cd40$@kibr.net>, proto=ESMTP, daemon=MTA, relay=kibr4-4.kibr.net [192.168.0.44]
Jul 21 11:28:53 kibr sm-mta[32393]: 06L8Slus032392: to=tanja, delay=00:00:01, xdelay=00:00:01, mailer=local, pri=858881, dsn=2.0.0, stat=Sent
Jul 21 11:31:54 kibr sm-mta[32420]: 06L8VmtS032420: from=<y.barabanova@s1.ua>, size=84903, class=0, nrcpts=1, msgid=<CAOjunKf-Ax+BLGzcBYcW5F4+F1kwzWxkvwAX8rYfbxs+5U1PHw@mail.gmail.com>, proto=ESMTP, daemon=MTA, relay=mail-qt1-f177.google.com [209.85.160.177]
Jul 21 11:31:54 kibr sm-mta[32422]: 06L8VmtS032420: to=luba, delay=00:00:00, xdelay=00:00:00, mailer=local, pri=115132, dsn=2.0.0, stat=Sent
Jul 21 11:37:55 kibr sm-mta[32467]: 06L8bs2N032467: ip-113-114.4vendeta.com [78.128.113.114] (may be forged) did not issue MAIL/EXPN/VRFY/ETRN during connection to MTA
Jul 21 11:43:55 kibr sm-mta[32519]: 06L8hpoX032519: ip-113-114.4vendeta.com [78.128.113.114] (may be forged) did not issue MAIL/EXPN/VRFY/ETRN during connection to MTA
Jul 21 11:44:41 kibr sm-mta[32522]: 06L8iaT6032522: from=<golub.luba@kibr.net>, size=88066, class=0, nrcpts=2, msgid=<00db01d65f3a$385dedb0$a919c910$@kibr.net>, proto=ESMTP, daemon=MTA, relay=kibr4-4.kibr.net [192.168.0.44]
Jul 21 11:44:41 kibr sm-mta[32526]: 06L8iaT6032522: to=tanya, delay=00:00:00, xdelay=00:00:00, mailer=local, pri=148228, dsn=2.0.0, stat=Sent
Jul 21 11:44:41 kibr sm-mta[32526]: 06L8iaT6032522: to=tanja, delay=00:00:00, xdelay=00:00:00, mailer=local, pri=148228, dsn=2.0.0, stat=Sent
Jul 21 11:46:23 kibr sm-mta[32545]: 06L8kAXc032545: from=<postman221788@emluni.com>, size=117579, class=0, nrcpts=1, msgid=<E1jxnuc-BeOCsY-MJ@ucs202-ucs-4.msgpanel.com>, bodytype=8BITMIME, proto=ESMTP, daemon=MTA, relay=smtp503.emlone.com [84.237.210.189]
Jul 21 11:46:24 kibr sm-mta[32550]: 06L8kAXc032545: to=natasha, delay=00:00:01, xdelay=00:00:01, mailer=local, pri=147785, dsn=2.0.0, stat=Sent
Jul 21 11:48:33 kibr sendmail[32627]: 06L8mXW5032627: from=root, size=164, class=0, nrcpts=1, msgid=<202007210848.06L8mXW5032627@mail.kibr.net>, relay=root@localhost
Jul 21 11:48:38 kibr sm-mta[32629]: 06L8mXq6032629: from=<root@mail.kibr.net>, size=422, class=0, nrcpts=1, msgid=<202007210848.06L8mXW5032627@mail.kibr.net>, proto=ESMTP, daemon=MTA, relay=localhost [127.0.0.1]
Jul 21 11:48:39 kibr sendmail[32627]: 06L8mXW5032627: to=root, ctladdr=root (0/0), delay=00:00:06, xdelay=00:00:06, mailer=relay, pri=30164, relay=[127.0.0.1] [127.0.0.1], dsn=2.0.0, stat=Sent (06L8mXq6032629 Message accepted for delivery)
Jul 21 11:48:39 kibr sm-mta[32630]: 06L8mXq6032629: to=<root@mail.kibr.net>, ctladdr=<root@mail.kibr.net> (0/0), delay=00:00:01, xdelay=00:00:00, mailer=local, pri=30607, dsn=2.0.0, stat=Sent
Jul 21 12:02:05 kibr sm-mta[32707]: 06L920eA032707: from=<golub.luba@kibr.net>, size=7571, class=0, nrcpts=6, msgid=<00e101d65f3c$a6ef5eb0$f4ce1c10$@kibr.net>, proto=ESMTP, daemon=MTA, relay=kibr4-4.kibr.net [192.168.0.44]
Jul 21 12:02:06 kibr sm-mta[32712]: STARTTLS=client, relay=aspmx.l.google.com., version=TLSv1.3, verify=FAIL, cipher=TLS_AES_256_GCM_SHA384, bits=256/256
Jul 21 12:02:07 kibr sm-mta[32712]: 06L920eA032707: to=<y.barabanova@s1.ua>,<s.danilyuk@s1.ua>,<o.marchenko@s1.ua>,<i.tarasova@s1.ua>,<a.rudiuk@s1.ua>, delay=00:00:02, xdelay=00:00:01, mailer=esmtp, pri=277571, relay=aspmx.l.google.com. [64.233.165.26], dsn=2.0.0, stat=Sent (OK  1595322127 r22si9584086ljn.426 - gsmtp)
Jul 21 12:02:08 kibr sm-mta[32712]: STARTTLS=client, relay=mxs.ukr.net., version=TLSv1.3, verify=FAIL, cipher=TLS_AES_256_GCM_SHA384, bits=256/256
Jul 21 12:02:09 kibr sm-mta[32712]: 06L920eA032707: to=<victori_72@ukr.net>, delay=00:00:04, xdelay=00:00:02, mailer=esmtp, pri=277571, relay=mxs.ukr.net. [212.42.75.251], dsn=2.0.0, stat=Sent (OK id=1jxoA4-00085Q-Ui)
Jul 21 12:03:35 kibr sm-mta[32724]: 06L93NcW032724: from=<bcp@bsr.gov.ua>, size=31228, class=0, nrcpts=1, msgid=<838978d7-3cda-4409-910b-90dff4259c38@kibr.net>, proto=ESMTP, daemon=MTA, relay=mx-out-17.default-host.net [185.234.176.17]
Jul 21 12:03:36 kibr sm-mta[32725]: 06L93NcW032724: to=tanja, delay=00:00:01, xdelay=00:00:00, mailer=local, pri=61447, dsn=2.0.0, stat=Sent
Jul 21 12:05:54 kibr sm-mta[32746]: 06L95k0X032746: from=<Usatenko.Tatjana@kibr.net>, size=831839, class=0, nrcpts=1, msgid=<21a69202-8b75-280e-3ab2-0434fc76028b@kibr.net>, bodytype=8BITMIME, proto=ESMTP, daemon=MTA, relay=kibr4-8.kibr.net [192.168.0.48]
Jul 21 12:05:55 kibr sm-mta[32753]: STARTTLS=client, relay=mxs.ukr.net., version=TLSv1.3, verify=FAIL, cipher=TLS_AES_256_GCM_SHA384, bits=256/256
Jul 21 12:05:58 kibr sm-mta[32753]: 06L95k0X032746: to=<zsvet@ukr.net>, delay=00:00:07, xdelay=00:00:03, mailer=esmtp, pri=951839, relay=mxs.ukr.net. [212.42.75.251], dsn=2.0.0, stat=Sent (OK id=1jxoDk-000Hsv-SA)
Jul 21 12:14:18 kibr sm-mta[329]: 06L9Dxdr000329: from=<bounce+3-golub.luba=kibr.net@mail.zakononline.com.ua>, size=40468, class=-60, nrcpts=1, msgid=<c68d946d-2518-4e1b-8ab5-be7c1f074178@ms4-56f5b95545-qvs6r>, bodytype=7BIT, proto=ESMTP, daemon=MTA, relay=m51.esputnik.com [52.51.148.33]
Jul 21 12:14:18 kibr sm-mta[332]: 06L9Dxdr000329: to=luba, delay=00:00:00, xdelay=00:00:00, mailer=local, pri=178653, dsn=2.0.0, stat=Sent
Jul 21 12:16:07 kibr sm-mta[349]: 06L9G1WX000349: from=<Usatenko.Tatjana@kibr.net>, size=994704, class=0, nrcpts=5, msgid=<b0b02c07-e946-5d7e-7dfa-9a9d124ba14f@kibr.net>, bodytype=8BITMIME, proto=ESMTP, daemon=MTA, relay=kibr4-8.kibr.net [192.168.0.48]
Jul 21 12:16:07 kibr sm-mta[353]: STARTTLS=client, relay=aspmx.l.google.com., version=TLSv1.3, verify=FAIL, cipher=TLS_AES_256_GCM_SHA384, bits=256/256
Jul 21 12:16:09 kibr sm-mta[353]: 06L9G1WX000349: to=<a.bosova@s1.ua>,<a.hordiichuk@s1.ua>,<v.pavlushyn@s1.ua>,<m.kudriavtsev@s1.ua>, delay=00:00:03, xdelay=00:00:02, mailer=esmtp, pri=1234704, relay=aspmx.l.google.com. [64.233.161.27], dsn=2.0.0, stat=Sent (OK  1595322969 a8si544954lff.125 - gsmtp)
Jul 21 12:16:09 kibr sm-mta[353]: STARTTLS=client, relay=mxs.ukr.net., version=TLSv1.3, verify=FAIL, cipher=TLS_AES_256_GCM_SHA384, bits=256/256
Jul 21 12:16:12 kibr sm-mta[353]: 06L9G1WX000349: to=<victori_72@ukr.net>, delay=00:00:06, xdelay=00:00:03, mailer=esmtp, pri=1234704, relay=mxs.ukr.net. [212.42.75.251], dsn=2.0.0, stat=Sent (OK id=1jxoNe-000N7J-A1)
Jul 21 12:25:18 kibr sm-mta[448]: 06L9PEUd000448: ip-113-114.4vendeta.com [78.128.113.114] (may be forged) did not issue MAIL/EXPN/VRFY/ETRN during connection to MTA
Jul 21 12:45:28 kibr sm-mta[616]: 06L9jPC2000616: ip-113-114.4vendeta.com [78.128.113.114] (may be forged) did not issue MAIL/EXPN/VRFY/ETRN during connection to MTA
Jul 21 12:48:45 kibr sendmail[701]: 06L9mjf4000701: from=root, size=164, class=0, nrcpts=1, msgid=<202007210948.06L9mjf4000701@mail.kibr.net>, relay=root@localhost
Jul 21 12:48:50 kibr sm-mta[703]: 06L9mjwf000703: from=<root@mail.kibr.net>, size=422, class=0, nrcpts=1, msgid=<202007210948.06L9mjf4000701@mail.kibr.net>, proto=ESMTP, daemon=MTA, relay=localhost [127.0.0.1]
Jul 21 12:48:50 kibr sendmail[701]: 06L9mjf4000701: to=root, ctladdr=root (0/0), delay=00:00:05, xdelay=00:00:05, mailer=relay, pri=30164, relay=[127.0.0.1] [127.0.0.1], dsn=2.0.0, stat=Sent (06L9mjwf000703 Message accepted for delivery)
Jul 21 12:48:51 kibr sm-mta[704]: 06L9mjwf000703: to=<root@mail.kibr.net>, ctladdr=<root@mail.kibr.net> (0/0), delay=00:00:01, xdelay=00:00:00, mailer=local, pri=30607, dsn=2.0.0, stat=Sent
Jul 21 13:12:35 kibr sm-mta[845]: 06LACTSX000845: from=<golub.luba@kibr.net>, size=19689, class=0, nrcpts=6, msgid=<00e901d65f46$7fc3dbe0$7f4b93a0$@kibr.net>, proto=ESMTP, daemon=MTA, relay=kibr4-4.kibr.net [192.168.0.44]
Jul 21 13:12:35 kibr sm-mta[847]: STARTTLS=client, relay=aspmx.l.google.com., version=TLSv1.3, verify=FAIL, cipher=TLS_AES_256_GCM_SHA384, bits=256/256
Jul 21 13:12:36 kibr sm-mta[847]: 06LACTSX000845: to=<y.barabanova@s1.ua>,<s.danilyuk@s1.ua>,<o.marchenko@s1.ua>,<i.tarasova@s1.ua>,<a.rudiuk@s1.ua>, delay=00:00:02, xdelay=00:00:01, mailer=esmtp, pri=289689, relay=aspmx.l.google.com. [64.233.165.27], dsn=2.0.0, stat=Sent (OK  1595326356 d17si10780743ljj.30 - gsmtp)
Jul 21 13:12:37 kibr sm-mta[847]: STARTTLS=client, relay=mxs.ukr.net., version=TLSv1.3, verify=FAIL, cipher=TLS_AES_256_GCM_SHA384, bits=256/256
Jul 21 13:12:38 kibr sm-mta[847]: 06LACTSX000845: to=<victori_72@ukr.net>, delay=00:00:04, xdelay=00:00:02, mailer=esmtp, pri=289689, relay=mxs.ukr.net. [212.42.75.251], dsn=2.0.0, stat=Sent (OK id=1jxpGH-000I5x-Ug)
Jul 21 13:17:18 kibr sm-mta[877]: 06LAH1Yx000877: from=<ks_accent@ukr.net>, size=408622, class=0, nrcpts=1, msgid=<212301d65f47$bb2f3c00$318db400$@ukr.net>, proto=ESMTP, daemon=MTA, relay=frv157.fwdcdn.com [212.42.77.157]
Jul 21 13:17:20 kibr sm-mta[879]: 06LAH1Yx000877: to=tanja, delay=00:00:03, xdelay=00:00:02, mailer=local, pri=438823, dsn=2.0.0, stat=Sent
Jul 21 13:20:10 kibr sm-mta[901]: 06LAK54i000901: ip-113-114.4vendeta.com [78.128.113.114] (may be forged) did not issue MAIL/EXPN/VRFY/ETRN during connection to MTA
Jul 21 13:43:42 kibr sm-mta[1043]: 06LAhaiX001043: from=<golub.luba@kibr.net>, size=184649, class=0, nrcpts=5, msgid=<00ee01d65f4a$d896fa00$89c4ee00$@kibr.net>, proto=ESMTP, daemon=MTA, relay=kibr4-4.kibr.net [192.168.0.44]
Jul 21 13:43:42 kibr sm-mta[1045]: STARTTLS=client, relay=aspmx.l.google.com., version=TLSv1.3, verify=FAIL, cipher=TLS_AES_256_GCM_SHA384, bits=256/256
Jul 21 13:43:44 kibr sm-mta[1045]: 06LAhaiX001043: to=<v.pavlushyn@s1.ua>,<s.fitel@s1.ua>,<s.danilyuk@s1.ua>,<a.bahmach@s1.ua>, delay=00:00:03, xdelay=00:00:02, mailer=esmtp, pri=424649, relay=aspmx.l.google.com. [74.125.205.26], dsn=2.0.0, stat=Sent (OK  1595328224 q9si9403068ljb.3 - gsmtp)
Jul 21 13:43:45 kibr sm-mta[1045]: STARTTLS=client, relay=mxs.ukr.net., version=TLSv1.3, verify=FAIL, cipher=TLS_AES_256_GCM_SHA384, bits=256/256
Jul 21 13:43:46 kibr sm-mta[1045]: 06LAhaiX001043: to=<victori_72@ukr.net>, delay=00:00:05, xdelay=00:00:02, mailer=esmtp, pri=424649, relay=mxs.ukr.net. [212.42.75.251], dsn=2.0.0, stat=Sent (OK id=1jxpkQ-000D9e-Cu)
Jul 21 13:43:53 kibr sm-mta[1046]: 06LAhlgS001046: from=<golub.luba@kibr.net>, size=104588, class=0, nrcpts=3, msgid=<00f301d65f4a$df337b40$9d9a71c0$@kibr.net>, proto=ESMTP, daemon=MTA, relay=kibr4-4.kibr.net [192.168.0.44]
Jul 21 13:43:53 kibr sm-mta[1049]: STARTTLS=client, relay=aspmx.l.google.com., version=TLSv1.3, verify=FAIL, cipher=TLS_AES_256_GCM_SHA384, bits=256/256
Jul 21 13:43:54 kibr sm-mta[1046]: 06LAhlgT001046: from=<golub.luba@kibr.net>, size=10970, class=0, nrcpts=5, msgid=<00f901d65f4a$dfe08420$9fa18c60$@kibr.net>, proto=ESMTP, daemon=MTA, relay=kibr4-4.kibr.net [192.168.0.44]
Jul 21 13:43:54 kibr sm-mta[1051]: STARTTLS=client, relay=aspmx.l.google.com., version=TLSv1.3, verify=FAIL, cipher=TLS_AES_256_GCM_SHA384, bits=256/256
Jul 21 13:43:54 kibr sm-mta[1049]: 06LAhlgS001046: to=<t.malyshevska@s1.ua>,<s.danilyuk@s1.ua>, delay=00:00:02, xdelay=00:00:01, mailer=esmtp, pri=284588, relay=aspmx.l.google.com. [74.125.205.26], dsn=2.0.0, stat=Sent (OK  1595328234 c6si9290660ljd.489 - gsmtp)
Jul 21 13:43:54 kibr sm-mta[1049]: STARTTLS=client, relay=mxs.ukr.net., version=TLSv1.3, verify=FAIL, cipher=TLS_AES_256_GCM_SHA384, bits=256/256
Jul 21 13:43:55 kibr sm-mta[1051]: 06LAhlgT001046: to=<y.barabanova@s1.ua>,<s.danilyuk@s1.ua>,<i.tarasova@s1.ua>,<a.rudiuk@s1.ua>, delay=00:00:01, xdelay=00:00:01, mailer=esmtp, pri=250970, relay=aspmx.l.google.com. [74.125.205.26], dsn=2.0.0, stat=Sent (OK  1595328235 q18si10178845lfo.118 - gsmtp)
Jul 21 13:43:56 kibr sm-mta[1051]: STARTTLS=client, relay=mxs.ukr.net., version=TLSv1.3, verify=FAIL, cipher=TLS_AES_256_GCM_SHA384, bits=256/256
Jul 21 13:43:56 kibr sm-mta[1049]: 06LAhlgS001046: to=<victori_72@ukr.net>, delay=00:00:04, xdelay=00:00:02, mailer=esmtp, pri=284588, relay=mxs.ukr.net. [212.42.75.251], dsn=2.0.0, stat=Sent (OK id=1jxpkZ-000OhH-KN)
Jul 21 13:43:56 kibr sm-mta[1051]: 06LAhlgT001046: to=<victori_72@ukr.net>, delay=00:00:02, xdelay=00:00:01, mailer=esmtp, pri=250970, relay=mxs.ukr.net. [212.42.75.251], dsn=2.0.0, stat=Sent (OK id=1jxpka-000E1V-Qo)
Jul 21 13:48:47 kibr sendmail[1169]: 06LAmkEx001169: from=root, size=164, class=0, nrcpts=1, msgid=<202007211048.06LAmkEx001169@mail.kibr.net>, relay=root@localhost
Jul 21 13:48:52 kibr sm-mta[1171]: 06LAmlPp001171: from=<root@mail.kibr.net>, size=422, class=0, nrcpts=1, msgid=<202007211048.06LAmkEx001169@mail.kibr.net>, proto=ESMTP, daemon=MTA, relay=localhost [127.0.0.1]
Jul 21 13:48:52 kibr sendmail[1169]: 06LAmkEx001169: to=root, ctladdr=root (0/0), delay=00:00:05, xdelay=00:00:05, mailer=relay, pri=30164, relay=[127.0.0.1] [127.0.0.1], dsn=2.0.0, stat=Sent (06LAmlPp001171 Message accepted for delivery)
Jul 21 13:48:53 kibr sm-mta[1172]: 06LAmlPp001171: to=<root@mail.kibr.net>, ctladdr=<root@mail.kibr.net> (0/0), delay=00:00:01, xdelay=00:00:00, mailer=local, pri=30607, dsn=2.0.0, stat=Sent
Jul 21 13:53:36 kibr sm-mta[1199]: 06LArUub001199: ruleset=check_rcpt, arg1=<spameri@tiscali.it>, relay=[156.96.56.108], reject=450 4.4.0 <spameri@tiscali.it>... Relaying temporarily denied. Cannot resolve PTR record for 156.96.56.108
Jul 21 13:53:36 kibr sm-mta[1199]: 06LArUub001199: from=<spameri@tiscali.it>, size=0, class=0, nrcpts=0, proto=ESMTP, daemon=MTA, relay=[156.96.56.108]
Jul 21 13:58:55 kibr sm-mta[1239]: 06LAwn2U001239: scan-42.security.ipip.net [139.162.99.243] did not issue MAIL/EXPN/VRFY/ETRN during connection to MTA
Jul 21 13:59:07 kibr sm-mta[1238]: 06LAwksD001238: scan-42.security.ipip.net [139.162.99.243] did not issue MAIL/EXPN/VRFY/ETRN during connection to MTA
Jul 21 14:07:47 kibr sm-mta[1300]: 06LB7fsr001300: from=<a.bosova@s1.ua>, size=24450, class=0, nrcpts=1, msgid=<CACTOr+RVpqP-RyDgd8EV9yT_775d7A88L-V+mJ_stZUuAyFEtQ@mail.gmail.com>, proto=ESMTP, daemon=MTA, relay=mail-oi1-f175.google.com [209.85.167.175]
Jul 21 14:07:48 kibr sm-mta[1301]: 06LB7fsr001300: to=tanja, delay=00:00:01, xdelay=00:00:01, mailer=local, pri=54683, dsn=2.0.0, stat=Sent
Jul 21 14:14:46 kibr sm-mta[1331]: 06LBEdoH001331: from=<golub.luba@kibr.net>, size=11334, class=0, nrcpts=7, msgid=<000001d65f4f$2ed192f0$8c74b8d0$@kibr.net>, proto=ESMTP, daemon=MTA, relay=kibr4-4.kibr.net [192.168.0.44]
Jul 21 14:14:51 kibr sm-mta[1337]: STARTTLS=client, relay=aspmx.l.google.com., version=TLSv1.3, verify=FAIL, cipher=TLS_AES_256_GCM_SHA384, bits=256/256
Jul 21 14:14:53 kibr sm-mta[1337]: 06LBEdoH001331: to=<y.barabanova@s1.ua>,<s.fitel@s1.ua>,<s.danilyuk@s1.ua>,<o.marchenko@s1.ua>,<i.tarasova@s1.ua>,<a.rudiuk@s1.ua>, delay=00:00:09, xdelay=00:00:03, mailer=esmtp, pri=311334, relay=aspmx.l.google.com. [173.194.73.26], dsn=2.0.0, stat=Sent (OK  1595330093 c5si12146613ljk.6 - gsmtp)
Jul 21 14:14:53 kibr sm-mta[1337]: STARTTLS=client, relay=mxs.ukr.net., version=TLSv1.3, verify=FAIL, cipher=TLS_AES_256_GCM_SHA384, bits=256/256
Jul 21 14:14:54 kibr sm-mta[1337]: 06LBEdoH001331: to=<victori_72@ukr.net>, delay=00:00:10, xdelay=00:00:01, mailer=esmtp, pri=311334, relay=mxs.ukr.net. [212.42.75.251], dsn=2.0.0, stat=Sent (OK id=1jxqEY-000AKf-I5)
Jul 21 14:19:43 kibr sm-mta[1382]: 06LBJhMR001382: rejecting commands from ns3156319.ip-51-91-212.eu [51.91.212.81] due to pre-greeting traffic after 0 seconds
Jul 21 14:22:20 kibr sm-mta[1394]: 06LBMF8K001394: from=<alexnikit72@gmail.com>, size=25720, class=0, nrcpts=1, msgid=<CA+0jip88oiPg0AL70a_-568V6G1tnVNv06CVGH2y+-RM37AgiQ@mail.gmail.com>, proto=ESMTP, daemon=MTA, relay=mail-lj1-f180.google.com [209.85.208.180]
Jul 21 14:22:20 kibr sm-mta[1397]: 06LBMF8K001394: to=tanja, delay=00:00:00, xdelay=00:00:00, mailer=local, pri=55934, dsn=2.0.0, stat=Sent
Jul 21 14:22:21 kibr sm-mta[1395]: 06LBMGXZ001395: from=<alexnikit72@gmail.com>, size=65653, class=0, nrcpts=1, msgid=<CA+0jip91R8iPYqOnnMMJDwjyuEo4uiywzsz31ymUN9CLpun8vA@mail.gmail.com>, proto=ESMTP, daemon=MTA, relay=mail-lj1-f178.google.com [209.85.208.178]
Jul 21 14:22:21 kibr sm-mta[1400]: 06LBMGXZ001395: to=tanja, delay=00:00:00, xdelay=00:00:00, mailer=local, pri=95867, dsn=2.0.0, stat=Sent
Jul 21 14:22:22 kibr sm-mta[1396]: 06LBMI6v001396: ip-113-114.4vendeta.com [78.128.113.114] (may be forged) did not issue MAIL/EXPN/VRFY/ETRN during connection to MTA
Jul 21 14:33:25 kibr sm-mta[1466]: 06LBXJGF001466: from=<t.malyshevska@s1.ua>, size=103591, class=0, nrcpts=1, msgid=<CAMauyj+58hBSN205z5UnwV2h+F5db=LOyP5iD_=dC9=hMW9TMQ@mail.gmail.com>, proto=ESMTP, daemon=MTA, relay=mail-ed1-f45.google.com [209.85.208.45]
Jul 21 14:33:25 kibr sm-mta[1467]: 06LBXJGF001466: to=luba, delay=00:00:01, xdelay=00:00:00, mailer=local, pri=133801, dsn=2.0.0, stat=Sent
Jul 21 14:34:54 kibr sm-mta[1478]: 06LBYnGL001478: from=<Kadilnikova.Natalja@kibr.net>, size=3623955, class=0, nrcpts=1, msgid=<15ba2c2f-424c-0e74-4214-a0735feb3e4e@kibr.net>, bodytype=8BITMIME, proto=ESMTP, daemon=MTA, relay=kibr4-7.kibr.net [192.168.0.47]
Jul 21 14:34:55 kibr sm-mta[1480]: STARTTLS=client, relay=mxs.ukr.net., version=TLSv1.3, verify=FAIL, cipher=TLS_AES_256_GCM_SHA384, bits=256/256
Jul 21 14:34:58 kibr sm-mta[1480]: 06LBYnGL001478: to=<victori_72@ukr.net>, delay=00:00:04, xdelay=00:00:03, mailer=esmtp, pri=3743955, relay=mxs.ukr.net. [212.42.75.251], dsn=2.0.0, stat=Sent (OK id=1jxqXw-000JKP-6Z)
Jul 21 14:36:30 kibr sm-mta[1496]: 06LBaQ2P001496: ip-113-114.4vendeta.com [78.128.113.114] (may be forged) did not issue MAIL/EXPN/VRFY/ETRN during connection to MTA
Jul 21 14:42:15 kibr sm-mta[1530]: 06LBgA4U001530: from=<t.malyshevska@s1.ua>, size=110242, class=0, nrcpts=1, msgid=<CAMauyjL7Of-iw+PDVoXXpHLZfY_pr30AsZ05a=msZ-c-=CTfyA@mail.gmail.com>, proto=ESMTP, daemon=MTA, relay=mail-ej1-f47.google.com [209.85.218.47]
Jul 21 14:42:15 kibr sm-mta[1531]: 06LBgA4U001530: to=luba, delay=00:00:00, xdelay=00:00:00, mailer=local, pri=140452, dsn=2.0.0, stat=Sent
Jul 21 14:46:56 kibr sm-mta[1561]: 06LBkZ6s001561: from=<victori_72@ukr.net>, size=96715, class=0, nrcpts=1, msgid=<1595331872.797016000.vxlbh2ns@frv50.fwdcdn.com>, proto=ESMTP, daemon=MTA, relay=frv190.fwdcdn.com [212.42.77.190]
Jul 21 14:46:56 kibr sm-mta[1564]: 06LBkZ6s001561: to=luba, delay=00:00:01, xdelay=00:00:00, mailer=local, pri=126915, dsn=2.0.0, stat=Sent
Jul 21 14:47:38 kibr sm-mta[1612]: 06LBlWVV001612: from=<Kadilnikova.Natalja@kibr.net>, size=2876977, class=0, nrcpts=1, msgid=<b04f2511-b3bd-bec9-ebc5-4bf0ce3c9dc6@kibr.net>, bodytype=8BITMIME, proto=ESMTP, daemon=MTA, relay=kibr4-7.kibr.net [192.168.0.47]
Jul 21 14:47:39 kibr sm-mta[1614]: STARTTLS=client, relay=mxs.ukr.net., version=TLSv1.3, verify=FAIL, cipher=TLS_AES_256_GCM_SHA384, bits=256/256
Jul 21 14:47:40 kibr sm-mta[1614]: 06LBlWVV001612: to=<wladimirovna2006@ukr.net>, delay=00:00:03, xdelay=00:00:02, mailer=esmtp, pri=2996977, relay=mxs.ukr.net. [212.42.75.251], dsn=2.0.0, stat=Sent (OK id=1jxqkF-0006nJ-TS)
Jul 21 14:48:43 kibr sendmail[1640]: 06LBmhe1001640: from=root, size=164, class=0, nrcpts=1, msgid=<202007211148.06LBmhe1001640@mail.kibr.net>, relay=root@localhost
Jul 21 14:48:49 kibr sm-mta[1642]: 06LBmhc8001642: from=<root@mail.kibr.net>, size=422, class=0, nrcpts=1, msgid=<202007211148.06LBmhe1001640@mail.kibr.net>, proto=ESMTP, daemon=MTA, relay=localhost [127.0.0.1]
Jul 21 14:48:49 kibr sendmail[1640]: 06LBmhe1001640: to=root, ctladdr=root (0/0), delay=00:00:06, xdelay=00:00:06, mailer=relay, pri=30164, relay=[127.0.0.1] [127.0.0.1], dsn=2.0.0, stat=Sent (06LBmhc8001642 Message accepted for delivery)
Jul 21 14:48:49 kibr sm-mta[1647]: 06LBmhc8001642: to=<root@mail.kibr.net>, ctladdr=<root@mail.kibr.net> (0/0), delay=00:00:01, xdelay=00:00:00, mailer=local, pri=30607, dsn=2.0.0, stat=Sent
Jul 21 14:52:05 kibr sm-mta[1662]: 06LBpxir001662: from=<Kadilnikova.Natalja@kibr.net>, size=3364937, class=0, nrcpts=1, msgid=<14eb10bc-47a1-131d-a18a-480c57377268@kibr.net>, bodytype=8BITMIME, proto=ESMTP, daemon=MTA, relay=kibr4-7.kibr.net [192.168.0.47]
Jul 21 14:52:05 kibr sm-mta[1664]: STARTTLS=client, relay=mxs.ukr.net., version=TLSv1.3, verify=FAIL, cipher=TLS_AES_256_GCM_SHA384, bits=256/256
Jul 21 14:52:07 kibr sm-mta[1664]: 06LBpxir001662: to=<wladimirovna2006@ukr.net>, delay=00:00:03, xdelay=00:00:02, mailer=esmtp, pri=3484937, relay=mxs.ukr.net. [212.42.75.251], dsn=2.0.0, stat=Sent (OK id=1jxqoY-00020O-HO)
Jul 21 14:52:36 kibr sm-mta[1667]: 06LBqVvX001667: from=<Kadilnikova.Natalja@kibr.net>, size=2704250, class=0, nrcpts=1, msgid=<b8907a81-1e18-37f8-95d7-398e1d2a7179@kibr.net>, bodytype=8BITMIME, proto=ESMTP, daemon=MTA, relay=kibr4-7.kibr.net [192.168.0.47]
Jul 21 14:52:36 kibr sm-mta[1669]: STARTTLS=client, relay=mxs.ukr.net., version=TLSv1.3, verify=FAIL, cipher=TLS_AES_256_GCM_SHA384, bits=256/256
Jul 21 14:52:38 kibr sm-mta[1669]: 06LBqVvX001667: to=<wladimirovna2006@ukr.net>, delay=00:00:02, xdelay=00:00:02, mailer=esmtp, pri=2824250, relay=mxs.ukr.net. [212.42.75.251], dsn=2.0.0, stat=Sent (OK id=1jxqp3-0004Bd-Mp)
Jul 21 14:53:17 kibr sm-mta[1678]: 06LBrCGf001678: from=<golub.luba@kibr.net>, size=122872, class=0, nrcpts=3, msgid=<000e01d65f54$919aa110$b4cfe330$@kibr.net>, proto=ESMTP, daemon=MTA, relay=kibr4-4.kibr.net [192.168.0.44]
Jul 21 14:53:18 kibr sm-mta[1686]: STARTTLS=client, relay=aspmx.l.google.com., version=TLSv1.3, verify=FAIL, cipher=TLS_AES_256_GCM_SHA384, bits=256/256
Jul 21 14:53:18 kibr sm-mta[1686]: 06LBrCGf001678: to=<t.malyshevska@s1.ua>,<s.danilyuk@s1.ua>, delay=00:00:01, xdelay=00:00:00, mailer=esmtp, pri=302872, relay=aspmx.l.google.com. [74.125.205.26], dsn=2.0.0, stat=Sent (OK  1595332398 a2si10167144ljm.365 - gsmtp)
Jul 21 14:53:19 kibr sm-mta[1686]: STARTTLS=client, relay=mxs.ukr.net., version=TLSv1.3, verify=FAIL, cipher=TLS_AES_256_GCM_SHA384, bits=256/256
Jul 21 14:53:20 kibr sm-mta[1686]: 06LBrCGf001678: to=<victori_72@ukr.net>, delay=00:00:03, xdelay=00:00:02, mailer=esmtp, pri=302872, relay=mxs.ukr.net. [212.42.75.251], dsn=2.0.0, stat=Sent (OK id=1jxqpk-0003Mz-7I)
Jul 21 14:56:51 kibr sm-mta[1720]: 06LBukjQ001720: from=<t.malyshevska@s1.ua>, size=114768, class=0, nrcpts=1, msgid=<CAMauyjJhX1f2O4gg2rrYvPMPqJ8nMfog6is=m5a5Pt-vBB36GA@mail.gmail.com>, proto=ESMTP, daemon=MTA, relay=mail-ej1-f48.google.com [209.85.218.48]
Jul 21 14:56:51 kibr sm-mta[1721]: 06LBukjQ001720: to=luba, delay=00:00:00, xdelay=00:00:00, mailer=local, pri=144978, dsn=2.0.0, stat=Sent
Jul 21 14:58:23 kibr sm-mta[1728]: 06LBwHbR001728: from=<t.malyshevska@s1.ua>, size=117049, class=0, nrcpts=1, msgid=<CAMauyjL1pSSF2ZDz4TkZ1a6Mdr=+YMdvmj3xbxFeeXPeYxLicA@mail.gmail.com>, proto=ESMTP, daemon=MTA, relay=mail-ej1-f50.google.com [209.85.218.50]
Jul 21 14:58:23 kibr sm-mta[1735]: 06LBwHbR001728: to=luba, delay=00:00:01, xdelay=00:00:00, mailer=local, pri=147259, dsn=2.0.0, stat=Sent
Jul 21 15:08:45 kibr sm-mta[1799]: 06LC8dZ6001799: from=<victori_72@ukr.net>, size=103591, class=0, nrcpts=1, msgid=<1595332911.667837000.jerp938w@frv50.fwdcdn.com>, proto=ESMTP, daemon=MTA, relay=frv190.fwdcdn.com [212.42.77.190]
Jul 21 15:08:45 kibr sm-mta[1800]: 06LC8dZ6001799: to=luba, delay=00:00:00, xdelay=00:00:00, mailer=local, pri=133791, dsn=2.0.0, stat=Sent
Jul 21 15:16:45 kibr sm-mta[1858]: 06LCGT1v001858: from=<postman527267@emlsnd.com>, size=35568, class=-60, nrcpts=1, msgid=<E1jxrC7-Myrthb-MJ@ucs101-ucs-1.msgpanel.com>, bodytype=8BITMIME, proto=ESMTP, daemon=MTA, relay=smtp680.emlone.com [87.246.187.126]
Jul 21 15:16:45 kibr sm-mta[1862]: 06LCGT1v001858: to=luba, delay=00:00:00, xdelay=00:00:00, mailer=local, pri=173761, dsn=2.0.0, stat=Sent
Jul 21 15:22:52 kibr sm-mta[1909]: 06LCMknT001909: from=<t.malyshevska@s1.ua>, size=124523, class=0, nrcpts=1, msgid=<CAMauyjKhPinn6ygjv=xWw31yPkuHJCET-DwjO34wBiK+scsUsg@mail.gmail.com>, proto=ESMTP, daemon=MTA, relay=mail-ed1-f42.google.com [209.85.208.42]
Jul 21 15:22:52 kibr sm-mta[1910]: 06LCMknT001909: to=luba, delay=00:00:00, xdelay=00:00:00, mailer=local, pri=154733, dsn=2.0.0, stat=Sent
Jul 21 15:30:18 kibr sm-mta[1956]: 06LCUDXm001956: from=<Usatenko.Tatjana@kibr.net>, size=6723, class=0, nrcpts=1, msgid=<014d0086-2c9c-f481-8567-c1a966ddd7ab@kibr.net>, bodytype=8BITMIME, proto=ESMTP, daemon=MTA, relay=kibr4-8.kibr.net [192.168.0.48]
Jul 21 15:30:18 kibr sm-mta[1958]: STARTTLS=client, relay=mxs.ukr.net., version=TLSv1.3, verify=FAIL, cipher=TLS_AES_256_GCM_SHA384, bits=256/256
Jul 21 15:30:20 kibr sm-mta[1958]: 06LCUDXm001956: to=<sirius-rahunok@ukr.net>, delay=00:00:02, xdelay=00:00:02, mailer=esmtp, pri=126723, relay=mxs.ukr.net. [212.42.75.251], dsn=2.0.0, stat=Sent (OK id=1jxrPX-000DEB-PV)
Jul 21 15:32:03 kibr sm-mta[1973]: 06LCVvUU001973: from=<t.malyshevska@s1.ua>, size=260125, class=0, nrcpts=1, msgid=<CAMauyjKkZpRRU-LvpWp+AHg_M-K3t3BnYEP4bqiLiU8fZ9Didg@mail.gmail.com>, proto=ESMTP, daemon=MTA, relay=mail-ej1-f45.google.com [209.85.218.45]
Jul 21 15:32:03 kibr sm-mta[1974]: 06LCVvUU001973: to=luba, delay=00:00:01, xdelay=00:00:00, mailer=local, pri=290341, dsn=2.0.0, stat=Sent
Jul 21 15:38:41 kibr sm-mta[2004]: 06LCcTAL002004: from=<do-not-reply@mailing.net.ua>, size=8336, class=0, nrcpts=1, msgid=<8CB95C62-F277-4154-BD0C-E4117D0C8FA5@mailing.net.ua>, proto=ESMTP, daemon=MTA, relay=mx.mailing.net.ua [92.42.111.62]
Jul 21 15:38:41 kibr sm-mta[2006]: 06LCcTAL002004: to=lena, delay=00:00:00, xdelay=00:00:00, mailer=local, pri=38571, dsn=2.0.0, stat=Sent
Jul 21 15:48:45 kibr sendmail[2134]: 06LCmi7O002134: from=root, size=164, class=0, nrcpts=1, msgid=<202007211248.06LCmi7O002134@mail.kibr.net>, relay=root@localhost
Jul 21 15:48:50 kibr sm-mta[2137]: 06LCmjOO002137: from=<root@mail.kibr.net>, size=422, class=0, nrcpts=1, msgid=<202007211248.06LCmi7O002134@mail.kibr.net>, proto=ESMTP, daemon=MTA, relay=localhost [127.0.0.1]
Jul 21 15:48:50 kibr sendmail[2134]: 06LCmi7O002134: to=root, ctladdr=root (0/0), delay=00:00:06, xdelay=00:00:05, mailer=relay, pri=30164, relay=[127.0.0.1] [127.0.0.1], dsn=2.0.0, stat=Sent (06LCmjOO002137 Message accepted for delivery)
Jul 21 15:48:51 kibr sm-mta[2144]: 06LCmjOO002137: to=<root@mail.kibr.net>, ctladdr=<root@mail.kibr.net> (0/0), delay=00:00:01, xdelay=00:00:00, mailer=local, pri=30607, dsn=2.0.0, stat=Sent
Jul 21 15:49:46 kibr sm-mta[2149]: 06LCnh0t002149: ip-113-114.4vendeta.com [78.128.113.114] (may be forged) did not issue MAIL/EXPN/VRFY/ETRN during connection to MTA
Jul 21 15:53:21 kibr sm-mta[2164]: 06LCr6cf002164: [89.105.200.91] did not issue MAIL/EXPN/VRFY/ETRN during connection to MTA
Jul 21 16:01:05 kibr sm-mta[2213]: 06LD10a7002213: from=<golub.luba@kibr.net>, size=12988, class=0, nrcpts=7, msgid=<002601d65f5e$0a6e8cb0$1f4ba610$@kibr.net>, proto=ESMTP, daemon=MTA, relay=kibr4-4.kibr.net [192.168.0.44]
Jul 21 16:01:06 kibr sm-mta[2219]: STARTTLS=client, relay=aspmx.l.google.com., version=TLSv1.3, verify=FAIL, cipher=TLS_AES_256_GCM_SHA384, bits=256/256
Jul 21 16:01:08 kibr sm-mta[2219]: 06LD10a7002213: to=<y.barabanova@s1.ua>,<s.fitel@s1.ua>,<s.danilyuk@s1.ua>,<o.marchenko@s1.ua>,<i.tarasova@s1.ua>,<a.rudiuk@s1.ua>, delay=00:00:03, xdelay=00:00:02, mailer=esmtp, pri=312988, relay=aspmx.l.google.com. [64.233.164.26], dsn=2.0.0, stat=Sent (OK  1595336468 r15si13723282lji.477 - gsmtp)
Jul 21 16:01:08 kibr sm-mta[2219]: STARTTLS=client, relay=mxs.ukr.net., version=TLSv1.3, verify=FAIL, cipher=TLS_AES_256_GCM_SHA384, bits=256/256
Jul 21 16:01:09 kibr sm-mta[2219]: 06LD10a7002213: to=<victori_72@ukr.net>, delay=00:00:04, xdelay=00:00:01, mailer=esmtp, pri=312988, relay=mxs.ukr.net. [212.42.75.251], dsn=2.0.0, stat=Sent (OK id=1jxrtN-000Akh-D3)
Jul 21 16:02:21 kibr sm-mta[2230]: 06LD2GvV002230: from=<golub.luba@kibr.net>, size=130881, class=0, nrcpts=3, msgid=<002b01d65f5e$379e8af0$a6dba0d0$@kibr.net>, proto=ESMTP, daemon=MTA, relay=kibr4-4.kibr.net [192.168.0.44]
Jul 21 16:02:22 kibr sm-mta[2235]: STARTTLS=client, relay=aspmx.l.google.com., version=TLSv1.3, verify=FAIL, cipher=TLS_AES_256_GCM_SHA384, bits=256/256
Jul 21 16:02:24 kibr sm-mta[2235]: 06LD2GvV002230: to=<t.malyshevska@s1.ua>,<s.danilyuk@s1.ua>, delay=00:00:03, xdelay=00:00:03, mailer=esmtp, pri=310881, relay=aspmx.l.google.com. [64.233.164.26], dsn=2.0.0, stat=Sent (OK  1595336544 i13si10520224ljn.437 - gsmtp)
Jul 21 16:02:24 kibr sm-mta[2235]: STARTTLS=client, relay=mxs.ukr.net., version=TLSv1.3, verify=FAIL, cipher=TLS_AES_256_GCM_SHA384, bits=256/256
Jul 21 16:02:26 kibr sm-mta[2235]: 06LD2GvV002230: to=<victori_72@ukr.net>, delay=00:00:05, xdelay=00:00:02, mailer=esmtp, pri=310881, relay=mxs.ukr.net. [212.42.75.251], dsn=2.0.0, stat=Sent (OK id=1jxrub-000IMd-Oz)
Jul 21 16:04:47 kibr sm-mta[2246]: 06LD4gWs002246: from=<Kadilnikova.Natalja@kibr.net>, size=893355, class=0, nrcpts=1, msgid=<d85a563a-7aef-5605-a250-de80ac33fb54@kibr.net>, bodytype=8BITMIME, proto=ESMTP, daemon=MTA, relay=kibr4-7.kibr.net [192.168.0.47]
Jul 21 16:04:48 kibr sm-mta[2248]: STARTTLS=client, relay=mxs.ukr.net., version=TLSv1.3, verify=FAIL, cipher=TLS_AES_256_GCM_SHA384, bits=256/256
Jul 21 16:04:49 kibr sm-mta[2248]: 06LD4gWs002246: to=<wladimirovna2006@ukr.net>, delay=00:00:02, xdelay=00:00:01, mailer=esmtp, pri=1013355, relay=mxs.ukr.net. [212.42.75.251], dsn=2.0.0, stat=Sent (OK id=1jxrwv-000O96-9e)
Jul 21 16:16:35 kibr sm-mta[2325]: 06LDGVOU002325: ip-113-114.4vendeta.com [78.128.113.114] (may be forged) did not issue MAIL/EXPN/VRFY/ETRN during connection to MTA
Jul 21 16:19:58 kibr sm-mta[2358]: 06LDJscH002358: ip-113-114.4vendeta.com [78.128.113.114] (may be forged) did not issue MAIL/EXPN/VRFY/ETRN during connection to MTA
Jul 21 16:40:49 kibr sm-mta[2471]: 06LDeh93002471: sempre-215-40-173-107.gratidao.li [107.173.40.215] (may be forged) did not issue MAIL/EXPN/VRFY/ETRN during connection to MTA
Jul 21 16:48:42 kibr sendmail[2598]: 06LDmfRT002598: from=root, size=164, class=0, nrcpts=1, msgid=<202007211348.06LDmfRT002598@mail.kibr.net>, relay=root@localhost
Jul 21 16:48:48 kibr sm-mta[2600]: 06LDmgkv002600: from=<root@mail.kibr.net>, size=422, class=0, nrcpts=1, msgid=<202007211348.06LDmfRT002598@mail.kibr.net>, proto=ESMTP, daemon=MTA, relay=localhost [127.0.0.1]
Jul 21 16:48:49 kibr sendmail[2598]: 06LDmfRT002598: to=root, ctladdr=root (0/0), delay=00:00:07, xdelay=00:00:07, mailer=relay, pri=30164, relay=[127.0.0.1] [127.0.0.1], dsn=2.0.0, stat=Sent (06LDmgkv002600 Message accepted for delivery)
Jul 21 16:48:49 kibr sm-mta[2601]: 06LDmgkv002600: to=<root@mail.kibr.net>, ctladdr=<root@mail.kibr.net> (0/0), delay=00:00:02, xdelay=00:00:00, mailer=local, pri=30607, dsn=2.0.0, stat=Sent
Jul 21 16:57:50 kibr sm-mta[2659]: 06LDvhkc002659: ruleset=check_rcpt, arg1=<spameri@tiscali.it>, relay=[27.255.75.189], reject=550 5.7.1 <spameri@tiscali.it>... Relaying denied. IP name lookup failed [27.255.75.189]
Jul 21 16:57:51 kibr sm-mta[2659]: 06LDvhkc002659: from=<spameri@tiscali.it>, size=0, class=0, nrcpts=0, proto=ESMTP, daemon=MTA, relay=[27.255.75.189]
Jul 21 16:58:29 kibr sm-mta[2663]: 06LDwOrs002663: from=<t.malyshevska@s1.ua>, size=125697, class=0, nrcpts=1, msgid=<CAMauyjJFM+k5M79QooY0RKGOjAwbVT45EGxzUQQm0qoAF8=-KQ@mail.gmail.com>, proto=ESMTP, daemon=MTA, relay=mail-ed1-f54.google.com [209.85.208.54]
Jul 21 16:58:30 kibr sm-mta[2665]: 06LDwOrs002663: to=luba, delay=00:00:01, xdelay=00:00:00, mailer=local, pri=155907, dsn=2.0.0, stat=Sent
Jul 21 16:58:39 kibr sm-mta[2662]: 06LDwKgc002662: from=<ORudnyk@globusbank.com.ua>, size=22807, class=0, nrcpts=2, msgid=<00dc01d65f66$fd3bb5a0$f7b320e0$@com.ua>, proto=ESMTP, daemon=MTA, relay=mail.globusbank.com.ua [77.222.141.243]
Jul 21 16:58:40 kibr sm-mta[2668]: 06LDwKgc002662: to=luba, delay=00:00:01, xdelay=00:00:00, mailer=local, pri=83013, dsn=2.0.0, stat=Sent
Jul 21 16:58:40 kibr sm-mta[2668]: 06LDwKgc002662: to=tanja, delay=00:00:01, xdelay=00:00:00, mailer=local, pri=83013, dsn=2.0.0, stat=Sent
Jul 21 17:09:37 kibr sm-mta[2730]: 06LE9Vip002730: from=<a.bosova@s1.ua>, size=26511, class=0, nrcpts=1, msgid=<CACTOr+T4N6kJ+Z7OTQaqu5HFGU+8k0CshmPP38G7bZ4HKkSFfw@mail.gmail.com>, proto=ESMTP, daemon=MTA, relay=mail-oi1-f169.google.com [209.85.167.169]
Jul 21 17:09:37 kibr sm-mta[2729]: 06LE9Vmi002729: from=<a.bosova@s1.ua>, size=26517, class=0, nrcpts=1, msgid=<CACTOr+T4N6kJ+Z7OTQaqu5HFGU+8k0CshmPP38G7bZ4HKkSFfw@mail.gmail.com>, proto=ESMTP, daemon=MTA, relay=mail-oi1-f169.google.com [209.85.167.169]
Jul 21 17:09:37 kibr sm-mta[2731]: 06LE9Vip002730: to=luba, delay=00:00:01, xdelay=00:00:00, mailer=local, pri=56748, dsn=2.0.0, stat=Sent
Jul 21 17:09:37 kibr sm-mta[2732]: 06LE9Vmi002729: to=tanja, delay=00:00:01, xdelay=00:00:00, mailer=local, pri=56760, dsn=2.0.0, stat=Sent
Jul 21 17:18:17 kibr sm-mta[2779]: 06LEICgC002779: from=<golub.luba@kibr.net>, size=211166, class=0, nrcpts=1, msgid=<003a01d65f68$d2f16040$78d420c0$@kibr.net>, proto=ESMTP, daemon=MTA, relay=kibr4-4.kibr.net [192.168.0.44]
Jul 21 17:18:19 kibr sm-mta[2781]: 06LEICgC002779: to=tanja, delay=00:00:02, xdelay=00:00:02, mailer=local, pri=241353, dsn=2.0.0, stat=Sent
Jul 21 17:18:42 kibr sm-mta[2785]: 06LEIerE002785: ip-113-114.4vendeta.com [78.128.113.114] (may be forged) did not issue MAIL/EXPN/VRFY/ETRN during connection to MTA
Jul 21 17:24:13 kibr sm-mta[2816]: 06LEO8bc002816: from=<t.malyshevska@s1.ua>, size=317027, class=0, nrcpts=1, msgid=<CAMauyjKyri96222SEVKJmAxc9ktUyef6hryy0KKtWZ-bMzoqoQ@mail.gmail.com>, proto=ESMTP, daemon=MTA, relay=mail-ej1-f50.google.com [209.85.218.50]
Jul 21 17:24:14 kibr sm-mta[2817]: 06LEO8bc002816: to=luba, delay=00:00:01, xdelay=00:00:00, mailer=local, pri=347237, dsn=2.0.0, stat=Sent
Jul 21 17:28:12 kibr sm-mta[2837]: 06LES6Dh002837: from=<pautovaj@gmail.com>, size=25607, class=0, nrcpts=1, msgid=<CAEK4bLx5Osn6wbS9y-w-DnpGgvRgysEk4YjGjSq-9PvbErRFng@mail.gmail.com>, proto=ESMTP, daemon=MTA, relay=mail-io1-f54.google.com [209.85.166.54]
Jul 21 17:28:13 kibr sm-mta[2839]: 06LES6Dh002837: to=tanja, delay=00:00:01, xdelay=00:00:01, mailer=local, pri=55820, dsn=2.0.0, stat=Sent
Jul 21 17:32:20 kibr sm-mta[2876]: 06LEW9VM002876: ruleset=check_rcpt, arg1=<kadilnikova.natalja@kibr.net>, relay=smtp209.emlone.com [84.237.210.101], reject=550 5.7.1 <kadilnikova.natalja@kibr.net>... Mail from 84.237.210.101 rejected - see safe.dnsbl.sorbs.net
Jul 21 17:32:20 kibr sm-mta[2876]: 06LEW9VM002876: from=<postman221788@emluni.com>, size=0, class=0, nrcpts=0, bodytype=8BITMIME, proto=ESMTP, daemon=MTA, relay=smtp209.emlone.com [84.237.210.101]
Jul 21 17:36:11 kibr sm-mta[2893]: 06LEa7MV002893: ip-113-114.4vendeta.com [78.128.113.114] (may be forged) did not issue MAIL/EXPN/VRFY/ETRN during connection to MTA
Jul 21 17:36:31 kibr sm-mta[2895]: 06LEaQv9002895: from=<t.malyshevska@s1.ua>, size=132715, class=0, nrcpts=1, msgid=<CAMauyj+mNwF_DLDys6_A-Qg-3C2S6L0VNzPkr+AYsdyg5tuBhA@mail.gmail.com>, proto=ESMTP, daemon=MTA, relay=mail-ej1-f45.google.com [209.85.218.45]
Jul 21 17:36:32 kibr sm-mta[2897]: 06LEaQv9002895: to=luba, delay=00:00:01, xdelay=00:00:00, mailer=local, pri=162925, dsn=2.0.0, stat=Sent
Jul 21 17:39:32 kibr sm-mta[2909]: 06LEdRXt002909: from=<t.malyshevska@s1.ua>, size=143462, class=0, nrcpts=1, msgid=<CAMauyjKj0ph6fxyt6Wj7VQy10ivOwPOFsxaV4Gq7sx0qAkgLSA@mail.gmail.com>, proto=ESMTP, daemon=MTA, relay=mail-ed1-f44.google.com [209.85.208.44]
Jul 21 17:39:33 kibr sm-mta[2910]: 06LEdRXt002909: to=luba, delay=00:00:01, xdelay=00:00:00, mailer=local, pri=173672, dsn=2.0.0, stat=Sent
Jul 21 17:48:44 kibr sendmail[3030]: 06LEmiaG003030: from=root, size=164, class=0, nrcpts=1, msgid=<202007211448.06LEmiaG003030@mail.kibr.net>, relay=root@localhost
Jul 21 17:48:49 kibr sm-mta[3032]: 06LEmirn003032: from=<root@mail.kibr.net>, size=422, class=0, nrcpts=1, msgid=<202007211448.06LEmiaG003030@mail.kibr.net>, proto=ESMTP, daemon=MTA, relay=localhost [127.0.0.1]
Jul 21 17:48:50 kibr sendmail[3030]: 06LEmiaG003030: to=root, ctladdr=root (0/0), delay=00:00:06, xdelay=00:00:06, mailer=relay, pri=30164, relay=[127.0.0.1] [127.0.0.1], dsn=2.0.0, stat=Sent (06LEmirn003032 Message accepted for delivery)
Jul 21 17:48:50 kibr sm-mta[3033]: 06LEmirn003032: to=<root@mail.kibr.net>, ctladdr=<root@mail.kibr.net> (0/0), delay=00:00:01, xdelay=00:00:00, mailer=local, pri=30607, dsn=2.0.0, stat=Sent
Jul 21 18:09:31 kibr sm-mta[3145]: 06LF9FYa003145: from=<victori_72@ukr.net>, size=118650, class=0, nrcpts=1, msgid=<1595344114.360112000.meove2z5@frv50.fwdcdn.com>, proto=ESMTP, daemon=MTA, relay=frv198.fwdcdn.com [212.42.77.198]
Jul 21 18:09:31 kibr sm-mta[3146]: 06LF9FYa003145: to=luba, delay=00:00:00, xdelay=00:00:00, mailer=local, pri=148844, dsn=2.0.0, stat=Sent
Jul 21 18:11:51 kibr sm-mta[3158]: 06LFBjss003158: from=<Usatenko.Tatjana@kibr.net>, size=723, class=0, nrcpts=3, msgid=<cb81bc5e-1692-9963-c25d-13b043ad5ab2@kibr.net>, bodytype=8BITMIME, proto=ESMTP, daemon=MTA, relay=kibr4-8.kibr.net [192.168.0.48]
Jul 21 18:11:51 kibr sm-mta[3159]: 06LFBjss003158: to=tanya, delay=00:00:01, xdelay=00:00:00, mailer=local, pri=90904, dsn=2.0.0, stat=Sent
Jul 21 18:11:51 kibr sm-mta[3159]: 06LFBjss003158: to=lena, delay=00:00:01, xdelay=00:00:00, mailer=local, pri=90904, dsn=2.0.0, stat=Sent
Jul 21 18:11:51 kibr sm-mta[3159]: STARTTLS=client, relay=mxs.ukr.net., version=TLSv1.3, verify=FAIL, cipher=TLS_AES_256_GCM_SHA384, bits=256/256
Jul 21 18:11:52 kibr sm-mta[3159]: 06LFBjss003158: to=<a11n@ukr.net>, delay=00:00:02, xdelay=00:00:01, mailer=esmtp, pri=90904, relay=mxs.ukr.net. [212.42.75.251], dsn=2.0.0, stat=Sent (OK id=1jxtvs-000HUs-ML)
Jul 21 18:23:44 kibr sm-mta[3224]: 06LFNitk003224: [2.57.122.202] did not issue MAIL/EXPN/VRFY/ETRN during connection to MTA
Jul 21 18:23:50 kibr sm-mta[3225]: 06LFNi9v003225: ruleset=check_rcpt, arg1=<meregion69@gmail.com>, relay=[2.57.122.202], reject=550 5.7.1 <meregion69@gmail.com>... Relaying denied. IP name lookup failed [2.57.122.202]
Jul 21 18:23:50 kibr sm-mta[3225]: 06LFNi9v003225: lost input channel from [2.57.122.202] to MTA after rcpt
Jul 21 18:23:50 kibr sm-mta[3225]: 06LFNi9v003225: from=<admin@kibr.net>, size=0, class=0, nrcpts=0, proto=ESMTP, daemon=MTA, relay=[2.57.122.202]
Jul 21 18:39:19 kibr sm-mta[3376]: 06LFdFEY003376: ip-113-114.4vendeta.com [78.128.113.114] (may be forged) did not issue MAIL/EXPN/VRFY/ETRN during connection to MTA
Jul 21 18:47:54 kibr sendmail[3490]: 06LFlstr003490: from=root, size=164, class=0, nrcpts=1, msgid=<202007211547.06LFlstr003490@mail.kibr.net>, relay=root@localhost
Jul 21 18:47:59 kibr sm-mta[3492]: 06LFlsC8003492: from=<root@mail.kibr.net>, size=422, class=0, nrcpts=1, msgid=<202007211547.06LFlstr003490@mail.kibr.net>, proto=ESMTP, daemon=MTA, relay=localhost [127.0.0.1]
Jul 21 18:47:59 kibr sendmail[3490]: 06LFlstr003490: to=root, ctladdr=root (0/0), delay=00:00:05, xdelay=00:00:05, mailer=relay, pri=30164, relay=[127.0.0.1] [127.0.0.1], dsn=2.0.0, stat=Sent (06LFlsC8003492 Message accepted for delivery)
Jul 21 18:48:00 kibr sm-mta[3493]: 06LFlsC8003492: to=<root@mail.kibr.net>, ctladdr=<root@mail.kibr.net> (0/0), delay=00:00:01, xdelay=00:00:00, mailer=local, pri=30607, dsn=2.0.0, stat=Sent
Jul 21 19:10:10 kibr sm-mta[3613]: 06LGA46A003613: ruleset=check_rcpt, arg1=<mboconnect2019@hotmail.com>, relay=sirl.smalitre.com [93.119.106.72] (may be forged), reject=550 5.7.1 <mboconnect2019@hotmail.com>... Relaying denied. IP name possibly forged [93.119.106.72]
Jul 21 19:10:10 kibr sm-mta[3613]: 06LGA46A003613: from=<contact3273282758@vectronicsappleworlds.com>, size=0, class=0, nrcpts=0, bodytype=8BITMIME, proto=ESMTP, daemon=MTA, relay=sirl.smalitre.com [93.119.106.72] (may be forged)
Jul 21 19:12:33 kibr sm-mta[3622]: 06LGCTOo003622: ip-113-114.4vendeta.com [78.128.113.114] (may be forged) did not issue MAIL/EXPN/VRFY/ETRN during connection to MTA
Jul 21 19:19:15 kibr sm-mta[3661]: 06LGJAwv003661: ruleset=check_rcpt, arg1=<spameri@tiscali.it>, relay=[37.49.230.109], reject=550 5.7.1 <spameri@tiscali.it>... Relaying denied. IP name lookup failed [37.49.230.109]
Jul 21 19:19:15 kibr sm-mta[3661]: 06LGJAwv003661: from=<spameri@tiscali.it>, size=0, class=0, nrcpts=0, proto=ESMTP, daemon=MTA, relay=[37.49.230.109]
Jul 21 19:47:54 kibr sendmail[3868]: 06LGlsZC003868: from=root, size=164, class=0, nrcpts=1, msgid=<202007211647.06LGlsZC003868@mail.kibr.net>, relay=root@localhost
Jul 21 19:47:59 kibr sm-mta[3870]: 06LGlsip003870: from=<root@mail.kibr.net>, size=422, class=0, nrcpts=1, msgid=<202007211647.06LGlsZC003868@mail.kibr.net>, proto=ESMTP, daemon=MTA, relay=localhost [127.0.0.1]
Jul 21 19:47:59 kibr sendmail[3868]: 06LGlsZC003868: to=root, ctladdr=root (0/0), delay=00:00:05, xdelay=00:00:05, mailer=relay, pri=30164, relay=[127.0.0.1] [127.0.0.1], dsn=2.0.0, stat=Sent (06LGlsip003870 Message accepted for delivery)
Jul 21 19:47:59 kibr sm-mta[3871]: 06LGlsip003870: to=<root@mail.kibr.net>, ctladdr=<root@mail.kibr.net> (0/0), delay=00:00:00, xdelay=00:00:00, mailer=local, pri=30607, dsn=2.0.0, stat=Sent
Jul 21 19:56:45 kibr sm-mta[3920]: 06LGufkn003920: ip-113-114.4vendeta.com [78.128.113.114] (may be forged) did not issue MAIL/EXPN/VRFY/ETRN during connection to MTA
Jul 21 20:09:49 kibr sm-mta[3982]: 06LH9UgJ003982: from=<info@gp-card.fun>, size=75726, class=0, nrcpts=1, msgid=<06415f4abe6d667152eec89b9044207c5ea98eb0bf@gp-card.fun>, proto=ESMTP, daemon=MTA, relay=bioenergo.com.ua [195.26.86.1]
Jul 21 20:09:49 kibr sm-mta[3984]: 06LH9UgJ003982: to=<thr@kibr.net>, delay=00:00:00, xdelay=00:00:00, mailer=local, pri=105916, dsn=2.0.0, stat=Sent
Jul 21 20:24:04 kibr sm-mta[4057]: 06LHO03c004057: ip-113-114.4vendeta.com [78.128.113.114] (may be forged) did not issue MAIL/EXPN/VRFY/ETRN during connection to MTA
Jul 21 20:47:55 kibr sendmail[4239]: 06LHlsg3004239: from=root, size=164, class=0, nrcpts=1, msgid=<202007211747.06LHlsg3004239@mail.kibr.net>, relay=root@localhost
Jul 21 20:48:00 kibr sm-mta[4243]: 06LHltBJ004243: from=<root@mail.kibr.net>, size=422, class=0, nrcpts=1, msgid=<202007211747.06LHlsg3004239@mail.kibr.net>, proto=ESMTP, daemon=MTA, relay=localhost [127.0.0.1]
Jul 21 20:48:00 kibr sendmail[4239]: 06LHlsg3004239: to=root, ctladdr=root (0/0), delay=00:00:06, xdelay=00:00:05, mailer=relay, pri=30164, relay=[127.0.0.1] [127.0.0.1], dsn=2.0.0, stat=Sent (06LHltBJ004243 Message accepted for delivery)
Jul 21 20:48:01 kibr sm-mta[4244]: 06LHltBJ004243: to=<root@mail.kibr.net>, ctladdr=<root@mail.kibr.net> (0/0), delay=00:00:01, xdelay=00:00:00, mailer=local, pri=30607, dsn=2.0.0, stat=Sent
Jul 21 21:12:00 kibr sm-mta[4356]: 06LIBsKb004356: ruleset=check_rcpt, arg1=<spameri@tiscali.it>, relay=[37.49.230.223], reject=550 5.7.1 <spameri@tiscali.it>... Relaying denied. IP name lookup failed [37.49.230.223]
Jul 21 21:12:00 kibr sm-mta[4356]: 06LIBsKb004356: from=<spameri@tiscali.it>, size=0, class=0, nrcpts=0, proto=ESMTP, daemon=MTA, relay=[37.49.230.223]
Jul 21 21:47:54 kibr sendmail[4576]: 06LIlriK004576: from=root, size=164, class=0, nrcpts=1, msgid=<202007211847.06LIlriK004576@mail.kibr.net>, relay=root@localhost
Jul 21 21:47:59 kibr sm-mta[4578]: 06LIlsCf004578: from=<root@mail.kibr.net>, size=422, class=0, nrcpts=1, msgid=<202007211847.06LIlriK004576@mail.kibr.net>, proto=ESMTP, daemon=MTA, relay=localhost [127.0.0.1]
Jul 21 21:47:59 kibr sendmail[4576]: 06LIlriK004576: to=root, ctladdr=root (0/0), delay=00:00:06, xdelay=00:00:05, mailer=relay, pri=30164, relay=[127.0.0.1] [127.0.0.1], dsn=2.0.0, stat=Sent (06LIlsCf004578 Message accepted for delivery)
Jul 21 21:47:59 kibr sm-mta[4579]: 06LIlsCf004578: to=<root@mail.kibr.net>, ctladdr=<root@mail.kibr.net> (0/0), delay=00:00:00, xdelay=00:00:00, mailer=local, pri=30607, dsn=2.0.0, stat=Sent
Jul 21 22:47:55 kibr sendmail[4912]: 06LJlsoD004912: from=root, size=164, class=0, nrcpts=1, msgid=<202007211947.06LJlsoD004912@mail.kibr.net>, relay=root@localhost
Jul 21 22:48:00 kibr sm-mta[4914]: 06LJltwH004914: from=<root@mail.kibr.net>, size=422, class=0, nrcpts=1, msgid=<202007211947.06LJlsoD004912@mail.kibr.net>, proto=ESMTP, daemon=MTA, relay=localhost [127.0.0.1]
Jul 21 22:48:00 kibr sendmail[4912]: 06LJlsoD004912: to=root, ctladdr=root (0/0), delay=00:00:06, xdelay=00:00:05, mailer=relay, pri=30164, relay=[127.0.0.1] [127.0.0.1], dsn=2.0.0, stat=Sent (06LJltwH004914 Message accepted for delivery)
Jul 21 22:48:00 kibr sm-mta[4915]: 06LJltwH004914: to=<root@mail.kibr.net>, ctladdr=<root@mail.kibr.net> (0/0), delay=00:00:00, xdelay=00:00:00, mailer=local, pri=30607, dsn=2.0.0, stat=Sent
Jul 21 23:47:55 kibr sendmail[5239]: 06LKlsk7005239: from=root, size=164, class=0, nrcpts=1, msgid=<202007212047.06LKlsk7005239@mail.kibr.net>, relay=root@localhost
Jul 21 23:48:00 kibr sm-mta[5241]: 06LKltr5005241: from=<root@mail.kibr.net>, size=422, class=0, nrcpts=1, msgid=<202007212047.06LKlsk7005239@mail.kibr.net>, proto=ESMTP, daemon=MTA, relay=localhost [127.0.0.1]
Jul 21 23:48:00 kibr sendmail[5239]: 06LKlsk7005239: to=root, ctladdr=root (0/0), delay=00:00:06, xdelay=00:00:05, mailer=relay, pri=30164, relay=[127.0.0.1] [127.0.0.1], dsn=2.0.0, stat=Sent (06LKltr5005241 Message accepted for delivery)
Jul 21 23:48:00 kibr sm-mta[5242]: 06LKltr5005241: to=<root@mail.kibr.net>, ctladdr=<root@mail.kibr.net> (0/0), delay=00:00:00, xdelay=00:00:00, mailer=local, pri=30607, dsn=2.0.0, stat=Sent
Jul 22 00:00:19 kibr sm-mta[5299]: 06LL0EfD005299: ruleset=check_rcpt, arg1=<spameri@tiscali.it>, relay=capitandata.com [37.49.224.140] (may be forged), reject=550 5.7.1 <spameri@tiscali.it>... Relaying denied. IP name possibly forged [37.49.224.140]
Jul 22 00:00:20 kibr sm-mta[5299]: 06LL0EfD005299: from=<spameri@tiscali.it>, size=0, class=0, nrcpts=0, proto=ESMTP, daemon=MTA, relay=capitandata.com [37.49.224.140] (may be forged)
Jul 22 00:47:54 kibr sendmail[5556]: 06LLlshC005556: from=root, size=164, class=0, nrcpts=1, msgid=<202007212147.06LLlshC005556@mail.kibr.net>, relay=root@localhost
Jul 22 00:47:59 kibr sm-mta[5559]: 06LLlsc3005559: from=<root@mail.kibr.net>, size=422, class=0, nrcpts=1, msgid=<202007212147.06LLlshC005556@mail.kibr.net>, proto=ESMTP, daemon=MTA, relay=localhost [127.0.0.1]
Jul 22 00:47:59 kibr sendmail[5556]: 06LLlshC005556: to=root, ctladdr=root (0/0), delay=00:00:05, xdelay=00:00:05, mailer=relay, pri=30164, relay=[127.0.0.1] [127.0.0.1], dsn=2.0.0, stat=Sent (06LLlsc3005559 Message accepted for delivery)
Jul 22 00:48:00 kibr sm-mta[5560]: 06LLlsc3005559: to=<root@mail.kibr.net>, ctladdr=<root@mail.kibr.net> (0/0), delay=00:00:01, xdelay=00:00:01, mailer=local, pri=30607, dsn=2.0.0, stat=Sent
Jul 22 01:35:59 kibr sendmail[5894]: 06LMZwSr005894: from=root, size=5188, class=0, nrcpts=1, msgid=<202007212235.06LMZwSr005894@mail.kibr.net>, relay=root@localhost
Jul 22 01:36:04 kibr sm-mta[5896]: 06LMZxfn005896: from=<root@mail.kibr.net>, size=5446, class=0, nrcpts=1, msgid=<202007212235.06LMZwSr005894@mail.kibr.net>, proto=ESMTP, daemon=MTA, relay=localhost [127.0.0.1]
Jul 22 01:36:04 kibr sendmail[5894]: 06LMZwSr005894: to=root, ctladdr=root (0/0), delay=00:00:06, xdelay=00:00:05, mailer=relay, pri=35188, relay=[127.0.0.1] [127.0.0.1], dsn=2.0.0, stat=Sent (06LMZxfn005896 Message accepted for delivery)
Jul 22 01:36:04 kibr sm-mta[5897]: 06LMZxfn005896: to=<root@mail.kibr.net>, ctladdr=<root@mail.kibr.net> (0/0), delay=00:00:00, xdelay=00:00:00, mailer=local, pri=35631, dsn=2.0.0, stat=Sent
Jul 22 01:48:04 kibr sendmail[6002]: 06LMm4VK006002: from=root, size=164, class=0, nrcpts=1, msgid=<202007212248.06LMm4VK006002@mail.kibr.net>, relay=root@localhost
Jul 22 01:48:09 kibr sm-mta[6004]: 06LMm4Q3006004: from=<root@mail.kibr.net>, size=422, class=0, nrcpts=1, msgid=<202007212248.06LMm4VK006002@mail.kibr.net>, proto=ESMTP, daemon=MTA, relay=localhost [127.0.0.1]
Jul 22 01:48:09 kibr sendmail[6002]: 06LMm4VK006002: to=root, ctladdr=root (0/0), delay=00:00:05, xdelay=00:00:05, mailer=relay, pri=30164, relay=[127.0.0.1] [127.0.0.1], dsn=2.0.0, stat=Sent (06LMm4Q3006004 Message accepted for delivery)
Jul 22 01:48:10 kibr sm-mta[6006]: 06LMm4Q3006004: to=<root@mail.kibr.net>, ctladdr=<root@mail.kibr.net> (0/0), delay=00:00:01, xdelay=00:00:01, mailer=local, pri=30607, dsn=2.0.0, stat=Sent
Jul 22 01:51:30 kibr sm-mta[6017]: 06LMotKF006017: 29.20.97.83.ro.ovo.sc [83.97.20.29] did not issue MAIL/EXPN/VRFY/ETRN during connection to MTA
Jul 22 02:47:55 kibr sendmail[6315]: 06LNls1M006315: from=root, size=164, class=0, nrcpts=1, msgid=<202007212347.06LNls1M006315@mail.kibr.net>, relay=root@localhost
Jul 22 02:48:00 kibr sm-mta[6318]: 06LNltZ3006318: from=<root@mail.kibr.net>, size=422, class=0, nrcpts=1, msgid=<202007212347.06LNls1M006315@mail.kibr.net>, proto=ESMTP, daemon=MTA, relay=localhost [127.0.0.1]
Jul 22 02:48:00 kibr sendmail[6315]: 06LNls1M006315: to=root, ctladdr=root (0/0), delay=00:00:06, xdelay=00:00:05, mailer=relay, pri=30164, relay=[127.0.0.1] [127.0.0.1], dsn=2.0.0, stat=Sent (06LNltZ3006318 Message accepted for delivery)
Jul 22 02:48:00 kibr sm-mta[6319]: 06LNltZ3006318: to=<root@mail.kibr.net>, ctladdr=<root@mail.kibr.net> (0/0), delay=00:00:00, xdelay=00:00:00, mailer=local, pri=30607, dsn=2.0.0, stat=Sent
Jul 22 03:43:31 kibr sm-mta[6557]: 06M0hDnX006557: from=<nlwfhr@zrhl.com>, size=5844, class=0, nrcpts=1, msgid=b6597edf-01f0-48d8-b916-25d777e11148, proto=ESMTP, daemon=MTA, relay=bioenergo.com.ua [195.26.86.1]
Jul 22 03:43:31 kibr sm-mta[6565]: 06M0hDnX006557: Dropped invalid comments from header address
Jul 22 03:43:31 kibr sm-mta[6565]: 06M0hDnX006557: Dropped invalid comments from header address
Jul 22 03:43:31 kibr sm-mta[6565]: 06M0hDnX006557: to=<thr@kibr.net>, delay=00:00:00, xdelay=00:00:00, mailer=local, pri=36034, dsn=2.0.0, stat=Sent
Jul 22 03:47:53 kibr sendmail[6632]: 06M0lrOD006632: from=root, size=164, class=0, nrcpts=1, msgid=<202007220047.06M0lrOD006632@mail.kibr.net>, relay=root@localhost
Jul 22 03:47:59 kibr sm-mta[6634]: 06M0lrJp006634: from=<root@mail.kibr.net>, size=422, class=0, nrcpts=1, msgid=<202007220047.06M0lrOD006632@mail.kibr.net>, proto=ESMTP, daemon=MTA, relay=localhost [127.0.0.1]
Jul 22 03:47:59 kibr sendmail[6632]: 06M0lrOD006632: to=root, ctladdr=root (0/0), delay=00:00:06, xdelay=00:00:06, mailer=relay, pri=30164, relay=[127.0.0.1] [127.0.0.1], dsn=2.0.0, stat=Sent (06M0lrJp006634 Message accepted for delivery)
Jul 22 03:47:59 kibr sm-mta[6636]: 06M0lrJp006634: to=<root@mail.kibr.net>, ctladdr=<root@mail.kibr.net> (0/0), delay=00:00:01, xdelay=00:00:00, mailer=local, pri=30607, dsn=2.0.0, stat=Sent
Jul 22 04:01:41 kibr sendmail[6709]: 06M11fLv006709: from=sergey, size=1583486, class=0, nrcpts=1, msgid=<202007220101.06M11fLv006709@mail.kibr.net>, relay=sergey@localhost
Jul 22 04:01:47 kibr sm-mta[6711]: 06M11fqI006711: from=<sergey@mail.kibr.net>, size=1583748, class=0, nrcpts=1, msgid=<202007220101.06M11fLv006709@mail.kibr.net>, proto=ESMTP, daemon=MTA, relay=localhost [127.0.0.1]
Jul 22 04:01:47 kibr sendmail[6709]: 06M11fLv006709: to=sergey, ctladdr=sergey (1003/100), delay=00:00:06, xdelay=00:00:06, mailer=relay, pri=1613486, relay=[127.0.0.1] [127.0.0.1], dsn=2.0.0, stat=Sent (06M11fqI006711 Message accepted for delivery)
Jul 22 04:01:47 kibr sm-mta[6712]: 06M11fqI006711: to=<sergey@mail.kibr.net>, ctladdr=<sergey@mail.kibr.net> (1003/100), delay=00:00:00, xdelay=00:00:00, mailer=local, pri=1613935, dsn=2.0.0, stat=Sent
Jul 22 04:40:04 kibr sendmail[7096]: 06M1e4vT007096: from=sergey, size=16631, class=0, nrcpts=1, msgid=<202007220140.06M1e4vT007096@mail.kibr.net>, relay=sergey@localhost
Jul 22 04:40:09 kibr sm-mta[7098]: 06M1e4C4007098: from=<sergey@mail.kibr.net>, size=16893, class=0, nrcpts=1, msgid=<202007220140.06M1e4vT007096@mail.kibr.net>, proto=ESMTP, daemon=MTA, relay=localhost [127.0.0.1]
Jul 22 04:40:09 kibr sendmail[7096]: 06M1e4vT007096: to=sergey, ctladdr=sergey (1003/100), delay=00:00:05, xdelay=00:00:05, mailer=relay, pri=46631, relay=[127.0.0.1] [127.0.0.1], dsn=2.0.0, stat=Sent (06M1e4C4007098 Message accepted for delivery)
Jul 22 04:40:10 kibr sm-mta[7100]: 06M1e4C4007098: to=<sergey@mail.kibr.net>, ctladdr=<sergey@mail.kibr.net> (1003/100), delay=00:00:01, xdelay=00:00:00, mailer=local, pri=47080, dsn=2.0.0, stat=Sent
Jul 22 04:42:13 kibr sendmail[7155]: 06M1gDjV007155: from=root, size=189, class=0, nrcpts=1, msgid=<202007220142.06M1gDjV007155@mail.kibr.net>, relay=root@localhost
Jul 22 04:42:19 kibr sm-mta[7157]: 06M1gEH0007157: from=<root@mail.kibr.net>, size=447, class=0, nrcpts=1, msgid=<202007220142.06M1gDjV007155@mail.kibr.net>, proto=ESMTP, daemon=MTA, relay=localhost [127.0.0.1]
Jul 22 04:42:19 kibr sendmail[7155]: 06M1gDjV007155: to=root, ctladdr=root (0/0), delay=00:00:06, xdelay=00:00:05, mailer=relay, pri=30189, relay=[127.0.0.1] [127.0.0.1], dsn=2.0.0, stat=Sent (06M1gEH0007157 Message accepted for delivery)
Jul 22 04:42:19 kibr sm-mta[7159]: 06M1gEH0007157: to=<root@mail.kibr.net>, ctladdr=<root@mail.kibr.net> (0/0), delay=00:00:00, xdelay=00:00:00, mailer=local, pri=30632, dsn=2.0.0, stat=Sent
Jul 22 04:48:15 kibr sendmail[7239]: 06M1mFql007239: from=root, size=164, class=0, nrcpts=1, msgid=<202007220148.06M1mFql007239@mail.kibr.net>, relay=root@localhost
Jul 22 04:48:21 kibr sm-mta[7241]: 06M1mGQD007241: from=<root@mail.kibr.net>, size=422, class=0, nrcpts=1, msgid=<202007220148.06M1mFql007239@mail.kibr.net>, proto=ESMTP, daemon=MTA, relay=localhost [127.0.0.1]
Jul 22 04:48:21 kibr sendmail[7239]: 06M1mFql007239: to=root, ctladdr=root (0/0), delay=00:00:06, xdelay=00:00:05, mailer=relay, pri=30164, relay=[127.0.0.1] [127.0.0.1], dsn=2.0.0, stat=Sent (06M1mGQD007241 Message accepted for delivery)
Jul 22 04:48:21 kibr sm-mta[7243]: 06M1mGQD007241: to=<root@mail.kibr.net>, ctladdr=<root@mail.kibr.net> (0/0), delay=00:00:00, xdelay=00:00:00, mailer=local, pri=30607, dsn=2.0.0, stat=Sent
Jul 22 04:53:45 kibr sm-mta[7267]: 06M1rRpj007267: ruleset=check_rcpt, arg1=<usatenko.tatjana@kibr.net>, relay=gp-card.fun [62.76.45.48], reject=550 5.7.1 <usatenko.tatjana@kibr.net>... Mail from 62.76.45.48 rejected - see sbl.spamhaus.org
Jul 22 04:53:45 kibr sm-mta[7267]: 06M1rRpj007267: lost input channel from gp-card.fun [62.76.45.48] to MTA after rcpt
Jul 22 04:53:45 kibr sm-mta[7267]: 06M1rRpj007267: from=<info@gp-card.fun>, size=0, class=0, nrcpts=0, proto=ESMTP, daemon=MTA, relay=gp-card.fun [62.76.45.48]
Jul 22 05:16:50 kibr sm-mta[7367]: 06M2GibT007367: ruleset=check_rcpt, arg1=<spameri@tiscali.it>, relay=[37.49.224.154], reject=550 5.7.1 <spameri@tiscali.it>... Relaying denied. IP name lookup failed [37.49.224.154]
Jul 22 05:16:50 kibr sm-mta[7367]: 06M2GibT007367: from=<spameri@tiscali.it>, size=0, class=0, nrcpts=0, proto=ESMTP, daemon=MTA, relay=[37.49.224.154]
Jul 22 05:47:58 kibr sendmail[7554]: 06M2lwFA007554: from=root, size=164, class=0, nrcpts=1, msgid=<202007220247.06M2lwFA007554@mail.kibr.net>, relay=root@localhost
Jul 22 05:48:03 kibr sm-mta[7556]: 06M2lw6x007556: from=<root@mail.kibr.net>, size=422, class=0, nrcpts=1, msgid=<202007220247.06M2lwFA007554@mail.kibr.net>, proto=ESMTP, daemon=MTA, relay=localhost [127.0.0.1]
Jul 22 05:48:03 kibr sendmail[7554]: 06M2lwFA007554: to=root, ctladdr=root (0/0), delay=00:00:05, xdelay=00:00:05, mailer=relay, pri=30164, relay=[127.0.0.1] [127.0.0.1], dsn=2.0.0, stat=Sent (06M2lw6x007556 Message accepted for delivery)
Jul 22 05:48:03 kibr sm-mta[7557]: 06M2lw6x007556: to=<root@mail.kibr.net>, ctladdr=<root@mail.kibr.net> (0/0), delay=00:00:00, xdelay=00:00:00, mailer=local, pri=30607, dsn=2.0.0, stat=Sent
Jul 22 05:50:13 kibr sm-mta[7566]: 06M2o6XO007566: [180.101.145.234] did not issue MAIL/EXPN/VRFY/ETRN during connection to MTA
Jul 22 06:47:53 kibr sendmail[7867]: 06M3lrEv007867: from=root, size=164, class=0, nrcpts=1, msgid=<202007220347.06M3lrEv007867@mail.kibr.net>, relay=root@localhost
Jul 22 06:47:59 kibr sm-mta[7869]: 06M3lrXH007869: from=<root@mail.kibr.net>, size=422, class=0, nrcpts=1, msgid=<202007220347.06M3lrEv007867@mail.kibr.net>, proto=ESMTP, daemon=MTA, relay=localhost [127.0.0.1]
Jul 22 06:47:59 kibr sendmail[7867]: 06M3lrEv007867: to=root, ctladdr=root (0/0), delay=00:00:06, xdelay=00:00:06, mailer=relay, pri=30164, relay=[127.0.0.1] [127.0.0.1], dsn=2.0.0, stat=Sent (06M3lrXH007869 Message accepted for delivery)
Jul 22 06:47:59 kibr sm-mta[7870]: 06M3lrXH007869: to=<root@mail.kibr.net>, ctladdr=<root@mail.kibr.net> (0/0), delay=00:00:01, xdelay=00:00:00, mailer=local, pri=30607, dsn=2.0.0, stat=Sent
Jul 22 06:53:42 kibr sm-mta[7896]: 06M3raLX007896: from=<t.malyshevska@s1.ua>, size=323630, class=0, nrcpts=1, msgid=<CAMauyj+4we8LnKxTEe3EkHy+zMJ-71nbhKEsosFpqSz0kkkg4A@mail.gmail.com>, proto=ESMTP, daemon=MTA, relay=mail-ej1-f48.google.com [209.85.218.48]
Jul 22 06:53:43 kibr sm-mta[7897]: 06M3raLX007896: to=luba, delay=00:00:01, xdelay=00:00:01, mailer=local, pri=353840, dsn=2.0.0, stat=Sent
Jul 22 07:35:51 kibr sm-mta[8080]: 06M4ZjVO008080: from=<t.malyshevska@s1.ua>, size=5211372, class=0, nrcpts=1, msgid=<CAMauyj+EcYS2YgQb=m83hwXTJUP4TFX+-5ezHqSoWWK=ZjrW=A@mail.gmail.com>, proto=ESMTP, daemon=MTA, relay=mail-ed1-f46.google.com [209.85.208.46]
Jul 22 07:35:52 kibr sm-mta[8083]: 06M4ZjVO008080: to=luba, delay=00:00:02, xdelay=00:00:01, mailer=local, pri=5241604, dsn=2.0.0, stat=Sent
Jul 22 07:40:52 kibr sm-mta[8105]: 06M4eldT008105: ip-185-32-181-100.happytechnik.cz [185.32.181.100] did not issue MAIL/EXPN/VRFY/ETRN during connection to MTA
Jul 22 07:47:53 kibr sendmail[8188]: 06M4lrpq008188: from=root, size=164, class=0, nrcpts=1, msgid=<202007220447.06M4lrpq008188@mail.kibr.net>, relay=root@localhost
Jul 22 07:47:59 kibr sm-mta[8190]: 06M4lrWF008190: from=<root@mail.kibr.net>, size=422, class=0, nrcpts=1, msgid=<202007220447.06M4lrpq008188@mail.kibr.net>, proto=ESMTP, daemon=MTA, relay=localhost [127.0.0.1]
Jul 22 07:47:59 kibr sendmail[8188]: 06M4lrpq008188: to=root, ctladdr=root (0/0), delay=00:00:06, xdelay=00:00:06, mailer=relay, pri=30164, relay=[127.0.0.1] [127.0.0.1], dsn=2.0.0, stat=Sent (06M4lrWF008190 Message accepted for delivery)
Jul 22 07:47:59 kibr sm-mta[8192]: 06M4lrWF008190: to=<root@mail.kibr.net>, ctladdr=<root@mail.kibr.net> (0/0), delay=00:00:01, xdelay=00:00:00, mailer=local, pri=30607, dsn=2.0.0, stat=Sent
Jul 22 08:05:24 kibr sm-mta[8269]: 06M55HUL008269: ip-185-32-181-100.happytechnik.cz [185.32.181.100] did not issue MAIL/EXPN/VRFY/ETRN during connection to MTA
Jul 22 08:29:20 kibr sm-mta[8375]: 06M5TEAC008375: ip-185-32-181-100.happytechnik.cz [185.32.181.100] did not issue MAIL/EXPN/VRFY/ETRN during connection to MTA
Jul 22 08:44:56 kibr sm-mta[8454]: 06M5icJ5008454: ruleset=check_rcpt, arg1=<usatenko.tatjana@kibr.net>, relay=gp-card.fun [62.76.45.48], reject=550 5.7.1 <usatenko.tatjana@kibr.net>... Mail from 62.76.45.48 rejected - see sbl.spamhaus.org
Jul 22 08:44:56 kibr sm-mta[8454]: 06M5icJ5008454: lost input channel from gp-card.fun [62.76.45.48] to MTA after rcpt
Jul 22 08:44:56 kibr sm-mta[8454]: 06M5icJ5008454: from=<info@gp-card.fun>, size=0, class=0, nrcpts=0, proto=ESMTP, daemon=MTA, relay=gp-card.fun [62.76.45.48]
Jul 22 08:48:15 kibr sendmail[8525]: 06M5mF8J008525: from=root, size=164, class=0, nrcpts=1, msgid=<202007220548.06M5mF8J008525@mail.kibr.net>, relay=root@localhost
Jul 22 08:48:26 kibr sm-mta[8527]: 06M5mGCd008527: from=<root@mail.kibr.net>, size=422, class=0, nrcpts=1, msgid=<202007220548.06M5mF8J008525@mail.kibr.net>, proto=ESMTP, daemon=MTA, relay=localhost [127.0.0.1]
Jul 22 08:48:27 kibr sendmail[8525]: 06M5mF8J008525: to=root, ctladdr=root (0/0), delay=00:00:12, xdelay=00:00:11, mailer=relay, pri=30164, relay=[127.0.0.1] [127.0.0.1], dsn=2.0.0, stat=Sent (06M5mGCd008527 Message accepted for delivery)
Jul 22 08:48:27 kibr sm-mta[8528]: 06M5mGCd008527: to=<root@mail.kibr.net>, ctladdr=<root@mail.kibr.net> (0/0), delay=00:00:06, xdelay=00:00:00, mailer=local, pri=30607, dsn=2.0.0, stat=Sent
Jul 22 08:54:04 kibr sm-mta[8564]: 06M5rxDo008564: ip-185-32-181-100.happytechnik.cz [185.32.181.100] did not issue MAIL/EXPN/VRFY/ETRN during connection to MTA
Jul 22 09:17:11 kibr sm-mta[8683]: 06M6GsUO008683: from=<a11n@ukr.net>, size=3138, class=0, nrcpts=1, msgid=<1595398613.481904000.bkmggn4l@frv52.fwdcdn.com>, proto=ESMTP, daemon=MTA, relay=frv196.fwdcdn.com [212.42.77.196]
Jul 22 09:17:11 kibr sm-mta[8687]: 06M6GsUO008683: to=tanja, delay=00:00:01, xdelay=00:00:00, mailer=local, pri=33338, dsn=2.0.0, stat=Sent
Jul 22 09:19:39 kibr sm-mta[8710]: 06M6JYJ9008710: ip-185-32-181-100.happytechnik.cz [185.32.181.100] did not issue MAIL/EXPN/VRFY/ETRN during connection to MTA
Jul 22 09:45:54 kibr sm-mta[8856]: 06M6jmCO008856: ip-185-32-181-100.happytechnik.cz [185.32.181.100] did not issue MAIL/EXPN/VRFY/ETRN during connection to MTA
Jul 22 09:48:45 kibr sendmail[8934]: 06M6mj8j008934: from=root, size=164, class=0, nrcpts=1, msgid=<202007220648.06M6mj8j008934@mail.kibr.net>, relay=root@localhost
Jul 22 09:48:52 kibr sm-mta[8936]: 06M6mjEX008936: from=<root@mail.kibr.net>, size=422, class=0, nrcpts=1, msgid=<202007220648.06M6mj8j008934@mail.kibr.net>, proto=ESMTP, daemon=MTA, relay=localhost [127.0.0.1]
Jul 22 09:48:52 kibr sendmail[8934]: 06M6mj8j008934: to=root, ctladdr=root (0/0), delay=00:00:07, xdelay=00:00:07, mailer=relay, pri=30164, relay=[127.0.0.1] [127.0.0.1], dsn=2.0.0, stat=Sent (06M6mjEX008936 Message accepted for delivery)
Jul 22 09:48:53 kibr sm-mta[8938]: 06M6mjEX008936: to=<root@mail.kibr.net>, ctladdr=<root@mail.kibr.net> (0/0), delay=00:00:03, xdelay=00:00:01, mailer=local, pri=30607, dsn=2.0.0, stat=Sent
Jul 22 09:59:00 kibr sm-mta[9003]: 06M6wsCD009003: from=<Usatenko.Tatjana@kibr.net>, size=1619984, class=0, nrcpts=3, msgid=<d10c7950-fe5a-bfce-4f63-503f74978446@kibr.net>, bodytype=8BITMIME, proto=ESMTP, daemon=MTA, relay=kibr4-8.kibr.net [192.168.0.48]
Jul 22 09:59:00 kibr sm-mta[9004]: 06M6wsCD009003: to=tanya, delay=00:00:00, xdelay=00:00:00, mailer=local, pri=1710156, dsn=2.0.0, stat=Sent
Jul 22 09:59:01 kibr sm-mta[9004]: STARTTLS=client, relay=mxs.ukr.net., version=TLSv1.3, verify=FAIL, cipher=TLS_AES_256_GCM_SHA384, bits=256/256
Jul 22 09:59:05 kibr sm-mta[9004]: 06M6wsCD009003: to=<a11n@ukr.net>,<wladimirovna2006@ukr.net>, delay=00:00:05, xdelay=00:00:05, mailer=esmtp, pri=1710156, relay=mxs.ukr.net. [212.42.75.251], dsn=2.0.0, stat=Sent (OK id=1jy8iV-0009B2-0A)
Jul 22 10:08:16 kibr sm-mta[9062]: 06M788dR009062: from=<golub.luba@kibr.net>, size=343466, class=0, nrcpts=2, msgid=<001201d65ff5$e9d5af90$bd810eb0$@kibr.net>, proto=ESMTP, daemon=MTA, relay=kibr4-4.kibr.net [192.168.0.44]
Jul 22 10:08:16 kibr sm-mta[9064]: 06M788dR009062: to=tanya, delay=00:00:03, xdelay=00:00:00, mailer=local, pri=403628, dsn=2.0.0, stat=Sent
Jul 22 10:08:19 kibr sm-mta[9064]: 06M788dR009062: to=tanja, delay=00:00:06, xdelay=00:00:03, mailer=local, pri=403628, dsn=2.0.0, stat=Sent
Jul 22 10:09:58 kibr sm-mta[9079]: 06M79rqb009079: from=<golub.luba@kibr.net>, size=272438, class=0, nrcpts=2, msgid=<001901d65ff6$2720c1a0$756244e0$@kibr.net>, proto=ESMTP, daemon=MTA, relay=kibr4-4.kibr.net [192.168.0.44]
Jul 22 10:09:59 kibr sm-mta[9081]: 06M79rqb009079: to=tanya, delay=00:00:01, xdelay=00:00:00, mailer=local, pri=332600, dsn=2.0.0, stat=Sent
Jul 22 10:09:59 kibr sm-mta[9081]: 06M79rqb009079: to=tanja, delay=00:00:01, xdelay=00:00:00, mailer=local, pri=332600, dsn=2.0.0, stat=Sent
Jul 22 10:10:31 kibr sm-mta[9086]: 06M7APdt009086: from=<golub.luba@kibr.net>, size=5220336, class=0, nrcpts=2, msgid=<002001d65ff6$39e1a110$ada4e330$@kibr.net>, proto=ESMTP, daemon=MTA, relay=kibr4-4.kibr.net [192.168.0.44]
Jul 22 10:10:32 kibr sm-mta[9093]: 06M7APdt009086: to=tanya, delay=00:00:02, xdelay=00:00:00, mailer=local, pri=5280498, dsn=2.0.0, stat=Sent
Jul 22 10:10:32 kibr sm-mta[9093]: 06M7APdt009086: to=tanja, delay=00:00:02, xdelay=00:00:00, mailer=local, pri=5280498, dsn=2.0.0, stat=Sent
Jul 22 10:12:47 kibr sm-mta[9103]: 06M7CgpN009103: ip-185-32-181-100.happytechnik.cz [185.32.181.100] did not issue MAIL/EXPN/VRFY/ETRN during connection to MTA
Jul 22 10:24:33 kibr sm-mta[9171]: 06M7OSwi009171: from=<golub.luba@kibr.net>, size=179480, class=0, nrcpts=3, msgid=<002701d65ff8$30a02ca0$91e085e0$@kibr.net>, proto=ESMTP, daemon=MTA, relay=kibr4-4.kibr.net [192.168.0.44]
Jul 22 10:24:34 kibr sm-mta[9173]: STARTTLS=client, relay=aspmx.l.google.com., version=TLSv1.3, verify=FAIL, cipher=TLS_AES_256_GCM_SHA384, bits=256/256
Jul 22 10:24:35 kibr sm-mta[9173]: 06M7OSwi009171: to=<t.malyshevska@s1.ua>,<s.danilyuk@s1.ua>, delay=00:00:02, xdelay=00:00:01, mailer=esmtp, pri=359480, relay=aspmx.l.google.com. [173.194.73.26], dsn=2.0.0, stat=Sent (OK  1595402675 b11si11309941ljk.219 - gsmtp)
Jul 22 10:24:36 kibr sm-mta[9173]: STARTTLS=client, relay=mxs.ukr.net., version=TLSv1.3, verify=FAIL, cipher=TLS_AES_256_GCM_SHA384, bits=256/256
Jul 22 10:24:37 kibr sm-mta[9173]: 06M7OSwi009171: to=<victori_72@ukr.net>, delay=00:00:04, xdelay=00:00:02, mailer=esmtp, pri=359480, relay=mxs.ukr.net. [212.42.75.251], dsn=2.0.0, stat=Sent (OK id=1jy97F-0007Z5-1K)
Jul 22 10:36:55 kibr sm-mta[9253]: 06M7ao0p009253: ip-185-32-181-100.happytechnik.cz [185.32.181.100] did not issue MAIL/EXPN/VRFY/ETRN during connection to MTA
Jul 22 10:44:18 kibr sm-mta[9297]: 06M7hxeu009297: from=<bounce-mc.us7_18195139.168726-0258eee8a7@mail58.atl261.mcdlv.net>, size=65734, class=0, nrcpts=1, msgid=<473cbd8586b809acf4bf00c83.0258eee8a7.20200722074332.108e5cb257.0c4c4ff0@mail58.atl261.mcdlv.net>, proto=ESMTP, daemon=MTA, relay=mail58.atl261.mcdlv.net [198.2.142.58]
Jul 22 10:44:19 kibr sm-mta[9300]: 06M7hxeu009297: to=lena, delay=00:00:01, xdelay=00:00:00, mailer=local, pri=95936, dsn=2.0.0, stat=Sent
Jul 22 10:48:45 kibr sendmail[9388]: 06M7mjP3009388: from=root, size=164, class=0, nrcpts=1, msgid=<202007220748.06M7mjP3009388@mail.kibr.net>, relay=root@localhost
Jul 22 10:48:52 kibr sm-mta[9390]: 06M7mjIZ009390: from=<root@mail.kibr.net>, size=422, class=0, nrcpts=1, msgid=<202007220748.06M7mjP3009388@mail.kibr.net>, proto=ESMTP, daemon=MTA, relay=localhost [127.0.0.1]
Jul 22 10:48:52 kibr sendmail[9388]: 06M7mjP3009388: to=root, ctladdr=root (0/0), delay=00:00:07, xdelay=00:00:07, mailer=relay, pri=30164, relay=[127.0.0.1] [127.0.0.1], dsn=2.0.0, stat=Sent (06M7mjIZ009390 Message accepted for delivery)
Jul 22 10:48:53 kibr sm-mta[9391]: 06M7mjIZ009390: to=<root@mail.kibr.net>, ctladdr=<root@mail.kibr.net> (0/0), delay=00:00:03, xdelay=00:00:00, mailer=local, pri=30607, dsn=2.0.0, stat=Sent
Jul 22 10:57:45 kibr sm-mta[9449]: 06M7vdr8009449: from=<y.barabanova@s1.ua>, size=57817, class=0, nrcpts=1, msgid=<CAOjunKfnCPgw3FHz7YMnKfrYUMemEGgc_jTGiOAxSgM75PQ4Gg@mail.gmail.com>, proto=ESMTP, daemon=MTA, relay=mail-qk1-f176.google.com [209.85.222.176]
Jul 22 10:57:46 kibr sm-mta[9451]: 06M7vdr8009449: to=luba, delay=00:00:01, xdelay=00:00:00, mailer=local, pri=88044, dsn=2.0.0, stat=Sent
Jul 22 10:59:31 kibr sm-mta[9468]: 06M7xHcq009468: ruleset=check_rcpt, arg1=<contact@kibr.net>, relay=194-58-39-236.cloudvps.regruhosting.ru [194.58.39.236] (may be forged), reject=550 5.7.1 <contact@kibr.net>... Mail from 194.58.39.236 rejected - see sbl.spamhaus.org
Jul 22 10:59:31 kibr sm-mta[9468]: 06M7xHcq009468: from=<support@paynemt.com>, size=0, class=0, nrcpts=0, bodytype=8BITMIME, proto=ESMTP, daemon=MTA, relay=194-58-39-236.cloudvps.regruhosting.ru [194.58.39.236] (may be forged)
Jul 22 11:01:14 kibr sm-mta[9477]: 06M819Za009477: ip-185-32-181-100.happytechnik.cz [185.32.181.100] did not issue MAIL/EXPN/VRFY/ETRN during connection to MTA
Jul 22 11:01:37 kibr sm-mta[9480]: 06M81W5E009480: from=<Kadilnikova.Natalja@kibr.net>, size=21165, class=0, nrcpts=1, msgid=<5803466c-f955-39fd-f580-e346b7ccab0b@kibr.net>, bodytype=8BITMIME, proto=ESMTP, daemon=MTA, relay=kibr4-7.kibr.net [192.168.0.47]
Jul 22 11:01:38 kibr sm-mta[9482]: STARTTLS=client, relay=mxs.ukr.net., version=TLSv1.3, verify=FAIL, cipher=TLS_AES_256_GCM_SHA384, bits=256/256
Jul 22 11:01:39 kibr sm-mta[9482]: 06M81W5E009480: to=<nat21@ukr.net>, delay=00:00:02, xdelay=00:00:02, mailer=esmtp, pri=141165, relay=mxs.ukr.net. [212.42.75.251], dsn=2.0.0, stat=Sent (OK id=1jy9h5-000BlL-2S)
Jul 22 11:02:42 kibr sm-mta[9495]: 06M82bGU009495: from=<t.malyshevska@s1.ua>, size=354138, class=0, nrcpts=1, msgid=<CAMauyjLqpQ6i8t7LJ=tLSGMDjixJ4i8LQW+RUCGGPApGrZXxLw@mail.gmail.com>, proto=ESMTP, daemon=MTA, relay=mail-ed1-f51.google.com [209.85.208.51]
Jul 22 11:02:43 kibr sm-mta[9496]: 06M82bGU009495: to=luba, delay=00:00:01, xdelay=00:00:00, mailer=local, pri=384348, dsn=2.0.0, stat=Sent
Jul 22 11:08:14 kibr sm-mta[9537]: 06M887wt009537: from=<golub.luba@kibr.net>, size=100958, class=0, nrcpts=6, msgid=<003301d65ffe$49abb510$dd031f30$@kibr.net>, proto=ESMTP, daemon=MTA, relay=kibr4-4.kibr.net [192.168.0.44]
Jul 22 11:08:20 kibr sm-mta[9543]: STARTTLS=client, relay=aspmx.l.google.com., version=TLSv1.3, verify=FAIL, cipher=TLS_AES_256_GCM_SHA384, bits=256/256
Jul 22 11:08:22 kibr sm-mta[9543]: 06M887wt009537: to=<v.pavlushyn@s1.ua>,<t.malyshevska@s1.ua>,<s.fitel@s1.ua>,<s.danilyuk@s1.ua>,<a.bosova@s1.ua>, delay=00:00:10, xdelay=00:00:03, mailer=esmtp, pri=370958, relay=aspmx.l.google.com. [64.233.165.27], dsn=2.0.0, stat=Sent (OK  1595405302 y20si6619895lfj.158 - gsmtp)
Jul 22 11:08:22 kibr sm-mta[9543]: STARTTLS=client, relay=mxs.ukr.net., version=TLSv1.3, verify=FAIL, cipher=TLS_AES_256_GCM_SHA384, bits=256/256
Jul 22 11:08:23 kibr sm-mta[9543]: 06M887wt009537: to=<victori_72@ukr.net>, delay=00:00:11, xdelay=00:00:01, mailer=esmtp, pri=370958, relay=mxs.ukr.net. [212.42.75.251], dsn=2.0.0, stat=Sent (OK id=1jy9nb-000BFb-LF)
Jul 22 11:26:11 kibr sm-mta[9652]: 06M8Q5CE009652: ip-185-32-181-100.happytechnik.cz [185.32.181.100] did not issue MAIL/EXPN/VRFY/ETRN during connection to MTA
Jul 22 11:30:34 kibr sm-mta[9683]: 06M8UTnr009683: from=<golub.luba@kibr.net>, size=933914, class=0, nrcpts=1, msgid=<003901d66001$69911d40$3cb357c0$@kibr.net>, proto=ESMTP, daemon=MTA, relay=kibr4-4.kibr.net [192.168.0.44]
Jul 22 11:30:37 kibr sm-mta[9684]: 06M8UTnr009683: to=tanja, delay=00:00:03, xdelay=00:00:02, mailer=local, pri=964103, dsn=2.0.0, stat=Sent
Jul 22 11:31:33 kibr sm-mta[9690]: 06M8VSWD009690: from=<golub.luba@kibr.net>, size=509271, class=0, nrcpts=1, msgid=<003d01d66001$8c9706b0$a5c51410$@kibr.net>, proto=ESMTP, daemon=MTA, relay=kibr4-4.kibr.net [192.168.0.44]
Jul 22 11:31:34 kibr sm-mta[9703]: 06M8VSWD009690: to=tanja, delay=00:00:01, xdelay=00:00:01, mailer=local, pri=539460, dsn=2.0.0, stat=Sent
Jul 22 11:33:38 kibr sm-mta[9712]: 06M8XWJd009712: from=<Kadilnikova.Natalja@kibr.net>, size=22447, class=0, nrcpts=1, msgid=<23800c25-4794-bc05-8684-b812a9600734@kibr.net>, bodytype=8BITMIME, proto=ESMTP, daemon=MTA, relay=kibr4-7.kibr.net [192.168.0.47]
Jul 22 11:33:38 kibr sm-mta[9714]: STARTTLS=client, relay=gmail-smtp-in.l.google.com., version=TLSv1.3, verify=FAIL, cipher=TLS_AES_256_GCM_SHA384, bits=256/256
Jul 22 11:33:39 kibr sm-mta[9714]: 06M8XWJd009712: to=<milalife78@gmail.com>, delay=00:00:01, xdelay=00:00:01, mailer=esmtp, pri=142447, relay=gmail-smtp-in.l.google.com. [64.233.165.26], dsn=2.0.0, stat=Sent (OK  1595406819 s7si12278302ljg.20 - gsmtp)
Jul 22 11:36:11 kibr sm-mta[9727]: 06M8ZuLH009727: from=<postman739202@eml-base.com>, size=96863, class=-60, nrcpts=1, msgid=<E1jyAEG-8s8deU-MJ@ucs201-ucs-13.msgpanel.com>, bodytype=8BITMIME, proto=ESMTP, daemon=MTA, relay=smtp205.emlone.com [84.237.210.97]
Jul 22 11:36:12 kibr sm-mta[9729]: 06M8ZuLH009727: to=lena, delay=00:00:01, xdelay=00:00:01, mailer=local, pri=235058, dsn=2.0.0, stat=Sent
Jul 22 11:40:16 kibr sm-mta[9758]: 06M8e9Bf009758: <golub@kibr.net>... User unknown
Jul 22 11:40:16 kibr sm-mta[9758]: 06M8e9Bf009758: from=<news@meta-inform.com>, size=31684, class=0, nrcpts=0, proto=ESMTP, daemon=MTA, relay=main.meta-inform.com [195.138.71.194]
Jul 22 11:45:17 kibr sm-mta[9787]: 06M8jCbk009787: from=<golub.luba@kibr.net>, size=25223, class=0, nrcpts=8, msgid=<004101d66003$78063750$6812a5f0$@kibr.net>, proto=ESMTP, daemon=MTA, relay=kibr4-4.kibr.net [192.168.0.44]
Jul 22 11:45:18 kibr sm-mta[9789]: STARTTLS=client, relay=aspmx.l.google.com., version=TLSv1.3, verify=FAIL, cipher=TLS_AES_256_GCM_SHA384, bits=256/256
Jul 22 11:45:19 kibr sm-mta[9789]: 06M8jCbk009787: to=<a.bahmach@kdd.ua>, delay=00:00:02, xdelay=00:00:01, mailer=esmtp, pri=355223, relay=aspmx.l.google.com. [173.194.222.26], dsn=4.3.0, stat=Deferred: 451-4.3.0 Multiple destination domains per transaction is unsupported.  Please
Jul 22 11:45:19 kibr sm-mta[9789]: 06M8jCbk009787: to=<v.pavlushyn@s1.ua>,<t.malyshevska@s1.ua>,<s.fitel@s1.ua>,<s.danilyuk@s1.ua>,<o.smyrnov@s1.ua>,<a.bosova@s1.ua>, delay=00:00:02, xdelay=00:00:01, mailer=esmtp, pri=355223, relay=aspmx.l.google.com. [173.194.222.26], dsn=2.0.0, stat=Sent (OK  1595407519 j16si12020379ljg.377 - gsmtp)
Jul 22 11:45:26 kibr sm-mta[9789]: STARTTLS=client, relay=mx.kdd.ua., version=TLSv1.2, verify=FAIL, cipher=ECDHE-RSA-AES256-GCM-SHA384, bits=256/256
Jul 22 11:45:26 kibr sm-mta[9789]: 06M8jCbk009787: to=<a.bahmach@kdd.ua>, delay=00:00:09, xdelay=00:00:08, mailer=esmtp, pri=355223, relay=mx.kdd.ua. [195.201.212.224], dsn=2.0.0, stat=Sent (Ok: queued as D950C8A6D1C98)
Jul 22 11:45:26 kibr sm-mta[9789]: STARTTLS=client, relay=mxs.ukr.net., version=TLSv1.3, verify=FAIL, cipher=TLS_AES_256_GCM_SHA384, bits=256/256
Jul 22 11:45:27 kibr sm-mta[9789]: 06M8jCbk009787: to=<victori_72@ukr.net>, delay=00:00:10, xdelay=00:00:01, mailer=esmtp, pri=355223, relay=mxs.ukr.net. [212.42.75.251], dsn=2.0.0, stat=Sent (OK id=1jyANT-000JMG-Gd)
Jul 22 11:47:50 kibr sm-mta[9844]: 06M8libT009844: from=<s.fitel@s1.ua>, size=34900, class=0, nrcpts=1, msgid=<1aee483c-94c6-4ab8-97ff-253fa7681536@s1.ua>, proto=ESMTP, daemon=MTA, relay=mail-qv1-f47.google.com [209.85.219.47]
Jul 22 11:47:50 kibr sm-mta[9845]: 06M8libT009844: to=luba, delay=00:00:01, xdelay=00:00:00, mailer=local, pri=65137, dsn=2.0.0, stat=Sent
Jul 22 11:48:25 kibr sendmail[9875]: 06M8mPaa009875: from=root, size=164, class=0, nrcpts=1, msgid=<202007220848.06M8mPaa009875@mail.kibr.net>, relay=root@localhost
Jul 22 11:48:30 kibr sm-mta[9879]: 06M8mP7i009879: from=<root@mail.kibr.net>, size=422, class=0, nrcpts=1, msgid=<202007220848.06M8mPaa009875@mail.kibr.net>, proto=ESMTP, daemon=MTA, relay=localhost [127.0.0.1]
Jul 22 11:48:30 kibr sendmail[9875]: 06M8mPaa009875: to=root, ctladdr=root (0/0), delay=00:00:05, xdelay=00:00:05, mailer=relay, pri=30164, relay=[127.0.0.1] [127.0.0.1], dsn=2.0.0, stat=Sent (06M8mP7i009879 Message accepted for delivery)
Jul 22 11:48:31 kibr sm-mta[9880]: 06M8mP7i009879: to=<root@mail.kibr.net>, ctladdr=<root@mail.kibr.net> (0/0), delay=00:00:01, xdelay=00:00:00, mailer=local, pri=30607, dsn=2.0.0, stat=Sent
Jul 22 11:55:31 kibr sm-mta[9921]: 06M8tPuq009921: ip-185-32-181-100.happytechnik.cz [185.32.181.100] did not issue MAIL/EXPN/VRFY/ETRN during connection to MTA
Jul 22 12:00:53 kibr sm-mta[9954]: 06M90ba1009954: <loan@kibr.net>... User unknown
Jul 22 12:00:54 kibr sm-mta[9954]: 06M90ba1009954: from=<apache@mail.agropravda.com>, size=13798, class=0, nrcpts=0, proto=ESMTP, daemon=MTA, relay=autoconsulting.shalb.com [91.224.11.76]
Jul 22 12:15:07 kibr sm-mta[10037]: 06M9F17Q010037: from=<t.malyshevska@s1.ua>, size=283657, class=0, nrcpts=1, msgid=<CAMauyjKHyzUfy1RyX5STykxz1vz+Px8SXu6t7yQUm9qOdHD2rg@mail.gmail.com>, proto=ESMTP, daemon=MTA, relay=mail-ed1-f53.google.com [209.85.208.53]
Jul 22 12:15:07 kibr sm-mta[10042]: 06M9F17Q010037: to=luba, delay=00:00:01, xdelay=00:00:00, mailer=local, pri=313862, dsn=2.0.0, stat=Sent
Jul 22 12:20:27 kibr sm-mta[10083]: 06M9KMD9010083: ip-185-32-181-100.happytechnik.cz [185.32.181.100] did not issue MAIL/EXPN/VRFY/ETRN during connection to MTA
Jul 22 12:44:33 kibr sm-mta[10220]: 06M9iStA010220: ip-185-32-181-100.happytechnik.cz [185.32.181.100] did not issue MAIL/EXPN/VRFY/ETRN during connection to MTA
Jul 22 12:48:35 kibr sendmail[10348]: 06M9mZcb010348: from=root, size=164, class=0, nrcpts=1, msgid=<202007220948.06M9mZcb010348@mail.kibr.net>, relay=root@localhost
Jul 22 12:48:40 kibr sm-mta[10351]: 06M9mZJn010351: from=<root@mail.kibr.net>, size=422, class=0, nrcpts=1, msgid=<202007220948.06M9mZcb010348@mail.kibr.net>, proto=ESMTP, daemon=MTA, relay=localhost [127.0.0.1]
Jul 22 12:48:40 kibr sendmail[10348]: 06M9mZcb010348: to=root, ctladdr=root (0/0), delay=00:00:05, xdelay=00:00:05, mailer=relay, pri=30164, relay=[127.0.0.1] [127.0.0.1], dsn=2.0.0, stat=Sent (06M9mZJn010351 Message accepted for delivery)
Jul 22 12:48:41 kibr sm-mta[10354]: 06M9mZJn010351: to=<root@mail.kibr.net>, ctladdr=<root@mail.kibr.net> (0/0), delay=00:00:01, xdelay=00:00:01, mailer=local, pri=30607, dsn=2.0.0, stat=Sent
Jul 22 12:52:17 kibr sm-mta[10395]: 06M9qCRf010395: [185.234.219.14] did not issue MAIL/EXPN/VRFY/ETRN during connection to MTA
Jul 22 13:07:53 kibr sm-mta[10489]: 06MA7mrF010489: ip-185-32-181-100.happytechnik.cz [185.32.181.100] did not issue MAIL/EXPN/VRFY/ETRN during connection to MTA
Jul 22 13:09:52 kibr sm-mta[10505]: 06MA9kj8010505: from=<kamoret2018@gmail.com>, size=57890, class=0, nrcpts=1, msgid=<CA+9eDrwob6Wn2LZ2zoBQUb0TrS5BZrMn0KJRepODFQwZDW4ekQ@mail.gmail.com>, proto=ESMTP, daemon=MTA, relay=mail-wm1-f43.google.com [209.85.128.43]
Jul 22 13:09:52 kibr sm-mta[10508]: 06MA9kj8010505: to=luba, delay=00:00:00, xdelay=00:00:00, mailer=local, pri=88095, dsn=2.0.0, stat=Sent
Jul 22 13:14:05 kibr sm-mta[10527]: 06MAE56A010527: rejecting commands from zg-0708b-319.stretchoid.com [162.243.129.67] due to pre-greeting traffic after 0 seconds
Jul 22 13:15:30 kibr sm-mta[10542]: 06MAFPX9010542: from=<t.malyshevska@s1.ua>, size=9710, class=0, nrcpts=1, msgid=<CAMauyj+y+i8q+o9fat9sTAW3aRzbhG_GXAg18ESn75MhbNUQag@mail.gmail.com>, proto=ESMTP, daemon=MTA, relay=mail-ed1-f53.google.com [209.85.208.53]
Jul 22 13:15:31 kibr sm-mta[10544]: 06MAFPX9010542: to=luba, delay=00:00:01, xdelay=00:00:00, mailer=local, pri=39915, dsn=2.0.0, stat=Sent
Jul 22 13:31:21 kibr sm-mta[10641]: 06MAVFMN010641: ip-185-32-181-100.happytechnik.cz [185.32.181.100] did not issue MAIL/EXPN/VRFY/ETRN during connection to MTA
Jul 22 13:41:47 kibr sm-mta[10701]: 06MAfe4t010701: from=<y.barabanova@s1.ua>, size=8032946, class=0, nrcpts=1, msgid=<CAOjunKecoGnAh=LHscDLqPRZYVXkg5ztJ8v_XpYPJwM=2Zn1kQ@mail.gmail.com>, proto=ESMTP, daemon=MTA, relay=mail-qk1-f174.google.com [209.85.222.174]
Jul 22 13:41:47 kibr sm-mta[10704]: 06MAfe4t010701: to=luba, delay=00:00:02, xdelay=00:00:00, mailer=local, pri=8063175, dsn=2.0.0, stat=Sent
Jul 22 13:48:41 kibr sendmail[10812]: 06MAmf0X010812: from=root, size=164, class=0, nrcpts=1, msgid=<202007221048.06MAmf0X010812@mail.kibr.net>, relay=root@localhost
Jul 22 13:48:49 kibr sm-mta[10814]: 06MAmfY0010814: from=<root@mail.kibr.net>, size=422, class=0, nrcpts=1, msgid=<202007221048.06MAmf0X010812@mail.kibr.net>, proto=ESMTP, daemon=MTA, relay=localhost [127.0.0.1]
Jul 22 13:48:49 kibr sendmail[10812]: 06MAmf0X010812: to=root, ctladdr=root (0/0), delay=00:00:08, xdelay=00:00:08, mailer=relay, pri=30164, relay=[127.0.0.1] [127.0.0.1], dsn=2.0.0, stat=Sent (06MAmfY0010814 Message accepted for delivery)
Jul 22 13:48:49 kibr sm-mta[10815]: 06MAmfY0010814: to=<root@mail.kibr.net>, ctladdr=<root@mail.kibr.net> (0/0), delay=00:00:02, xdelay=00:00:00, mailer=local, pri=30607, dsn=2.0.0, stat=Sent
Jul 22 13:54:31 kibr sm-mta[10850]: 06MAsQ3J010850: ip-185-32-181-100.happytechnik.cz [185.32.181.100] did not issue MAIL/EXPN/VRFY/ETRN during connection to MTA
Jul 22 14:07:36 kibr sm-mta[10922]: 06MB7U9N010922: [103.133.105.65] did not issue MAIL/EXPN/VRFY/ETRN during connection to MTA
Jul 22 14:17:43 kibr sm-mta[10985]: 06MBHbD1010985: ip-185-32-181-100.happytechnik.cz [185.32.181.100] did not issue MAIL/EXPN/VRFY/ETRN during connection to MTA
Jul 22 14:27:14 kibr sm-mta[11030]: 06MBQugB011030: from=<0673636368@ukr.net>, size=40989, class=0, nrcpts=1, msgid=<1595417214.661807000.jmt87fx8@frv50.fwdcdn.com>, proto=ESMTP, daemon=MTA, relay=frv191.fwdcdn.com [212.42.77.191]
Jul 22 14:27:15 kibr sm-mta[11038]: 06MBQugB011030: to=tanja, delay=00:00:01, xdelay=00:00:01, mailer=local, pri=71191, dsn=2.0.0, stat=Sent
Jul 22 14:30:25 kibr sm-mta[11063]: 06MBUJUo011063: from=<0673636368@ukr.net>, size=41040, class=0, nrcpts=1, msgid=<1595417390.91050000.31dy2ete@frv50.fwdcdn.com>, proto=ESMTP, daemon=MTA, relay=frv190.fwdcdn.com [212.42.77.190]
Jul 22 14:30:25 kibr sm-mta[11065]: 06MBUJUo011063: to=tanja, delay=00:00:00, xdelay=00:00:00, mailer=local, pri=71242, dsn=2.0.0, stat=Sent
Jul 22 14:40:59 kibr sm-mta[11126]: 06MBesIF011126: ip-185-32-181-100.happytechnik.cz [185.32.181.100] did not issue MAIL/EXPN/VRFY/ETRN during connection to MTA
Jul 22 14:48:47 kibr sendmail[11244]: 06MBmlmC011244: from=root, size=164, class=0, nrcpts=1, msgid=<202007221148.06MBmlmC011244@mail.kibr.net>, relay=root@localhost
Jul 22 14:48:55 kibr sm-mta[11246]: 06MBmlwf011246: from=<root@mail.kibr.net>, size=422, class=0, nrcpts=1, msgid=<202007221148.06MBmlmC011244@mail.kibr.net>, proto=ESMTP, daemon=MTA, relay=localhost [127.0.0.1]
Jul 22 14:48:55 kibr sendmail[11244]: 06MBmlmC011244: to=root, ctladdr=root (0/0), delay=00:00:08, xdelay=00:00:08, mailer=relay, pri=30164, relay=[127.0.0.1] [127.0.0.1], dsn=2.0.0, stat=Sent (06MBmlwf011246 Message accepted for delivery)
Jul 22 14:48:55 kibr sm-mta[11247]: 06MBmlwf011246: to=<root@mail.kibr.net>, ctladdr=<root@mail.kibr.net> (0/0), delay=00:00:03, xdelay=00:00:00, mailer=local, pri=30607, dsn=2.0.0, stat=Sent
Jul 22 15:04:14 kibr sm-mta[11334]: 06MC48Tk011334: ip-185-32-181-100.happytechnik.cz [185.32.181.100] did not issue MAIL/EXPN/VRFY/ETRN during connection to MTA
Jul 22 15:11:22 kibr sm-mta[11379]: 06MCBFGK011379: from=<y.barabanova@s1.ua>, size=2364993, class=0, nrcpts=1, msgid=<CAOjunKcu0z553OyuDRKTXXyti04231VY=+MsNJHdMwkwLz+CPg@mail.gmail.com>, proto=ESMTP, daemon=MTA, relay=mail-qt1-f177.google.com [209.85.160.177]
Jul 22 15:11:22 kibr sm-mta[11380]: 06MCBFGK011379: to=luba, delay=00:00:01, xdelay=00:00:00, mailer=local, pri=2395222, dsn=2.0.0, stat=Sent
Jul 22 15:27:18 kibr sm-mta[11474]: 06MCRDYR011474: ip-185-32-181-100.happytechnik.cz [185.32.181.100] did not issue MAIL/EXPN/VRFY/ETRN during connection to MTA
Jul 22 15:48:44 kibr sendmail[11667]: 06MCmiDl011667: from=root, size=164, class=0, nrcpts=1, msgid=<202007221248.06MCmiDl011667@mail.kibr.net>, relay=root@localhost
Jul 22 15:48:56 kibr sm-mta[11669]: 06MCmi1w011669: from=<root@mail.kibr.net>, size=422, class=0, nrcpts=1, msgid=<202007221248.06MCmiDl011667@mail.kibr.net>, proto=ESMTP, daemon=MTA, relay=localhost [127.0.0.1]
Jul 22 15:48:56 kibr sendmail[11667]: 06MCmiDl011667: to=root, ctladdr=root (0/0), delay=00:00:12, xdelay=00:00:12, mailer=relay, pri=30164, relay=[127.0.0.1] [127.0.0.1], dsn=2.0.0, stat=Sent (06MCmi1w011669 Message accepted for delivery)
Jul 22 15:48:56 kibr sm-mta[11671]: 06MCmi1w011669: to=<root@mail.kibr.net>, ctladdr=<root@mail.kibr.net> (0/0), delay=00:00:06, xdelay=00:00:00, mailer=local, pri=30607, dsn=2.0.0, stat=Sent
Jul 22 15:50:20 kibr sm-mta[11683]: 06MCoFLq011683: ip-185-32-181-100.happytechnik.cz [185.32.181.100] did not issue MAIL/EXPN/VRFY/ETRN during connection to MTA
Jul 22 16:01:30 kibr sm-mta[11751]: 06MD1Gfa011751: [2.57.122.202] did not issue MAIL/EXPN/VRFY/ETRN during connection to MTA
Jul 22 16:01:36 kibr sm-mta[11753]: 06MD1VDd011753: ruleset=check_rcpt, arg1=<meregion69@gmail.com>, relay=[2.57.122.202], reject=550 5.7.1 <meregion69@gmail.com>... Relaying denied. IP name lookup failed [2.57.122.202]
Jul 22 16:01:36 kibr sm-mta[11753]: 06MD1VDd011753: lost input channel from [2.57.122.202] to MTA after rcpt
Jul 22 16:01:36 kibr sm-mta[11753]: 06MD1VDd011753: from=<info@kibr.net>, size=0, class=0, nrcpts=0, proto=ESMTP, daemon=MTA, relay=[2.57.122.202]
Jul 22 16:05:37 kibr sm-mta[11782]: 06MD5Vxb011782: from=<t.malyshevska@s1.ua>, size=1182349, class=0, nrcpts=1, msgid=<CAMauyjLFR7qF8MY1GyGKwfZxNhROgJyzKys-fxbQ0PwuA_BsJg@mail.gmail.com>, proto=ESMTP, daemon=MTA, relay=mail-ed1-f48.google.com [209.85.208.48]
Jul 22 16:05:37 kibr sm-mta[11783]: 06MD5Vxb011782: to=luba, delay=00:00:01, xdelay=00:00:00, mailer=local, pri=1212579, dsn=2.0.0, stat=Sent
Jul 22 16:09:12 kibr sm-mta[11807]: 06MD96J5011807: from=<golub.luba@kibr.net>, size=16637, class=0, nrcpts=1, msgid=<000f01d66028$55459470$ffd0bd50$@kibr.net>, proto=ESMTP, daemon=MTA, relay=kibr4-4.kibr.net [192.168.0.44]
Jul 22 16:09:12 kibr sm-mta[11818]: STARTTLS=client, relay=mxs.ukr.net., version=TLSv1.3, verify=FAIL, cipher=TLS_AES_256_GCM_SHA384, bits=256/256
Jul 22 16:09:13 kibr sm-mta[11818]: 06MD96J5011807: to=<victori_72@ukr.net>, delay=00:00:02, xdelay=00:00:01, mailer=esmtp, pri=136637, relay=mxs.ukr.net. [212.42.75.251], dsn=2.0.0, stat=Sent (OK id=1jyEUj-0002BK-GJ)
Jul 22 16:13:19 kibr sm-mta[11831]: 06MDDE7H011831: ip-185-32-181-100.happytechnik.cz [185.32.181.100] did not issue MAIL/EXPN/VRFY/ETRN during connection to MTA
Jul 22 16:36:47 kibr sm-mta[11966]: 06MDaggM011966: ip-185-32-181-100.happytechnik.cz [185.32.181.100] did not issue MAIL/EXPN/VRFY/ETRN during connection to MTA
Jul 22 16:48:42 kibr sendmail[12108]: 06MDmgWG012108: from=root, size=164, class=0, nrcpts=1, msgid=<202007221348.06MDmgWG012108@mail.kibr.net>, relay=root@localhost
Jul 22 16:48:50 kibr sm-mta[12110]: 06MDmht6012110: from=<root@mail.kibr.net>, size=422, class=0, nrcpts=1, msgid=<202007221348.06MDmgWG012108@mail.kibr.net>, proto=ESMTP, daemon=MTA, relay=localhost [127.0.0.1]
Jul 22 16:48:51 kibr sendmail[12108]: 06MDmgWG012108: to=root, ctladdr=root (0/0), delay=00:00:09, xdelay=00:00:08, mailer=relay, pri=30164, relay=[127.0.0.1] [127.0.0.1], dsn=2.0.0, stat=Sent (06MDmht6012110 Message accepted for delivery)
Jul 22 16:48:52 kibr sm-mta[12112]: 06MDmht6012110: to=<root@mail.kibr.net>, ctladdr=<root@mail.kibr.net> (0/0), delay=00:00:04, xdelay=00:00:01, mailer=local, pri=30607, dsn=2.0.0, stat=Sent
Jul 22 16:59:45 kibr sm-mta[12177]: 06MDxeEh012177: ip-185-32-181-100.happytechnik.cz [185.32.181.100] did not issue MAIL/EXPN/VRFY/ETRN during connection to MTA
Jul 22 17:04:12 kibr sm-mta[12199]: 06ME3rtT012199: from=<BChopovska@globusbank.com.ua>, size=6868, class=0, nrcpts=2, msgid=<d88163bd-1fa4-0f0d-53f0-2a96db0a2dc0@globusbank.com.ua>, bodytype=8BITMIME, proto=ESMTP, daemon=MTA, relay=mail.globusbank.com.ua [77.222.141.243]
Jul 22 17:04:14 kibr sm-mta[12201]: 06ME3rtT012199: to=luba, delay=00:00:03, xdelay=00:00:00, mailer=local, pri=67091, dsn=2.0.0, stat=Sent
Jul 22 17:04:15 kibr sm-mta[12201]: 06ME3rtT012199: to=tanja, delay=00:00:04, xdelay=00:00:01, mailer=local, pri=67091, dsn=2.0.0, stat=Sent
Jul 22 17:19:43 kibr sm-mta[12287]: 06MEJhoF012287: [2.57.122.202] did not issue MAIL/EXPN/VRFY/ETRN during connection to MTA
Jul 22 17:19:49 kibr sm-mta[12288]: 06MEJhKN012288: ruleset=check_rcpt, arg1=<meregion69@gmail.com>, relay=[2.57.122.202], reject=550 5.7.1 <meregion69@gmail.com>... Relaying denied. IP name lookup failed [2.57.122.202]
Jul 22 17:19:49 kibr sm-mta[12288]: 06MEJhKN012288: lost input channel from [2.57.122.202] to MTA after rcpt
Jul 22 17:19:49 kibr sm-mta[12288]: 06MEJhKN012288: from=<info@kibr.net>, size=0, class=0, nrcpts=0, proto=ESMTP, daemon=MTA, relay=[2.57.122.202]
Jul 22 17:22:52 kibr sm-mta[12299]: 06MEMhNB012299: ip-185-32-181-100.happytechnik.cz [185.32.181.100] did not issue MAIL/EXPN/VRFY/ETRN during connection to MTA
Jul 22 17:27:14 kibr sm-mta[12318]: 06MEQqTM012318: from=<victori_72@ukr.net>, size=16615, class=0, nrcpts=1, msgid=<1595427961.270279000.qcdkfgoe@frv50.fwdcdn.com>, proto=ESMTP, daemon=MTA, relay=frv197.fwdcdn.com [212.42.77.197]
Jul 22 17:27:14 kibr sm-mta[12321]: 06MEQqTM012318: to=luba, delay=00:00:00, xdelay=00:00:00, mailer=local, pri=46808, dsn=2.0.0, stat=Sent
Jul 22 17:46:00 kibr sm-mta[12425]: 06MEjt5W012425: ip-185-32-181-100.happytechnik.cz [185.32.181.100] did not issue MAIL/EXPN/VRFY/ETRN during connection to MTA
Jul 22 17:48:44 kibr sendmail[12506]: 06MEmi8w012506: from=root, size=164, class=0, nrcpts=1, msgid=<202007221448.06MEmi8w012506@mail.kibr.net>, relay=root@localhost
Jul 22 17:48:53 kibr sm-mta[12509]: 06MEmiFD012509: from=<root@mail.kibr.net>, size=422, class=0, nrcpts=1, msgid=<202007221448.06MEmi8w012506@mail.kibr.net>, proto=ESMTP, daemon=MTA, relay=localhost [127.0.0.1]
Jul 22 17:48:55 kibr sendmail[12506]: 06MEmi8w012506: to=root, ctladdr=root (0/0), delay=00:00:11, xdelay=00:00:11, mailer=relay, pri=30164, relay=[127.0.0.1] [127.0.0.1], dsn=2.0.0, stat=Sent (06MEmiFD012509 Message accepted for delivery)
Jul 22 17:48:56 kibr sm-mta[12510]: 06MEmiFD012509: to=<root@mail.kibr.net>, ctladdr=<root@mail.kibr.net> (0/0), delay=00:00:06, xdelay=00:00:01, mailer=local, pri=30607, dsn=2.0.0, stat=Sent
Jul 22 18:06:47 kibr sm-mta[12607]: 06MF6f2W012607: ruleset=check_rcpt, arg1=<spameri@tiscali.it>, relay=portal00.fccma.com [82.223.78.168] (may be forged), reject=550 5.7.1 <spameri@tiscali.it>... Relaying denied. IP name possibly forged [82.223.78.168]
Jul 22 18:06:47 kibr sm-mta[12607]: 06MF6f2W012607: from=<spameri@tiscali.it>, size=0, class=0, nrcpts=0, proto=ESMTP, daemon=MTA, relay=portal00.fccma.com [82.223.78.168] (may be forged)
Jul 22 18:09:21 kibr sm-mta[12625]: 06MF9FRs012625: ip-185-32-181-100.happytechnik.cz [185.32.181.100] did not issue MAIL/EXPN/VRFY/ETRN during connection to MTA
Jul 22 18:24:59 kibr sm-mta[12699]: 06MFOxK8012699: [2.57.122.202] did not issue MAIL/EXPN/VRFY/ETRN during connection to MTA
Jul 22 18:25:05 kibr sm-mta[12700]: 06MFOxMN012700: ruleset=check_rcpt, arg1=<meregion69@gmail.com>, relay=[2.57.122.202], reject=550 5.7.1 <meregion69@gmail.com>... Relaying denied. IP name lookup failed [2.57.122.202]
Jul 22 18:25:05 kibr sm-mta[12700]: 06MFOxMN012700: lost input channel from [2.57.122.202] to MTA after rcpt
Jul 22 18:25:05 kibr sm-mta[12700]: 06MFOxMN012700: from=<info@kibr.net>, size=0, class=0, nrcpts=0, proto=ESMTP, daemon=MTA, relay=[2.57.122.202]
Jul 22 18:33:24 kibr sm-mta[12753]: 06MFXIH5012753: ip-185-32-181-100.happytechnik.cz [185.32.181.100] did not issue MAIL/EXPN/VRFY/ETRN during connection to MTA
Jul 22 18:48:02 kibr sendmail[12892]: 06MFm2IW012892: from=root, size=164, class=0, nrcpts=1, msgid=<202007221548.06MFm2IW012892@mail.kibr.net>, relay=root@localhost
Jul 22 18:48:07 kibr sm-mta[12894]: 06MFm2TU012894: from=<root@mail.kibr.net>, size=422, class=0, nrcpts=1, msgid=<202007221548.06MFm2IW012892@mail.kibr.net>, proto=ESMTP, daemon=MTA, relay=localhost [127.0.0.1]
Jul 22 18:48:08 kibr sendmail[12892]: 06MFm2IW012892: to=root, ctladdr=root (0/0), delay=00:00:06, xdelay=00:00:06, mailer=relay, pri=30164, relay=[127.0.0.1] [127.0.0.1], dsn=2.0.0, stat=Sent (06MFm2TU012894 Message accepted for delivery)
Jul 22 18:48:08 kibr sm-mta[12895]: 06MFm2TU012894: to=<root@mail.kibr.net>, ctladdr=<root@mail.kibr.net> (0/0), delay=00:00:01, xdelay=00:00:00, mailer=local, pri=30607, dsn=2.0.0, stat=Sent
Jul 22 18:51:38 kibr sm-mta[12915]: 06MFpWZP012915: ruleset=check_rcpt, arg1=<spameri@tiscali.it>, relay=[156.96.116.243], reject=450 4.4.0 <spameri@tiscali.it>... Relaying temporarily denied. Cannot resolve PTR record for 156.96.116.243
Jul 22 18:51:38 kibr sm-mta[12915]: 06MFpWZP012915: from=<spameri@tiscali.it>, size=0, class=0, nrcpts=0, proto=ESMTP, daemon=MTA, relay=[156.96.116.243]
Jul 22 18:56:06 kibr sm-mta[12949]: 06MFu1j8012949: ip-185-32-181-100.happytechnik.cz [185.32.181.100] did not issue MAIL/EXPN/VRFY/ETRN during connection to MTA
Jul 22 19:18:56 kibr sm-mta[13064]: 06MGIp0L013064: ip-185-32-181-100.happytechnik.cz [185.32.181.100] did not issue MAIL/EXPN/VRFY/ETRN during connection to MTA
Jul 22 19:29:58 kibr sm-mta[13117]: 06MGTwdU013117: [2.57.122.209] did not issue MAIL/EXPN/VRFY/ETRN during connection to MTA
Jul 22 19:30:03 kibr sm-mta[13118]: 06MGTwTe013118: ruleset=check_rcpt, arg1=<meregion69@gmail.com>, relay=[2.57.122.209], reject=550 5.7.1 <meregion69@gmail.com>... Relaying denied. IP name lookup failed [2.57.122.209]
Jul 22 19:30:03 kibr sm-mta[13118]: 06MGTwTe013118: lost input channel from [2.57.122.209] to MTA after rcpt
Jul 22 19:30:03 kibr sm-mta[13118]: 06MGTwTe013118: from=<test@kibr.net>, size=0, class=0, nrcpts=0, proto=ESMTP, daemon=MTA, relay=[2.57.122.209]
Jul 22 19:42:16 kibr sm-mta[13179]: 06MGgBU7013179: ip-185-32-181-100.happytechnik.cz [185.32.181.100] did not issue MAIL/EXPN/VRFY/ETRN during connection to MTA
Jul 22 19:47:54 kibr sendmail[13277]: 06MGlsG5013277: from=root, size=164, class=0, nrcpts=1, msgid=<202007221647.06MGlsG5013277@mail.kibr.net>, relay=root@localhost
Jul 22 19:47:59 kibr sm-mta[13279]: 06MGlsto013279: from=<root@mail.kibr.net>, size=422, class=0, nrcpts=1, msgid=<202007221647.06MGlsG5013277@mail.kibr.net>, proto=ESMTP, daemon=MTA, relay=localhost [127.0.0.1]
Jul 22 19:47:59 kibr sendmail[13277]: 06MGlsG5013277: to=root, ctladdr=root (0/0), delay=00:00:05, xdelay=00:00:05, mailer=relay, pri=30164, relay=[127.0.0.1] [127.0.0.1], dsn=2.0.0, stat=Sent (06MGlsto013279 Message accepted for delivery)
Jul 22 19:48:00 kibr sm-mta[13280]: 06MGlsto013279: to=<root@mail.kibr.net>, ctladdr=<root@mail.kibr.net> (0/0), delay=00:00:01, xdelay=00:00:00, mailer=local, pri=30607, dsn=2.0.0, stat=Sent
Jul 22 20:06:46 kibr sm-mta[13374]: 06MH6f47013374: ip-185-32-181-100.happytechnik.cz [185.32.181.100] did not issue MAIL/EXPN/VRFY/ETRN during connection to MTA
Jul 22 20:29:42 kibr sm-mta[13471]: 06MHTaHv013471: ip-185-32-181-100.happytechnik.cz [185.32.181.100] did not issue MAIL/EXPN/VRFY/ETRN during connection to MTA
Jul 22 20:35:29 kibr sm-mta[13500]: 06MHZT3X013500: [2.57.122.209] did not issue MAIL/EXPN/VRFY/ETRN during connection to MTA
Jul 22 20:35:35 kibr sm-mta[13501]: 06MHZTVY013501: ruleset=check_rcpt, arg1=<meregion69@gmail.com>, relay=[2.57.122.209], reject=550 5.7.1 <meregion69@gmail.com>... Relaying denied. IP name lookup failed [2.57.122.209]
Jul 22 20:35:35 kibr sm-mta[13501]: 06MHZTVY013501: lost input channel from [2.57.122.209] to MTA after rcpt
Jul 22 20:35:35 kibr sm-mta[13501]: 06MHZTVY013501: from=<test@kibr.net>, size=0, class=0, nrcpts=0, proto=ESMTP, daemon=MTA, relay=[2.57.122.209]
Jul 22 20:47:54 kibr sendmail[13626]: 06MHlrTf013626: from=root, size=164, class=0, nrcpts=1, msgid=<202007221747.06MHlrTf013626@mail.kibr.net>, relay=root@localhost
Jul 22 20:47:59 kibr sm-mta[13628]: 06MHlsVa013628: from=<root@mail.kibr.net>, size=422, class=0, nrcpts=1, msgid=<202007221747.06MHlrTf013626@mail.kibr.net>, proto=ESMTP, daemon=MTA, relay=localhost [127.0.0.1]
Jul 22 20:47:59 kibr sendmail[13626]: 06MHlrTf013626: to=root, ctladdr=root (0/0), delay=00:00:06, xdelay=00:00:05, mailer=relay, pri=30164, relay=[127.0.0.1] [127.0.0.1], dsn=2.0.0, stat=Sent (06MHlsVa013628 Message accepted for delivery)
Jul 22 20:47:59 kibr sm-mta[13629]: 06MHlsVa013628: to=<root@mail.kibr.net>, ctladdr=<root@mail.kibr.net> (0/0), delay=00:00:00, xdelay=00:00:00, mailer=local, pri=30607, dsn=2.0.0, stat=Sent
Jul 22 20:52:33 kibr sm-mta[13649]: 06MHqS3C013649: ip-185-32-181-100.happytechnik.cz [185.32.181.100] did not issue MAIL/EXPN/VRFY/ETRN during connection to MTA
Jul 22 20:57:57 kibr sm-mta[13679]: 06MHvpof013679: ruleset=check_rcpt, arg1=<spameri@tiscali.it>, relay=[156.96.56.64], reject=450 4.4.0 <spameri@tiscali.it>... Relaying temporarily denied. Cannot resolve PTR record for 156.96.56.64
Jul 22 20:57:57 kibr sm-mta[13679]: 06MHvpof013679: from=<spameri@tiscali.it>, size=0, class=0, nrcpts=0, proto=ESMTP, daemon=MTA, relay=[156.96.56.64]
Jul 22 21:15:28 kibr sm-mta[13752]: 06MIFKOj013752: ip-185-32-181-100.happytechnik.cz [185.32.181.100] did not issue MAIL/EXPN/VRFY/ETRN during connection to MTA
Jul 22 21:30:13 kibr sm-mta[13819]: 06MIU7VP013819: ruleset=check_rcpt, arg1=<spameri@tiscali.it>, relay=198-20-180-53-host.colocrossing.com [198.46.140.51] (may be forged), reject=550 5.7.1 <spameri@tiscali.it>... Relaying denied. IP name possibly forged [198.46.140.51]
Jul 22 21:30:13 kibr sm-mta[13819]: 06MIU7VP013819: from=<spameri@tiscali.it>, size=0, class=0, nrcpts=0, proto=ESMTP, daemon=MTA, relay=198-20-180-53-host.colocrossing.com [198.46.140.51] (may be forged)
Jul 22 21:39:00 kibr sm-mta[13856]: 06MIctjl013856: ip-185-32-181-100.happytechnik.cz [185.32.181.100] did not issue MAIL/EXPN/VRFY/ETRN during connection to MTA
Jul 22 21:47:55 kibr sendmail[13971]: 06MIlt3X013971: from=root, size=164, class=0, nrcpts=1, msgid=<202007221847.06MIlt3X013971@mail.kibr.net>, relay=root@localhost
Jul 22 21:48:00 kibr sm-mta[13974]: 06MIltdQ013974: from=<root@mail.kibr.net>, size=422, class=0, nrcpts=1, msgid=<202007221847.06MIlt3X013971@mail.kibr.net>, proto=ESMTP, daemon=MTA, relay=localhost [127.0.0.1]
Jul 22 21:48:00 kibr sendmail[13971]: 06MIlt3X013971: to=root, ctladdr=root (0/0), delay=00:00:05, xdelay=00:00:05, mailer=relay, pri=30164, relay=[127.0.0.1] [127.0.0.1], dsn=2.0.0, stat=Sent (06MIltdQ013974 Message accepted for delivery)
Jul 22 21:48:01 kibr sm-mta[13975]: 06MIltdQ013974: to=<root@mail.kibr.net>, ctladdr=<root@mail.kibr.net> (0/0), delay=00:00:01, xdelay=00:00:00, mailer=local, pri=30607, dsn=2.0.0, stat=Sent
Jul 22 22:01:57 kibr sm-mta[14033]: 06MJ1pQs014033: ip-185-32-181-100.happytechnik.cz [185.32.181.100] did not issue MAIL/EXPN/VRFY/ETRN during connection to MTA
Jul 22 22:24:20 kibr sm-mta[14135]: 06MJOFLt014135: ip-185-32-181-100.happytechnik.cz [185.32.181.100] did not issue MAIL/EXPN/VRFY/ETRN during connection to MTA
Jul 22 22:47:21 kibr sm-mta[14281]: 06MJlGjg014281: ip-185-32-181-100.happytechnik.cz [185.32.181.100] did not issue MAIL/EXPN/VRFY/ETRN during connection to MTA
Jul 22 22:47:54 kibr sendmail[14309]: 06MJlrex014309: from=root, size=164, class=0, nrcpts=1, msgid=<202007221947.06MJlrex014309@mail.kibr.net>, relay=root@localhost
Jul 22 22:47:59 kibr sm-mta[14311]: 06MJlsZt014311: from=<root@mail.kibr.net>, size=422, class=0, nrcpts=1, msgid=<202007221947.06MJlrex014309@mail.kibr.net>, proto=ESMTP, daemon=MTA, relay=localhost [127.0.0.1]
Jul 22 22:47:59 kibr sendmail[14309]: 06MJlrex014309: to=root, ctladdr=root (0/0), delay=00:00:06, xdelay=00:00:05, mailer=relay, pri=30164, relay=[127.0.0.1] [127.0.0.1], dsn=2.0.0, stat=Sent (06MJlsZt014311 Message accepted for delivery)
Jul 22 22:47:59 kibr sm-mta[14313]: 06MJlsZt014311: to=<root@mail.kibr.net>, ctladdr=<root@mail.kibr.net> (0/0), delay=00:00:00, xdelay=00:00:00, mailer=local, pri=30607, dsn=2.0.0, stat=Sent
Jul 22 23:02:35 kibr sm-mta[14377]: 06MK2ZpG014377: [2.57.122.209] did not issue MAIL/EXPN/VRFY/ETRN during connection to MTA
Jul 22 23:02:40 kibr sm-mta[14378]: 06MK2ZpC014378: ruleset=check_rcpt, arg1=<meregion69@gmail.com>, relay=[2.57.122.209], reject=550 5.7.1 <meregion69@gmail.com>... Relaying denied. IP name lookup failed [2.57.122.209]
Jul 22 23:02:40 kibr sm-mta[14378]: 06MK2ZpC014378: lost input channel from [2.57.122.209] to MTA after rcpt
Jul 22 23:02:40 kibr sm-mta[14378]: 06MK2ZpC014378: from=<test@kibr.net>, size=0, class=0, nrcpts=0, proto=ESMTP, daemon=MTA, relay=[2.57.122.209]
Jul 22 23:10:34 kibr sm-mta[14489]: 06MKATp9014489: ip-185-32-181-100.happytechnik.cz [185.32.181.100] did not issue MAIL/EXPN/VRFY/ETRN during connection to MTA
Jul 22 23:33:59 kibr sm-mta[14593]: 06MKXsde014593: ip-185-32-181-100.happytechnik.cz [185.32.181.100] did not issue MAIL/EXPN/VRFY/ETRN during connection to MTA
Jul 22 23:47:57 kibr sendmail[14722]: 06MKluBS014722: from=root, size=164, class=0, nrcpts=1, msgid=<202007222047.06MKluBS014722@mail.kibr.net>, relay=root@localhost
Jul 22 23:48:02 kibr sm-mta[14724]: 06MKlv4v014724: from=<root@mail.kibr.net>, size=422, class=0, nrcpts=1, msgid=<202007222047.06MKluBS014722@mail.kibr.net>, proto=ESMTP, daemon=MTA, relay=localhost [127.0.0.1]
Jul 22 23:48:02 kibr sendmail[14722]: 06MKluBS014722: to=root, ctladdr=root (0/0), delay=00:00:06, xdelay=00:00:05, mailer=relay, pri=30164, relay=[127.0.0.1] [127.0.0.1], dsn=2.0.0, stat=Sent (06MKlv4v014724 Message accepted for delivery)
Jul 22 23:48:02 kibr sm-mta[14725]: 06MKlv4v014724: to=<root@mail.kibr.net>, ctladdr=<root@mail.kibr.net> (0/0), delay=00:00:00, xdelay=00:00:00, mailer=local, pri=30607, dsn=2.0.0, stat=Sent
Jul 22 23:57:15 kibr sm-mta[14772]: 06MKvAv9014772: ip-185-32-181-100.happytechnik.cz [185.32.181.100] did not issue MAIL/EXPN/VRFY/ETRN during connection to MTA
Jul 23 00:21:30 kibr sm-mta[14873]: 06MLLP24014873: ip-185-32-181-100.happytechnik.cz [185.32.181.100] did not issue MAIL/EXPN/VRFY/ETRN during connection to MTA
Jul 23 00:45:08 kibr sm-mta[14977]: 06MLj37s014977: ip-185-32-181-100.happytechnik.cz [185.32.181.100] did not issue MAIL/EXPN/VRFY/ETRN during connection to MTA
Jul 23 00:47:17 kibr sendmail[15029]: 06MLlGmT015029: from=root, size=174, class=0, nrcpts=1, msgid=<202007222147.06MLlGmT015029@mail.kibr.net>, relay=root@localhost
Jul 23 00:47:22 kibr sm-mta[15031]: 06MLlHCV015031: from=<root@mail.kibr.net>, size=432, class=0, nrcpts=1, msgid=<202007222147.06MLlGmT015029@mail.kibr.net>, proto=ESMTP, daemon=MTA, relay=localhost [127.0.0.1]
Jul 23 00:47:22 kibr sendmail[15029]: 06MLlGmT015029: to=root, ctladdr=root (0/0), delay=00:00:06, xdelay=00:00:05, mailer=relay, pri=30174, relay=[127.0.0.1] [127.0.0.1], dsn=2.0.0, stat=Sent (06MLlHCV015031 Message accepted for delivery)
Jul 23 00:47:22 kibr sm-mta[15032]: 06MLlHCV015031: to=<root@mail.kibr.net>, ctladdr=<root@mail.kibr.net> (0/0), delay=00:00:00, xdelay=00:00:00, mailer=local, pri=30617, dsn=2.0.0, stat=Sent
Jul 23 01:08:22 kibr sm-mta[15128]: 06MM8HNK015128: ip-185-32-181-100.happytechnik.cz [185.32.181.100] did not issue MAIL/EXPN/VRFY/ETRN during connection to MTA
Jul 23 01:30:44 kibr sm-mta[15229]: 06MMUfr0015229: 215.3.dialup.mari-el.ru [77.40.3.215] (may be forged) did not issue MAIL/EXPN/VRFY/ETRN during connection to MTA
Jul 23 01:31:20 kibr sm-mta[15233]: 06MMVECq015233: ip-185-32-181-100.happytechnik.cz [185.32.181.100] did not issue MAIL/EXPN/VRFY/ETRN during connection to MTA
Jul 23 01:38:45 kibr sendmail[15375]: 06MMcjaY015375: from=root, size=5190, class=0, nrcpts=1, msgid=<202007222238.06MMcjaY015375@mail.kibr.net>, relay=root@localhost
Jul 23 01:38:50 kibr sm-mta[15377]: 06MMcj2n015377: from=<root@mail.kibr.net>, size=5448, class=0, nrcpts=1, msgid=<202007222238.06MMcjaY015375@mail.kibr.net>, proto=ESMTP, daemon=MTA, relay=localhost [127.0.0.1]
Jul 23 01:38:51 kibr sendmail[15375]: 06MMcjaY015375: to=root, ctladdr=root (0/0), delay=00:00:06, xdelay=00:00:06, mailer=relay, pri=35190, relay=[127.0.0.1] [127.0.0.1], dsn=2.0.0, stat=Sent (06MMcj2n015377 Message accepted for delivery)
Jul 23 01:38:51 kibr sm-mta[15379]: 06MMcj2n015377: to=<root@mail.kibr.net>, ctladdr=<root@mail.kibr.net> (0/0), delay=00:00:01, xdelay=00:00:00, mailer=local, pri=35633, dsn=2.0.0, stat=Sent
Jul 23 01:47:53 kibr sendmail[15471]: 06MMlqpX015471: from=root, size=164, class=0, nrcpts=1, msgid=<202007222247.06MMlqpX015471@mail.kibr.net>, relay=root@localhost
Jul 23 01:47:58 kibr sm-mta[15473]: 06MMlr8W015473: from=<root@mail.kibr.net>, size=422, class=0, nrcpts=1, msgid=<202007222247.06MMlqpX015471@mail.kibr.net>, proto=ESMTP, daemon=MTA, relay=localhost [127.0.0.1]
Jul 23 01:47:58 kibr sendmail[15471]: 06MMlqpX015471: to=root, ctladdr=root (0/0), delay=00:00:06, xdelay=00:00:05, mailer=relay, pri=30164, relay=[127.0.0.1] [127.0.0.1], dsn=2.0.0, stat=Sent (06MMlr8W015473 Message accepted for delivery)
Jul 23 01:47:58 kibr sm-mta[15475]: 06MMlr8W015473: to=<root@mail.kibr.net>, ctladdr=<root@mail.kibr.net> (0/0), delay=00:00:00, xdelay=00:00:00, mailer=local, pri=30607, dsn=2.0.0, stat=Sent
Jul 23 01:54:03 kibr sm-mta[15502]: 06MMrwSo015502: ip-185-32-181-100.happytechnik.cz [185.32.181.100] did not issue MAIL/EXPN/VRFY/ETRN during connection to MTA
Jul 23 02:16:24 kibr sm-mta[15597]: 06MNGJiX015597: ip-185-32-181-100.happytechnik.cz [185.32.181.100] did not issue MAIL/EXPN/VRFY/ETRN during connection to MTA
Jul 23 02:39:06 kibr sm-mta[15698]: 06MNd0wW015698: ip-185-32-181-100.happytechnik.cz [185.32.181.100] did not issue MAIL/EXPN/VRFY/ETRN during connection to MTA
Jul 23 02:47:53 kibr sendmail[15791]: 06MNlr2J015791: from=root, size=164, class=0, nrcpts=1, msgid=<202007222347.06MNlr2J015791@mail.kibr.net>, relay=root@localhost
Jul 23 02:47:58 kibr sm-mta[15793]: 06MNlrkk015793: from=<root@mail.kibr.net>, size=422, class=0, nrcpts=1, msgid=<202007222347.06MNlr2J015791@mail.kibr.net>, proto=ESMTP, daemon=MTA, relay=localhost [127.0.0.1]
Jul 23 02:47:58 kibr sendmail[15791]: 06MNlr2J015791: to=root, ctladdr=root (0/0), delay=00:00:05, xdelay=00:00:05, mailer=relay, pri=30164, relay=[127.0.0.1] [127.0.0.1], dsn=2.0.0, stat=Sent (06MNlrkk015793 Message accepted for delivery)
Jul 23 02:47:58 kibr sm-mta[15794]: 06MNlrkk015793: to=<root@mail.kibr.net>, ctladdr=<root@mail.kibr.net> (0/0), delay=00:00:00, xdelay=00:00:00, mailer=local, pri=30607, dsn=2.0.0, stat=Sent
Jul 23 02:57:12 kibr sm-mta[15837]: 06MNvCm5015837: hwsrv-754150.hostwindsdns.com [23.254.167.187] did not issue MAIL/EXPN/VRFY/ETRN during connection to MTA
Jul 23 02:57:18 kibr sm-mta[15838]: 06MNvCU5015838: ruleset=check_rcpt, arg1=<adalram1029@gmail.com>, relay=hwsrv-754150.hostwindsdns.com [23.254.167.187], reject=550 5.7.1 <adalram1029@gmail.com>... Relaying denied
Jul 23 02:57:18 kibr sm-mta[15838]: 06MNvCU5015838: lost input channel from hwsrv-754150.hostwindsdns.com [23.254.167.187] to MTA after rcpt
Jul 23 02:57:18 kibr sm-mta[15838]: 06MNvCU5015838: from=<admin@kibr.net>, size=0, class=0, nrcpts=0, proto=ESMTP, daemon=MTA, relay=hwsrv-754150.hostwindsdns.com [23.254.167.187]
Jul 23 02:57:24 kibr sm-mta[15840]: 06MNvI4E015840: ruleset=check_rcpt, arg1=<adalram1029@gmail.com>, relay=hwsrv-754150.hostwindsdns.com [23.254.167.187], reject=550 5.7.1 <adalram1029@gmail.com>... Relaying denied
Jul 23 02:57:24 kibr sm-mta[15840]: 06MNvI4E015840: lost input channel from hwsrv-754150.hostwindsdns.com [23.254.167.187] to MTA after rcpt
Jul 23 02:57:24 kibr sm-mta[15840]: 06MNvI4E015840: from=<admin@kibr.net>, size=0, class=0, nrcpts=0, proto=ESMTP, daemon=MTA, relay=hwsrv-754150.hostwindsdns.com [23.254.167.187]
Jul 23 02:57:30 kibr sm-mta[15841]: 06MNvOb8015841: ruleset=check_rcpt, arg1=<adalram1029@gmail.com>, relay=hwsrv-754150.hostwindsdns.com [23.254.167.187], reject=550 5.7.1 <adalram1029@gmail.com>... Relaying denied
Jul 23 02:57:30 kibr sm-mta[15841]: 06MNvOb8015841: lost input channel from hwsrv-754150.hostwindsdns.com [23.254.167.187] to MTA after rcpt
Jul 23 02:57:30 kibr sm-mta[15841]: 06MNvOb8015841: from=<user@kibr.net>, size=0, class=0, nrcpts=0, proto=ESMTP, daemon=MTA, relay=hwsrv-754150.hostwindsdns.com [23.254.167.187]
Jul 23 02:57:36 kibr sm-mta[15842]: 06MNvUKj015842: ruleset=check_rcpt, arg1=<adalram1029@gmail.com>, relay=hwsrv-754150.hostwindsdns.com [23.254.167.187], reject=550 5.7.1 <adalram1029@gmail.com>... Relaying denied
Jul 23 02:57:36 kibr sm-mta[15842]: 06MNvUKj015842: lost input channel from hwsrv-754150.hostwindsdns.com [23.254.167.187] to MTA after rcpt
Jul 23 02:57:36 kibr sm-mta[15842]: 06MNvUKj015842: from=<admin@kibr.net>, size=0, class=0, nrcpts=0, proto=ESMTP, daemon=MTA, relay=hwsrv-754150.hostwindsdns.com [23.254.167.187]
Jul 23 02:57:42 kibr sm-mta[15843]: 06MNvaEo015843: ruleset=check_rcpt, arg1=<adalram1029@gmail.com>, relay=hwsrv-754150.hostwindsdns.com [23.254.167.187], reject=550 5.7.1 <adalram1029@gmail.com>... Relaying denied
Jul 23 02:57:42 kibr sm-mta[15843]: 06MNvaEo015843: lost input channel from hwsrv-754150.hostwindsdns.com [23.254.167.187] to MTA after rcpt
Jul 23 02:57:42 kibr sm-mta[15843]: 06MNvaEo015843: from=<info@kibr.net>, size=0, class=0, nrcpts=0, proto=ESMTP, daemon=MTA, relay=hwsrv-754150.hostwindsdns.com [23.254.167.187]
Jul 23 02:57:48 kibr sm-mta[15845]: 06MNvg8W015845: ruleset=check_rcpt, arg1=<adalram1029@gmail.com>, relay=hwsrv-754150.hostwindsdns.com [23.254.167.187], reject=550 5.7.1 <adalram1029@gmail.com>... Relaying denied
Jul 23 02:57:48 kibr sm-mta[15845]: 06MNvg8W015845: lost input channel from hwsrv-754150.hostwindsdns.com [23.254.167.187] to MTA after rcpt
Jul 23 02:57:48 kibr sm-mta[15845]: 06MNvg8W015845: from=<sales@kibr.net>, size=0, class=0, nrcpts=0, proto=ESMTP, daemon=MTA, relay=hwsrv-754150.hostwindsdns.com [23.254.167.187]
Jul 23 02:57:53 kibr sm-mta[15847]: 06MNvrsG015847: hwsrv-754150.hostwindsdns.com [23.254.167.187] did not issue MAIL/EXPN/VRFY/ETRN during connection to MTA
Jul 23 02:57:54 kibr sm-mta[15846]: 06MNvmqO015846: ruleset=check_rcpt, arg1=<adalram1029@gmail.com>, relay=hwsrv-754150.hostwindsdns.com [23.254.167.187], reject=550 5.7.1 <adalram1029@gmail.com>... Relaying denied
Jul 23 02:57:54 kibr sm-mta[15846]: 06MNvmqO015846: lost input channel from hwsrv-754150.hostwindsdns.com [23.254.167.187] to MTA after rcpt
Jul 23 02:57:54 kibr sm-mta[15846]: 06MNvmqO015846: from=<admin@kibr.net>, size=0, class=0, nrcpts=0, proto=ESMTP, daemon=MTA, relay=hwsrv-754150.hostwindsdns.com [23.254.167.187]
Jul 23 02:57:59 kibr sm-mta[15848]: 06MNvrLH015848: ruleset=check_rcpt, arg1=<adalram1029@gmail.com>, relay=hwsrv-754150.hostwindsdns.com [23.254.167.187], reject=550 5.7.1 <adalram1029@gmail.com>... Relaying denied
Jul 23 02:57:59 kibr sm-mta[15848]: 06MNvrLH015848: lost input channel from hwsrv-754150.hostwindsdns.com [23.254.167.187] to MTA after rcpt
Jul 23 02:57:59 kibr sm-mta[15848]: 06MNvrLH015848: from=<admin@kibr.net>, size=0, class=0, nrcpts=0, proto=ESMTP, daemon=MTA, relay=hwsrv-754150.hostwindsdns.com [23.254.167.187]
Jul 23 02:58:00 kibr sm-mta[15849]: 06MNvs0A015849: ruleset=check_rcpt, arg1=<adalram1029@gmail.com>, relay=hwsrv-754150.hostwindsdns.com [23.254.167.187], reject=550 5.7.1 <adalram1029@gmail.com>... Relaying denied
Jul 23 02:58:00 kibr sm-mta[15849]: 06MNvs0A015849: lost input channel from hwsrv-754150.hostwindsdns.com [23.254.167.187] to MTA after rcpt
Jul 23 02:58:00 kibr sm-mta[15849]: 06MNvs0A015849: from=<root@kibr.net>, size=0, class=0, nrcpts=0, proto=ESMTP, daemon=MTA, relay=hwsrv-754150.hostwindsdns.com [23.254.167.187]
Jul 23 02:58:05 kibr sm-mta[15851]: 06MNvxdv015851: ruleset=check_rcpt, arg1=<adalram1029@gmail.com>, relay=hwsrv-754150.hostwindsdns.com [23.254.167.187], reject=550 5.7.1 <adalram1029@gmail.com>... Relaying denied
Jul 23 02:58:05 kibr sm-mta[15851]: 06MNvxdv015851: lost input channel from hwsrv-754150.hostwindsdns.com [23.254.167.187] to MTA after rcpt
Jul 23 02:58:05 kibr sm-mta[15851]: 06MNvxdv015851: from=<admin@kibr.net>, size=0, class=0, nrcpts=0, proto=ESMTP, daemon=MTA, relay=hwsrv-754150.hostwindsdns.com [23.254.167.187]
Jul 23 02:58:06 kibr sm-mta[15852]: 06MNw0vD015852: ruleset=check_rcpt, arg1=<adalram1029@gmail.com>, relay=hwsrv-754150.hostwindsdns.com [23.254.167.187], reject=550 5.7.1 <adalram1029@gmail.com>... Relaying denied
Jul 23 02:58:06 kibr sm-mta[15852]: 06MNw0vD015852: lost input channel from hwsrv-754150.hostwindsdns.com [23.254.167.187] to MTA after rcpt
Jul 23 02:58:06 kibr sm-mta[15852]: 06MNw0vD015852: from=<info@kibr.net>, size=0, class=0, nrcpts=0, proto=ESMTP, daemon=MTA, relay=hwsrv-754150.hostwindsdns.com [23.254.167.187]
Jul 23 02:58:11 kibr sm-mta[15853]: 06MNw5bI015853: ruleset=check_rcpt, arg1=<adalram1029@gmail.com>, relay=hwsrv-754150.hostwindsdns.com [23.254.167.187], reject=550 5.7.1 <adalram1029@gmail.com>... Relaying denied
Jul 23 02:58:11 kibr sm-mta[15853]: 06MNw5bI015853: lost input channel from hwsrv-754150.hostwindsdns.com [23.254.167.187] to MTA after rcpt
Jul 23 02:58:11 kibr sm-mta[15853]: 06MNw5bI015853: from=<user@kibr.net>, size=0, class=0, nrcpts=0, proto=ESMTP, daemon=MTA, relay=hwsrv-754150.hostwindsdns.com [23.254.167.187]
Jul 23 02:58:12 kibr sm-mta[15854]: 06MNw7H1015854: ruleset=check_rcpt, arg1=<adalram1029@gmail.com>, relay=hwsrv-754150.hostwindsdns.com [23.254.167.187], reject=550 5.7.1 <adalram1029@gmail.com>... Relaying denied
Jul 23 02:58:12 kibr sm-mta[15854]: 06MNw7H1015854: lost input channel from hwsrv-754150.hostwindsdns.com [23.254.167.187] to MTA after rcpt
Jul 23 02:58:12 kibr sm-mta[15854]: 06MNw7H1015854: from=<admin@kibr.net>, size=0, class=0, nrcpts=0, proto=ESMTP, daemon=MTA, relay=hwsrv-754150.hostwindsdns.com [23.254.167.187]
Jul 23 02:58:17 kibr sm-mta[15855]: 06MNwBmL015855: ruleset=check_rcpt, arg1=<adalram1029@gmail.com>, relay=hwsrv-754150.hostwindsdns.com [23.254.167.187], reject=550 5.7.1 <adalram1029@gmail.com>... Relaying denied
Jul 23 02:58:17 kibr sm-mta[15855]: 06MNwBmL015855: lost input channel from hwsrv-754150.hostwindsdns.com [23.254.167.187] to MTA after rcpt
Jul 23 02:58:17 kibr sm-mta[15855]: 06MNwBmL015855: from=<admin@kibr.net>, size=0, class=0, nrcpts=0, proto=ESMTP, daemon=MTA, relay=hwsrv-754150.hostwindsdns.com [23.254.167.187]
Jul 23 02:58:18 kibr sm-mta[15856]: 06MNwD2n015856: ruleset=check_rcpt, arg1=<adalram1029@gmail.com>, relay=hwsrv-754150.hostwindsdns.com [23.254.167.187], reject=550 5.7.1 <adalram1029@gmail.com>... Relaying denied
Jul 23 02:58:18 kibr sm-mta[15856]: 06MNwD2n015856: lost input channel from hwsrv-754150.hostwindsdns.com [23.254.167.187] to MTA after rcpt
Jul 23 02:58:18 kibr sm-mta[15856]: 06MNwD2n015856: from=<admin@kibr.net>, size=0, class=0, nrcpts=0, proto=ESMTP, daemon=MTA, relay=hwsrv-754150.hostwindsdns.com [23.254.167.187]
Jul 23 02:58:23 kibr sm-mta[15858]: 06MNwH7o015858: ruleset=check_rcpt, arg1=<adalram1029@gmail.com>, relay=hwsrv-754150.hostwindsdns.com [23.254.167.187], reject=550 5.7.1 <adalram1029@gmail.com>... Relaying denied
Jul 23 02:58:23 kibr sm-mta[15858]: 06MNwH7o015858: lost input channel from hwsrv-754150.hostwindsdns.com [23.254.167.187] to MTA after rcpt
Jul 23 02:58:23 kibr sm-mta[15858]: 06MNwH7o015858: from=<info@kibr.net>, size=0, class=0, nrcpts=0, proto=ESMTP, daemon=MTA, relay=hwsrv-754150.hostwindsdns.com [23.254.167.187]
Jul 23 02:58:24 kibr sm-mta[15859]: 06MNwJVM015859: ruleset=check_rcpt, arg1=<adalram1029@gmail.com>, relay=hwsrv-754150.hostwindsdns.com [23.254.167.187], reject=550 5.7.1 <adalram1029@gmail.com>... Relaying denied
Jul 23 02:58:24 kibr sm-mta[15859]: 06MNwJVM015859: lost input channel from hwsrv-754150.hostwindsdns.com [23.254.167.187] to MTA after rcpt
Jul 23 02:58:24 kibr sm-mta[15859]: 06MNwJVM015859: from=<gunn@kibr.net>, size=0, class=0, nrcpts=0, proto=ESMTP, daemon=MTA, relay=hwsrv-754150.hostwindsdns.com [23.254.167.187]
Jul 23 02:58:29 kibr sm-mta[15860]: 06MNwNoi015860: ruleset=check_rcpt, arg1=<adalram1029@gmail.com>, relay=hwsrv-754150.hostwindsdns.com [23.254.167.187], reject=550 5.7.1 <adalram1029@gmail.com>... Relaying denied
Jul 23 02:58:29 kibr sm-mta[15860]: 06MNwNoi015860: lost input channel from hwsrv-754150.hostwindsdns.com [23.254.167.187] to MTA after rcpt
Jul 23 02:58:29 kibr sm-mta[15860]: 06MNwNoi015860: from=<sales@kibr.net>, size=0, class=0, nrcpts=0, proto=ESMTP, daemon=MTA, relay=hwsrv-754150.hostwindsdns.com [23.254.167.187]
Jul 23 02:58:30 kibr sm-mta[15861]: 06MNwP1a015861: ruleset=check_rcpt, arg1=<adalram1029@gmail.com>, relay=hwsrv-754150.hostwindsdns.com [23.254.167.187], reject=550 5.7.1 <adalram1029@gmail.com>... Relaying denied
Jul 23 02:58:30 kibr sm-mta[15861]: 06MNwP1a015861: lost input channel from hwsrv-754150.hostwindsdns.com [23.254.167.187] to MTA after rcpt
Jul 23 02:58:30 kibr sm-mta[15861]: 06MNwP1a015861: from=<test@kibr.net>, size=0, class=0, nrcpts=0, proto=ESMTP, daemon=MTA, relay=hwsrv-754150.hostwindsdns.com [23.254.167.187]
Jul 23 02:58:35 kibr sm-mta[15862]: 06MNwThr015862: ruleset=check_rcpt, arg1=<adalram1029@gmail.com>, relay=hwsrv-754150.hostwindsdns.com [23.254.167.187], reject=550 5.7.1 <adalram1029@gmail.com>... Relaying denied
Jul 23 02:58:35 kibr sm-mta[15862]: 06MNwThr015862: lost input channel from hwsrv-754150.hostwindsdns.com [23.254.167.187] to MTA after rcpt
Jul 23 02:58:35 kibr sm-mta[15862]: 06MNwThr015862: from=<admin@kibr.net>, size=0, class=0, nrcpts=0, proto=ESMTP, daemon=MTA, relay=hwsrv-754150.hostwindsdns.com [23.254.167.187]
Jul 23 02:58:36 kibr sm-mta[15863]: 06MNwUE3015863: ruleset=check_rcpt, arg1=<adalram1029@gmail.com>, relay=hwsrv-754150.hostwindsdns.com [23.254.167.187], reject=550 5.7.1 <adalram1029@gmail.com>... Relaying denied
Jul 23 02:58:36 kibr sm-mta[15863]: 06MNwUE3015863: lost input channel from hwsrv-754150.hostwindsdns.com [23.254.167.187] to MTA after rcpt
Jul 23 02:58:36 kibr sm-mta[15863]: 06MNwUE3015863: from=<admin@kibr.net>, size=0, class=0, nrcpts=0, proto=ESMTP, daemon=MTA, relay=hwsrv-754150.hostwindsdns.com [23.254.167.187]
Jul 23 02:58:41 kibr sm-mta[15865]: 06MNwZeS015865: ruleset=check_rcpt, arg1=<adalram1029@gmail.com>, relay=hwsrv-754150.hostwindsdns.com [23.254.167.187], reject=550 5.7.1 <adalram1029@gmail.com>... Relaying denied
Jul 23 02:58:41 kibr sm-mta[15865]: 06MNwZeS015865: lost input channel from hwsrv-754150.hostwindsdns.com [23.254.167.187] to MTA after rcpt
Jul 23 02:58:41 kibr sm-mta[15865]: 06MNwZeS015865: from=<root@kibr.net>, size=0, class=0, nrcpts=0, proto=ESMTP, daemon=MTA, relay=hwsrv-754150.hostwindsdns.com [23.254.167.187]
Jul 23 02:58:42 kibr sm-mta[15866]: 06MNwaga015866: ruleset=check_rcpt, arg1=<adalram1029@gmail.com>, relay=hwsrv-754150.hostwindsdns.com [23.254.167.187], reject=550 5.7.1 <adalram1029@gmail.com>... Relaying denied
Jul 23 02:58:42 kibr sm-mta[15866]: 06MNwaga015866: lost input channel from hwsrv-754150.hostwindsdns.com [23.254.167.187] to MTA after rcpt
Jul 23 02:58:42 kibr sm-mta[15866]: 06MNwaga015866: from=<student@kibr.net>, size=0, class=0, nrcpts=0, proto=ESMTP, daemon=MTA, relay=hwsrv-754150.hostwindsdns.com [23.254.167.187]
Jul 23 02:58:47 kibr sm-mta[15868]: 06MNwf2j015868: ruleset=check_rcpt, arg1=<adalram1029@gmail.com>, relay=hwsrv-754150.hostwindsdns.com [23.254.167.187], reject=550 5.7.1 <adalram1029@gmail.com>... Relaying denied
Jul 23 02:58:47 kibr sm-mta[15868]: 06MNwf2j015868: lost input channel from hwsrv-754150.hostwindsdns.com [23.254.167.187] to MTA after rcpt
Jul 23 02:58:47 kibr sm-mta[15868]: 06MNwf2j015868: from=<info@kibr.net>, size=0, class=0, nrcpts=0, proto=ESMTP, daemon=MTA, relay=hwsrv-754150.hostwindsdns.com [23.254.167.187]
Jul 23 02:58:48 kibr sm-mta[15869]: 06MNwgn1015869: ruleset=check_rcpt, arg1=<adalram1029@gmail.com>, relay=hwsrv-754150.hostwindsdns.com [23.254.167.187], reject=550 5.7.1 <adalram1029@gmail.com>... Relaying denied
Jul 23 02:58:48 kibr sm-mta[15869]: 06MNwgn1015869: lost input channel from hwsrv-754150.hostwindsdns.com [23.254.167.187] to MTA after rcpt
Jul 23 02:58:48 kibr sm-mta[15869]: 06MNwgn1015869: from=<support@kibr.net>, size=0, class=0, nrcpts=0, proto=ESMTP, daemon=MTA, relay=hwsrv-754150.hostwindsdns.com [23.254.167.187]
Jul 23 02:58:53 kibr sm-mta[15870]: 06MNwlvI015870: ruleset=check_rcpt, arg1=<adalram1029@gmail.com>, relay=hwsrv-754150.hostwindsdns.com [23.254.167.187], reject=550 5.7.1 <adalram1029@gmail.com>... Relaying denied
Jul 23 02:58:53 kibr sm-mta[15870]: 06MNwlvI015870: lost input channel from hwsrv-754150.hostwindsdns.com [23.254.167.187] to MTA after rcpt
Jul 23 02:58:53 kibr sm-mta[15870]: 06MNwlvI015870: from=<admin@kibr.net>, size=0, class=0, nrcpts=0, proto=ESMTP, daemon=MTA, relay=hwsrv-754150.hostwindsdns.com [23.254.167.187]
Jul 23 02:58:54 kibr sm-mta[15871]: 06MNwnlH015871: ruleset=check_rcpt, arg1=<adalram1029@gmail.com>, relay=hwsrv-754150.hostwindsdns.com [23.254.167.187], reject=550 5.7.1 <adalram1029@gmail.com>... Relaying denied
Jul 23 02:58:54 kibr sm-mta[15871]: 06MNwnlH015871: lost input channel from hwsrv-754150.hostwindsdns.com [23.254.167.187] to MTA after rcpt
Jul 23 02:58:54 kibr sm-mta[15871]: 06MNwnlH015871: from=<postmaster@kibr.net>, size=0, class=0, nrcpts=0, proto=ESMTP, daemon=MTA, relay=hwsrv-754150.hostwindsdns.com [23.254.167.187]
Jul 23 02:58:59 kibr sm-mta[15872]: 06MNwrXO015872: ruleset=check_rcpt, arg1=<adalram1029@gmail.com>, relay=hwsrv-754150.hostwindsdns.com [23.254.167.187], reject=550 5.7.1 <adalram1029@gmail.com>... Relaying denied
Jul 23 02:58:59 kibr sm-mta[15872]: 06MNwrXO015872: lost input channel from hwsrv-754150.hostwindsdns.com [23.254.167.187] to MTA after rcpt
Jul 23 02:58:59 kibr sm-mta[15872]: 06MNwrXO015872: from=<admin@kibr.net>, size=0, class=0, nrcpts=0, proto=ESMTP, daemon=MTA, relay=hwsrv-754150.hostwindsdns.com [23.254.167.187]
Jul 23 02:59:00 kibr sm-mta[15873]: 06MNwsTu015873: ruleset=check_rcpt, arg1=<adalram1029@gmail.com>, relay=hwsrv-754150.hostwindsdns.com [23.254.167.187], reject=550 5.7.1 <adalram1029@gmail.com>... Relaying denied
Jul 23 02:59:00 kibr sm-mta[15873]: 06MNwsTu015873: lost input channel from hwsrv-754150.hostwindsdns.com [23.254.167.187] to MTA after rcpt
Jul 23 02:59:00 kibr sm-mta[15873]: 06MNwsTu015873: from=<office@kibr.net>, size=0, class=0, nrcpts=0, proto=ESMTP, daemon=MTA, relay=hwsrv-754150.hostwindsdns.com [23.254.167.187]
Jul 23 02:59:05 kibr sm-mta[15875]: 06MNwxZM015875: ruleset=check_rcpt, arg1=<adalram1029@gmail.com>, relay=hwsrv-754150.hostwindsdns.com [23.254.167.187], reject=550 5.7.1 <adalram1029@gmail.com>... Relaying denied
Jul 23 02:59:05 kibr sm-mta[15875]: 06MNwxZM015875: lost input channel from hwsrv-754150.hostwindsdns.com [23.254.167.187] to MTA after rcpt
Jul 23 02:59:05 kibr sm-mta[15875]: 06MNwxZM015875: from=<gunn@kibr.net>, size=0, class=0, nrcpts=0, proto=ESMTP, daemon=MTA, relay=hwsrv-754150.hostwindsdns.com [23.254.167.187]
Jul 23 02:59:06 kibr sm-mta[15876]: 06MNx03T015876: ruleset=check_rcpt, arg1=<adalram1029@gmail.com>, relay=hwsrv-754150.hostwindsdns.com [23.254.167.187], reject=550 5.7.1 <adalram1029@gmail.com>... Relaying denied
Jul 23 02:59:06 kibr sm-mta[15876]: 06MNx03T015876: lost input channel from hwsrv-754150.hostwindsdns.com [23.254.167.187] to MTA after rcpt
Jul 23 02:59:06 kibr sm-mta[15876]: 06MNx03T015876: from=<webmaster@kibr.net>, size=0, class=0, nrcpts=0, proto=ESMTP, daemon=MTA, relay=hwsrv-754150.hostwindsdns.com [23.254.167.187]
Jul 23 02:59:11 kibr sm-mta[15877]: 06MNx5YA015877: ruleset=check_rcpt, arg1=<adalram1029@gmail.com>, relay=hwsrv-754150.hostwindsdns.com [23.254.167.187], reject=550 5.7.1 <adalram1029@gmail.com>... Relaying denied
Jul 23 02:59:11 kibr sm-mta[15877]: 06MNx5YA015877: lost input channel from hwsrv-754150.hostwindsdns.com [23.254.167.187] to MTA after rcpt
Jul 23 02:59:11 kibr sm-mta[15877]: 06MNx5YA015877: from=<test@kibr.net>, size=0, class=0, nrcpts=0, proto=ESMTP, daemon=MTA, relay=hwsrv-754150.hostwindsdns.com [23.254.167.187]
Jul 23 02:59:12 kibr sm-mta[15878]: 06MNx7wN015878: ruleset=check_rcpt, arg1=<adalram1029@gmail.com>, relay=hwsrv-754150.hostwindsdns.com [23.254.167.187], reject=550 5.7.1 <adalram1029@gmail.com>... Relaying denied
Jul 23 02:59:12 kibr sm-mta[15878]: 06MNx7wN015878: lost input channel from hwsrv-754150.hostwindsdns.com [23.254.167.187] to MTA after rcpt
Jul 23 02:59:12 kibr sm-mta[15878]: 06MNx7wN015878: from=<stage@kibr.net>, size=0, class=0, nrcpts=0, proto=ESMTP, daemon=MTA, relay=hwsrv-754150.hostwindsdns.com [23.254.167.187]
Jul 23 02:59:17 kibr sm-mta[15879]: 06MNxBA7015879: ruleset=check_rcpt, arg1=<adalram1029@gmail.com>, relay=hwsrv-754150.hostwindsdns.com [23.254.167.187], reject=550 5.7.1 <adalram1029@gmail.com>... Relaying denied
Jul 23 02:59:17 kibr sm-mta[15879]: 06MNxBA7015879: lost input channel from hwsrv-754150.hostwindsdns.com [23.254.167.187] to MTA after rcpt
Jul 23 02:59:17 kibr sm-mta[15879]: 06MNxBA7015879: from=<admin@kibr.net>, size=0, class=0, nrcpts=0, proto=ESMTP, daemon=MTA, relay=hwsrv-754150.hostwindsdns.com [23.254.167.187]
Jul 23 02:59:18 kibr sm-mta[15880]: 06MNxDYq015880: ruleset=check_rcpt, arg1=<adalram1029@gmail.com>, relay=hwsrv-754150.hostwindsdns.com [23.254.167.187], reject=550 5.7.1 <adalram1029@gmail.com>... Relaying denied
Jul 23 02:59:18 kibr sm-mta[15880]: 06MNxDYq015880: lost input channel from hwsrv-754150.hostwindsdns.com [23.254.167.187] to MTA after rcpt
Jul 23 02:59:18 kibr sm-mta[15880]: 06MNxDYq015880: from=<admin@kibr.net>, size=0, class=0, nrcpts=0, proto=ESMTP, daemon=MTA, relay=hwsrv-754150.hostwindsdns.com [23.254.167.187]
Jul 23 02:59:23 kibr sm-mta[15882]: 06MNxH6t015882: ruleset=check_rcpt, arg1=<adalram1029@gmail.com>, relay=hwsrv-754150.hostwindsdns.com [23.254.167.187], reject=550 5.7.1 <adalram1029@gmail.com>... Relaying denied
Jul 23 02:59:23 kibr sm-mta[15882]: 06MNxH6t015882: lost input channel from hwsrv-754150.hostwindsdns.com [23.254.167.187] to MTA after rcpt
Jul 23 02:59:23 kibr sm-mta[15882]: 06MNxH6t015882: from=<student@kibr.net>, size=0, class=0, nrcpts=0, proto=ESMTP, daemon=MTA, relay=hwsrv-754150.hostwindsdns.com [23.254.167.187]
Jul 23 02:59:24 kibr sm-mta[15883]: 06MNxJmN015883: ruleset=check_rcpt, arg1=<adalram1029@gmail.com>, relay=hwsrv-754150.hostwindsdns.com [23.254.167.187], reject=550 5.7.1 <adalram1029@gmail.com>... Relaying denied
Jul 23 02:59:24 kibr sm-mta[15883]: 06MNxJmN015883: lost input channel from hwsrv-754150.hostwindsdns.com [23.254.167.187] to MTA after rcpt
Jul 23 02:59:24 kibr sm-mta[15883]: 06MNxJmN015883: from=<contact@kibr.net>, size=0, class=0, nrcpts=0, proto=ESMTP, daemon=MTA, relay=hwsrv-754150.hostwindsdns.com [23.254.167.187]
Jul 23 02:59:29 kibr sm-mta[15884]: 06MNxNT8015884: ruleset=check_rcpt, arg1=<adalram1029@gmail.com>, relay=hwsrv-754150.hostwindsdns.com [23.254.167.187], reject=550 5.7.1 <adalram1029@gmail.com>... Relaying denied
Jul 23 02:59:29 kibr sm-mta[15884]: 06MNxNT8015884: lost input channel from hwsrv-754150.hostwindsdns.com [23.254.167.187] to MTA after rcpt
Jul 23 02:59:29 kibr sm-mta[15884]: 06MNxNT8015884: from=<support@kibr.net>, size=0, class=0, nrcpts=0, proto=ESMTP, daemon=MTA, relay=hwsrv-754150.hostwindsdns.com [23.254.167.187]
Jul 23 02:59:30 kibr sm-mta[15885]: 06MNxOSD015885: ruleset=check_rcpt, arg1=<adalram1029@gmail.com>, relay=hwsrv-754150.hostwindsdns.com [23.254.167.187], reject=550 5.7.1 <adalram1029@gmail.com>... Relaying denied
Jul 23 02:59:30 kibr sm-mta[15885]: 06MNxOSD015885: lost input channel from hwsrv-754150.hostwindsdns.com [23.254.167.187] to MTA after rcpt
Jul 23 02:59:30 kibr sm-mta[15885]: 06MNxOSD015885: from=<noreply@kibr.net>, size=0, class=0, nrcpts=0, proto=ESMTP, daemon=MTA, relay=hwsrv-754150.hostwindsdns.com [23.254.167.187]
Jul 23 02:59:35 kibr sm-mta[15886]: 06MNxUmX015886: ruleset=check_rcpt, arg1=<adalram1029@gmail.com>, relay=hwsrv-754150.hostwindsdns.com [23.254.167.187], reject=550 5.7.1 <adalram1029@gmail.com>... Relaying denied
Jul 23 02:59:35 kibr sm-mta[15886]: 06MNxUmX015886: lost input channel from hwsrv-754150.hostwindsdns.com [23.254.167.187] to MTA after rcpt
Jul 23 02:59:35 kibr sm-mta[15886]: 06MNxUmX015886: from=<postmaster@kibr.net>, size=0, class=0, nrcpts=0, proto=ESMTP, daemon=MTA, relay=hwsrv-754150.hostwindsdns.com [23.254.167.187]
Jul 23 02:59:36 kibr sm-mta[15887]: 06MNxUsv015887: ruleset=check_rcpt, arg1=<adalram1029@gmail.com>, relay=hwsrv-754150.hostwindsdns.com [23.254.167.187], reject=550 5.7.1 <adalram1029@gmail.com>... Relaying denied
Jul 23 02:59:36 kibr sm-mta[15887]: 06MNxUsv015887: lost input channel from hwsrv-754150.hostwindsdns.com [23.254.167.187] to MTA after rcpt
Jul 23 02:59:36 kibr sm-mta[15887]: 06MNxUsv015887: from=<mail@kibr.net>, size=0, class=0, nrcpts=0, proto=ESMTP, daemon=MTA, relay=hwsrv-754150.hostwindsdns.com [23.254.167.187]
Jul 23 02:59:41 kibr sm-mta[15888]: 06MNxaBI015888: ruleset=check_rcpt, arg1=<adalram1029@gmail.com>, relay=hwsrv-754150.hostwindsdns.com [23.254.167.187], reject=550 5.7.1 <adalram1029@gmail.com>... Relaying denied
Jul 23 02:59:41 kibr sm-mta[15888]: 06MNxaBI015888: lost input channel from hwsrv-754150.hostwindsdns.com [23.254.167.187] to MTA after rcpt
Jul 23 02:59:41 kibr sm-mta[15888]: 06MNxaBI015888: from=<office@kibr.net>, size=0, class=0, nrcpts=0, proto=ESMTP, daemon=MTA, relay=hwsrv-754150.hostwindsdns.com [23.254.167.187]
Jul 23 02:59:42 kibr sm-mta[15889]: 06MNxaBh015889: ruleset=check_rcpt, arg1=<adalram1029@gmail.com>, relay=hwsrv-754150.hostwindsdns.com [23.254.167.187], reject=550 5.7.1 <adalram1029@gmail.com>... Relaying denied
Jul 23 02:59:42 kibr sm-mta[15889]: 06MNxaBh015889: lost input channel from hwsrv-754150.hostwindsdns.com [23.254.167.187] to MTA after rcpt
Jul 23 02:59:42 kibr sm-mta[15889]: 06MNxaBh015889: from=<support@kibr.net>, size=0, class=0, nrcpts=0, proto=ESMTP, daemon=MTA, relay=hwsrv-754150.hostwindsdns.com [23.254.167.187]
Jul 23 02:59:47 kibr sm-mta[15891]: 06MNxgvo015891: ruleset=check_rcpt, arg1=<adalram1029@gmail.com>, relay=hwsrv-754150.hostwindsdns.com [23.254.167.187], reject=550 5.7.1 <adalram1029@gmail.com>... Relaying denied
Jul 23 02:59:47 kibr sm-mta[15891]: 06MNxgvo015891: lost input channel from hwsrv-754150.hostwindsdns.com [23.254.167.187] to MTA after rcpt
Jul 23 02:59:47 kibr sm-mta[15891]: 06MNxgvo015891: from=<webmaster@kibr.net>, size=0, class=0, nrcpts=0, proto=ESMTP, daemon=MTA, relay=hwsrv-754150.hostwindsdns.com [23.254.167.187]
Jul 23 02:59:48 kibr sm-mta[15892]: 06MNxhjV015892: ruleset=check_rcpt, arg1=<adalram1029@gmail.com>, relay=hwsrv-754150.hostwindsdns.com [23.254.167.187], reject=550 5.7.1 <adalram1029@gmail.com>... Relaying denied
Jul 23 02:59:48 kibr sm-mta[15892]: 06MNxhjV015892: lost input channel from hwsrv-754150.hostwindsdns.com [23.254.167.187] to MTA after rcpt
Jul 23 02:59:48 kibr sm-mta[15892]: 06MNxhjV015892: from=<administrator@kibr.net>, size=0, class=0, nrcpts=0, proto=ESMTP, daemon=MTA, relay=hwsrv-754150.hostwindsdns.com [23.254.167.187]
Jul 23 02:59:53 kibr sm-mta[15893]: 06MNxlEW015893: ruleset=check_rcpt, arg1=<adalram1029@gmail.com>, relay=hwsrv-754150.hostwindsdns.com [23.254.167.187], reject=550 5.7.1 <adalram1029@gmail.com>... Relaying denied
Jul 23 02:59:53 kibr sm-mta[15893]: 06MNxlEW015893: lost input channel from hwsrv-754150.hostwindsdns.com [23.254.167.187] to MTA after rcpt
Jul 23 02:59:53 kibr sm-mta[15893]: 06MNxlEW015893: from=<stage@kibr.net>, size=0, class=0, nrcpts=0, proto=ESMTP, daemon=MTA, relay=hwsrv-754150.hostwindsdns.com [23.254.167.187]
Jul 23 02:59:54 kibr sm-mta[15894]: 06MNxnpW015894: ruleset=check_rcpt, arg1=<adalram1029@gmail.com>, relay=hwsrv-754150.hostwindsdns.com [23.254.167.187], reject=550 5.7.1 <adalram1029@gmail.com>... Relaying denied
Jul 23 02:59:54 kibr sm-mta[15894]: 06MNxnpW015894: lost input channel from hwsrv-754150.hostwindsdns.com [23.254.167.187] to MTA after rcpt
Jul 23 02:59:54 kibr sm-mta[15894]: 06MNxnpW015894: from=<password@kibr.net>, size=0, class=0, nrcpts=0, proto=ESMTP, daemon=MTA, relay=hwsrv-754150.hostwindsdns.com [23.254.167.187]
Jul 23 02:59:59 kibr sm-mta[15895]: 06MNxrGr015895: ruleset=check_rcpt, arg1=<adalram1029@gmail.com>, relay=hwsrv-754150.hostwindsdns.com [23.254.167.187], reject=550 5.7.1 <adalram1029@gmail.com>... Relaying denied
Jul 23 02:59:59 kibr sm-mta[15895]: 06MNxrGr015895: lost input channel from hwsrv-754150.hostwindsdns.com [23.254.167.187] to MTA after rcpt
Jul 23 02:59:59 kibr sm-mta[15895]: 06MNxrGr015895: from=<admin@kibr.net>, size=0, class=0, nrcpts=0, proto=ESMTP, daemon=MTA, relay=hwsrv-754150.hostwindsdns.com [23.254.167.187]
Jul 23 03:00:00 kibr sm-mta[15896]: 06MNxt5H015896: ruleset=check_rcpt, arg1=<adalram1029@gmail.com>, relay=hwsrv-754150.hostwindsdns.com [23.254.167.187], reject=550 5.7.1 <adalram1029@gmail.com>... Relaying denied
Jul 23 03:00:00 kibr sm-mta[15896]: 06MNxt5H015896: lost input channel from hwsrv-754150.hostwindsdns.com [23.254.167.187] to MTA after rcpt
Jul 23 03:00:00 kibr sm-mta[15896]: 06MNxt5H015896: from=<firewall@kibr.net>, size=0, class=0, nrcpts=0, proto=ESMTP, daemon=MTA, relay=hwsrv-754150.hostwindsdns.com [23.254.167.187]
Jul 23 03:00:05 kibr sm-mta[15898]: 06MNxxr8015898: ruleset=check_rcpt, arg1=<adalram1029@gmail.com>, relay=hwsrv-754150.hostwindsdns.com [23.254.167.187], reject=550 5.7.1 <adalram1029@gmail.com>... Relaying denied
Jul 23 03:00:05 kibr sm-mta[15898]: 06MNxxr8015898: lost input channel from hwsrv-754150.hostwindsdns.com [23.254.167.187] to MTA after rcpt
Jul 23 03:00:05 kibr sm-mta[15898]: 06MNxxr8015898: from=<contact@kibr.net>, size=0, class=0, nrcpts=0, proto=ESMTP, daemon=MTA, relay=hwsrv-754150.hostwindsdns.com [23.254.167.187]
Jul 23 03:00:06 kibr sm-mta[15899]: 06N0010k015899: ruleset=check_rcpt, arg1=<adalram1029@gmail.com>, relay=hwsrv-754150.hostwindsdns.com [23.254.167.187], reject=550 5.7.1 <adalram1029@gmail.com>... Relaying denied
Jul 23 03:00:06 kibr sm-mta[15899]: 06N0010k015899: lost input channel from hwsrv-754150.hostwindsdns.com [23.254.167.187] to MTA after rcpt
Jul 23 03:00:06 kibr sm-mta[15899]: 06N0010k015899: from=<root@kibr.net>, size=0, class=0, nrcpts=0, proto=ESMTP, daemon=MTA, relay=hwsrv-754150.hostwindsdns.com [23.254.167.187]
Jul 23 03:00:11 kibr sm-mta[15900]: 06N0055C015900: ruleset=check_rcpt, arg1=<adalram1029@gmail.com>, relay=hwsrv-754150.hostwindsdns.com [23.254.167.187], reject=550 5.7.1 <adalram1029@gmail.com>... Relaying denied
Jul 23 03:00:11 kibr sm-mta[15900]: 06N0055C015900: lost input channel from hwsrv-754150.hostwindsdns.com [23.254.167.187] to MTA after rcpt
Jul 23 03:00:11 kibr sm-mta[15900]: 06N0055C015900: from=<noreply@kibr.net>, size=0, class=0, nrcpts=0, proto=ESMTP, daemon=MTA, relay=hwsrv-754150.hostwindsdns.com [23.254.167.187]
Jul 23 03:00:12 kibr sm-mta[15901]: 06N007JT015901: ruleset=check_rcpt, arg1=<adalram1029@gmail.com>, relay=hwsrv-754150.hostwindsdns.com [23.254.167.187], reject=550 5.7.1 <adalram1029@gmail.com>... Relaying denied
Jul 23 03:00:12 kibr sm-mta[15901]: 06N007JT015901: lost input channel from hwsrv-754150.hostwindsdns.com [23.254.167.187] to MTA after rcpt
Jul 23 03:00:12 kibr sm-mta[15901]: 06N007JT015901: from=<yangxiong@kibr.net>, size=0, class=0, nrcpts=0, proto=ESMTP, daemon=MTA, relay=hwsrv-754150.hostwindsdns.com [23.254.167.187]
Jul 23 03:00:17 kibr sm-mta[15902]: 06N00BhN015902: ruleset=check_rcpt, arg1=<adalram1029@gmail.com>, relay=hwsrv-754150.hostwindsdns.com [23.254.167.187], reject=550 5.7.1 <adalram1029@gmail.com>... Relaying denied
Jul 23 03:00:17 kibr sm-mta[15902]: 06N00BhN015902: lost input channel from hwsrv-754150.hostwindsdns.com [23.254.167.187] to MTA after rcpt
Jul 23 03:00:17 kibr sm-mta[15902]: 06N00BhN015902: from=<mail@kibr.net>, size=0, class=0, nrcpts=0, proto=ESMTP, daemon=MTA, relay=hwsrv-754150.hostwindsdns.com [23.254.167.187]
Jul 23 03:00:18 kibr sm-mta[15903]: 06N00C7v015903: ruleset=check_rcpt, arg1=<adalram1029@gmail.com>, relay=hwsrv-754150.hostwindsdns.com [23.254.167.187], reject=550 5.7.1 <adalram1029@gmail.com>... Relaying denied
Jul 23 03:00:18 kibr sm-mta[15903]: 06N00C7v015903: lost input channel from hwsrv-754150.hostwindsdns.com [23.254.167.187] to MTA after rcpt
Jul 23 03:00:18 kibr sm-mta[15903]: 06N00C7v015903: from=<eddysanfordgi@kibr.net>, size=0, class=0, nrcpts=0, proto=ESMTP, daemon=MTA, relay=hwsrv-754150.hostwindsdns.com [23.254.167.187]
Jul 23 03:00:23 kibr sm-mta[15904]: 06N00H8U015904: ruleset=check_rcpt, arg1=<adalram1029@gmail.com>, relay=hwsrv-754150.hostwindsdns.com [23.254.167.187], reject=550 5.7.1 <adalram1029@gmail.com>... Relaying denied
Jul 23 03:00:23 kibr sm-mta[15904]: 06N00H8U015904: lost input channel from hwsrv-754150.hostwindsdns.com [23.254.167.187] to MTA after rcpt
Jul 23 03:00:23 kibr sm-mta[15904]: 06N00H8U015904: from=<support@kibr.net>, size=0, class=0, nrcpts=0, proto=ESMTP, daemon=MTA, relay=hwsrv-754150.hostwindsdns.com [23.254.167.187]
Jul 23 03:00:24 kibr sm-mta[15905]: 06N00Ief015905: ruleset=check_rcpt, arg1=<adalram1029@gmail.com>, relay=hwsrv-754150.hostwindsdns.com [23.254.167.187], reject=550 5.7.1 <adalram1029@gmail.com>... Relaying denied
Jul 23 03:00:24 kibr sm-mta[15905]: 06N00Ief015905: lost input channel from hwsrv-754150.hostwindsdns.com [23.254.167.187] to MTA after rcpt
Jul 23 03:00:24 kibr sm-mta[15905]: 06N00Ief015905: from=<web@kibr.net>, size=0, class=0, nrcpts=0, proto=ESMTP, daemon=MTA, relay=hwsrv-754150.hostwindsdns.com [23.254.167.187]
Jul 23 03:00:29 kibr sm-mta[15906]: 06N00NtE015906: ruleset=check_rcpt, arg1=<adalram1029@gmail.com>, relay=hwsrv-754150.hostwindsdns.com [23.254.167.187], reject=550 5.7.1 <adalram1029@gmail.com>... Relaying denied
Jul 23 03:00:29 kibr sm-mta[15906]: 06N00NtE015906: lost input channel from hwsrv-754150.hostwindsdns.com [23.254.167.187] to MTA after rcpt
Jul 23 03:00:29 kibr sm-mta[15906]: 06N00NtE015906: from=<administrator@kibr.net>, size=0, class=0, nrcpts=0, proto=ESMTP, daemon=MTA, relay=hwsrv-754150.hostwindsdns.com [23.254.167.187]
Jul 23 03:00:30 kibr sm-mta[15907]: 06N00Ofs015907: ruleset=check_rcpt, arg1=<adalram1029@gmail.com>, relay=hwsrv-754150.hostwindsdns.com [23.254.167.187], reject=550 5.7.1 <adalram1029@gmail.com>... Relaying denied
Jul 23 03:00:30 kibr sm-mta[15907]: 06N00Ofs015907: lost input channel from hwsrv-754150.hostwindsdns.com [23.254.167.187] to MTA after rcpt
Jul 23 03:00:30 kibr sm-mta[15907]: 06N00Ofs015907: from=<hostmaster@kibr.net>, size=0, class=0, nrcpts=0, proto=ESMTP, daemon=MTA, relay=hwsrv-754150.hostwindsdns.com [23.254.167.187]
Jul 23 03:00:35 kibr sm-mta[15909]: 06N00TAb015909: ruleset=check_rcpt, arg1=<adalram1029@gmail.com>, relay=hwsrv-754150.hostwindsdns.com [23.254.167.187], reject=550 5.7.1 <adalram1029@gmail.com>... Relaying denied
Jul 23 03:00:35 kibr sm-mta[15909]: 06N00TAb015909: lost input channel from hwsrv-754150.hostwindsdns.com [23.254.167.187] to MTA after rcpt
Jul 23 03:00:35 kibr sm-mta[15909]: 06N00TAb015909: from=<password@kibr.net>, size=0, class=0, nrcpts=0, proto=ESMTP, daemon=MTA, relay=hwsrv-754150.hostwindsdns.com [23.254.167.187]
Jul 23 03:00:36 kibr sm-mta[15910]: 06N00UGT015910: ruleset=check_rcpt, arg1=<adalram1029@gmail.com>, relay=hwsrv-754150.hostwindsdns.com [23.254.167.187], reject=550 5.7.1 <adalram1029@gmail.com>... Relaying denied
Jul 23 03:00:36 kibr sm-mta[15910]: 06N00UGT015910: lost input channel from hwsrv-754150.hostwindsdns.com [23.254.167.187] to MTA after rcpt
Jul 23 03:00:36 kibr sm-mta[15910]: 06N00UGT015910: from=<palt@kibr.net>, size=0, class=0, nrcpts=0, proto=ESMTP, daemon=MTA, relay=hwsrv-754150.hostwindsdns.com [23.254.167.187]
Jul 23 03:00:41 kibr sm-mta[15911]: 06N00ZVF015911: ruleset=check_rcpt, arg1=<adalram1029@gmail.com>, relay=hwsrv-754150.hostwindsdns.com [23.254.167.187], reject=550 5.7.1 <adalram1029@gmail.com>... Relaying denied
Jul 23 03:00:41 kibr sm-mta[15911]: 06N00ZVF015911: lost input channel from hwsrv-754150.hostwindsdns.com [23.254.167.187] to MTA after rcpt
Jul 23 03:00:41 kibr sm-mta[15911]: 06N00ZVF015911: from=<firewall@kibr.net>, size=0, class=0, nrcpts=0, proto=ESMTP, daemon=MTA, relay=hwsrv-754150.hostwindsdns.com [23.254.167.187]
Jul 23 03:00:42 kibr sm-mta[15912]: 06N00aUd015912: ruleset=check_rcpt, arg1=<adalram1029@gmail.com>, relay=hwsrv-754150.hostwindsdns.com [23.254.167.187], reject=550 5.7.1 <adalram1029@gmail.com>... Relaying denied
Jul 23 03:00:42 kibr sm-mta[15912]: 06N00aUd015912: lost input channel from hwsrv-754150.hostwindsdns.com [23.254.167.187] to MTA after rcpt
Jul 23 03:00:42 kibr sm-mta[15912]: 06N00aUd015912: from=<fumiko@kibr.net>, size=0, class=0, nrcpts=0, proto=ESMTP, daemon=MTA, relay=hwsrv-754150.hostwindsdns.com [23.254.167.187]
Jul 23 03:00:47 kibr sm-mta[15913]: 06N00f0i015913: ruleset=check_rcpt, arg1=<adalram1029@gmail.com>, relay=hwsrv-754150.hostwindsdns.com [23.254.167.187], reject=550 5.7.1 <adalram1029@gmail.com>... Relaying denied
Jul 23 03:00:47 kibr sm-mta[15913]: 06N00f0i015913: lost input channel from hwsrv-754150.hostwindsdns.com [23.254.167.187] to MTA after rcpt
Jul 23 03:00:47 kibr sm-mta[15913]: 06N00f0i015913: from=<root@kibr.net>, size=0, class=0, nrcpts=0, proto=ESMTP, daemon=MTA, relay=hwsrv-754150.hostwindsdns.com [23.254.167.187]
Jul 23 03:00:48 kibr sm-mta[15914]: 06N00gfM015914: ruleset=check_rcpt, arg1=<adalram1029@gmail.com>, relay=hwsrv-754150.hostwindsdns.com [23.254.167.187], reject=550 5.7.1 <adalram1029@gmail.com>... Relaying denied
Jul 23 03:00:48 kibr sm-mta[15914]: 06N00gfM015914: lost input channel from hwsrv-754150.hostwindsdns.com [23.254.167.187] to MTA after rcpt
Jul 23 03:00:48 kibr sm-mta[15914]: 06N00gfM015914: from=<help@kibr.net>, size=0, class=0, nrcpts=0, proto=ESMTP, daemon=MTA, relay=hwsrv-754150.hostwindsdns.com [23.254.167.187]
Jul 23 03:00:53 kibr sm-mta[15916]: 06N00lpN015916: ruleset=check_rcpt, arg1=<adalram1029@gmail.com>, relay=hwsrv-754150.hostwindsdns.com [23.254.167.187], reject=550 5.7.1 <adalram1029@gmail.com>... Relaying denied
Jul 23 03:00:53 kibr sm-mta[15916]: 06N00lpN015916: lost input channel from hwsrv-754150.hostwindsdns.com [23.254.167.187] to MTA after rcpt
Jul 23 03:00:53 kibr sm-mta[15916]: 06N00lpN015916: from=<yangxiong@kibr.net>, size=0, class=0, nrcpts=0, proto=ESMTP, daemon=MTA, relay=hwsrv-754150.hostwindsdns.com [23.254.167.187]
Jul 23 03:00:54 kibr sm-mta[15917]: 06N00nrV015917: ruleset=check_rcpt, arg1=<adalram1029@gmail.com>, relay=hwsrv-754150.hostwindsdns.com [23.254.167.187], reject=550 5.7.1 <adalram1029@gmail.com>... Relaying denied
Jul 23 03:00:54 kibr sm-mta[15917]: 06N00nrV015917: lost input channel from hwsrv-754150.hostwindsdns.com [23.254.167.187] to MTA after rcpt
Jul 23 03:00:54 kibr sm-mta[15917]: 06N00nrV015917: from=<visitor@kibr.net>, size=0, class=0, nrcpts=0, proto=ESMTP, daemon=MTA, relay=hwsrv-754150.hostwindsdns.com [23.254.167.187]
Jul 23 03:00:59 kibr sm-mta[15918]: 06N00rFb015918: ruleset=check_rcpt, arg1=<adalram1029@gmail.com>, relay=hwsrv-754150.hostwindsdns.com [23.254.167.187], reject=550 5.7.1 <adalram1029@gmail.com>... Relaying denied
Jul 23 03:00:59 kibr sm-mta[15918]: 06N00rFb015918: lost input channel from hwsrv-754150.hostwindsdns.com [23.254.167.187] to MTA after rcpt
Jul 23 03:00:59 kibr sm-mta[15918]: 06N00rFb015918: from=<eddysanfordgi@kibr.net>, size=0, class=0, nrcpts=0, proto=ESMTP, daemon=MTA, relay=hwsrv-754150.hostwindsdns.com [23.254.167.187]
Jul 23 03:01:00 kibr sm-mta[15919]: 06N00t6N015919: ruleset=check_rcpt, arg1=<adalram1029@gmail.com>, relay=hwsrv-754150.hostwindsdns.com [23.254.167.187], reject=550 5.7.1 <adalram1029@gmail.com>... Relaying denied
Jul 23 03:01:00 kibr sm-mta[15919]: 06N00t6N015919: lost input channel from hwsrv-754150.hostwindsdns.com [23.254.167.187] to MTA after rcpt
Jul 23 03:01:00 kibr sm-mta[15919]: 06N00t6N015919: from=<spam@kibr.net>, size=0, class=0, nrcpts=0, proto=ESMTP, daemon=MTA, relay=hwsrv-754150.hostwindsdns.com [23.254.167.187]
Jul 23 03:01:05 kibr sm-mta[15920]: 06N00xLi015920: ruleset=check_rcpt, arg1=<adalram1029@gmail.com>, relay=hwsrv-754150.hostwindsdns.com [23.254.167.187], reject=550 5.7.1 <adalram1029@gmail.com>... Relaying denied
Jul 23 03:01:05 kibr sm-mta[15920]: 06N00xLi015920: lost input channel from hwsrv-754150.hostwindsdns.com [23.254.167.187] to MTA after rcpt
Jul 23 03:01:05 kibr sm-mta[15920]: 06N00xLi015920: from=<web@kibr.net>, size=0, class=0, nrcpts=0, proto=ESMTP, daemon=MTA, relay=hwsrv-754150.hostwindsdns.com [23.254.167.187]
Jul 23 03:01:06 kibr sm-mta[15921]: 06N011o2015921: ruleset=check_rcpt, arg1=<adalram1029@gmail.com>, relay=hwsrv-754150.hostwindsdns.com [23.254.167.187], reject=550 5.7.1 <adalram1029@gmail.com>... Relaying denied
Jul 23 03:01:06 kibr sm-mta[15921]: 06N011o2015921: lost input channel from hwsrv-754150.hostwindsdns.com [23.254.167.187] to MTA after rcpt
Jul 23 03:01:06 kibr sm-mta[15921]: 06N011o2015921: from=<fax@kibr.net>, size=0, class=0, nrcpts=0, proto=ESMTP, daemon=MTA, relay=hwsrv-754150.hostwindsdns.com [23.254.167.187]
Jul 23 03:01:11 kibr sm-mta[15922]: 06N0151K015922: ruleset=check_rcpt, arg1=<adalram1029@gmail.com>, relay=hwsrv-754150.hostwindsdns.com [23.254.167.187], reject=550 5.7.1 <adalram1029@gmail.com>... Relaying denied
Jul 23 03:01:11 kibr sm-mta[15922]: 06N0151K015922: lost input channel from hwsrv-754150.hostwindsdns.com [23.254.167.187] to MTA after rcpt
Jul 23 03:01:11 kibr sm-mta[15922]: 06N0151K015922: from=<hostmaster@kibr.net>, size=0, class=0, nrcpts=0, proto=ESMTP, daemon=MTA, relay=hwsrv-754150.hostwindsdns.com [23.254.167.187]
Jul 23 03:01:12 kibr sm-mta[15924]: 06N017Is015924: ruleset=check_rcpt, arg1=<adalram1029@gmail.com>, relay=hwsrv-754150.hostwindsdns.com [23.254.167.187], reject=550 5.7.1 <adalram1029@gmail.com>... Relaying denied
Jul 23 03:01:13 kibr sm-mta[15924]: 06N017Is015924: lost input channel from hwsrv-754150.hostwindsdns.com [23.254.167.187] to MTA after rcpt
Jul 23 03:01:13 kibr sm-mta[15924]: 06N017Is015924: from=<photo@kibr.net>, size=0, class=0, nrcpts=0, proto=ESMTP, daemon=MTA, relay=hwsrv-754150.hostwindsdns.com [23.254.167.187]
Jul 23 03:01:17 kibr sm-mta[15925]: 06N01B1j015925: ruleset=check_rcpt, arg1=<adalram1029@gmail.com>, relay=hwsrv-754150.hostwindsdns.com [23.254.167.187], reject=550 5.7.1 <adalram1029@gmail.com>... Relaying denied
Jul 23 03:01:17 kibr sm-mta[15925]: 06N01B1j015925: lost input channel from hwsrv-754150.hostwindsdns.com [23.254.167.187] to MTA after rcpt
Jul 23 03:01:17 kibr sm-mta[15925]: 06N01B1j015925: from=<palt@kibr.net>, size=0, class=0, nrcpts=0, proto=ESMTP, daemon=MTA, relay=hwsrv-754150.hostwindsdns.com [23.254.167.187]
Jul 23 03:01:18 kibr sm-mta[15926]: 06N01Dj2015926: ruleset=check_rcpt, arg1=<adalram1029@gmail.com>, relay=hwsrv-754150.hostwindsdns.com [23.254.167.187], reject=550 5.7.1 <adalram1029@gmail.com>... Relaying denied
Jul 23 03:01:19 kibr sm-mta[15926]: 06N01Dj2015926: lost input channel from hwsrv-754150.hostwindsdns.com [23.254.167.187] to MTA after rcpt
Jul 23 03:01:19 kibr sm-mta[15926]: 06N01Dj2015926: from=<guest@kibr.net>, size=0, class=0, nrcpts=0, proto=ESMTP, daemon=MTA, relay=hwsrv-754150.hostwindsdns.com [23.254.167.187]
Jul 23 03:01:23 kibr sm-mta[15927]: 06N01H4Q015927: ruleset=check_rcpt, arg1=<adalram1029@gmail.com>, relay=hwsrv-754150.hostwindsdns.com [23.254.167.187], reject=550 5.7.1 <adalram1029@gmail.com>... Relaying denied
Jul 23 03:01:23 kibr sm-mta[15927]: 06N01H4Q015927: lost input channel from hwsrv-754150.hostwindsdns.com [23.254.167.187] to MTA after rcpt
Jul 23 03:01:23 kibr sm-mta[15927]: 06N01H4Q015927: from=<fumiko@kibr.net>, size=0, class=0, nrcpts=0, proto=ESMTP, daemon=MTA, relay=hwsrv-754150.hostwindsdns.com [23.254.167.187]
Jul 23 03:01:24 kibr sm-mta[15928]: 06N01J2A015928: ruleset=check_rcpt, arg1=<adalram1029@gmail.com>, relay=hwsrv-754150.hostwindsdns.com [23.254.167.187], reject=550 5.7.1 <adalram1029@gmail.com>... Relaying denied
Jul 23 03:01:25 kibr sm-mta[15928]: 06N01J2A015928: lost input channel from hwsrv-754150.hostwindsdns.com [23.254.167.187] to MTA after rcpt
Jul 23 03:01:25 kibr sm-mta[15928]: 06N01J2A015928: from=<mark@kibr.net>, size=0, class=0, nrcpts=0, proto=ESMTP, daemon=MTA, relay=hwsrv-754150.hostwindsdns.com [23.254.167.187]
Jul 23 03:01:29 kibr sm-mta[15929]: 06N01NaY015929: ruleset=check_rcpt, arg1=<adalram1029@gmail.com>, relay=hwsrv-754150.hostwindsdns.com [23.254.167.187], reject=550 5.7.1 <adalram1029@gmail.com>... Relaying denied
Jul 23 03:01:29 kibr sm-mta[15929]: 06N01NaY015929: lost input channel from hwsrv-754150.hostwindsdns.com [23.254.167.187] to MTA after rcpt
Jul 23 03:01:29 kibr sm-mta[15929]: 06N01NaY015929: from=<help@kibr.net>, size=0, class=0, nrcpts=0, proto=ESMTP, daemon=MTA, relay=hwsrv-754150.hostwindsdns.com [23.254.167.187]
Jul 23 03:01:30 kibr sm-mta[15930]: 06N01PLJ015930: ruleset=check_rcpt, arg1=<adalram1029@gmail.com>, relay=hwsrv-754150.hostwindsdns.com [23.254.167.187], reject=550 5.7.1 <adalram1029@gmail.com>... Relaying denied
Jul 23 03:01:31 kibr sm-mta[15930]: 06N01PLJ015930: lost input channel from hwsrv-754150.hostwindsdns.com [23.254.167.187] to MTA after rcpt
Jul 23 03:01:31 kibr sm-mta[15930]: 06N01PLJ015930: from=<reservas@kibr.net>, size=0, class=0, nrcpts=0, proto=ESMTP, daemon=MTA, relay=hwsrv-754150.hostwindsdns.com [23.254.167.187]
Jul 23 03:01:35 kibr sm-mta[15932]: 06N01TrJ015932: ruleset=check_rcpt, arg1=<adalram1029@gmail.com>, relay=hwsrv-754150.hostwindsdns.com [23.254.167.187], reject=550 5.7.1 <adalram1029@gmail.com>... Relaying denied
Jul 23 03:01:35 kibr sm-mta[15932]: 06N01TrJ015932: lost input channel from hwsrv-754150.hostwindsdns.com [23.254.167.187] to MTA after rcpt
Jul 23 03:01:35 kibr sm-mta[15932]: 06N01TrJ015932: from=<visitor@kibr.net>, size=0, class=0, nrcpts=0, proto=ESMTP, daemon=MTA, relay=hwsrv-754150.hostwindsdns.com [23.254.167.187]
Jul 23 03:01:36 kibr sm-mta[15933]: 06N01VFZ015933: ruleset=check_rcpt, arg1=<adalram1029@gmail.com>, relay=hwsrv-754150.hostwindsdns.com [23.254.167.187], reject=550 5.7.1 <adalram1029@gmail.com>... Relaying denied
Jul 23 03:01:36 kibr sm-mta[15933]: 06N01VFZ015933: lost input channel from hwsrv-754150.hostwindsdns.com [23.254.167.187] to MTA after rcpt
Jul 23 03:01:36 kibr sm-mta[15933]: 06N01VFZ015933: from=<united@kibr.net>, size=0, class=0, nrcpts=0, proto=ESMTP, daemon=MTA, relay=hwsrv-754150.hostwindsdns.com [23.254.167.187]
Jul 23 03:01:41 kibr sm-mta[15934]: 06N01Z7w015934: ruleset=check_rcpt, arg1=<adalram1029@gmail.com>, relay=hwsrv-754150.hostwindsdns.com [23.254.167.187], reject=550 5.7.1 <adalram1029@gmail.com>... Relaying denied
Jul 23 03:01:41 kibr sm-mta[15934]: 06N01Z7w015934: lost input channel from hwsrv-754150.hostwindsdns.com [23.254.167.187] to MTA after rcpt
Jul 23 03:01:41 kibr sm-mta[15934]: 06N01Z7w015934: from=<spam@kibr.net>, size=0, class=0, nrcpts=0, proto=ESMTP, daemon=MTA, relay=hwsrv-754150.hostwindsdns.com [23.254.167.187]
Jul 23 03:01:42 kibr sm-mta[15935]: 06N01bwV015935: ruleset=check_rcpt, arg1=<adalram1029@gmail.com>, relay=hwsrv-754150.hostwindsdns.com [23.254.167.187], reject=550 5.7.1 <adalram1029@gmail.com>... Relaying denied
Jul 23 03:01:43 kibr sm-mta[15935]: 06N01bwV015935: lost input channel from hwsrv-754150.hostwindsdns.com [23.254.167.187] to MTA after rcpt
Jul 23 03:01:43 kibr sm-mta[15935]: 06N01bwV015935: from=<www@kibr.net>, size=0, class=0, nrcpts=0, proto=ESMTP, daemon=MTA, relay=hwsrv-754150.hostwindsdns.com [23.254.167.187]
Jul 23 03:01:47 kibr sm-mta[15936]: 06N01fZ4015936: ruleset=check_rcpt, arg1=<adalram1029@gmail.com>, relay=hwsrv-754150.hostwindsdns.com [23.254.167.187], reject=550 5.7.1 <adalram1029@gmail.com>... Relaying denied
Jul 23 03:01:47 kibr sm-mta[15936]: 06N01fZ4015936: lost input channel from hwsrv-754150.hostwindsdns.com [23.254.167.187] to MTA after rcpt
Jul 23 03:01:47 kibr sm-mta[15936]: 06N01fZ4015936: from=<fax@kibr.net>, size=0, class=0, nrcpts=0, proto=ESMTP, daemon=MTA, relay=hwsrv-754150.hostwindsdns.com [23.254.167.187]
Jul 23 03:01:48 kibr sm-mta[15937]: 06N01hbD015937: ruleset=check_rcpt, arg1=<adalram1029@gmail.com>, relay=hwsrv-754150.hostwindsdns.com [23.254.167.187], reject=550 5.7.1 <adalram1029@gmail.com>... Relaying denied
Jul 23 03:01:49 kibr sm-mta[15937]: 06N01hbD015937: lost input channel from hwsrv-754150.hostwindsdns.com [23.254.167.187] to MTA after rcpt
Jul 23 03:01:49 kibr sm-mta[15937]: 06N01hbD015937: from=<electrolytical@kibr.net>, size=0, class=0, nrcpts=0, proto=ESMTP, daemon=MTA, relay=hwsrv-754150.hostwindsdns.com [23.254.167.187]
Jul 23 03:01:53 kibr sm-mta[15939]: 06N01lqL015939: ruleset=check_rcpt, arg1=<adalram1029@gmail.com>, relay=hwsrv-754150.hostwindsdns.com [23.254.167.187], reject=550 5.7.1 <adalram1029@gmail.com>... Relaying denied
Jul 23 03:01:53 kibr sm-mta[15939]: 06N01lqL015939: lost input channel from hwsrv-754150.hostwindsdns.com [23.254.167.187] to MTA after rcpt
Jul 23 03:01:53 kibr sm-mta[15939]: 06N01lqL015939: from=<photo@kibr.net>, size=0, class=0, nrcpts=0, proto=ESMTP, daemon=MTA, relay=hwsrv-754150.hostwindsdns.com [23.254.167.187]
Jul 23 03:01:54 kibr sm-mta[15940]: 06N01nTQ015940: ruleset=check_rcpt, arg1=<adalram1029@gmail.com>, relay=hwsrv-754150.hostwindsdns.com [23.254.167.187], reject=550 5.7.1 <adalram1029@gmail.com>... Relaying denied
Jul 23 03:01:54 kibr sm-mta[15940]: 06N01nTQ015940: lost input channel from hwsrv-754150.hostwindsdns.com [23.254.167.187] to MTA after rcpt
Jul 23 03:01:54 kibr sm-mta[15940]: 06N01nTQ015940: from=<duncanmercado@kibr.net>, size=0, class=0, nrcpts=0, proto=ESMTP, daemon=MTA, relay=hwsrv-754150.hostwindsdns.com [23.254.167.187]
Jul 23 03:01:59 kibr sm-mta[15942]: 06N01r3k015942: ruleset=check_rcpt, arg1=<adalram1029@gmail.com>, relay=hwsrv-754150.hostwindsdns.com [23.254.167.187], reject=550 5.7.1 <adalram1029@gmail.com>... Relaying denied
Jul 23 03:01:59 kibr sm-mta[15942]: 06N01r3k015942: lost input channel from hwsrv-754150.hostwindsdns.com [23.254.167.187] to MTA after rcpt
Jul 23 03:01:59 kibr sm-mta[15942]: 06N01r3k015942: from=<guest@kibr.net>, size=0, class=0, nrcpts=0, proto=ESMTP, daemon=MTA, relay=hwsrv-754150.hostwindsdns.com [23.254.167.187]
Jul 23 03:02:00 kibr sm-mta[15943]: 06N01tXR015943: ruleset=check_rcpt, arg1=<adalram1029@gmail.com>, relay=hwsrv-754150.hostwindsdns.com [23.254.167.187], reject=550 5.7.1 <adalram1029@gmail.com>... Relaying denied
Jul 23 03:02:01 kibr sm-mta[15943]: 06N01tXR015943: lost input channel from hwsrv-754150.hostwindsdns.com [23.254.167.187] to MTA after rcpt
Jul 23 03:02:01 kibr sm-mta[15943]: 06N01tXR015943: from=<doudelie2468@kibr.net>, size=0, class=0, nrcpts=0, proto=ESMTP, daemon=MTA, relay=hwsrv-754150.hostwindsdns.com [23.254.167.187]
Jul 23 03:02:05 kibr sm-mta[15945]: 06N01x0F015945: ruleset=check_rcpt, arg1=<adalram1029@gmail.com>, relay=hwsrv-754150.hostwindsdns.com [23.254.167.187], reject=550 5.7.1 <adalram1029@gmail.com>... Relaying denied
Jul 23 03:02:05 kibr sm-mta[15945]: 06N01x0F015945: lost input channel from hwsrv-754150.hostwindsdns.com [23.254.167.187] to MTA after rcpt
Jul 23 03:02:05 kibr sm-mta[15945]: 06N01x0F015945: from=<mark@kibr.net>, size=0, class=0, nrcpts=0, proto=ESMTP, daemon=MTA, relay=hwsrv-754150.hostwindsdns.com [23.254.167.187]
Jul 23 03:02:05 kibr sm-mta[15944]: 06N020vD015944: ip-185-32-181-100.happytechnik.cz [185.32.181.100] did not issue MAIL/EXPN/VRFY/ETRN during connection to MTA
Jul 23 03:02:06 kibr sm-mta[15946]: 06N021nu015946: ruleset=check_rcpt, arg1=<adalram1029@gmail.com>, relay=hwsrv-754150.hostwindsdns.com [23.254.167.187], reject=550 5.7.1 <adalram1029@gmail.com>... Relaying denied
Jul 23 03:02:06 kibr sm-mta[15946]: 06N021nu015946: lost input channel from hwsrv-754150.hostwindsdns.com [23.254.167.187] to MTA after rcpt
Jul 23 03:02:06 kibr sm-mta[15946]: 06N021nu015946: from=<ertotdd@kibr.net>, size=0, class=0, nrcpts=0, proto=ESMTP, daemon=MTA, relay=hwsrv-754150.hostwindsdns.com [23.254.167.187]
Jul 23 03:02:11 kibr sm-mta[15947]: 06N025SR015947: ruleset=check_rcpt, arg1=<adalram1029@gmail.com>, relay=hwsrv-754150.hostwindsdns.com [23.254.167.187], reject=550 5.7.1 <adalram1029@gmail.com>... Relaying denied
Jul 23 03:02:11 kibr sm-mta[15947]: 06N025SR015947: lost input channel from hwsrv-754150.hostwindsdns.com [23.254.167.187] to MTA after rcpt
Jul 23 03:02:11 kibr sm-mta[15947]: 06N025SR015947: from=<reservas@kibr.net>, size=0, class=0, nrcpts=0, proto=ESMTP, daemon=MTA, relay=hwsrv-754150.hostwindsdns.com [23.254.167.187]
Jul 23 03:02:12 kibr sm-mta[15948]: 06N027Us015948: ruleset=check_rcpt, arg1=<adalram1029@gmail.com>, relay=hwsrv-754150.hostwindsdns.com [23.254.167.187], reject=550 5.7.1 <adalram1029@gmail.com>... Relaying denied
Jul 23 03:02:13 kibr sm-mta[15948]: 06N027Us015948: lost input channel from hwsrv-754150.hostwindsdns.com [23.254.167.187] to MTA after rcpt
Jul 23 03:02:13 kibr sm-mta[15948]: 06N027Us015948: from=<gilmorelucilegilmore_ug@kibr.net>, size=0, class=0, nrcpts=0, proto=ESMTP, daemon=MTA, relay=hwsrv-754150.hostwindsdns.com [23.254.167.187]
Jul 23 03:02:17 kibr sm-mta[15950]: 06N02BaW015950: ruleset=check_rcpt, arg1=<adalram1029@gmail.com>, relay=hwsrv-754150.hostwindsdns.com [23.254.167.187], reject=550 5.7.1 <adalram1029@gmail.com>... Relaying denied
Jul 23 03:02:17 kibr sm-mta[15950]: 06N02BaW015950: lost input channel from hwsrv-754150.hostwindsdns.com [23.254.167.187] to MTA after rcpt
Jul 23 03:02:17 kibr sm-mta[15950]: 06N02BaW015950: from=<united@kibr.net>, size=0, class=0, nrcpts=0, proto=ESMTP, daemon=MTA, relay=hwsrv-754150.hostwindsdns.com [23.254.167.187]
Jul 23 03:02:18 kibr sm-mta[15951]: 06N02Dtg015951: ruleset=check_rcpt, arg1=<adalram1029@gmail.com>, relay=hwsrv-754150.hostwindsdns.com [23.254.167.187], reject=550 5.7.1 <adalram1029@gmail.com>... Relaying denied
Jul 23 03:02:19 kibr sm-mta[15951]: 06N02Dtg015951: lost input channel from hwsrv-754150.hostwindsdns.com [23.254.167.187] to MTA after rcpt
Jul 23 03:02:19 kibr sm-mta[15951]: 06N02Dtg015951: from=<marketingdir@kibr.net>, size=0, class=0, nrcpts=0, proto=ESMTP, daemon=MTA, relay=hwsrv-754150.hostwindsdns.com [23.254.167.187]
Jul 23 03:02:23 kibr sm-mta[15952]: 06N02HMH015952: ruleset=check_rcpt, arg1=<adalram1029@gmail.com>, relay=hwsrv-754150.hostwindsdns.com [23.254.167.187], reject=550 5.7.1 <adalram1029@gmail.com>... Relaying denied
Jul 23 03:02:23 kibr sm-mta[15952]: 06N02HMH015952: lost input channel from hwsrv-754150.hostwindsdns.com [23.254.167.187] to MTA after rcpt
Jul 23 03:02:23 kibr sm-mta[15952]: 06N02HMH015952: from=<www@kibr.net>, size=0, class=0, nrcpts=0, proto=ESMTP, daemon=MTA, relay=hwsrv-754150.hostwindsdns.com [23.254.167.187]
Jul 23 03:02:24 kibr sm-mta[15953]: 06N02JU4015953: ruleset=check_rcpt, arg1=<adalram1029@gmail.com>, relay=hwsrv-754150.hostwindsdns.com [23.254.167.187], reject=550 5.7.1 <adalram1029@gmail.com>... Relaying denied
Jul 23 03:02:24 kibr sm-mta[15953]: 06N02JU4015953: lost input channel from hwsrv-754150.hostwindsdns.com [23.254.167.187] to MTA after rcpt
Jul 23 03:02:24 kibr sm-mta[15953]: 06N02JU4015953: from=<floridaclerk@kibr.net>, size=0, class=0, nrcpts=0, proto=ESMTP, daemon=MTA, relay=hwsrv-754150.hostwindsdns.com [23.254.167.187]
Jul 23 03:02:29 kibr sm-mta[15954]: 06N02NBJ015954: ruleset=check_rcpt, arg1=<adalram1029@gmail.com>, relay=hwsrv-754150.hostwindsdns.com [23.254.167.187], reject=550 5.7.1 <adalram1029@gmail.com>... Relaying denied
Jul 23 03:02:29 kibr sm-mta[15954]: 06N02NBJ015954: lost input channel from hwsrv-754150.hostwindsdns.com [23.254.167.187] to MTA after rcpt
Jul 23 03:02:29 kibr sm-mta[15954]: 06N02NBJ015954: from=<electrolytical@kibr.net>, size=0, class=0, nrcpts=0, proto=ESMTP, daemon=MTA, relay=hwsrv-754150.hostwindsdns.com [23.254.167.187]
Jul 23 03:02:31 kibr sm-mta[15955]: 06N02PSe015955: ruleset=check_rcpt, arg1=<adalram1029@gmail.com>, relay=hwsrv-754150.hostwindsdns.com [23.254.167.187], reject=550 5.7.1 <adalram1029@gmail.com>... Relaying denied
Jul 23 03:02:31 kibr sm-mta[15955]: 06N02PSe015955: lost input channel from hwsrv-754150.hostwindsdns.com [23.254.167.187] to MTA after rcpt
Jul 23 03:02:31 kibr sm-mta[15955]: 06N02PSe015955: from=<welcome@kibr.net>, size=0, class=0, nrcpts=0, proto=ESMTP, daemon=MTA, relay=hwsrv-754150.hostwindsdns.com [23.254.167.187]
Jul 23 03:02:35 kibr sm-mta[15960]: 06N02Tbe015960: ruleset=check_rcpt, arg1=<adalram1029@gmail.com>, relay=hwsrv-754150.hostwindsdns.com [23.254.167.187], reject=550 5.7.1 <adalram1029@gmail.com>... Relaying denied
Jul 23 03:02:35 kibr sm-mta[15960]: 06N02Tbe015960: lost input channel from hwsrv-754150.hostwindsdns.com [23.254.167.187] to MTA after rcpt
Jul 23 03:02:35 kibr sm-mta[15960]: 06N02Tbe015960: from=<duncanmercado@kibr.net>, size=0, class=0, nrcpts=0, proto=ESMTP, daemon=MTA, relay=hwsrv-754150.hostwindsdns.com [23.254.167.187]
Jul 23 03:02:37 kibr sm-mta[15961]: 06N02V1M015961: ruleset=check_rcpt, arg1=<adalram1029@gmail.com>, relay=hwsrv-754150.hostwindsdns.com [23.254.167.187], reject=550 5.7.1 <adalram1029@gmail.com>... Relaying denied
Jul 23 03:02:37 kibr sm-mta[15961]: 06N02V1M015961: lost input channel from hwsrv-754150.hostwindsdns.com [23.254.167.187] to MTA after rcpt
Jul 23 03:02:37 kibr sm-mta[15961]: 06N02V1M015961: from=<mailapps-trtgi6nfij2@kibr.net>, size=0, class=0, nrcpts=0, proto=ESMTP, daemon=MTA, relay=hwsrv-754150.hostwindsdns.com [23.254.167.187]
Jul 23 03:02:41 kibr sm-mta[15962]: 06N02ZFq015962: ruleset=check_rcpt, arg1=<adalram1029@gmail.com>, relay=hwsrv-754150.hostwindsdns.com [23.254.167.187], reject=550 5.7.1 <adalram1029@gmail.com>... Relaying denied
Jul 23 03:02:41 kibr sm-mta[15962]: 06N02ZFq015962: lost input channel from hwsrv-754150.hostwindsdns.com [23.254.167.187] to MTA after rcpt
Jul 23 03:02:41 kibr sm-mta[15962]: 06N02ZFq015962: from=<doudelie2468@kibr.net>, size=0, class=0, nrcpts=0, proto=ESMTP, daemon=MTA, relay=hwsrv-754150.hostwindsdns.com [23.254.167.187]
Jul 23 03:02:43 kibr sm-mta[15963]: 06N02buZ015963: ruleset=check_rcpt, arg1=<adalram1029@gmail.com>, relay=hwsrv-754150.hostwindsdns.com [23.254.167.187], reject=550 5.7.1 <adalram1029@gmail.com>... Relaying denied
Jul 23 03:02:43 kibr sm-mta[15963]: 06N02buZ015963: lost input channel from hwsrv-754150.hostwindsdns.com [23.254.167.187] to MTA after rcpt
Jul 23 03:02:43 kibr sm-mta[15963]: 06N02buZ015963: from=<dutommyl@kibr.net>, size=0, class=0, nrcpts=0, proto=ESMTP, daemon=MTA, relay=hwsrv-754150.hostwindsdns.com [23.254.167.187]
Jul 23 03:02:47 kibr sm-mta[15964]: 06N02fmx015964: ruleset=check_rcpt, arg1=<adalram1029@gmail.com>, relay=hwsrv-754150.hostwindsdns.com [23.254.167.187], reject=550 5.7.1 <adalram1029@gmail.com>... Relaying denied
Jul 23 03:02:47 kibr sm-mta[15964]: 06N02fmx015964: lost input channel from hwsrv-754150.hostwindsdns.com [23.254.167.187] to MTA after rcpt
Jul 23 03:02:47 kibr sm-mta[15964]: 06N02fmx015964: from=<ertotdd@kibr.net>, size=0, class=0, nrcpts=0, proto=ESMTP, daemon=MTA, relay=hwsrv-754150.hostwindsdns.com [23.254.167.187]
Jul 23 03:02:49 kibr sm-mta[15966]: 06N02hkk015966: ruleset=check_rcpt, arg1=<adalram1029@gmail.com>, relay=hwsrv-754150.hostwindsdns.com [23.254.167.187], reject=550 5.7.1 <adalram1029@gmail.com>... Relaying denied
Jul 23 03:02:49 kibr sm-mta[15966]: 06N02hkk015966: lost input channel from hwsrv-754150.hostwindsdns.com [23.254.167.187] to MTA after rcpt
Jul 23 03:02:49 kibr sm-mta[15966]: 06N02hkk015966: from=<sysadmin@kibr.net>, size=0, class=0, nrcpts=0, proto=ESMTP, daemon=MTA, relay=hwsrv-754150.hostwindsdns.com [23.254.167.187]
Jul 23 03:02:52 kibr sm-mta[15969]: 06N02q9C015969: hwsrv-754150.hostwindsdns.com [23.254.167.187] did not issue MAIL/EXPN/VRFY/ETRN during connection to MTA
Jul 23 03:02:53 kibr sm-mta[15967]: 06N02l11015967: ruleset=check_rcpt, arg1=<adalram1029@gmail.com>, relay=hwsrv-754150.hostwindsdns.com [23.254.167.187], reject=550 5.7.1 <adalram1029@gmail.com>... Relaying denied
Jul 23 03:02:53 kibr sm-mta[15967]: 06N02l11015967: lost input channel from hwsrv-754150.hostwindsdns.com [23.254.167.187] to MTA after rcpt
Jul 23 03:02:53 kibr sm-mta[15967]: 06N02l11015967: from=<gilmorelucilegilmore_ug@kibr.net>, size=0, class=0, nrcpts=0, proto=ESMTP, daemon=MTA, relay=hwsrv-754150.hostwindsdns.com [23.254.167.187]
Jul 23 03:02:55 kibr sm-mta[15968]: 06N02np9015968: ruleset=check_rcpt, arg1=<adalram1029@gmail.com>, relay=hwsrv-754150.hostwindsdns.com [23.254.167.187], reject=550 5.7.1 <adalram1029@gmail.com>... Relaying denied
Jul 23 03:02:55 kibr sm-mta[15968]: 06N02np9015968: lost input channel from hwsrv-754150.hostwindsdns.com [23.254.167.187] to MTA after rcpt
Jul 23 03:02:55 kibr sm-mta[15968]: 06N02np9015968: from=<user@kibr.net>, size=0, class=0, nrcpts=0, proto=ESMTP, daemon=MTA, relay=hwsrv-754150.hostwindsdns.com [23.254.167.187]
Jul 23 03:02:59 kibr sm-mta[15970]: 06N02r8C015970: ruleset=check_rcpt, arg1=<adalram1029@gmail.com>, relay=hwsrv-754150.hostwindsdns.com [23.254.167.187], reject=550 5.7.1 <adalram1029@gmail.com>... Relaying denied
Jul 23 03:02:59 kibr sm-mta[15970]: 06N02r8C015970: lost input channel from hwsrv-754150.hostwindsdns.com [23.254.167.187] to MTA after rcpt
Jul 23 03:02:59 kibr sm-mta[15970]: 06N02r8C015970: from=<admin@kibr.net>, size=0, class=0, nrcpts=0, proto=ESMTP, daemon=MTA, relay=hwsrv-754150.hostwindsdns.com [23.254.167.187]
Jul 23 03:03:01 kibr sm-mta[15971]: 06N02tiS015971: ruleset=check_rcpt, arg1=<adalram1029@gmail.com>, relay=hwsrv-754150.hostwindsdns.com [23.254.167.187], reject=550 5.7.1 <adalram1029@gmail.com>... Relaying denied
Jul 23 03:03:01 kibr sm-mta[15971]: 06N02tiS015971: lost input channel from hwsrv-754150.hostwindsdns.com [23.254.167.187] to MTA after rcpt
Jul 23 03:03:01 kibr sm-mta[15971]: 06N02tiS015971: from=<marketingdir@kibr.net>, size=0, class=0, nrcpts=0, proto=ESMTP, daemon=MTA, relay=hwsrv-754150.hostwindsdns.com [23.254.167.187]
Jul 23 03:03:05 kibr sm-mta[15972]: 06N02xOl015972: ruleset=check_rcpt, arg1=<adalram1029@gmail.com>, relay=hwsrv-754150.hostwindsdns.com [23.254.167.187], reject=550 5.7.1 <adalram1029@gmail.com>... Relaying denied
Jul 23 03:03:05 kibr sm-mta[15972]: 06N02xOl015972: lost input channel from hwsrv-754150.hostwindsdns.com [23.254.167.187] to MTA after rcpt
Jul 23 03:03:05 kibr sm-mta[15972]: 06N02xOl015972: from=<948.pcondron@kibr.net>, size=0, class=0, nrcpts=0, proto=ESMTP, daemon=MTA, relay=hwsrv-754150.hostwindsdns.com [23.254.167.187]
Jul 23 03:03:07 kibr sm-mta[15973]: 06N031GA015973: ruleset=check_rcpt, arg1=<adalram1029@gmail.com>, relay=hwsrv-754150.hostwindsdns.com [23.254.167.187], reject=550 5.7.1 <adalram1029@gmail.com>... Relaying denied
Jul 23 03:03:07 kibr sm-mta[15973]: 06N031GA015973: lost input channel from hwsrv-754150.hostwindsdns.com [23.254.167.187] to MTA after rcpt
Jul 23 03:03:07 kibr sm-mta[15973]: 06N031GA015973: from=<admin@kibr.net>, size=0, class=0, nrcpts=0, proto=ESMTP, daemon=MTA, relay=hwsrv-754150.hostwindsdns.com [23.254.167.187]
Jul 23 03:03:11 kibr sm-mta[15975]: 06N035Sq015975: ruleset=check_rcpt, arg1=<adalram1029@gmail.com>, relay=hwsrv-754150.hostwindsdns.com [23.254.167.187], reject=550 5.7.1 <adalram1029@gmail.com>... Relaying denied
Jul 23 03:03:11 kibr sm-mta[15975]: 06N035Sq015975: lost input channel from hwsrv-754150.hostwindsdns.com [23.254.167.187] to MTA after rcpt
Jul 23 03:03:11 kibr sm-mta[15975]: 06N035Sq015975: from=<floridaclerk@kibr.net>, size=0, class=0, nrcpts=0, proto=ESMTP, daemon=MTA, relay=hwsrv-754150.hostwindsdns.com [23.254.167.187]
Jul 23 03:03:14 kibr sm-mta[15976]: 06N037jh015976: ruleset=check_rcpt, arg1=<adalram1029@gmail.com>, relay=hwsrv-754150.hostwindsdns.com [23.254.167.187], reject=550 5.7.1 <adalram1029@gmail.com>... Relaying denied
Jul 23 03:03:14 kibr sm-mta[15976]: 06N037jh015976: lost input channel from hwsrv-754150.hostwindsdns.com [23.254.167.187] to MTA after rcpt
Jul 23 03:03:14 kibr sm-mta[15976]: 06N037jh015976: from=<cypher1@kibr.net>, size=0, class=0, nrcpts=0, proto=ESMTP, daemon=MTA, relay=hwsrv-754150.hostwindsdns.com [23.254.167.187]
Jul 23 03:03:17 kibr sm-mta[15977]: 06N03BdF015977: ruleset=check_rcpt, arg1=<adalram1029@gmail.com>, relay=hwsrv-754150.hostwindsdns.com [23.254.167.187], reject=550 5.7.1 <adalram1029@gmail.com>... Relaying denied
Jul 23 03:03:17 kibr sm-mta[15977]: 06N03BdF015977: lost input channel from hwsrv-754150.hostwindsdns.com [23.254.167.187] to MTA after rcpt
Jul 23 03:03:17 kibr sm-mta[15977]: 06N03BdF015977: from=<user@kibr.net>, size=0, class=0, nrcpts=0, proto=ESMTP, daemon=MTA, relay=hwsrv-754150.hostwindsdns.com [23.254.167.187]
Jul 23 03:03:20 kibr sm-mta[15978]: 06N03ELD015978: ruleset=check_rcpt, arg1=<adalram1029@gmail.com>, relay=hwsrv-754150.hostwindsdns.com [23.254.167.187], reject=550 5.7.1 <adalram1029@gmail.com>... Relaying denied
Jul 23 03:03:20 kibr sm-mta[15978]: 06N03ELD015978: lost input channel from hwsrv-754150.hostwindsdns.com [23.254.167.187] to MTA after rcpt
Jul 23 03:03:20 kibr sm-mta[15978]: 06N03ELD015978: from=<welcome@kibr.net>, size=0, class=0, nrcpts=0, proto=ESMTP, daemon=MTA, relay=hwsrv-754150.hostwindsdns.com [23.254.167.187]
Jul 23 03:03:23 kibr sm-mta[15979]: 06N03H11015979: ruleset=check_rcpt, arg1=<adalram1029@gmail.com>, relay=hwsrv-754150.hostwindsdns.com [23.254.167.187], reject=550 5.7.1 <adalram1029@gmail.com>... Relaying denied
Jul 23 03:03:24 kibr sm-mta[15979]: 06N03H11015979: lost input channel from hwsrv-754150.hostwindsdns.com [23.254.167.187] to MTA after rcpt
Jul 23 03:03:24 kibr sm-mta[15979]: 06N03H11015979: from=<otrs@kibr.net>, size=0, class=0, nrcpts=0, proto=ESMTP, daemon=MTA, relay=hwsrv-754150.hostwindsdns.com [23.254.167.187]
Jul 23 03:03:26 kibr sm-mta[15980]: 06N03Kh1015980: ruleset=check_rcpt, arg1=<adalram1029@gmail.com>, relay=hwsrv-754150.hostwindsdns.com [23.254.167.187], reject=550 5.7.1 <adalram1029@gmail.com>... Relaying denied
Jul 23 03:03:26 kibr sm-mta[15980]: 06N03Kh1015980: lost input channel from hwsrv-754150.hostwindsdns.com [23.254.167.187] to MTA after rcpt
Jul 23 03:03:26 kibr sm-mta[15980]: 06N03Kh1015980: from=<admin@kibr.net>, size=0, class=0, nrcpts=0, proto=ESMTP, daemon=MTA, relay=hwsrv-754150.hostwindsdns.com [23.254.167.187]
Jul 23 03:03:29 kibr sm-mta[15981]: 06N03Ose015981: ruleset=check_rcpt, arg1=<adalram1029@gmail.com>, relay=hwsrv-754150.hostwindsdns.com [23.254.167.187], reject=550 5.7.1 <adalram1029@gmail.com>... Relaying denied
Jul 23 03:03:30 kibr sm-mta[15981]: 06N03Ose015981: lost input channel from hwsrv-754150.hostwindsdns.com [23.254.167.187] to MTA after rcpt
Jul 23 03:03:30 kibr sm-mta[15981]: 06N03Ose015981: from=<mailapps-trtgi6nfij2@kibr.net>, size=0, class=0, nrcpts=0, proto=ESMTP, daemon=MTA, relay=hwsrv-754150.hostwindsdns.com [23.254.167.187]
Jul 23 03:03:33 kibr sm-mta[15982]: 06N03QwD015982: ruleset=check_rcpt, arg1=<adalram1029@gmail.com>, relay=hwsrv-754150.hostwindsdns.com [23.254.167.187], reject=550 5.7.1 <adalram1029@gmail.com>... Relaying denied
Jul 23 03:03:33 kibr sm-mta[15982]: 06N03QwD015982: lost input channel from hwsrv-754150.hostwindsdns.com [23.254.167.187] to MTA after rcpt
Jul 23 03:03:33 kibr sm-mta[15982]: 06N03QwD015982: from=<dolores@kibr.net>, size=0, class=0, nrcpts=0, proto=ESMTP, daemon=MTA, relay=hwsrv-754150.hostwindsdns.com [23.254.167.187]
Jul 23 03:03:36 kibr sm-mta[15983]: 06N03UhG015983: ruleset=check_rcpt, arg1=<adalram1029@gmail.com>, relay=hwsrv-754150.hostwindsdns.com [23.254.167.187], reject=550 5.7.1 <adalram1029@gmail.com>... Relaying denied
Jul 23 03:03:36 kibr sm-mta[15983]: 06N03UhG015983: lost input channel from hwsrv-754150.hostwindsdns.com [23.254.167.187] to MTA after rcpt
Jul 23 03:03:36 kibr sm-mta[15983]: 06N03UhG015983: from=<info@kibr.net>, size=0, class=0, nrcpts=0, proto=ESMTP, daemon=MTA, relay=hwsrv-754150.hostwindsdns.com [23.254.167.187]
Jul 23 03:03:39 kibr sm-mta[15984]: 06N03XUT015984: ruleset=check_rcpt, arg1=<adalram1029@gmail.com>, relay=hwsrv-754150.hostwindsdns.com [23.254.167.187], reject=550 5.7.1 <adalram1029@gmail.com>... Relaying denied
Jul 23 03:03:39 kibr sm-mta[15984]: 06N03XUT015984: lost input channel from hwsrv-754150.hostwindsdns.com [23.254.167.187] to MTA after rcpt
Jul 23 03:03:39 kibr sm-mta[15984]: 06N03XUT015984: from=<dutommyl@kibr.net>, size=0, class=0, nrcpts=0, proto=ESMTP, daemon=MTA, relay=hwsrv-754150.hostwindsdns.com [23.254.167.187]
Jul 23 03:03:42 kibr sm-mta[15985]: 06N03aQf015985: ruleset=check_rcpt, arg1=<adalram1029@gmail.com>, relay=hwsrv-754150.hostwindsdns.com [23.254.167.187], reject=550 5.7.1 <adalram1029@gmail.com>... Relaying denied
Jul 23 03:03:42 kibr sm-mta[15985]: 06N03aQf015985: lost input channel from hwsrv-754150.hostwindsdns.com [23.254.167.187] to MTA after rcpt
Jul 23 03:03:42 kibr sm-mta[15985]: 06N03aQf015985: from=<news@kibr.net>, size=0, class=0, nrcpts=0, proto=ESMTP, daemon=MTA, relay=hwsrv-754150.hostwindsdns.com [23.254.167.187]
Jul 23 03:03:45 kibr sm-mta[15986]: 06N03d02015986: ruleset=check_rcpt, arg1=<adalram1029@gmail.com>, relay=hwsrv-754150.hostwindsdns.com [23.254.167.187], reject=550 5.7.1 <adalram1029@gmail.com>... Relaying denied
Jul 23 03:03:45 kibr sm-mta[15986]: 06N03d02015986: lost input channel from hwsrv-754150.hostwindsdns.com [23.254.167.187] to MTA after rcpt
Jul 23 03:03:45 kibr sm-mta[15986]: 06N03d02015986: from=<sales@kibr.net>, size=0, class=0, nrcpts=0, proto=ESMTP, daemon=MTA, relay=hwsrv-754150.hostwindsdns.com [23.254.167.187]
Jul 23 03:03:48 kibr sm-mta[15988]: 06N03g71015988: ruleset=check_rcpt, arg1=<adalram1029@gmail.com>, relay=hwsrv-754150.hostwindsdns.com [23.254.167.187], reject=550 5.7.1 <adalram1029@gmail.com>... Relaying denied
Jul 23 03:03:48 kibr sm-mta[15988]: 06N03g71015988: lost input channel from hwsrv-754150.hostwindsdns.com [23.254.167.187] to MTA after rcpt
Jul 23 03:03:48 kibr sm-mta[15988]: 06N03g71015988: from=<sysadmin@kibr.net>, size=0, class=0, nrcpts=0, proto=ESMTP, daemon=MTA, relay=hwsrv-754150.hostwindsdns.com [23.254.167.187]
Jul 23 03:03:52 kibr sm-mta[15989]: 06N03k8F015989: ruleset=check_rcpt, arg1=<adalram1029@gmail.com>, relay=hwsrv-754150.hostwindsdns.com [23.254.167.187], reject=550 5.7.1 <adalram1029@gmail.com>... Relaying denied
Jul 23 03:03:52 kibr sm-mta[15989]: 06N03k8F015989: lost input channel from hwsrv-754150.hostwindsdns.com [23.254.167.187] to MTA after rcpt
Jul 23 03:03:52 kibr sm-mta[15989]: 06N03k8F015989: from=<franklin@kibr.net>, size=0, class=0, nrcpts=0, proto=ESMTP, daemon=MTA, relay=hwsrv-754150.hostwindsdns.com [23.254.167.187]
Jul 23 03:03:54 kibr sm-mta[15990]: 06N03m8B015990: ruleset=check_rcpt, arg1=<adalram1029@gmail.com>, relay=hwsrv-754150.hostwindsdns.com [23.254.167.187], reject=550 5.7.1 <adalram1029@gmail.com>... Relaying denied
Jul 23 03:03:54 kibr sm-mta[15990]: 06N03m8B015990: lost input channel from hwsrv-754150.hostwindsdns.com [23.254.167.187] to MTA after rcpt
Jul 23 03:03:54 kibr sm-mta[15990]: 06N03m8B015990: from=<admin@kibr.net>, size=0, class=0, nrcpts=0, proto=ESMTP, daemon=MTA, relay=hwsrv-754150.hostwindsdns.com [23.254.167.187]
Jul 23 03:03:58 kibr sm-mta[15991]: 06N03qb5015991: ruleset=check_rcpt, arg1=<adalram1029@gmail.com>, relay=hwsrv-754150.hostwindsdns.com [23.254.167.187], reject=550 5.7.1 <adalram1029@gmail.com>... Relaying denied
Jul 23 03:03:58 kibr sm-mta[15991]: 06N03qb5015991: lost input channel from hwsrv-754150.hostwindsdns.com [23.254.167.187] to MTA after rcpt
Jul 23 03:03:58 kibr sm-mta[15991]: 06N03qb5015991: from=<user@kibr.net>, size=0, class=0, nrcpts=0, proto=ESMTP, daemon=MTA, relay=hwsrv-754150.hostwindsdns.com [23.254.167.187]
Jul 23 03:04:00 kibr sm-mta[15992]: 06N03tJY015992: ruleset=check_rcpt, arg1=<adalram1029@gmail.com>, relay=hwsrv-754150.hostwindsdns.com [23.254.167.187], reject=550 5.7.1 <adalram1029@gmail.com>... Relaying denied
Jul 23 03:04:00 kibr sm-mta[15992]: 06N03tJY015992: lost input channel from hwsrv-754150.hostwindsdns.com [23.254.167.187] to MTA after rcpt
Jul 23 03:04:00 kibr sm-mta[15992]: 06N03tJY015992: from=<bandur@kibr.net>, size=0, class=0, nrcpts=0, proto=ESMTP, daemon=MTA, relay=hwsrv-754150.hostwindsdns.com [23.254.167.187]
Jul 23 03:04:04 kibr sm-mta[15993]: 06N03wMh015993: ruleset=check_rcpt, arg1=<adalram1029@gmail.com>, relay=hwsrv-754150.hostwindsdns.com [23.254.167.187], reject=550 5.7.1 <adalram1029@gmail.com>... Relaying denied
Jul 23 03:04:04 kibr sm-mta[15993]: 06N03wMh015993: lost input channel from hwsrv-754150.hostwindsdns.com [23.254.167.187] to MTA after rcpt
Jul 23 03:04:04 kibr sm-mta[15993]: 06N03wMh015993: from=<root@kibr.net>, size=0, class=0, nrcpts=0, proto=ESMTP, daemon=MTA, relay=hwsrv-754150.hostwindsdns.com [23.254.167.187]
Jul 23 03:04:06 kibr sm-mta[15995]: 06N041Ek015995: ruleset=check_rcpt, arg1=<adalram1029@gmail.com>, relay=hwsrv-754150.hostwindsdns.com [23.254.167.187], reject=550 5.7.1 <adalram1029@gmail.com>... Relaying denied
Jul 23 03:04:06 kibr sm-mta[15995]: 06N041Ek015995: lost input channel from hwsrv-754150.hostwindsdns.com [23.254.167.187] to MTA after rcpt
Jul 23 03:04:06 kibr sm-mta[15995]: 06N041Ek015995: from=<948.pcondron@kibr.net>, size=0, class=0, nrcpts=0, proto=ESMTP, daemon=MTA, relay=hwsrv-754150.hostwindsdns.com [23.254.167.187]
Jul 23 03:04:10 kibr sm-mta[15996]: 06N0446m015996: ruleset=check_rcpt, arg1=<adalram1029@gmail.com>, relay=hwsrv-754150.hostwindsdns.com [23.254.167.187], reject=550 5.7.1 <adalram1029@gmail.com>... Relaying denied
Jul 23 03:04:10 kibr sm-mta[15996]: 06N0446m015996: lost input channel from hwsrv-754150.hostwindsdns.com [23.254.167.187] to MTA after rcpt
Jul 23 03:04:10 kibr sm-mta[15996]: 06N0446m015996: from=<staff@kibr.net>, size=0, class=0, nrcpts=0, proto=ESMTP, daemon=MTA, relay=hwsrv-754150.hostwindsdns.com [23.254.167.187]
Jul 23 03:04:12 kibr sm-mta[15998]: 06N047cZ015998: ruleset=check_rcpt, arg1=<adalram1029@gmail.com>, relay=hwsrv-754150.hostwindsdns.com [23.254.167.187], reject=550 5.7.1 <adalram1029@gmail.com>... Relaying denied
Jul 23 03:04:13 kibr sm-mta[15998]: 06N047cZ015998: lost input channel from hwsrv-754150.hostwindsdns.com [23.254.167.187] to MTA after rcpt
Jul 23 03:04:13 kibr sm-mta[15998]: 06N047cZ015998: from=<info@kibr.net>, size=0, class=0, nrcpts=0, proto=ESMTP, daemon=MTA, relay=hwsrv-754150.hostwindsdns.com [23.254.167.187]
Jul 23 03:04:16 kibr sm-mta[15999]: 06N04AvD015999: ruleset=check_rcpt, arg1=<adalram1029@gmail.com>, relay=hwsrv-754150.hostwindsdns.com [23.254.167.187], reject=550 5.7.1 <adalram1029@gmail.com>... Relaying denied
Jul 23 03:04:16 kibr sm-mta[15999]: 06N04AvD015999: lost input channel from hwsrv-754150.hostwindsdns.com [23.254.167.187] to MTA after rcpt
Jul 23 03:04:16 kibr sm-mta[15999]: 06N04AvD015999: from=<cypher1@kibr.net>, size=0, class=0, nrcpts=0, proto=ESMTP, daemon=MTA, relay=hwsrv-754150.hostwindsdns.com [23.254.167.187]
Jul 23 03:04:18 kibr sm-mta[16000]: 06N04Dtm016000: ruleset=check_rcpt, arg1=<adalram1029@gmail.com>, relay=hwsrv-754150.hostwindsdns.com [23.254.167.187], reject=550 5.7.1 <adalram1029@gmail.com>... Relaying denied
Jul 23 03:04:19 kibr sm-mta[16000]: 06N04Dtm016000: lost input channel from hwsrv-754150.hostwindsdns.com [23.254.167.187] to MTA after rcpt
Jul 23 03:04:19 kibr sm-mta[16000]: 06N04Dtm016000: from=<kwolfe10@kibr.net>, size=0, class=0, nrcpts=0, proto=ESMTP, daemon=MTA, relay=hwsrv-754150.hostwindsdns.com [23.254.167.187]
Jul 23 03:04:22 kibr sm-mta[16001]: 06N04GBD016001: ruleset=check_rcpt, arg1=<adalram1029@gmail.com>, relay=hwsrv-754150.hostwindsdns.com [23.254.167.187], reject=550 5.7.1 <adalram1029@gmail.com>... Relaying denied
Jul 23 03:04:22 kibr sm-mta[16001]: 06N04GBD016001: lost input channel from hwsrv-754150.hostwindsdns.com [23.254.167.187] to MTA after rcpt
Jul 23 03:04:22 kibr sm-mta[16001]: 06N04GBD016001: from=<admin@kibr.net>, size=0, class=0, nrcpts=0, proto=ESMTP, daemon=MTA, relay=hwsrv-754150.hostwindsdns.com [23.254.167.187]
Jul 23 03:04:24 kibr sm-mta[16002]: 06N04JwE016002: ruleset=check_rcpt, arg1=<adalram1029@gmail.com>, relay=hwsrv-754150.hostwindsdns.com [23.254.167.187], reject=550 5.7.1 <adalram1029@gmail.com>... Relaying denied
Jul 23 03:04:25 kibr sm-mta[16002]: 06N04JwE016002: lost input channel from hwsrv-754150.hostwindsdns.com [23.254.167.187] to MTA after rcpt
Jul 23 03:04:25 kibr sm-mta[16002]: 06N04JwE016002: from=<otrs@kibr.net>, size=0, class=0, nrcpts=0, proto=ESMTP, daemon=MTA, relay=hwsrv-754150.hostwindsdns.com [23.254.167.187]
Jul 23 03:04:28 kibr sm-mta[16004]: 06N04MWn016004: ruleset=check_rcpt, arg1=<adalram1029@gmail.com>, relay=hwsrv-754150.hostwindsdns.com [23.254.167.187], reject=550 5.7.1 <adalram1029@gmail.com>... Relaying denied
Jul 23 03:04:28 kibr sm-mta[16004]: 06N04MWn016004: lost input channel from hwsrv-754150.hostwindsdns.com [23.254.167.187] to MTA after rcpt
Jul 23 03:04:28 kibr sm-mta[16004]: 06N04MWn016004: from=<tRangel@kibr.net>, size=0, class=0, nrcpts=0, proto=ESMTP, daemon=MTA, relay=hwsrv-754150.hostwindsdns.com [23.254.167.187]
Jul 23 03:04:30 kibr sm-mta[16005]: 06N04PKQ016005: ruleset=check_rcpt, arg1=<adalram1029@gmail.com>, relay=hwsrv-754150.hostwindsdns.com [23.254.167.187], reject=550 5.7.1 <adalram1029@gmail.com>... Relaying denied
Jul 23 03:04:30 kibr sm-mta[16005]: 06N04PKQ016005: lost input channel from hwsrv-754150.hostwindsdns.com [23.254.167.187] to MTA after rcpt
Jul 23 03:04:30 kibr sm-mta[16005]: 06N04PKQ016005: from=<admin@kibr.net>, size=0, class=0, nrcpts=0, proto=ESMTP, daemon=MTA, relay=hwsrv-754150.hostwindsdns.com [23.254.167.187]
Jul 23 03:04:34 kibr sm-mta[16006]: 06N04SqI016006: ruleset=check_rcpt, arg1=<adalram1029@gmail.com>, relay=hwsrv-754150.hostwindsdns.com [23.254.167.187], reject=550 5.7.1 <adalram1029@gmail.com>... Relaying denied
Jul 23 03:04:34 kibr sm-mta[16006]: 06N04SqI016006: lost input channel from hwsrv-754150.hostwindsdns.com [23.254.167.187] to MTA after rcpt
Jul 23 03:04:34 kibr sm-mta[16006]: 06N04SqI016006: from=<dolores@kibr.net>, size=0, class=0, nrcpts=0, proto=ESMTP, daemon=MTA, relay=hwsrv-754150.hostwindsdns.com [23.254.167.187]
Jul 23 03:04:36 kibr sm-mta[16007]: 06N04VHI016007: ruleset=check_rcpt, arg1=<adalram1029@gmail.com>, relay=hwsrv-754150.hostwindsdns.com [23.254.167.187], reject=550 5.7.1 <adalram1029@gmail.com>... Relaying denied
Jul 23 03:04:36 kibr sm-mta[16007]: 06N04VHI016007: lost input channel from hwsrv-754150.hostwindsdns.com [23.254.167.187] to MTA after rcpt
Jul 23 03:04:36 kibr sm-mta[16007]: 06N04VHI016007: from=<test123@kibr.net>, size=0, class=0, nrcpts=0, proto=ESMTP, daemon=MTA, relay=hwsrv-754150.hostwindsdns.com [23.254.167.187]
Jul 23 03:04:40 kibr sm-mta[16008]: 06N04YV5016008: ruleset=check_rcpt, arg1=<adalram1029@gmail.com>, relay=hwsrv-754150.hostwindsdns.com [23.254.167.187], reject=550 5.7.1 <adalram1029@gmail.com>... Relaying denied
Jul 23 03:04:40 kibr sm-mta[16008]: 06N04YV5016008: lost input channel from hwsrv-754150.hostwindsdns.com [23.254.167.187] to MTA after rcpt
Jul 23 03:04:40 kibr sm-mta[16008]: 06N04YV5016008: from=<gunn@kibr.net>, size=0, class=0, nrcpts=0, proto=ESMTP, daemon=MTA, relay=hwsrv-754150.hostwindsdns.com [23.254.167.187]
Jul 23 03:04:42 kibr sm-mta[16009]: 06N04bsL016009: ruleset=check_rcpt, arg1=<adalram1029@gmail.com>, relay=hwsrv-754150.hostwindsdns.com [23.254.167.187], reject=550 5.7.1 <adalram1029@gmail.com>... Relaying denied
Jul 23 03:04:42 kibr sm-mta[16009]: 06N04bsL016009: lost input channel from hwsrv-754150.hostwindsdns.com [23.254.167.187] to MTA after rcpt
Jul 23 03:04:42 kibr sm-mta[16009]: 06N04bsL016009: from=<news@kibr.net>, size=0, class=0, nrcpts=0, proto=ESMTP, daemon=MTA, relay=hwsrv-754150.hostwindsdns.com [23.254.167.187]
Jul 23 03:04:46 kibr sm-mta[16011]: 06N04eW2016011: ruleset=check_rcpt, arg1=<adalram1029@gmail.com>, relay=hwsrv-754150.hostwindsdns.com [23.254.167.187], reject=550 5.7.1 <adalram1029@gmail.com>... Relaying denied
Jul 23 03:04:46 kibr sm-mta[16011]: 06N04eW2016011: lost input channel from hwsrv-754150.hostwindsdns.com [23.254.167.187] to MTA after rcpt
Jul 23 03:04:46 kibr sm-mta[16011]: 06N04eW2016011: from=<continus@kibr.net>, size=0, class=0, nrcpts=0, proto=ESMTP, daemon=MTA, relay=hwsrv-754150.hostwindsdns.com [23.254.167.187]
Jul 23 03:04:48 kibr sm-mta[16012]: 06N04hGn016012: ruleset=check_rcpt, arg1=<adalram1029@gmail.com>, relay=hwsrv-754150.hostwindsdns.com [23.254.167.187], reject=550 5.7.1 <adalram1029@gmail.com>... Relaying denied
Jul 23 03:04:48 kibr sm-mta[16012]: 06N04hGn016012: lost input channel from hwsrv-754150.hostwindsdns.com [23.254.167.187] to MTA after rcpt
Jul 23 03:04:48 kibr sm-mta[16012]: 06N04hGn016012: from=<test@kibr.net>, size=0, class=0, nrcpts=0, proto=ESMTP, daemon=MTA, relay=hwsrv-754150.hostwindsdns.com [23.254.167.187]
Jul 23 03:04:52 kibr sm-mta[16013]: 06N04kXa016013: ruleset=check_rcpt, arg1=<adalram1029@gmail.com>, relay=hwsrv-754150.hostwindsdns.com [23.254.167.187], reject=550 5.7.1 <adalram1029@gmail.com>... Relaying denied
Jul 23 03:04:52 kibr sm-mta[16013]: 06N04kXa016013: lost input channel from hwsrv-754150.hostwindsdns.com [23.254.167.187] to MTA after rcpt
Jul 23 03:04:52 kibr sm-mta[16013]: 06N04kXa016013: from=<franklin@kibr.net>, size=0, class=0, nrcpts=0, proto=ESMTP, daemon=MTA, relay=hwsrv-754150.hostwindsdns.com [23.254.167.187]
Jul 23 03:04:54 kibr sm-mta[16014]: 06N04nd7016014: ruleset=check_rcpt, arg1=<adalram1029@gmail.com>, relay=hwsrv-754150.hostwindsdns.com [23.254.167.187], reject=550 5.7.1 <adalram1029@gmail.com>... Relaying denied
Jul 23 03:04:54 kibr sm-mta[16014]: 06N04nd7016014: lost input channel from hwsrv-754150.hostwindsdns.com [23.254.167.187] to MTA after rcpt
Jul 23 03:04:54 kibr sm-mta[16014]: 06N04nd7016014: from=<consulting_9@kibr.net>, size=0, class=0, nrcpts=0, proto=ESMTP, daemon=MTA, relay=hwsrv-754150.hostwindsdns.com [23.254.167.187]
Jul 23 03:04:58 kibr sm-mta[16015]: 06N04qHo016015: ruleset=check_rcpt, arg1=<adalram1029@gmail.com>, relay=hwsrv-754150.hostwindsdns.com [23.254.167.187], reject=550 5.7.1 <adalram1029@gmail.com>... Relaying denied
Jul 23 03:04:58 kibr sm-mta[16015]: 06N04qHo016015: lost input channel from hwsrv-754150.hostwindsdns.com [23.254.167.187] to MTA after rcpt
Jul 23 03:04:58 kibr sm-mta[16015]: 06N04qHo016015: from=<admin@kibr.net>, size=0, class=0, nrcpts=0, proto=ESMTP, daemon=MTA, relay=hwsrv-754150.hostwindsdns.com [23.254.167.187]
Jul 23 03:05:00 kibr sm-mta[16016]: 06N04tGc016016: ruleset=check_rcpt, arg1=<adalram1029@gmail.com>, relay=hwsrv-754150.hostwindsdns.com [23.254.167.187], reject=550 5.7.1 <adalram1029@gmail.com>... Relaying denied
Jul 23 03:05:00 kibr sm-mta[16016]: 06N04tGc016016: lost input channel from hwsrv-754150.hostwindsdns.com [23.254.167.187] to MTA after rcpt
Jul 23 03:05:00 kibr sm-mta[16016]: 06N04tGc016016: from=<bandur@kibr.net>, size=0, class=0, nrcpts=0, proto=ESMTP, daemon=MTA, relay=hwsrv-754150.hostwindsdns.com [23.254.167.187]
Jul 23 03:05:04 kibr sm-mta[16017]: 06N04wXl016017: ruleset=check_rcpt, arg1=<adalram1029@gmail.com>, relay=hwsrv-754150.hostwindsdns.com [23.254.167.187], reject=550 5.7.1 <adalram1029@gmail.com>... Relaying denied
Jul 23 03:05:04 kibr sm-mta[16017]: 06N04wXl016017: lost input channel from hwsrv-754150.hostwindsdns.com [23.254.167.187] to MTA after rcpt
Jul 23 03:05:04 kibr sm-mta[16017]: 06N04wXl016017: from=<constanta@kibr.net>, size=0, class=0, nrcpts=0, proto=ESMTP, daemon=MTA, relay=hwsrv-754150.hostwindsdns.com [23.254.167.187]
Jul 23 03:05:06 kibr sm-mta[16019]: 06N0501u016019: ruleset=check_rcpt, arg1=<adalram1029@gmail.com>, relay=hwsrv-754150.hostwindsdns.com [23.254.167.187], reject=550 5.7.1 <adalram1029@gmail.com>... Relaying denied
Jul 23 03:05:06 kibr sm-mta[16019]: 06N0501u016019: lost input channel from hwsrv-754150.hostwindsdns.com [23.254.167.187] to MTA after rcpt
Jul 23 03:05:06 kibr sm-mta[16019]: 06N0501u016019: from=<student@kibr.net>, size=0, class=0, nrcpts=0, proto=ESMTP, daemon=MTA, relay=hwsrv-754150.hostwindsdns.com [23.254.167.187]
Jul 23 03:05:10 kibr sm-mta[16020]: 06N054xs016020: ruleset=check_rcpt, arg1=<adalram1029@gmail.com>, relay=hwsrv-754150.hostwindsdns.com [23.254.167.187], reject=550 5.7.1 <adalram1029@gmail.com>... Relaying denied
Jul 23 03:05:10 kibr sm-mta[16020]: 06N054xs016020: lost input channel from hwsrv-754150.hostwindsdns.com [23.254.167.187] to MTA after rcpt
Jul 23 03:05:10 kibr sm-mta[16020]: 06N054xs016020: from=<staff@kibr.net>, size=0, class=0, nrcpts=0, proto=ESMTP, daemon=MTA, relay=hwsrv-754150.hostwindsdns.com [23.254.167.187]
Jul 23 03:05:12 kibr sm-mta[16021]: 06N056o8016021: ruleset=check_rcpt, arg1=<adalram1029@gmail.com>, relay=hwsrv-754150.hostwindsdns.com [23.254.167.187], reject=550 5.7.1 <adalram1029@gmail.com>... Relaying denied
Jul 23 03:05:12 kibr sm-mta[16021]: 06N056o8016021: lost input channel from hwsrv-754150.hostwindsdns.com [23.254.167.187] to MTA after rcpt
Jul 23 03:05:12 kibr sm-mta[16021]: 06N056o8016021: from=<photos@kibr.net>, size=0, class=0, nrcpts=0, proto=ESMTP, daemon=MTA, relay=hwsrv-754150.hostwindsdns.com [23.254.167.187]
Jul 23 03:05:16 kibr sm-mta[16022]: 06N05ASb016022: ruleset=check_rcpt, arg1=<adalram1029@gmail.com>, relay=hwsrv-754150.hostwindsdns.com [23.254.167.187], reject=550 5.7.1 <adalram1029@gmail.com>... Relaying denied
Jul 23 03:05:16 kibr sm-mta[16022]: 06N05ASb016022: lost input channel from hwsrv-754150.hostwindsdns.com [23.254.167.187] to MTA after rcpt
Jul 23 03:05:16 kibr sm-mta[16022]: 06N05ASb016022: from=<support@kibr.net>, size=0, class=0, nrcpts=0, proto=ESMTP, daemon=MTA, relay=hwsrv-754150.hostwindsdns.com [23.254.167.187]
Jul 23 03:05:18 kibr sm-mta[16024]: 06N05Cxv016024: ruleset=check_rcpt, arg1=<adalram1029@gmail.com>, relay=hwsrv-754150.hostwindsdns.com [23.254.167.187], reject=550 5.7.1 <adalram1029@gmail.com>... Relaying denied
Jul 23 03:05:18 kibr sm-mta[16024]: 06N05Cxv016024: lost input channel from hwsrv-754150.hostwindsdns.com [23.254.167.187] to MTA after rcpt
Jul 23 03:05:18 kibr sm-mta[16024]: 06N05Cxv016024: from=<kwolfe10@kibr.net>, size=0, class=0, nrcpts=0, proto=ESMTP, daemon=MTA, relay=hwsrv-754150.hostwindsdns.com [23.254.167.187]
Jul 23 03:05:22 kibr sm-mta[16025]: 06N05Gh2016025: ruleset=check_rcpt, arg1=<adalram1029@gmail.com>, relay=hwsrv-754150.hostwindsdns.com [23.254.167.187], reject=550 5.7.1 <adalram1029@gmail.com>... Relaying denied
Jul 23 03:05:22 kibr sm-mta[16025]: 06N05Gh2016025: lost input channel from hwsrv-754150.hostwindsdns.com [23.254.167.187] to MTA after rcpt
Jul 23 03:05:22 kibr sm-mta[16025]: 06N05Gh2016025: from=<ffofhr@kibr.net>, size=0, class=0, nrcpts=0, proto=ESMTP, daemon=MTA, relay=hwsrv-754150.hostwindsdns.com [23.254.167.187]
Jul 23 03:05:24 kibr sm-mta[16026]: 06N05IMi016026: ruleset=check_rcpt, arg1=<adalram1029@gmail.com>, relay=hwsrv-754150.hostwindsdns.com [23.254.167.187], reject=550 5.7.1 <adalram1029@gmail.com>... Relaying denied
Jul 23 03:05:24 kibr sm-mta[16026]: 06N05IMi016026: lost input channel from hwsrv-754150.hostwindsdns.com [23.254.167.187] to MTA after rcpt
Jul 23 03:05:24 kibr sm-mta[16026]: 06N05IMi016026: from=<postmaster@kibr.net>, size=0, class=0, nrcpts=0, proto=ESMTP, daemon=MTA, relay=hwsrv-754150.hostwindsdns.com [23.254.167.187]
Jul 23 03:05:28 kibr sm-mta[16027]: 06N05M88016027: ruleset=check_rcpt, arg1=<adalram1029@gmail.com>, relay=hwsrv-754150.hostwindsdns.com [23.254.167.187], reject=550 5.7.1 <adalram1029@gmail.com>... Relaying denied
Jul 23 03:05:28 kibr sm-mta[16027]: 06N05M88016027: lost input channel from hwsrv-754150.hostwindsdns.com [23.254.167.187] to MTA after rcpt
Jul 23 03:05:28 kibr sm-mta[16027]: 06N05M88016027: from=<tRangel@kibr.net>, size=0, class=0, nrcpts=0, proto=ESMTP, daemon=MTA, relay=hwsrv-754150.hostwindsdns.com [23.254.167.187]
Jul 23 03:05:30 kibr sm-mta[16028]: 06N05OK7016028: ruleset=check_rcpt, arg1=<adalram1029@gmail.com>, relay=hwsrv-754150.hostwindsdns.com [23.254.167.187], reject=550 5.7.1 <adalram1029@gmail.com>... Relaying denied
Jul 23 03:05:30 kibr sm-mta[16028]: 06N05OK7016028: lost input channel from hwsrv-754150.hostwindsdns.com [23.254.167.187] to MTA after rcpt
Jul 23 03:05:30 kibr sm-mta[16028]: 06N05OK7016028: from=<curchn@kibr.net>, size=0, class=0, nrcpts=0, proto=ESMTP, daemon=MTA, relay=hwsrv-754150.hostwindsdns.com [23.254.167.187]
Jul 23 03:05:34 kibr sm-mta[16033]: 06N05SgI016033: ruleset=check_rcpt, arg1=<adalram1029@gmail.com>, relay=hwsrv-754150.hostwindsdns.com [23.254.167.187], reject=550 5.7.1 <adalram1029@gmail.com>... Relaying denied
Jul 23 03:05:34 kibr sm-mta[16033]: 06N05SgI016033: lost input channel from hwsrv-754150.hostwindsdns.com [23.254.167.187] to MTA after rcpt
Jul 23 03:05:34 kibr sm-mta[16033]: 06N05SgI016033: from=<office@kibr.net>, size=0, class=0, nrcpts=0, proto=ESMTP, daemon=MTA, relay=hwsrv-754150.hostwindsdns.com [23.254.167.187]
Jul 23 03:05:36 kibr sm-mta[16034]: 06N05UUq016034: ruleset=check_rcpt, arg1=<adalram1029@gmail.com>, relay=hwsrv-754150.hostwindsdns.com [23.254.167.187], reject=550 5.7.1 <adalram1029@gmail.com>... Relaying denied
Jul 23 03:05:36 kibr sm-mta[16034]: 06N05UUq016034: lost input channel from hwsrv-754150.hostwindsdns.com [23.254.167.187] to MTA after rcpt
Jul 23 03:05:36 kibr sm-mta[16034]: 06N05UUq016034: from=<test123@kibr.net>, size=0, class=0, nrcpts=0, proto=ESMTP, daemon=MTA, relay=hwsrv-754150.hostwindsdns.com [23.254.167.187]
Jul 23 03:05:40 kibr sm-mta[16035]: 06N05YKj016035: ruleset=check_rcpt, arg1=<adalram1029@gmail.com>, relay=hwsrv-754150.hostwindsdns.com [23.254.167.187], reject=550 5.7.1 <adalram1029@gmail.com>... Relaying denied
Jul 23 03:05:40 kibr sm-mta[16035]: 06N05YKj016035: lost input channel from hwsrv-754150.hostwindsdns.com [23.254.167.187] to MTA after rcpt
Jul 23 03:05:40 kibr sm-mta[16035]: 06N05YKj016035: from=<oultra@kibr.net>, size=0, class=0, nrcpts=0, proto=ESMTP, daemon=MTA, relay=hwsrv-754150.hostwindsdns.com [23.254.167.187]
Jul 23 03:05:42 kibr sm-mta[16036]: 06N05an7016036: ruleset=check_rcpt, arg1=<adalram1029@gmail.com>, relay=hwsrv-754150.hostwindsdns.com [23.254.167.187], reject=550 5.7.1 <adalram1029@gmail.com>... Relaying denied
Jul 23 03:05:42 kibr sm-mta[16036]: 06N05an7016036: lost input channel from hwsrv-754150.hostwindsdns.com [23.254.167.187] to MTA after rcpt
Jul 23 03:05:42 kibr sm-mta[16036]: 06N05an7016036: from=<webmaster@kibr.net>, size=0, class=0, nrcpts=0, proto=ESMTP, daemon=MTA, relay=hwsrv-754150.hostwindsdns.com [23.254.167.187]
Jul 23 03:05:46 kibr sm-mta[16037]: 06N05etJ016037: ruleset=check_rcpt, arg1=<adalram1029@gmail.com>, relay=hwsrv-754150.hostwindsdns.com [23.254.167.187], reject=550 5.7.1 <adalram1029@gmail.com>... Relaying denied
Jul 23 03:05:46 kibr sm-mta[16037]: 06N05etJ016037: lost input channel from hwsrv-754150.hostwindsdns.com [23.254.167.187] to MTA after rcpt
Jul 23 03:05:46 kibr sm-mta[16037]: 06N05etJ016037: from=<continus@kibr.net>, size=0, class=0, nrcpts=0, proto=ESMTP, daemon=MTA, relay=hwsrv-754150.hostwindsdns.com [23.254.167.187]
Jul 23 03:05:48 kibr sm-mta[16038]: 06N05hHw016038: ruleset=check_rcpt, arg1=<adalram1029@gmail.com>, relay=hwsrv-754150.hostwindsdns.com [23.254.167.187], reject=550 5.7.1 <adalram1029@gmail.com>... Relaying denied
Jul 23 03:05:48 kibr sm-mta[16038]: 06N05hHw016038: lost input channel from hwsrv-754150.hostwindsdns.com [23.254.167.187] to MTA after rcpt
Jul 23 03:05:48 kibr sm-mta[16038]: 06N05hHw016038: from=<coleallure@kibr.net>, size=0, class=0, nrcpts=0, proto=ESMTP, daemon=MTA, relay=hwsrv-754150.hostwindsdns.com [23.254.167.187]
Jul 23 03:05:52 kibr sm-mta[16040]: 06N05kUl016040: ruleset=check_rcpt, arg1=<adalram1029@gmail.com>, relay=hwsrv-754150.hostwindsdns.com [23.254.167.187], reject=550 5.7.1 <adalram1029@gmail.com>... Relaying denied
Jul 23 03:05:52 kibr sm-mta[16040]: 06N05kUl016040: lost input channel from hwsrv-754150.hostwindsdns.com [23.254.167.187] to MTA after rcpt
Jul 23 03:05:52 kibr sm-mta[16040]: 06N05kUl016040: from=<stage@kibr.net>, size=0, class=0, nrcpts=0, proto=ESMTP, daemon=MTA, relay=hwsrv-754150.hostwindsdns.com [23.254.167.187]
Jul 23 03:05:54 kibr sm-mta[16041]: 06N05n6X016041: ruleset=check_rcpt, arg1=<adalram1029@gmail.com>, relay=hwsrv-754150.hostwindsdns.com [23.254.167.187], reject=550 5.7.1 <adalram1029@gmail.com>... Relaying denied
Jul 23 03:05:54 kibr sm-mta[16041]: 06N05n6X016041: lost input channel from hwsrv-754150.hostwindsdns.com [23.254.167.187] to MTA after rcpt
Jul 23 03:05:54 kibr sm-mta[16041]: 06N05n6X016041: from=<consulting_9@kibr.net>, size=0, class=0, nrcpts=0, proto=ESMTP, daemon=MTA, relay=hwsrv-754150.hostwindsdns.com [23.254.167.187]
Jul 23 03:05:58 kibr sm-mta[16042]: 06N05q24016042: ruleset=check_rcpt, arg1=<adalram1029@gmail.com>, relay=hwsrv-754150.hostwindsdns.com [23.254.167.187], reject=550 5.7.1 <adalram1029@gmail.com>... Relaying denied
Jul 23 03:05:58 kibr sm-mta[16042]: 06N05q24016042: lost input channel from hwsrv-754150.hostwindsdns.com [23.254.167.187] to MTA after rcpt
Jul 23 03:05:58 kibr sm-mta[16042]: 06N05q24016042: from=<psycho@kibr.net>, size=0, class=0, nrcpts=0, proto=ESMTP, daemon=MTA, relay=hwsrv-754150.hostwindsdns.com [23.254.167.187]
Jul 23 03:06:00 kibr sm-mta[16043]: 06N05t3a016043: ruleset=check_rcpt, arg1=<adalram1029@gmail.com>, relay=hwsrv-754150.hostwindsdns.com [23.254.167.187], reject=550 5.7.1 <adalram1029@gmail.com>... Relaying denied
Jul 23 03:06:00 kibr sm-mta[16043]: 06N05t3a016043: lost input channel from hwsrv-754150.hostwindsdns.com [23.254.167.187] to MTA after rcpt
Jul 23 03:06:00 kibr sm-mta[16043]: 06N05t3a016043: from=<admin@kibr.net>, size=0, class=0, nrcpts=0, proto=ESMTP, daemon=MTA, relay=hwsrv-754150.hostwindsdns.com [23.254.167.187]
Jul 23 03:06:04 kibr sm-mta[16044]: 06N05wCp016044: ruleset=check_rcpt, arg1=<adalram1029@gmail.com>, relay=hwsrv-754150.hostwindsdns.com [23.254.167.187], reject=550 5.7.1 <adalram1029@gmail.com>... Relaying denied
Jul 23 03:06:04 kibr sm-mta[16044]: 06N05wCp016044: lost input channel from hwsrv-754150.hostwindsdns.com [23.254.167.187] to MTA after rcpt
Jul 23 03:06:04 kibr sm-mta[16044]: 06N05wCp016044: from=<constanta@kibr.net>, size=0, class=0, nrcpts=0, proto=ESMTP, daemon=MTA, relay=hwsrv-754150.hostwindsdns.com [23.254.167.187]
Jul 23 03:06:06 kibr sm-mta[16045]: 06N061sN016045: ruleset=check_rcpt, arg1=<adalram1029@gmail.com>, relay=hwsrv-754150.hostwindsdns.com [23.254.167.187], reject=550 5.7.1 <adalram1029@gmail.com>... Relaying denied
Jul 23 03:06:06 kibr sm-mta[16045]: 06N061sN016045: lost input channel from hwsrv-754150.hostwindsdns.com [23.254.167.187] to MTA after rcpt
Jul 23 03:06:06 kibr sm-mta[16045]: 06N061sN016045: from=<sales@kibr.net>, size=0, class=0, nrcpts=0, proto=ESMTP, daemon=MTA, relay=hwsrv-754150.hostwindsdns.com [23.254.167.187]
Jul 23 03:06:10 kibr sm-mta[16046]: 06N0646k016046: ruleset=check_rcpt, arg1=<adalram1029@gmail.com>, relay=hwsrv-754150.hostwindsdns.com [23.254.167.187], reject=550 5.7.1 <adalram1029@gmail.com>... Relaying denied
Jul 23 03:06:10 kibr sm-mta[16046]: 06N0646k016046: lost input channel from hwsrv-754150.hostwindsdns.com [23.254.167.187] to MTA after rcpt
Jul 23 03:06:10 kibr sm-mta[16046]: 06N0646k016046: from=<contact@kibr.net>, size=0, class=0, nrcpts=0, proto=ESMTP, daemon=MTA, relay=hwsrv-754150.hostwindsdns.com [23.254.167.187]
Jul 23 03:06:12 kibr sm-mta[16048]: 06N067hu016048: ruleset=check_rcpt, arg1=<adalram1029@gmail.com>, relay=hwsrv-754150.hostwindsdns.com [23.254.167.187], reject=550 5.7.1 <adalram1029@gmail.com>... Relaying denied
Jul 23 03:06:12 kibr sm-mta[16048]: 06N067hu016048: lost input channel from hwsrv-754150.hostwindsdns.com [23.254.167.187] to MTA after rcpt
Jul 23 03:06:12 kibr sm-mta[16048]: 06N067hu016048: from=<photos@kibr.net>, size=0, class=0, nrcpts=0, proto=ESMTP, daemon=MTA, relay=hwsrv-754150.hostwindsdns.com [23.254.167.187]
Jul 23 03:06:16 kibr sm-mta[16049]: 06N06Ami016049: ruleset=check_rcpt, arg1=<adalram1029@gmail.com>, relay=hwsrv-754150.hostwindsdns.com [23.254.167.187], reject=550 5.7.1 <adalram1029@gmail.com>... Relaying denied
Jul 23 03:06:16 kibr sm-mta[16049]: 06N06Ami016049: lost input channel from hwsrv-754150.hostwindsdns.com [23.254.167.187] to MTA after rcpt
Jul 23 03:06:16 kibr sm-mta[16049]: 06N06Ami016049: from=<harper@kibr.net>, size=0, class=0, nrcpts=0, proto=ESMTP, daemon=MTA, relay=hwsrv-754150.hostwindsdns.com [23.254.167.187]
Jul 23 03:06:18 kibr sm-mta[16050]: 06N06Dcm016050: ruleset=check_rcpt, arg1=<adalram1029@gmail.com>, relay=hwsrv-754150.hostwindsdns.com [23.254.167.187], reject=550 5.7.1 <adalram1029@gmail.com>... Relaying denied
Jul 23 03:06:18 kibr sm-mta[16050]: 06N06Dcm016050: lost input channel from hwsrv-754150.hostwindsdns.com [23.254.167.187] to MTA after rcpt
Jul 23 03:06:18 kibr sm-mta[16050]: 06N06Dcm016050: from=<noreply@kibr.net>, size=0, class=0, nrcpts=0, proto=ESMTP, daemon=MTA, relay=hwsrv-754150.hostwindsdns.com [23.254.167.187]
Jul 23 03:06:22 kibr sm-mta[16051]: 06N06Gkb016051: ruleset=check_rcpt, arg1=<adalram1029@gmail.com>, relay=hwsrv-754150.hostwindsdns.com [23.254.167.187], reject=550 5.7.1 <adalram1029@gmail.com>... Relaying denied
Jul 23 03:06:22 kibr sm-mta[16051]: 06N06Gkb016051: lost input channel from hwsrv-754150.hostwindsdns.com [23.254.167.187] to MTA after rcpt
Jul 23 03:06:22 kibr sm-mta[16051]: 06N06Gkb016051: from=<ffofhr@kibr.net>, size=0, class=0, nrcpts=0, proto=ESMTP, daemon=MTA, relay=hwsrv-754150.hostwindsdns.com [23.254.167.187]
Jul 23 03:06:24 kibr sm-mta[16052]: 06N06JMK016052: ruleset=check_rcpt, arg1=<adalram1029@gmail.com>, relay=hwsrv-754150.hostwindsdns.com [23.254.167.187], reject=550 5.7.1 <adalram1029@gmail.com>... Relaying denied
Jul 23 03:06:24 kibr sm-mta[16052]: 06N06JMK016052: lost input channel from hwsrv-754150.hostwindsdns.com [23.254.167.187] to MTA after rcpt
Jul 23 03:06:24 kibr sm-mta[16052]: 06N06JMK016052: from=<infoeozo@kibr.net>, size=0, class=0, nrcpts=0, proto=ESMTP, daemon=MTA, relay=hwsrv-754150.hostwindsdns.com [23.254.167.187]
Jul 23 03:06:28 kibr sm-mta[16053]: 06N06M3l016053: ruleset=check_rcpt, arg1=<adalram1029@gmail.com>, relay=hwsrv-754150.hostwindsdns.com [23.254.167.187], reject=550 5.7.1 <adalram1029@gmail.com>... Relaying denied
Jul 23 03:06:28 kibr sm-mta[16053]: 06N06M3l016053: lost input channel from hwsrv-754150.hostwindsdns.com [23.254.167.187] to MTA after rcpt
Jul 23 03:06:28 kibr sm-mta[16053]: 06N06M3l016053: from=<mail@kibr.net>, size=0, class=0, nrcpts=0, proto=ESMTP, daemon=MTA, relay=hwsrv-754150.hostwindsdns.com [23.254.167.187]
Jul 23 03:06:30 kibr sm-mta[16054]: 06N06P4S016054: ruleset=check_rcpt, arg1=<adalram1029@gmail.com>, relay=hwsrv-754150.hostwindsdns.com [23.254.167.187], reject=550 5.7.1 <adalram1029@gmail.com>... Relaying denied
Jul 23 03:06:30 kibr sm-mta[16054]: 06N06P4S016054: lost input channel from hwsrv-754150.hostwindsdns.com [23.254.167.187] to MTA after rcpt
Jul 23 03:06:30 kibr sm-mta[16054]: 06N06P4S016054: from=<curchn@kibr.net>, size=0, class=0, nrcpts=0, proto=ESMTP, daemon=MTA, relay=hwsrv-754150.hostwindsdns.com [23.254.167.187]
Jul 23 03:06:34 kibr sm-mta[16056]: 06N06Scw016056: ruleset=check_rcpt, arg1=<adalram1029@gmail.com>, relay=hwsrv-754150.hostwindsdns.com [23.254.167.187], reject=550 5.7.1 <adalram1029@gmail.com>... Relaying denied
Jul 23 03:06:34 kibr sm-mta[16056]: 06N06Scw016056: lost input channel from hwsrv-754150.hostwindsdns.com [23.254.167.187] to MTA after rcpt
Jul 23 03:06:34 kibr sm-mta[16056]: 06N06Scw016056: from=<dbrunsonjn@kibr.net>, size=0, class=0, nrcpts=0, proto=ESMTP, daemon=MTA, relay=hwsrv-754150.hostwindsdns.com [23.254.167.187]
Jul 23 03:06:36 kibr sm-mta[16057]: 06N06VNR016057: ruleset=check_rcpt, arg1=<adalram1029@gmail.com>, relay=hwsrv-754150.hostwindsdns.com [23.254.167.187], reject=550 5.7.1 <adalram1029@gmail.com>... Relaying denied
Jul 23 03:06:36 kibr sm-mta[16057]: 06N06VNR016057: lost input channel from hwsrv-754150.hostwindsdns.com [23.254.167.187] to MTA after rcpt
Jul 23 03:06:36 kibr sm-mta[16057]: 06N06VNR016057: from=<support@kibr.net>, size=0, class=0, nrcpts=0, proto=ESMTP, daemon=MTA, relay=hwsrv-754150.hostwindsdns.com [23.254.167.187]
Jul 23 03:06:40 kibr sm-mta[16058]: 06N06Y6O016058: ruleset=check_rcpt, arg1=<adalram1029@gmail.com>, relay=hwsrv-754150.hostwindsdns.com [23.254.167.187], reject=550 5.7.1 <adalram1029@gmail.com>... Relaying denied
Jul 23 03:06:40 kibr sm-mta[16058]: 06N06Y6O016058: lost input channel from hwsrv-754150.hostwindsdns.com [23.254.167.187] to MTA after rcpt
Jul 23 03:06:40 kibr sm-mta[16058]: 06N06Y6O016058: from=<oultra@kibr.net>, size=0, class=0, nrcpts=0, proto=ESMTP, daemon=MTA, relay=hwsrv-754150.hostwindsdns.com [23.254.167.187]
Jul 23 03:06:42 kibr sm-mta[16059]: 06N06bOj016059: ruleset=check_rcpt, arg1=<adalram1029@gmail.com>, relay=hwsrv-754150.hostwindsdns.com [23.254.167.187], reject=550 5.7.1 <adalram1029@gmail.com>... Relaying denied
Jul 23 03:06:42 kibr sm-mta[16059]: 06N06bOj016059: lost input channel from hwsrv-754150.hostwindsdns.com [23.254.167.187] to MTA after rcpt
Jul 23 03:06:42 kibr sm-mta[16059]: 06N06bOj016059: from=<vdinish@kibr.net>, size=0, class=0, nrcpts=0, proto=ESMTP, daemon=MTA, relay=hwsrv-754150.hostwindsdns.com [23.254.167.187]
Jul 23 03:06:46 kibr sm-mta[16060]: 06N06eDZ016060: ruleset=check_rcpt, arg1=<adalram1029@gmail.com>, relay=hwsrv-754150.hostwindsdns.com [23.254.167.187], reject=550 5.7.1 <adalram1029@gmail.com>... Relaying denied
Jul 23 03:06:46 kibr sm-mta[16060]: 06N06eDZ016060: lost input channel from hwsrv-754150.hostwindsdns.com [23.254.167.187] to MTA after rcpt
Jul 23 03:06:46 kibr sm-mta[16060]: 06N06eDZ016060: from=<administrator@kibr.net>, size=0, class=0, nrcpts=0, proto=ESMTP, daemon=MTA, relay=hwsrv-754150.hostwindsdns.com [23.254.167.187]
Jul 23 03:06:48 kibr sm-mta[16061]: 06N06hKr016061: ruleset=check_rcpt, arg1=<adalram1029@gmail.com>, relay=hwsrv-754150.hostwindsdns.com [23.254.167.187], reject=550 5.7.1 <adalram1029@gmail.com>... Relaying denied
Jul 23 03:06:48 kibr sm-mta[16061]: 06N06hKr016061: lost input channel from hwsrv-754150.hostwindsdns.com [23.254.167.187] to MTA after rcpt
Jul 23 03:06:48 kibr sm-mta[16061]: 06N06hKr016061: from=<coleallure@kibr.net>, size=0, class=0, nrcpts=0, proto=ESMTP, daemon=MTA, relay=hwsrv-754150.hostwindsdns.com [23.254.167.187]
Jul 23 03:06:52 kibr sm-mta[16063]: 06N06kOg016063: ruleset=check_rcpt, arg1=<adalram1029@gmail.com>, relay=hwsrv-754150.hostwindsdns.com [23.254.167.187], reject=550 5.7.1 <adalram1029@gmail.com>... Relaying denied
Jul 23 03:06:52 kibr sm-mta[16063]: 06N06kOg016063: lost input channel from hwsrv-754150.hostwindsdns.com [23.254.167.187] to MTA after rcpt
Jul 23 03:06:52 kibr sm-mta[16063]: 06N06kOg016063: from=<fhjweujqzf@kibr.net>, size=0, class=0, nrcpts=0, proto=ESMTP, daemon=MTA, relay=hwsrv-754150.hostwindsdns.com [23.254.167.187]
Jul 23 03:06:54 kibr sm-mta[16064]: 06N06nub016064: ruleset=check_rcpt, arg1=<adalram1029@gmail.com>, relay=hwsrv-754150.hostwindsdns.com [23.254.167.187], reject=550 5.7.1 <adalram1029@gmail.com>... Relaying denied
Jul 23 03:06:54 kibr sm-mta[16064]: 06N06nub016064: lost input channel from hwsrv-754150.hostwindsdns.com [23.254.167.187] to MTA after rcpt
Jul 23 03:06:54 kibr sm-mta[16064]: 06N06nub016064: from=<password@kibr.net>, size=0, class=0, nrcpts=0, proto=ESMTP, daemon=MTA, relay=hwsrv-754150.hostwindsdns.com [23.254.167.187]
Jul 23 03:06:58 kibr sm-mta[16065]: 06N06qhb016065: ruleset=check_rcpt, arg1=<adalram1029@gmail.com>, relay=hwsrv-754150.hostwindsdns.com [23.254.167.187], reject=550 5.7.1 <adalram1029@gmail.com>... Relaying denied
Jul 23 03:06:58 kibr sm-mta[16065]: 06N06qhb016065: lost input channel from hwsrv-754150.hostwindsdns.com [23.254.167.187] to MTA after rcpt
Jul 23 03:06:58 kibr sm-mta[16065]: 06N06qhb016065: from=<psycho@kibr.net>, size=0, class=0, nrcpts=0, proto=ESMTP, daemon=MTA, relay=hwsrv-754150.hostwindsdns.com [23.254.167.187]
Jul 23 03:07:00 kibr sm-mta[16066]: 06N06tIg016066: ruleset=check_rcpt, arg1=<adalram1029@gmail.com>, relay=hwsrv-754150.hostwindsdns.com [23.254.167.187], reject=550 5.7.1 <adalram1029@gmail.com>... Relaying denied
Jul 23 03:07:00 kibr sm-mta[16066]: 06N06tIg016066: lost input channel from hwsrv-754150.hostwindsdns.com [23.254.167.187] to MTA after rcpt
Jul 23 03:07:00 kibr sm-mta[16066]: 06N06tIg016066: from=<user@kibr.net>, size=0, class=0, nrcpts=0, proto=ESMTP, daemon=MTA, relay=hwsrv-754150.hostwindsdns.com [23.254.167.187]
Jul 23 03:07:04 kibr sm-mta[16067]: 06N06w2b016067: ruleset=check_rcpt, arg1=<adalram1029@gmail.com>, relay=hwsrv-754150.hostwindsdns.com [23.254.167.187], reject=550 5.7.1 <adalram1029@gmail.com>... Relaying denied
Jul 23 03:07:04 kibr sm-mta[16067]: 06N06w2b016067: lost input channel from hwsrv-754150.hostwindsdns.com [23.254.167.187] to MTA after rcpt
Jul 23 03:07:04 kibr sm-mta[16067]: 06N06w2b016067: from=<firewall@kibr.net>, size=0, class=0, nrcpts=0, proto=ESMTP, daemon=MTA, relay=hwsrv-754150.hostwindsdns.com [23.254.167.187]
Jul 23 03:07:06 kibr sm-mta[16068]: 06N070Bl016068: ruleset=check_rcpt, arg1=<adalram1029@gmail.com>, relay=hwsrv-754150.hostwindsdns.com [23.254.167.187], reject=550 5.7.1 <adalram1029@gmail.com>... Relaying denied
Jul 23 03:07:06 kibr sm-mta[16068]: 06N070Bl016068: lost input channel from hwsrv-754150.hostwindsdns.com [23.254.167.187] to MTA after rcpt
Jul 23 03:07:06 kibr sm-mta[16068]: 06N070Bl016068: from=<sales@kibr.net>, size=0, class=0, nrcpts=0, proto=ESMTP, daemon=MTA, relay=hwsrv-754150.hostwindsdns.com [23.254.167.187]
Jul 23 03:07:10 kibr sm-mta[16069]: 06N074ZQ016069: ruleset=check_rcpt, arg1=<adalram1029@gmail.com>, relay=hwsrv-754150.hostwindsdns.com [23.254.167.187], reject=550 5.7.1 <adalram1029@gmail.com>... Relaying denied
Jul 23 03:07:10 kibr sm-mta[16069]: 06N074ZQ016069: lost input channel from hwsrv-754150.hostwindsdns.com [23.254.167.187] to MTA after rcpt
Jul 23 03:07:10 kibr sm-mta[16069]: 06N074ZQ016069: from=<arkadi@kibr.net>, size=0, class=0, nrcpts=0, proto=ESMTP, daemon=MTA, relay=hwsrv-754150.hostwindsdns.com [23.254.167.187]
Jul 23 03:07:12 kibr sm-mta[16070]: 06N077NM016070: ruleset=check_rcpt, arg1=<adalram1029@gmail.com>, relay=hwsrv-754150.hostwindsdns.com [23.254.167.187], reject=550 5.7.1 <adalram1029@gmail.com>... Relaying denied
Jul 23 03:07:12 kibr sm-mta[16070]: 06N077NM016070: lost input channel from hwsrv-754150.hostwindsdns.com [23.254.167.187] to MTA after rcpt
Jul 23 03:07:12 kibr sm-mta[16070]: 06N077NM016070: from=<root@kibr.net>, size=0, class=0, nrcpts=0, proto=ESMTP, daemon=MTA, relay=hwsrv-754150.hostwindsdns.com [23.254.167.187]
Jul 23 03:07:16 kibr sm-mta[16071]: 06N07Akk016071: ruleset=check_rcpt, arg1=<adalram1029@gmail.com>, relay=hwsrv-754150.hostwindsdns.com [23.254.167.187], reject=550 5.7.1 <adalram1029@gmail.com>... Relaying denied
Jul 23 03:07:16 kibr sm-mta[16071]: 06N07Akk016071: lost input channel from hwsrv-754150.hostwindsdns.com [23.254.167.187] to MTA after rcpt
Jul 23 03:07:16 kibr sm-mta[16071]: 06N07Akk016071: from=<harper@kibr.net>, size=0, class=0, nrcpts=0, proto=ESMTP, daemon=MTA, relay=hwsrv-754150.hostwindsdns.com [23.254.167.187]
Jul 23 03:07:18 kibr sm-mta[16072]: 06N07DUk016072: ruleset=check_rcpt, arg1=<adalram1029@gmail.com>, relay=hwsrv-754150.hostwindsdns.com [23.254.167.187], reject=550 5.7.1 <adalram1029@gmail.com>... Relaying denied
Jul 23 03:07:18 kibr sm-mta[16072]: 06N07DUk016072: lost input channel from hwsrv-754150.hostwindsdns.com [23.254.167.187] to MTA after rcpt
Jul 23 03:07:18 kibr sm-mta[16072]: 06N07DUk016072: from=<compaq@kibr.net>, size=0, class=0, nrcpts=0, proto=ESMTP, daemon=MTA, relay=hwsrv-754150.hostwindsdns.com [23.254.167.187]
Jul 23 03:07:22 kibr sm-mta[16074]: 06N07GRD016074: ruleset=check_rcpt, arg1=<adalram1029@gmail.com>, relay=hwsrv-754150.hostwindsdns.com [23.254.167.187], reject=550 5.7.1 <adalram1029@gmail.com>... Relaying denied
Jul 23 03:07:22 kibr sm-mta[16074]: 06N07GRD016074: lost input channel from hwsrv-754150.hostwindsdns.com [23.254.167.187] to MTA after rcpt
Jul 23 03:07:22 kibr sm-mta[16074]: 06N07GRD016074: from=<yangxiong@kibr.net>, size=0, class=0, nrcpts=0, proto=ESMTP, daemon=MTA, relay=hwsrv-754150.hostwindsdns.com [23.254.167.187]
Jul 23 03:07:24 kibr sm-mta[16075]: 06N07J3P016075: ruleset=check_rcpt, arg1=<adalram1029@gmail.com>, relay=hwsrv-754150.hostwindsdns.com [23.254.167.187], reject=550 5.7.1 <adalram1029@gmail.com>... Relaying denied
Jul 23 03:07:24 kibr sm-mta[16075]: 06N07J3P016075: lost input channel from hwsrv-754150.hostwindsdns.com [23.254.167.187] to MTA after rcpt
Jul 23 03:07:24 kibr sm-mta[16075]: 06N07J3P016075: from=<infoeozo@kibr.net>, size=0, class=0, nrcpts=0, proto=ESMTP, daemon=MTA, relay=hwsrv-754150.hostwindsdns.com [23.254.167.187]
Jul 23 03:07:28 kibr sm-mta[16076]: 06N07MNB016076: ruleset=check_rcpt, arg1=<adalram1029@gmail.com>, relay=hwsrv-754150.hostwindsdns.com [23.254.167.187], reject=550 5.7.1 <adalram1029@gmail.com>... Relaying denied
Jul 23 03:07:28 kibr sm-mta[16076]: 06N07MNB016076: lost input channel from hwsrv-754150.hostwindsdns.com [23.254.167.187] to MTA after rcpt
Jul 23 03:07:28 kibr sm-mta[16076]: 06N07MNB016076: from=<de@kibr.net>, size=0, class=0, nrcpts=0, proto=ESMTP, daemon=MTA, relay=hwsrv-754150.hostwindsdns.com [23.254.167.187]
Jul 23 03:07:30 kibr sm-mta[16077]: 06N07PTH016077: ruleset=check_rcpt, arg1=<adalram1029@gmail.com>, relay=hwsrv-754150.hostwindsdns.com [23.254.167.187], reject=550 5.7.1 <adalram1029@gmail.com>... Relaying denied
Jul 23 03:07:30 kibr sm-mta[16077]: 06N07PTH016077: lost input channel from hwsrv-754150.hostwindsdns.com [23.254.167.187] to MTA after rcpt
Jul 23 03:07:30 kibr sm-mta[16077]: 06N07PTH016077: from=<eddysanfordgi@kibr.net>, size=0, class=0, nrcpts=0, proto=ESMTP, daemon=MTA, relay=hwsrv-754150.hostwindsdns.com [23.254.167.187]
Jul 23 03:07:34 kibr sm-mta[16078]: 06N07S72016078: ruleset=check_rcpt, arg1=<adalram1029@gmail.com>, relay=hwsrv-754150.hostwindsdns.com [23.254.167.187], reject=550 5.7.1 <adalram1029@gmail.com>... Relaying denied
Jul 23 03:07:34 kibr sm-mta[16078]: 06N07S72016078: lost input channel from hwsrv-754150.hostwindsdns.com [23.254.167.187] to MTA after rcpt
Jul 23 03:07:34 kibr sm-mta[16078]: 06N07S72016078: from=<dbrunsonjn@kibr.net>, size=0, class=0, nrcpts=0, proto=ESMTP, daemon=MTA, relay=hwsrv-754150.hostwindsdns.com [23.254.167.187]
Jul 23 03:07:37 kibr sm-mta[16079]: 06N07Va2016079: ruleset=check_rcpt, arg1=<adalram1029@gmail.com>, relay=hwsrv-754150.hostwindsdns.com [23.254.167.187], reject=550 5.7.1 <adalram1029@gmail.com>... Relaying denied
Jul 23 03:07:37 kibr sm-mta[16079]: 06N07Va2016079: lost input channel from hwsrv-754150.hostwindsdns.com [23.254.167.187] to MTA after rcpt
Jul 23 03:07:37 kibr sm-mta[16079]: 06N07Va2016079: from=<communication@kibr.net>, size=0, class=0, nrcpts=0, proto=ESMTP, daemon=MTA, relay=hwsrv-754150.hostwindsdns.com [23.254.167.187]
Jul 23 03:07:40 kibr sm-mta[16081]: 06N07Y9W016081: ruleset=check_rcpt, arg1=<adalram1029@gmail.com>, relay=hwsrv-754150.hostwindsdns.com [23.254.167.187], reject=550 5.7.1 <adalram1029@gmail.com>... Relaying denied
Jul 23 03:07:40 kibr sm-mta[16081]: 06N07Y9W016081: lost input channel from hwsrv-754150.hostwindsdns.com [23.254.167.187] to MTA after rcpt
Jul 23 03:07:40 kibr sm-mta[16081]: 06N07Y9W016081: from=<web@kibr.net>, size=0, class=0, nrcpts=0, proto=ESMTP, daemon=MTA, relay=hwsrv-754150.hostwindsdns.com [23.254.167.187]
Jul 23 03:07:43 kibr sm-mta[16089]: 06N07bxe016089: ruleset=check_rcpt, arg1=<adalram1029@gmail.com>, relay=hwsrv-754150.hostwindsdns.com [23.254.167.187], reject=550 5.7.1 <adalram1029@gmail.com>... Relaying denied
Jul 23 03:07:43 kibr sm-mta[16089]: 06N07bxe016089: lost input channel from hwsrv-754150.hostwindsdns.com [23.254.167.187] to MTA after rcpt
Jul 23 03:07:43 kibr sm-mta[16089]: 06N07bxe016089: from=<vdinish@kibr.net>, size=0, class=0, nrcpts=0, proto=ESMTP, daemon=MTA, relay=hwsrv-754150.hostwindsdns.com [23.254.167.187]
Jul 23 03:07:46 kibr sm-mta[16090]: 06N07eJw016090: ruleset=check_rcpt, arg1=<adalram1029@gmail.com>, relay=hwsrv-754150.hostwindsdns.com [23.254.167.187], reject=550 5.7.1 <adalram1029@gmail.com>... Relaying denied
Jul 23 03:07:46 kibr sm-mta[16090]: 06N07eJw016090: lost input channel from hwsrv-754150.hostwindsdns.com [23.254.167.187] to MTA after rcpt
Jul 23 03:07:46 kibr sm-mta[16090]: 06N07eJw016090: from=<margaux.outteryck@kibr.net>, size=0, class=0, nrcpts=0, proto=ESMTP, daemon=MTA, relay=hwsrv-754150.hostwindsdns.com [23.254.167.187]
Jul 23 03:07:49 kibr sm-mta[16091]: 06N07hwG016091: ruleset=check_rcpt, arg1=<adalram1029@gmail.com>, relay=hwsrv-754150.hostwindsdns.com [23.254.167.187], reject=550 5.7.1 <adalram1029@gmail.com>... Relaying denied
Jul 23 03:07:49 kibr sm-mta[16091]: 06N07hwG016091: lost input channel from hwsrv-754150.hostwindsdns.com [23.254.167.187] to MTA after rcpt
Jul 23 03:07:49 kibr sm-mta[16091]: 06N07hwG016091: from=<hostmaster@kibr.net>, size=0, class=0, nrcpts=0, proto=ESMTP, daemon=MTA, relay=hwsrv-754150.hostwindsdns.com [23.254.167.187]
Jul 23 03:07:52 kibr sm-mta[16092]: 06N07kcT016092: ruleset=check_rcpt, arg1=<adalram1029@gmail.com>, relay=hwsrv-754150.hostwindsdns.com [23.254.167.187], reject=550 5.7.1 <adalram1029@gmail.com>... Relaying denied
Jul 23 03:07:52 kibr sm-mta[16092]: 06N07kcT016092: lost input channel from hwsrv-754150.hostwindsdns.com [23.254.167.187] to MTA after rcpt
Jul 23 03:07:52 kibr sm-mta[16092]: 06N07kcT016092: from=<fhjweujqzf@kibr.net>, size=0, class=0, nrcpts=0, proto=ESMTP, daemon=MTA, relay=hwsrv-754150.hostwindsdns.com [23.254.167.187]
Jul 23 03:07:55 kibr sm-mta[16093]: 06N07n6a016093: ruleset=check_rcpt, arg1=<adalram1029@gmail.com>, relay=hwsrv-754150.hostwindsdns.com [23.254.167.187], reject=550 5.7.1 <adalram1029@gmail.com>... Relaying denied
Jul 23 03:07:55 kibr sm-mta[16093]: 06N07n6a016093: lost input channel from hwsrv-754150.hostwindsdns.com [23.254.167.187] to MTA after rcpt
Jul 23 03:07:55 kibr sm-mta[16093]: 06N07n6a016093: from=<andy@kibr.net>, size=0, class=0, nrcpts=0, proto=ESMTP, daemon=MTA, relay=hwsrv-754150.hostwindsdns.com [23.254.167.187]
Jul 23 03:07:58 kibr sm-mta[16094]: 06N07q6T016094: ruleset=check_rcpt, arg1=<adalram1029@gmail.com>, relay=hwsrv-754150.hostwindsdns.com [23.254.167.187], reject=550 5.7.1 <adalram1029@gmail.com>... Relaying denied
Jul 23 03:07:58 kibr sm-mta[16094]: 06N07q6T016094: lost input channel from hwsrv-754150.hostwindsdns.com [23.254.167.187] to MTA after rcpt
Jul 23 03:07:58 kibr sm-mta[16094]: 06N07q6T016094: from=<palt@kibr.net>, size=0, class=0, nrcpts=0, proto=ESMTP, daemon=MTA, relay=hwsrv-754150.hostwindsdns.com [23.254.167.187]
Jul 23 03:08:01 kibr sm-mta[16095]: 06N07tS8016095: ruleset=check_rcpt, arg1=<adalram1029@gmail.com>, relay=hwsrv-754150.hostwindsdns.com [23.254.167.187], reject=550 5.7.1 <adalram1029@gmail.com>... Relaying denied
Jul 23 03:08:01 kibr sm-mta[16095]: 06N07tS8016095: lost input channel from hwsrv-754150.hostwindsdns.com [23.254.167.187] to MTA after rcpt
Jul 23 03:08:01 kibr sm-mta[16095]: 06N07tS8016095: from=<user@kibr.net>, size=0, class=0, nrcpts=0, proto=ESMTP, daemon=MTA, relay=hwsrv-754150.hostwindsdns.com [23.254.167.187]
Jul 23 03:08:04 kibr sm-mta[16097]: 06N07wuu016097: ruleset=check_rcpt, arg1=<adalram1029@gmail.com>, relay=hwsrv-754150.hostwindsdns.com [23.254.167.187], reject=550 5.7.1 <adalram1029@gmail.com>... Relaying denied
Jul 23 03:08:04 kibr sm-mta[16097]: 06N07wuu016097: lost input channel from hwsrv-754150.hostwindsdns.com [23.254.167.187] to MTA after rcpt
Jul 23 03:08:04 kibr sm-mta[16097]: 06N07wuu016097: from=<statistiques@kibr.net>, size=0, class=0, nrcpts=0, proto=ESMTP, daemon=MTA, relay=hwsrv-754150.hostwindsdns.com [23.254.167.187]
Jul 23 03:08:07 kibr sm-mta[16098]: 06N081VJ016098: ruleset=check_rcpt, arg1=<adalram1029@gmail.com>, relay=hwsrv-754150.hostwindsdns.com [23.254.167.187], reject=550 5.7.1 <adalram1029@gmail.com>... Relaying denied
Jul 23 03:08:07 kibr sm-mta[16098]: 06N081VJ016098: lost input channel from hwsrv-754150.hostwindsdns.com [23.254.167.187] to MTA after rcpt
Jul 23 03:08:07 kibr sm-mta[16098]: 06N081VJ016098: from=<fumiko@kibr.net>, size=0, class=0, nrcpts=0, proto=ESMTP, daemon=MTA, relay=hwsrv-754150.hostwindsdns.com [23.254.167.187]
Jul 23 03:08:10 kibr sm-mta[16099]: 06N084pZ016099: ruleset=check_rcpt, arg1=<adalram1029@gmail.com>, relay=hwsrv-754150.hostwindsdns.com [23.254.167.187], reject=550 5.7.1 <adalram1029@gmail.com>... Relaying denied
Jul 23 03:08:10 kibr sm-mta[16099]: 06N084pZ016099: lost input channel from hwsrv-754150.hostwindsdns.com [23.254.167.187] to MTA after rcpt
Jul 23 03:08:10 kibr sm-mta[16099]: 06N084pZ016099: from=<arkadi@kibr.net>, size=0, class=0, nrcpts=0, proto=ESMTP, daemon=MTA, relay=hwsrv-754150.hostwindsdns.com [23.254.167.187]
Jul 23 03:08:13 kibr sm-mta[16100]: 06N087nC016100: ruleset=check_rcpt, arg1=<adalram1029@gmail.com>, relay=hwsrv-754150.hostwindsdns.com [23.254.167.187], reject=550 5.7.1 <adalram1029@gmail.com>... Relaying denied
Jul 23 03:08:13 kibr sm-mta[16100]: 06N087nC016100: lost input channel from hwsrv-754150.hostwindsdns.com [23.254.167.187] to MTA after rcpt
Jul 23 03:08:13 kibr sm-mta[16100]: 06N087nC016100: from=<admin@kibr.net>, size=0, class=0, nrcpts=0, proto=ESMTP, daemon=MTA, relay=hwsrv-754150.hostwindsdns.com [23.254.167.187]
Jul 23 03:08:16 kibr sm-mta[16101]: 06N08Au4016101: ruleset=check_rcpt, arg1=<adalram1029@gmail.com>, relay=hwsrv-754150.hostwindsdns.com [23.254.167.187], reject=550 5.7.1 <adalram1029@gmail.com>... Relaying denied
Jul 23 03:08:16 kibr sm-mta[16101]: 06N08Au4016101: lost input channel from hwsrv-754150.hostwindsdns.com [23.254.167.187] to MTA after rcpt
Jul 23 03:08:16 kibr sm-mta[16101]: 06N08Au4016101: from=<help@kibr.net>, size=0, class=0, nrcpts=0, proto=ESMTP, daemon=MTA, relay=hwsrv-754150.hostwindsdns.com [23.254.167.187]
Jul 23 03:08:19 kibr sm-mta[16102]: 06N08D5B016102: ruleset=check_rcpt, arg1=<adalram1029@gmail.com>, relay=hwsrv-754150.hostwindsdns.com [23.254.167.187], reject=550 5.7.1 <adalram1029@gmail.com>... Relaying denied
Jul 23 03:08:19 kibr sm-mta[16102]: 06N08D5B016102: lost input channel from hwsrv-754150.hostwindsdns.com [23.254.167.187] to MTA after rcpt
Jul 23 03:08:19 kibr sm-mta[16102]: 06N08D5B016102: from=<compaq@kibr.net>, size=0, class=0, nrcpts=0, proto=ESMTP, daemon=MTA, relay=hwsrv-754150.hostwindsdns.com [23.254.167.187]
Jul 23 03:08:22 kibr sm-mta[16103]: 06N08Gtv016103: ruleset=check_rcpt, arg1=<adalram1029@gmail.com>, relay=hwsrv-754150.hostwindsdns.com [23.254.167.187], reject=550 5.7.1 <adalram1029@gmail.com>... Relaying denied
Jul 23 03:08:22 kibr sm-mta[16103]: 06N08Gtv016103: lost input channel from hwsrv-754150.hostwindsdns.com [23.254.167.187] to MTA after rcpt
Jul 23 03:08:22 kibr sm-mta[16103]: 06N08Gtv016103: from=<infoeozo@kibr.net>, size=0, class=0, nrcpts=0, proto=ESMTP, daemon=MTA, relay=hwsrv-754150.hostwindsdns.com [23.254.167.187]
Jul 23 03:08:25 kibr sm-mta[16105]: 06N08J6c016105: ruleset=check_rcpt, arg1=<adalram1029@gmail.com>, relay=hwsrv-754150.hostwindsdns.com [23.254.167.187], reject=550 5.7.1 <adalram1029@gmail.com>... Relaying denied
Jul 23 03:08:25 kibr sm-mta[16105]: 06N08J6c016105: lost input channel from hwsrv-754150.hostwindsdns.com [23.254.167.187] to MTA after rcpt
Jul 23 03:08:25 kibr sm-mta[16105]: 06N08J6c016105: from=<visitor@kibr.net>, size=0, class=0, nrcpts=0, proto=ESMTP, daemon=MTA, relay=hwsrv-754150.hostwindsdns.com [23.254.167.187]
Jul 23 03:08:28 kibr sm-mta[16106]: 06N08Mle016106: ruleset=check_rcpt, arg1=<adalram1029@gmail.com>, relay=hwsrv-754150.hostwindsdns.com [23.254.167.187], reject=550 5.7.1 <adalram1029@gmail.com>... Relaying denied
Jul 23 03:08:28 kibr sm-mta[16106]: 06N08Mle016106: lost input channel from hwsrv-754150.hostwindsdns.com [23.254.167.187] to MTA after rcpt
Jul 23 03:08:28 kibr sm-mta[16106]: 06N08Mle016106: from=<de@kibr.net>, size=0, class=0, nrcpts=0, proto=ESMTP, daemon=MTA, relay=hwsrv-754150.hostwindsdns.com [23.254.167.187]
Jul 23 03:08:31 kibr sm-mta[16108]: 06N08PdY016108: ruleset=check_rcpt, arg1=<adalram1029@gmail.com>, relay=hwsrv-754150.hostwindsdns.com [23.254.167.187], reject=550 5.7.1 <adalram1029@gmail.com>... Relaying denied
Jul 23 03:08:31 kibr sm-mta[16108]: 06N08PdY016108: lost input channel from hwsrv-754150.hostwindsdns.com [23.254.167.187] to MTA after rcpt
Jul 23 03:08:31 kibr sm-mta[16108]: 06N08PdY016108: from=<administrator@kibr.net>, size=0, class=0, nrcpts=0, proto=ESMTP, daemon=MTA, relay=hwsrv-754150.hostwindsdns.com [23.254.167.187]
Jul 23 03:08:34 kibr sm-mta[16110]: 06N08SPL016110: ruleset=check_rcpt, arg1=<adalram1029@gmail.com>, relay=hwsrv-754150.hostwindsdns.com [23.254.167.187], reject=550 5.7.1 <adalram1029@gmail.com>... Relaying denied
Jul 23 03:08:34 kibr sm-mta[16110]: 06N08SPL016110: lost input channel from hwsrv-754150.hostwindsdns.com [23.254.167.187] to MTA after rcpt
Jul 23 03:08:34 kibr sm-mta[16110]: 06N08SPL016110: from=<spam@kibr.net>, size=0, class=0, nrcpts=0, proto=ESMTP, daemon=MTA, relay=hwsrv-754150.hostwindsdns.com [23.254.167.187]
Jul 23 03:08:37 kibr sm-mta[16111]: 06N08VoH016111: ruleset=check_rcpt, arg1=<adalram1029@gmail.com>, relay=hwsrv-754150.hostwindsdns.com [23.254.167.187], reject=550 5.7.1 <adalram1029@gmail.com>... Relaying denied
Jul 23 03:08:37 kibr sm-mta[16111]: 06N08VoH016111: lost input channel from hwsrv-754150.hostwindsdns.com [23.254.167.187] to MTA after rcpt
Jul 23 03:08:37 kibr sm-mta[16111]: 06N08VoH016111: from=<communication@kibr.net>, size=0, class=0, nrcpts=0, proto=ESMTP, daemon=MTA, relay=hwsrv-754150.hostwindsdns.com [23.254.167.187]
Jul 23 03:08:40 kibr sm-mta[16112]: 06N08YbD016112: ruleset=check_rcpt, arg1=<adalram1029@gmail.com>, relay=hwsrv-754150.hostwindsdns.com [23.254.167.187], reject=550 5.7.1 <adalram1029@gmail.com>... Relaying denied
Jul 23 03:08:40 kibr sm-mta[16112]: 06N08YbD016112: lost input channel from hwsrv-754150.hostwindsdns.com [23.254.167.187] to MTA after rcpt
Jul 23 03:08:40 kibr sm-mta[16112]: 06N08YbD016112: from=<infoeozo@kibr.net>, size=0, class=0, nrcpts=0, proto=ESMTP, daemon=MTA, relay=hwsrv-754150.hostwindsdns.com [23.254.167.187]
Jul 23 03:08:43 kibr sm-mta[16113]: 06N08b0l016113: ruleset=check_rcpt, arg1=<adalram1029@gmail.com>, relay=hwsrv-754150.hostwindsdns.com [23.254.167.187], reject=550 5.7.1 <adalram1029@gmail.com>... Relaying denied
Jul 23 03:08:43 kibr sm-mta[16113]: 06N08b0l016113: lost input channel from hwsrv-754150.hostwindsdns.com [23.254.167.187] to MTA after rcpt
Jul 23 03:08:43 kibr sm-mta[16113]: 06N08b0l016113: from=<fax@kibr.net>, size=0, class=0, nrcpts=0, proto=ESMTP, daemon=MTA, relay=hwsrv-754150.hostwindsdns.com [23.254.167.187]
Jul 23 03:08:46 kibr sm-mta[16114]: 06N08exW016114: ruleset=check_rcpt, arg1=<adalram1029@gmail.com>, relay=hwsrv-754150.hostwindsdns.com [23.254.167.187], reject=550 5.7.1 <adalram1029@gmail.com>... Relaying denied
Jul 23 03:08:46 kibr sm-mta[16114]: 06N08exW016114: lost input channel from hwsrv-754150.hostwindsdns.com [23.254.167.187] to MTA after rcpt
Jul 23 03:08:46 kibr sm-mta[16114]: 06N08exW016114: from=<margaux.outteryck@kibr.net>, size=0, class=0, nrcpts=0, proto=ESMTP, daemon=MTA, relay=hwsrv-754150.hostwindsdns.com [23.254.167.187]
Jul 23 03:08:49 kibr sm-mta[16115]: 06N08h9q016115: ruleset=check_rcpt, arg1=<adalram1029@gmail.com>, relay=hwsrv-754150.hostwindsdns.com [23.254.167.187], reject=550 5.7.1 <adalram1029@gmail.com>... Relaying denied
Jul 23 03:08:49 kibr sm-mta[16115]: 06N08h9q016115: lost input channel from hwsrv-754150.hostwindsdns.com [23.254.167.187] to MTA after rcpt
Jul 23 03:08:49 kibr sm-mta[16115]: 06N08h9q016115: from=<admin@kibr.net>, size=0, class=0, nrcpts=0, proto=ESMTP, daemon=MTA, relay=hwsrv-754150.hostwindsdns.com [23.254.167.187]
Jul 23 03:08:52 kibr sm-mta[16116]: 06N08kHP016116: ruleset=check_rcpt, arg1=<adalram1029@gmail.com>, relay=hwsrv-754150.hostwindsdns.com [23.254.167.187], reject=550 5.7.1 <adalram1029@gmail.com>... Relaying denied
Jul 23 03:08:52 kibr sm-mta[16116]: 06N08kHP016116: lost input channel from hwsrv-754150.hostwindsdns.com [23.254.167.187] to MTA after rcpt
Jul 23 03:08:52 kibr sm-mta[16116]: 06N08kHP016116: from=<photo@kibr.net>, size=0, class=0, nrcpts=0, proto=ESMTP, daemon=MTA, relay=hwsrv-754150.hostwindsdns.com [23.254.167.187]
Jul 23 03:08:55 kibr sm-mta[16117]: 06N08nCb016117: ruleset=check_rcpt, arg1=<adalram1029@gmail.com>, relay=hwsrv-754150.hostwindsdns.com [23.254.167.187], reject=550 5.7.1 <adalram1029@gmail.com>... Relaying denied
Jul 23 03:08:55 kibr sm-mta[16117]: 06N08nCb016117: lost input channel from hwsrv-754150.hostwindsdns.com [23.254.167.187] to MTA after rcpt
Jul 23 03:08:55 kibr sm-mta[16117]: 06N08nCb016117: from=<andy@kibr.net>, size=0, class=0, nrcpts=0, proto=ESMTP, daemon=MTA, relay=hwsrv-754150.hostwindsdns.com [23.254.167.187]
Jul 23 03:08:58 kibr sm-mta[16118]: 06N08qDH016118: ruleset=check_rcpt, arg1=<adalram1029@gmail.com>, relay=hwsrv-754150.hostwindsdns.com [23.254.167.187], reject=550 5.7.1 <adalram1029@gmail.com>... Relaying denied
Jul 23 03:08:58 kibr sm-mta[16118]: 06N08qDH016118: lost input channel from hwsrv-754150.hostwindsdns.com [23.254.167.187] to MTA after rcpt
Jul 23 03:08:58 kibr sm-mta[16118]: 06N08qDH016118: from=<prabesca@kibr.net>, size=0, class=0, nrcpts=0, proto=ESMTP, daemon=MTA, relay=hwsrv-754150.hostwindsdns.com [23.254.167.187]
Jul 23 03:09:01 kibr sm-mta[16119]: 06N08tea016119: ruleset=check_rcpt, arg1=<adalram1029@gmail.com>, relay=hwsrv-754150.hostwindsdns.com [23.254.167.187], reject=550 5.7.1 <adalram1029@gmail.com>... Relaying denied
Jul 23 03:09:01 kibr sm-mta[16119]: 06N08tea016119: lost input channel from hwsrv-754150.hostwindsdns.com [23.254.167.187] to MTA after rcpt
Jul 23 03:09:01 kibr sm-mta[16119]: 06N08tea016119: from=<guest@kibr.net>, size=0, class=0, nrcpts=0, proto=ESMTP, daemon=MTA, relay=hwsrv-754150.hostwindsdns.com [23.254.167.187]
Jul 23 03:09:04 kibr sm-mta[16121]: 06N08wRk016121: ruleset=check_rcpt, arg1=<adalram1029@gmail.com>, relay=hwsrv-754150.hostwindsdns.com [23.254.167.187], reject=550 5.7.1 <adalram1029@gmail.com>... Relaying denied
Jul 23 03:09:04 kibr sm-mta[16121]: 06N08wRk016121: lost input channel from hwsrv-754150.hostwindsdns.com [23.254.167.187] to MTA after rcpt
Jul 23 03:09:04 kibr sm-mta[16121]: 06N08wRk016121: from=<statistiques@kibr.net>, size=0, class=0, nrcpts=0, proto=ESMTP, daemon=MTA, relay=hwsrv-754150.hostwindsdns.com [23.254.167.187]
Jul 23 03:09:07 kibr sm-mta[16122]: 06N091KJ016122: ruleset=check_rcpt, arg1=<adalram1029@gmail.com>, relay=hwsrv-754150.hostwindsdns.com [23.254.167.187], reject=550 5.7.1 <adalram1029@gmail.com>... Relaying denied
Jul 23 03:09:07 kibr sm-mta[16122]: 06N091KJ016122: lost input channel from hwsrv-754150.hostwindsdns.com [23.254.167.187] to MTA after rcpt
Jul 23 03:09:07 kibr sm-mta[16122]: 06N091KJ016122: from=<administrator@kibr.net>, size=0, class=0, nrcpts=0, proto=ESMTP, daemon=MTA, relay=hwsrv-754150.hostwindsdns.com [23.254.167.187]
Jul 23 03:09:10 kibr sm-mta[16123]: 06N094Gc016123: ruleset=check_rcpt, arg1=<adalram1029@gmail.com>, relay=hwsrv-754150.hostwindsdns.com [23.254.167.187], reject=550 5.7.1 <adalram1029@gmail.com>... Relaying denied
Jul 23 03:09:10 kibr sm-mta[16123]: 06N094Gc016123: lost input channel from hwsrv-754150.hostwindsdns.com [23.254.167.187] to MTA after rcpt
Jul 23 03:09:10 kibr sm-mta[16123]: 06N094Gc016123: from=<mark@kibr.net>, size=0, class=0, nrcpts=0, proto=ESMTP, daemon=MTA, relay=hwsrv-754150.hostwindsdns.com [23.254.167.187]
Jul 23 03:09:13 kibr sm-mta[16124]: 06N097bJ016124: ruleset=check_rcpt, arg1=<adalram1029@gmail.com>, relay=hwsrv-754150.hostwindsdns.com [23.254.167.187], reject=550 5.7.1 <adalram1029@gmail.com>... Relaying denied
Jul 23 03:09:13 kibr sm-mta[16124]: 06N097bJ016124: lost input channel from hwsrv-754150.hostwindsdns.com [23.254.167.187] to MTA after rcpt
Jul 23 03:09:13 kibr sm-mta[16124]: 06N097bJ016124: from=<admin@kibr.net>, size=0, class=0, nrcpts=0, proto=ESMTP, daemon=MTA, relay=hwsrv-754150.hostwindsdns.com [23.254.167.187]
Jul 23 03:09:16 kibr sm-mta[16125]: 06N09AK0016125: ruleset=check_rcpt, arg1=<adalram1029@gmail.com>, relay=hwsrv-754150.hostwindsdns.com [23.254.167.187], reject=550 5.7.1 <adalram1029@gmail.com>... Relaying denied
Jul 23 03:09:16 kibr sm-mta[16125]: 06N09AK0016125: lost input channel from hwsrv-754150.hostwindsdns.com [23.254.167.187] to MTA after rcpt
Jul 23 03:09:16 kibr sm-mta[16125]: 06N09AK0016125: from=<prabesca@kibr.net>, size=0, class=0, nrcpts=0, proto=ESMTP, daemon=MTA, relay=hwsrv-754150.hostwindsdns.com [23.254.167.187]
Jul 23 03:09:19 kibr sm-mta[16126]: 06N09DMT016126: ruleset=check_rcpt, arg1=<adalram1029@gmail.com>, relay=hwsrv-754150.hostwindsdns.com [23.254.167.187], reject=550 5.7.1 <adalram1029@gmail.com>... Relaying denied
Jul 23 03:09:19 kibr sm-mta[16126]: 06N09DMT016126: lost input channel from hwsrv-754150.hostwindsdns.com [23.254.167.187] to MTA after rcpt
Jul 23 03:09:19 kibr sm-mta[16126]: 06N09DMT016126: from=<reservas@kibr.net>, size=0, class=0, nrcpts=0, proto=ESMTP, daemon=MTA, relay=hwsrv-754150.hostwindsdns.com [23.254.167.187]
Jul 23 03:09:22 kibr sm-mta[16127]: 06N09GLR016127: ruleset=check_rcpt, arg1=<adalram1029@gmail.com>, relay=hwsrv-754150.hostwindsdns.com [23.254.167.187], reject=550 5.7.1 <adalram1029@gmail.com>... Relaying denied
Jul 23 03:09:22 kibr sm-mta[16127]: 06N09GLR016127: lost input channel from hwsrv-754150.hostwindsdns.com [23.254.167.187] to MTA after rcpt
Jul 23 03:09:22 kibr sm-mta[16127]: 06N09GLR016127: from=<infoeozo@kibr.net>, size=0, class=0, nrcpts=0, proto=ESMTP, daemon=MTA, relay=hwsrv-754150.hostwindsdns.com [23.254.167.187]
Jul 23 03:09:25 kibr sm-mta[16129]: 06N09JiL016129: ruleset=check_rcpt, arg1=<adalram1029@gmail.com>, relay=hwsrv-754150.hostwindsdns.com [23.254.167.187], reject=550 5.7.1 <adalram1029@gmail.com>... Relaying denied
Jul 23 03:09:25 kibr sm-mta[16129]: 06N09JiL016129: lost input channel from hwsrv-754150.hostwindsdns.com [23.254.167.187] to MTA after rcpt
Jul 23 03:09:25 kibr sm-mta[16129]: 06N09JiL016129: from=<admin@kibr.net>, size=0, class=0, nrcpts=0, proto=ESMTP, daemon=MTA, relay=hwsrv-754150.hostwindsdns.com [23.254.167.187]
Jul 23 03:09:28 kibr sm-mta[16130]: 06N09MT5016130: ruleset=check_rcpt, arg1=<adalram1029@gmail.com>, relay=hwsrv-754150.hostwindsdns.com [23.254.167.187], reject=550 5.7.1 <adalram1029@gmail.com>... Relaying denied
Jul 23 03:09:28 kibr sm-mta[16130]: 06N09MT5016130: lost input channel from hwsrv-754150.hostwindsdns.com [23.254.167.187] to MTA after rcpt
Jul 23 03:09:28 kibr sm-mta[16130]: 06N09MT5016130: from=<united@kibr.net>, size=0, class=0, nrcpts=0, proto=ESMTP, daemon=MTA, relay=hwsrv-754150.hostwindsdns.com [23.254.167.187]
Jul 23 03:09:31 kibr sm-mta[16131]: 06N09PRu016131: ruleset=check_rcpt, arg1=<adalram1029@gmail.com>, relay=hwsrv-754150.hostwindsdns.com [23.254.167.187], reject=550 5.7.1 <adalram1029@gmail.com>... Relaying denied
Jul 23 03:09:31 kibr sm-mta[16131]: 06N09PRu016131: lost input channel from hwsrv-754150.hostwindsdns.com [23.254.167.187] to MTA after rcpt
Jul 23 03:09:31 kibr sm-mta[16131]: 06N09PRu016131: from=<administrator@kibr.net>, size=0, class=0, nrcpts=0, proto=ESMTP, daemon=MTA, relay=hwsrv-754150.hostwindsdns.com [23.254.167.187]
Jul 23 03:09:34 kibr sm-mta[16132]: 06N09SCT016132: ruleset=check_rcpt, arg1=<adalram1029@gmail.com>, relay=hwsrv-754150.hostwindsdns.com [23.254.167.187], reject=550 5.7.1 <adalram1029@gmail.com>... Relaying denied
Jul 23 03:09:34 kibr sm-mta[16132]: 06N09SCT016132: lost input channel from hwsrv-754150.hostwindsdns.com [23.254.167.187] to MTA after rcpt
Jul 23 03:09:34 kibr sm-mta[16132]: 06N09SCT016132: from=<bernard.leroy9nn@kibr.net>, size=0, class=0, nrcpts=0, proto=ESMTP, daemon=MTA, relay=hwsrv-754150.hostwindsdns.com [23.254.167.187]
Jul 23 03:09:37 kibr sm-mta[16133]: 06N09VBr016133: ruleset=check_rcpt, arg1=<adalram1029@gmail.com>, relay=hwsrv-754150.hostwindsdns.com [23.254.167.187], reject=550 5.7.1 <adalram1029@gmail.com>... Relaying denied
Jul 23 03:09:37 kibr sm-mta[16133]: 06N09VBr016133: lost input channel from hwsrv-754150.hostwindsdns.com [23.254.167.187] to MTA after rcpt
Jul 23 03:09:37 kibr sm-mta[16133]: 06N09VBr016133: from=<www@kibr.net>, size=0, class=0, nrcpts=0, proto=ESMTP, daemon=MTA, relay=hwsrv-754150.hostwindsdns.com [23.254.167.187]
Jul 23 03:09:40 kibr sm-mta[16134]: 06N09YxG016134: ruleset=check_rcpt, arg1=<adalram1029@gmail.com>, relay=hwsrv-754150.hostwindsdns.com [23.254.167.187], reject=550 5.7.1 <adalram1029@gmail.com>... Relaying denied
Jul 23 03:09:40 kibr sm-mta[16134]: 06N09YxG016134: lost input channel from hwsrv-754150.hostwindsdns.com [23.254.167.187] to MTA after rcpt
Jul 23 03:09:40 kibr sm-mta[16134]: 06N09YxG016134: from=<infoeozo@kibr.net>, size=0, class=0, nrcpts=0, proto=ESMTP, daemon=MTA, relay=hwsrv-754150.hostwindsdns.com [23.254.167.187]
Jul 23 03:09:43 kibr sm-mta[16135]: 06N09b45016135: ruleset=check_rcpt, arg1=<adalram1029@gmail.com>, relay=hwsrv-754150.hostwindsdns.com [23.254.167.187], reject=550 5.7.1 <adalram1029@gmail.com>... Relaying denied
Jul 23 03:09:43 kibr sm-mta[16135]: 06N09b45016135: lost input channel from hwsrv-754150.hostwindsdns.com [23.254.167.187] to MTA after rcpt
Jul 23 03:09:43 kibr sm-mta[16135]: 06N09b45016135: from=<administrator@kibr.net>, size=0, class=0, nrcpts=0, proto=ESMTP, daemon=MTA, relay=hwsrv-754150.hostwindsdns.com [23.254.167.187]
Jul 23 03:09:46 kibr sm-mta[16137]: 06N09e15016137: ruleset=check_rcpt, arg1=<adalram1029@gmail.com>, relay=hwsrv-754150.hostwindsdns.com [23.254.167.187], reject=550 5.7.1 <adalram1029@gmail.com>... Relaying denied
Jul 23 03:09:46 kibr sm-mta[16137]: 06N09e15016137: lost input channel from hwsrv-754150.hostwindsdns.com [23.254.167.187] to MTA after rcpt
Jul 23 03:09:46 kibr sm-mta[16137]: 06N09e15016137: from=<electrolytical@kibr.net>, size=0, class=0, nrcpts=0, proto=ESMTP, daemon=MTA, relay=hwsrv-754150.hostwindsdns.com [23.254.167.187]
Jul 23 03:09:49 kibr sm-mta[16138]: 06N09hfC016138: ruleset=check_rcpt, arg1=<adalram1029@gmail.com>, relay=hwsrv-754150.hostwindsdns.com [23.254.167.187], reject=550 5.7.1 <adalram1029@gmail.com>... Relaying denied
Jul 23 03:09:49 kibr sm-mta[16138]: 06N09hfC016138: lost input channel from hwsrv-754150.hostwindsdns.com [23.254.167.187] to MTA after rcpt
Jul 23 03:09:49 kibr sm-mta[16138]: 06N09hfC016138: from=<admin@kibr.net>, size=0, class=0, nrcpts=0, proto=ESMTP, daemon=MTA, relay=hwsrv-754150.hostwindsdns.com [23.254.167.187]
Jul 23 03:09:52 kibr sm-mta[16139]: 06N09kt8016139: ruleset=check_rcpt, arg1=<adalram1029@gmail.com>, relay=hwsrv-754150.hostwindsdns.com [23.254.167.187], reject=550 5.7.1 <adalram1029@gmail.com>... Relaying denied
Jul 23 03:09:52 kibr sm-mta[16139]: 06N09kt8016139: lost input channel from hwsrv-754150.hostwindsdns.com [23.254.167.187] to MTA after rcpt
Jul 23 03:09:52 kibr sm-mta[16139]: 06N09kt8016139: from=<bernard.leroy9nn@kibr.net>, size=0, class=0, nrcpts=0, proto=ESMTP, daemon=MTA, relay=hwsrv-754150.hostwindsdns.com [23.254.167.187]
Jul 23 03:09:55 kibr sm-mta[16140]: 06N09nv2016140: ruleset=check_rcpt, arg1=<adalram1029@gmail.com>, relay=hwsrv-754150.hostwindsdns.com [23.254.167.187], reject=550 5.7.1 <adalram1029@gmail.com>... Relaying denied
Jul 23 03:09:55 kibr sm-mta[16140]: 06N09nv2016140: lost input channel from hwsrv-754150.hostwindsdns.com [23.254.167.187] to MTA after rcpt
Jul 23 03:09:55 kibr sm-mta[16140]: 06N09nv2016140: from=<duncanmercado@kibr.net>, size=0, class=0, nrcpts=0, proto=ESMTP, daemon=MTA, relay=hwsrv-754150.hostwindsdns.com [23.254.167.187]
Jul 23 03:09:58 kibr sm-mta[16141]: 06N09qlp016141: ruleset=check_rcpt, arg1=<adalram1029@gmail.com>, relay=hwsrv-754150.hostwindsdns.com [23.254.167.187], reject=550 5.7.1 <adalram1029@gmail.com>... Relaying denied
Jul 23 03:09:58 kibr sm-mta[16141]: 06N09qlp016141: lost input channel from hwsrv-754150.hostwindsdns.com [23.254.167.187] to MTA after rcpt
Jul 23 03:09:58 kibr sm-mta[16141]: 06N09qlp016141: from=<prabesca@kibr.net>, size=0, class=0, nrcpts=0, proto=ESMTP, daemon=MTA, relay=hwsrv-754150.hostwindsdns.com [23.254.167.187]
Jul 23 03:10:01 kibr sm-mta[16142]: 06N09tgm016142: ruleset=check_rcpt, arg1=<adalram1029@gmail.com>, relay=hwsrv-754150.hostwindsdns.com [23.254.167.187], reject=550 5.7.1 <adalram1029@gmail.com>... Relaying denied
Jul 23 03:10:01 kibr sm-mta[16142]: 06N09tgm016142: lost input channel from hwsrv-754150.hostwindsdns.com [23.254.167.187] to MTA after rcpt
Jul 23 03:10:01 kibr sm-mta[16142]: 06N09tgm016142: from=<evengage@kibr.net>, size=0, class=0, nrcpts=0, proto=ESMTP, daemon=MTA, relay=hwsrv-754150.hostwindsdns.com [23.254.167.187]
Jul 23 03:10:04 kibr sm-mta[16143]: 06N09wMS016143: ruleset=check_rcpt, arg1=<adalram1029@gmail.com>, relay=hwsrv-754150.hostwindsdns.com [23.254.167.187], reject=550 5.7.1 <adalram1029@gmail.com>... Relaying denied
Jul 23 03:10:04 kibr sm-mta[16143]: 06N09wMS016143: lost input channel from hwsrv-754150.hostwindsdns.com [23.254.167.187] to MTA after rcpt
Jul 23 03:10:04 kibr sm-mta[16143]: 06N09wMS016143: from=<doudelie2468@kibr.net>, size=0, class=0, nrcpts=0, proto=ESMTP, daemon=MTA, relay=hwsrv-754150.hostwindsdns.com [23.254.167.187]
Jul 23 03:10:07 kibr sm-mta[16144]: 06N0A1DC016144: ruleset=check_rcpt, arg1=<adalram1029@gmail.com>, relay=hwsrv-754150.hostwindsdns.com [23.254.167.187], reject=550 5.7.1 <adalram1029@gmail.com>... Relaying denied
Jul 23 03:10:07 kibr sm-mta[16144]: 06N0A1DC016144: lost input channel from hwsrv-754150.hostwindsdns.com [23.254.167.187] to MTA after rcpt
Jul 23 03:10:07 kibr sm-mta[16144]: 06N0A1DC016144: from=<administrator@kibr.net>, size=0, class=0, nrcpts=0, proto=ESMTP, daemon=MTA, relay=hwsrv-754150.hostwindsdns.com [23.254.167.187]
Jul 23 03:10:10 kibr sm-mta[16145]: 06N0A4Iw016145: ruleset=check_rcpt, arg1=<adalram1029@gmail.com>, relay=hwsrv-754150.hostwindsdns.com [23.254.167.187], reject=550 5.7.1 <adalram1029@gmail.com>... Relaying denied
Jul 23 03:10:10 kibr sm-mta[16145]: 06N0A4Iw016145: lost input channel from hwsrv-754150.hostwindsdns.com [23.254.167.187] to MTA after rcpt
Jul 23 03:10:10 kibr sm-mta[16145]: 06N0A4Iw016145: from=<admin@kibr.net>, size=0, class=0, nrcpts=0, proto=ESMTP, daemon=MTA, relay=hwsrv-754150.hostwindsdns.com [23.254.167.187]
Jul 23 03:10:13 kibr sm-mta[16147]: 06N0A7jX016147: ruleset=check_rcpt, arg1=<adalram1029@gmail.com>, relay=hwsrv-754150.hostwindsdns.com [23.254.167.187], reject=550 5.7.1 <adalram1029@gmail.com>... Relaying denied
Jul 23 03:10:13 kibr sm-mta[16147]: 06N0A7jX016147: lost input channel from hwsrv-754150.hostwindsdns.com [23.254.167.187] to MTA after rcpt
Jul 23 03:10:13 kibr sm-mta[16147]: 06N0A7jX016147: from=<ertotdd@kibr.net>, size=0, class=0, nrcpts=0, proto=ESMTP, daemon=MTA, relay=hwsrv-754150.hostwindsdns.com [23.254.167.187]
Jul 23 03:10:16 kibr sm-mta[16148]: 06N0AAxp016148: ruleset=check_rcpt, arg1=<adalram1029@gmail.com>, relay=hwsrv-754150.hostwindsdns.com [23.254.167.187], reject=550 5.7.1 <adalram1029@gmail.com>... Relaying denied
Jul 23 03:10:16 kibr sm-mta[16148]: 06N0AAxp016148: lost input channel from hwsrv-754150.hostwindsdns.com [23.254.167.187] to MTA after rcpt
Jul 23 03:10:16 kibr sm-mta[16148]: 06N0AAxp016148: from=<prabesca@kibr.net>, size=0, class=0, nrcpts=0, proto=ESMTP, daemon=MTA, relay=hwsrv-754150.hostwindsdns.com [23.254.167.187]
Jul 23 03:10:19 kibr sm-mta[16149]: 06N0AD4M016149: ruleset=check_rcpt, arg1=<adalram1029@gmail.com>, relay=hwsrv-754150.hostwindsdns.com [23.254.167.187], reject=550 5.7.1 <adalram1029@gmail.com>... Relaying denied
Jul 23 03:10:19 kibr sm-mta[16149]: 06N0AD4M016149: lost input channel from hwsrv-754150.hostwindsdns.com [23.254.167.187] to MTA after rcpt
Jul 23 03:10:19 kibr sm-mta[16149]: 06N0AD4M016149: from=<evengage@kibr.net>, size=0, class=0, nrcpts=0, proto=ESMTP, daemon=MTA, relay=hwsrv-754150.hostwindsdns.com [23.254.167.187]
Jul 23 03:10:22 kibr sm-mta[16150]: 06N0AGtP016150: ruleset=check_rcpt, arg1=<adalram1029@gmail.com>, relay=hwsrv-754150.hostwindsdns.com [23.254.167.187], reject=550 5.7.1 <adalram1029@gmail.com>... Relaying denied
Jul 23 03:10:22 kibr sm-mta[16150]: 06N0AGtP016150: lost input channel from hwsrv-754150.hostwindsdns.com [23.254.167.187] to MTA after rcpt
Jul 23 03:10:22 kibr sm-mta[16150]: 06N0AGtP016150: from=<gilmorelucilegilmore_ug@kibr.net>, size=0, class=0, nrcpts=0, proto=ESMTP, daemon=MTA, relay=hwsrv-754150.hostwindsdns.com [23.254.167.187]
Jul 23 03:10:25 kibr sm-mta[16151]: 06N0AJHH016151: ruleset=check_rcpt, arg1=<adalram1029@gmail.com>, relay=hwsrv-754150.hostwindsdns.com [23.254.167.187], reject=550 5.7.1 <adalram1029@gmail.com>... Relaying denied
Jul 23 03:10:25 kibr sm-mta[16151]: 06N0AJHH016151: lost input channel from hwsrv-754150.hostwindsdns.com [23.254.167.187] to MTA after rcpt
Jul 23 03:10:25 kibr sm-mta[16151]: 06N0AJHH016151: from=<admin@kibr.net>, size=0, class=0, nrcpts=0, proto=ESMTP, daemon=MTA, relay=hwsrv-754150.hostwindsdns.com [23.254.167.187]
Jul 23 03:10:28 kibr sm-mta[16152]: 06N0AMGx016152: ruleset=check_rcpt, arg1=<adalram1029@gmail.com>, relay=hwsrv-754150.hostwindsdns.com [23.254.167.187], reject=550 5.7.1 <adalram1029@gmail.com>... Relaying denied
Jul 23 03:10:28 kibr sm-mta[16152]: 06N0AMGx016152: lost input channel from hwsrv-754150.hostwindsdns.com [23.254.167.187] to MTA after rcpt
Jul 23 03:10:28 kibr sm-mta[16152]: 06N0AMGx016152: from=<administrator@kibr.net>, size=0, class=0, nrcpts=0, proto=ESMTP, daemon=MTA, relay=hwsrv-754150.hostwindsdns.com [23.254.167.187]
Jul 23 03:10:30 kibr sm-mta[16156]: 06N0AUUb016156: hwsrv-754150.hostwindsdns.com [23.254.167.187] did not issue MAIL/EXPN/VRFY/ETRN during connection to MTA
Jul 23 03:10:31 kibr sm-mta[16153]: 06N0AP8h016153: ruleset=check_rcpt, arg1=<adalram1029@gmail.com>, relay=hwsrv-754150.hostwindsdns.com [23.254.167.187], reject=550 5.7.1 <adalram1029@gmail.com>... Relaying denied
Jul 23 03:10:31 kibr sm-mta[16153]: 06N0AP8h016153: lost input channel from hwsrv-754150.hostwindsdns.com [23.254.167.187] to MTA after rcpt
Jul 23 03:10:31 kibr sm-mta[16153]: 06N0AP8h016153: from=<marketingdir@kibr.net>, size=0, class=0, nrcpts=0, proto=ESMTP, daemon=MTA, relay=hwsrv-754150.hostwindsdns.com [23.254.167.187]
Jul 23 03:10:34 kibr sm-mta[16155]: 06N0AShj016155: ruleset=check_rcpt, arg1=<adalram1029@gmail.com>, relay=hwsrv-754150.hostwindsdns.com [23.254.167.187], reject=550 5.7.1 <adalram1029@gmail.com>... Relaying denied
Jul 23 03:10:34 kibr sm-mta[16155]: 06N0AShj016155: lost input channel from hwsrv-754150.hostwindsdns.com [23.254.167.187] to MTA after rcpt
Jul 23 03:10:34 kibr sm-mta[16155]: 06N0AShj016155: from=<bernard.leroy9nn@kibr.net>, size=0, class=0, nrcpts=0, proto=ESMTP, daemon=MTA, relay=hwsrv-754150.hostwindsdns.com [23.254.167.187]
Jul 23 03:10:37 kibr sm-mta[16157]: 06N0AVEs016157: ruleset=check_rcpt, arg1=<adalram1029@gmail.com>, relay=hwsrv-754150.hostwindsdns.com [23.254.167.187], reject=550 5.7.1 <adalram1029@gmail.com>... Relaying denied
Jul 23 03:10:37 kibr sm-mta[16157]: 06N0AVEs016157: lost input channel from hwsrv-754150.hostwindsdns.com [23.254.167.187] to MTA after rcpt
Jul 23 03:10:37 kibr sm-mta[16157]: 06N0AVEs016157: from=<admin@kibr.net>, size=0, class=0, nrcpts=0, proto=ESMTP, daemon=MTA, relay=hwsrv-754150.hostwindsdns.com [23.254.167.187]
Jul 23 03:10:40 kibr sm-mta[16158]: 06N0AY0O016158: ruleset=check_rcpt, arg1=<adalram1029@gmail.com>, relay=hwsrv-754150.hostwindsdns.com [23.254.167.187], reject=550 5.7.1 <adalram1029@gmail.com>... Relaying denied
Jul 23 03:10:40 kibr sm-mta[16158]: 06N0AY0O016158: lost input channel from hwsrv-754150.hostwindsdns.com [23.254.167.187] to MTA after rcpt
Jul 23 03:10:40 kibr sm-mta[16158]: 06N0AY0O016158: from=<floridaclerk@kibr.net>, size=0, class=0, nrcpts=0, proto=ESMTP, daemon=MTA, relay=hwsrv-754150.hostwindsdns.com [23.254.167.187]
Jul 23 03:10:43 kibr sm-mta[16159]: 06N0Ab7u016159: ruleset=check_rcpt, arg1=<adalram1029@gmail.com>, relay=hwsrv-754150.hostwindsdns.com [23.254.167.187], reject=550 5.7.1 <adalram1029@gmail.com>... Relaying denied
Jul 23 03:10:43 kibr sm-mta[16159]: 06N0Ab7u016159: lost input channel from hwsrv-754150.hostwindsdns.com [23.254.167.187] to MTA after rcpt
Jul 23 03:10:43 kibr sm-mta[16159]: 06N0Ab7u016159: from=<administrator@kibr.net>, size=0, class=0, nrcpts=0, proto=ESMTP, daemon=MTA, relay=hwsrv-754150.hostwindsdns.com [23.254.167.187]
Jul 23 03:10:46 kibr sm-mta[16160]: 06N0AeYs016160: ruleset=check_rcpt, arg1=<adalram1029@gmail.com>, relay=hwsrv-754150.hostwindsdns.com [23.254.167.187], reject=550 5.7.1 <adalram1029@gmail.com>... Relaying denied
Jul 23 03:10:46 kibr sm-mta[16160]: 06N0AeYs016160: lost input channel from hwsrv-754150.hostwindsdns.com [23.254.167.187] to MTA after rcpt
Jul 23 03:10:46 kibr sm-mta[16160]: 06N0AeYs016160: from=<dotardly@kibr.net>, size=0, class=0, nrcpts=0, proto=ESMTP, daemon=MTA, relay=hwsrv-754150.hostwindsdns.com [23.254.167.187]
Jul 23 03:10:49 kibr sm-mta[16161]: 06N0AhMr016161: ruleset=check_rcpt, arg1=<adalram1029@gmail.com>, relay=hwsrv-754150.hostwindsdns.com [23.254.167.187], reject=550 5.7.1 <adalram1029@gmail.com>... Relaying denied
Jul 23 03:10:49 kibr sm-mta[16161]: 06N0AhMr016161: lost input channel from hwsrv-754150.hostwindsdns.com [23.254.167.187] to MTA after rcpt
Jul 23 03:10:49 kibr sm-mta[16161]: 06N0AhMr016161: from=<welcome@kibr.net>, size=0, class=0, nrcpts=0, proto=ESMTP, daemon=MTA, relay=hwsrv-754150.hostwindsdns.com [23.254.167.187]
Jul 23 03:10:52 kibr sm-mta[16162]: 06N0AkTO016162: ruleset=check_rcpt, arg1=<adalram1029@gmail.com>, relay=hwsrv-754150.hostwindsdns.com [23.254.167.187], reject=550 5.7.1 <adalram1029@gmail.com>... Relaying denied
Jul 23 03:10:52 kibr sm-mta[16162]: 06N0AkTO016162: lost input channel from hwsrv-754150.hostwindsdns.com [23.254.167.187] to MTA after rcpt
Jul 23 03:10:52 kibr sm-mta[16162]: 06N0AkTO016162: from=<bernard.leroy9nn@kibr.net>, size=0, class=0, nrcpts=0, proto=ESMTP, daemon=MTA, relay=hwsrv-754150.hostwindsdns.com [23.254.167.187]
Jul 23 03:10:55 kibr sm-mta[16164]: 06N0An57016164: ruleset=check_rcpt, arg1=<adalram1029@gmail.com>, relay=hwsrv-754150.hostwindsdns.com [23.254.167.187], reject=550 5.7.1 <adalram1029@gmail.com>... Relaying denied
Jul 23 03:10:55 kibr sm-mta[16164]: 06N0An57016164: lost input channel from hwsrv-754150.hostwindsdns.com [23.254.167.187] to MTA after rcpt
Jul 23 03:10:55 kibr sm-mta[16164]: 06N0An57016164: from=<administrator@kibr.net>, size=0, class=0, nrcpts=0, proto=ESMTP, daemon=MTA, relay=hwsrv-754150.hostwindsdns.com [23.254.167.187]
Jul 23 03:10:58 kibr sm-mta[16167]: 06N0Aqbo016167: ruleset=check_rcpt, arg1=<adalram1029@gmail.com>, relay=hwsrv-754150.hostwindsdns.com [23.254.167.187], reject=550 5.7.1 <adalram1029@gmail.com>... Relaying denied
Jul 23 03:10:58 kibr sm-mta[16167]: 06N0Aqbo016167: lost input channel from hwsrv-754150.hostwindsdns.com [23.254.167.187] to MTA after rcpt
Jul 23 03:10:58 kibr sm-mta[16167]: 06N0Aqbo016167: from=<mailapps-trtgi6nfij2@kibr.net>, size=0, class=0, nrcpts=0, proto=ESMTP, daemon=MTA, relay=hwsrv-754150.hostwindsdns.com [23.254.167.187]
Jul 23 03:11:01 kibr sm-mta[16168]: 06N0AthC016168: ruleset=check_rcpt, arg1=<adalram1029@gmail.com>, relay=hwsrv-754150.hostwindsdns.com [23.254.167.187], reject=550 5.7.1 <adalram1029@gmail.com>... Relaying denied
Jul 23 03:11:01 kibr sm-mta[16168]: 06N0AthC016168: lost input channel from hwsrv-754150.hostwindsdns.com [23.254.167.187] to MTA after rcpt
Jul 23 03:11:01 kibr sm-mta[16168]: 06N0AthC016168: from=<evengage@kibr.net>, size=0, class=0, nrcpts=0, proto=ESMTP, daemon=MTA, relay=hwsrv-754150.hostwindsdns.com [23.254.167.187]
Jul 23 03:11:04 kibr sm-mta[16169]: 06N0Ax3T016169: ruleset=check_rcpt, arg1=<adalram1029@gmail.com>, relay=hwsrv-754150.hostwindsdns.com [23.254.167.187], reject=550 5.7.1 <adalram1029@gmail.com>... Relaying denied
Jul 23 03:11:04 kibr sm-mta[16169]: 06N0Ax3T016169: lost input channel from hwsrv-754150.hostwindsdns.com [23.254.167.187] to MTA after rcpt
Jul 23 03:11:04 kibr sm-mta[16169]: 06N0Ax3T016169: from=<dotardly@kibr.net>, size=0, class=0, nrcpts=0, proto=ESMTP, daemon=MTA, relay=hwsrv-754150.hostwindsdns.com [23.254.167.187]
Jul 23 03:11:07 kibr sm-mta[16170]: 06N0B1nh016170: ruleset=check_rcpt, arg1=<adalram1029@gmail.com>, relay=hwsrv-754150.hostwindsdns.com [23.254.167.187], reject=550 5.7.1 <adalram1029@gmail.com>... Relaying denied
Jul 23 03:11:07 kibr sm-mta[16170]: 06N0B1nh016170: lost input channel from hwsrv-754150.hostwindsdns.com [23.254.167.187] to MTA after rcpt
Jul 23 03:11:07 kibr sm-mta[16170]: 06N0B1nh016170: from=<dutommyl@kibr.net>, size=0, class=0, nrcpts=0, proto=ESMTP, daemon=MTA, relay=hwsrv-754150.hostwindsdns.com [23.254.167.187]
Jul 23 03:24:10 kibr sm-mta[16227]: 06N0OAae016227: hwsrv-754150.hostwindsdns.com [23.254.167.187] did not issue MAIL/EXPN/VRFY/ETRN during connection to MTA
Jul 23 03:24:16 kibr sm-mta[16228]: 06N0OA9X016228: ruleset=check_rcpt, arg1=<adalram1029@gmail.com>, relay=hwsrv-754150.hostwindsdns.com [23.254.167.187], reject=550 5.7.1 <adalram1029@gmail.com>... Relaying denied
Jul 23 03:24:16 kibr sm-mta[16228]: 06N0OA9X016228: lost input channel from hwsrv-754150.hostwindsdns.com [23.254.167.187] to MTA after rcpt
Jul 23 03:24:16 kibr sm-mta[16228]: 06N0OA9X016228: from=<dbrunsonjn@kibr.net>, size=0, class=0, nrcpts=0, proto=ESMTP, daemon=MTA, relay=hwsrv-754150.hostwindsdns.com [23.254.167.187]
Jul 23 03:24:23 kibr sm-mta[16229]: 06N0OGmY016229: ruleset=check_rcpt, arg1=<adalram1029@gmail.com>, relay=hwsrv-754150.hostwindsdns.com [23.254.167.187], reject=550 5.7.1 <adalram1029@gmail.com>... Relaying denied
Jul 23 03:24:24 kibr sm-mta[16229]: 06N0OGmY016229: lost input channel from hwsrv-754150.hostwindsdns.com [23.254.167.187] to MTA after rcpt
Jul 23 03:24:24 kibr sm-mta[16229]: 06N0OGmY016229: from=<vdinish@kibr.net>, size=0, class=0, nrcpts=0, proto=ESMTP, daemon=MTA, relay=hwsrv-754150.hostwindsdns.com [23.254.167.187]
Jul 23 03:24:30 kibr sm-mta[16230]: 06N0OOXg016230: ruleset=check_rcpt, arg1=<adalram1029@gmail.com>, relay=hwsrv-754150.hostwindsdns.com [23.254.167.187], reject=550 5.7.1 <adalram1029@gmail.com>... Relaying denied
Jul 23 03:24:30 kibr sm-mta[16230]: 06N0OOXg016230: lost input channel from hwsrv-754150.hostwindsdns.com [23.254.167.187] to MTA after rcpt
Jul 23 03:24:30 kibr sm-mta[16230]: 06N0OOXg016230: from=<fhjweujqzf@kibr.net>, size=0, class=0, nrcpts=0, proto=ESMTP, daemon=MTA, relay=hwsrv-754150.hostwindsdns.com [23.254.167.187]
Jul 23 03:24:36 kibr sm-mta[16231]: 06N0OUvO016231: ruleset=check_rcpt, arg1=<adalram1029@gmail.com>, relay=hwsrv-754150.hostwindsdns.com [23.254.167.187], reject=550 5.7.1 <adalram1029@gmail.com>... Relaying denied
Jul 23 03:24:36 kibr sm-mta[16231]: 06N0OUvO016231: lost input channel from hwsrv-754150.hostwindsdns.com [23.254.167.187] to MTA after rcpt
Jul 23 03:24:36 kibr sm-mta[16231]: 06N0OUvO016231: from=<user@kibr.net>, size=0, class=0, nrcpts=0, proto=ESMTP, daemon=MTA, relay=hwsrv-754150.hostwindsdns.com [23.254.167.187]
Jul 23 03:24:43 kibr sm-mta[16232]: 06N0OaHE016232: ruleset=check_rcpt, arg1=<adalram1029@gmail.com>, relay=hwsrv-754150.hostwindsdns.com [23.254.167.187], reject=550 5.7.1 <adalram1029@gmail.com>... Relaying denied
Jul 23 03:24:43 kibr sm-mta[16232]: 06N0OaHE016232: lost input channel from hwsrv-754150.hostwindsdns.com [23.254.167.187] to MTA after rcpt
Jul 23 03:24:43 kibr sm-mta[16232]: 06N0OaHE016232: from=<arkadi@kibr.net>, size=0, class=0, nrcpts=0, proto=ESMTP, daemon=MTA, relay=hwsrv-754150.hostwindsdns.com [23.254.167.187]
Jul 23 03:24:49 kibr sm-mta[16234]: 06N0Ohg2016234: ruleset=check_rcpt, arg1=<adalram1029@gmail.com>, relay=hwsrv-754150.hostwindsdns.com [23.254.167.187], reject=550 5.7.1 <adalram1029@gmail.com>... Relaying denied
Jul 23 03:24:49 kibr sm-mta[16234]: 06N0Ohg2016234: lost input channel from hwsrv-754150.hostwindsdns.com [23.254.167.187] to MTA after rcpt
Jul 23 03:24:49 kibr sm-mta[16234]: 06N0Ohg2016234: from=<compaq@kibr.net>, size=0, class=0, nrcpts=0, proto=ESMTP, daemon=MTA, relay=hwsrv-754150.hostwindsdns.com [23.254.167.187]
Jul 23 03:24:55 kibr sm-mta[16236]: 06N0OnuS016236: ruleset=check_rcpt, arg1=<adalram1029@gmail.com>, relay=hwsrv-754150.hostwindsdns.com [23.254.167.187], reject=550 5.7.1 <adalram1029@gmail.com>... Relaying denied
Jul 23 03:24:55 kibr sm-mta[16236]: 06N0OnuS016236: lost input channel from hwsrv-754150.hostwindsdns.com [23.254.167.187] to MTA after rcpt
Jul 23 03:24:55 kibr sm-mta[16236]: 06N0OnuS016236: from=<de@kibr.net>, size=0, class=0, nrcpts=0, proto=ESMTP, daemon=MTA, relay=hwsrv-754150.hostwindsdns.com [23.254.167.187]
Jul 23 03:25:02 kibr sm-mta[16237]: 06N0OtM4016237: ruleset=check_rcpt, arg1=<adalram1029@gmail.com>, relay=hwsrv-754150.hostwindsdns.com [23.254.167.187], reject=550 5.7.1 <adalram1029@gmail.com>... Relaying denied
Jul 23 03:25:02 kibr sm-mta[16237]: 06N0OtM4016237: lost input channel from hwsrv-754150.hostwindsdns.com [23.254.167.187] to MTA after rcpt
Jul 23 03:25:02 kibr sm-mta[16237]: 06N0OtM4016237: from=<communication@kibr.net>, size=0, class=0, nrcpts=0, proto=ESMTP, daemon=MTA, relay=hwsrv-754150.hostwindsdns.com [23.254.167.187]
Jul 23 03:25:03 kibr sm-mta[16238]: 06N0OvRa016238: ip-185-32-181-100.happytechnik.cz [185.32.181.100] did not issue MAIL/EXPN/VRFY/ETRN during connection to MTA
Jul 23 03:25:09 kibr sm-mta[16239]: 06N0P2gB016239: ruleset=check_rcpt, arg1=<adalram1029@gmail.com>, relay=hwsrv-754150.hostwindsdns.com [23.254.167.187], reject=550 5.7.1 <adalram1029@gmail.com>... Relaying denied
Jul 23 03:25:09 kibr sm-mta[16239]: 06N0P2gB016239: lost input channel from hwsrv-754150.hostwindsdns.com [23.254.167.187] to MTA after rcpt
Jul 23 03:25:09 kibr sm-mta[16239]: 06N0P2gB016239: from=<margaux.outteryck@kibr.net>, size=0, class=0, nrcpts=0, proto=ESMTP, daemon=MTA, relay=hwsrv-754150.hostwindsdns.com [23.254.167.187]
Jul 23 03:25:15 kibr sm-mta[16240]: 06N0P9CI016240: ruleset=check_rcpt, arg1=<adalram1029@gmail.com>, relay=hwsrv-754150.hostwindsdns.com [23.254.167.187], reject=550 5.7.1 <adalram1029@gmail.com>... Relaying denied
Jul 23 03:25:16 kibr sm-mta[16240]: 06N0P9CI016240: lost input channel from hwsrv-754150.hostwindsdns.com [23.254.167.187] to MTA after rcpt
Jul 23 03:25:16 kibr sm-mta[16240]: 06N0P9CI016240: from=<andy@kibr.net>, size=0, class=0, nrcpts=0, proto=ESMTP, daemon=MTA, relay=hwsrv-754150.hostwindsdns.com [23.254.167.187]
Jul 23 03:25:22 kibr sm-mta[16241]: 06N0PGN1016241: ruleset=check_rcpt, arg1=<adalram1029@gmail.com>, relay=hwsrv-754150.hostwindsdns.com [23.254.167.187], reject=550 5.7.1 <adalram1029@gmail.com>... Relaying denied
Jul 23 03:25:22 kibr sm-mta[16241]: 06N0PGN1016241: lost input channel from hwsrv-754150.hostwindsdns.com [23.254.167.187] to MTA after rcpt
Jul 23 03:25:22 kibr sm-mta[16241]: 06N0PGN1016241: from=<statistiques@kibr.net>, size=0, class=0, nrcpts=0, proto=ESMTP, daemon=MTA, relay=hwsrv-754150.hostwindsdns.com [23.254.167.187]
Jul 23 03:25:28 kibr sm-mta[16243]: 06N0PMxS016243: ruleset=check_rcpt, arg1=<adalram1029@gmail.com>, relay=hwsrv-754150.hostwindsdns.com [23.254.167.187], reject=550 5.7.1 <adalram1029@gmail.com>... Relaying denied
Jul 23 03:25:28 kibr sm-mta[16243]: 06N0PMxS016243: lost input channel from hwsrv-754150.hostwindsdns.com [23.254.167.187] to MTA after rcpt
Jul 23 03:25:28 kibr sm-mta[16243]: 06N0PMxS016243: from=<admin@kibr.net>, size=0, class=0, nrcpts=0, proto=ESMTP, daemon=MTA, relay=hwsrv-754150.hostwindsdns.com [23.254.167.187]
Jul 23 03:25:34 kibr sm-mta[16244]: 06N0PSF9016244: ruleset=check_rcpt, arg1=<adalram1029@gmail.com>, relay=hwsrv-754150.hostwindsdns.com [23.254.167.187], reject=550 5.7.1 <adalram1029@gmail.com>... Relaying denied
Jul 23 03:25:34 kibr sm-mta[16244]: 06N0PSF9016244: lost input channel from hwsrv-754150.hostwindsdns.com [23.254.167.187] to MTA after rcpt
Jul 23 03:25:34 kibr sm-mta[16244]: 06N0PSF9016244: from=<infoeozo@kibr.net>, size=0, class=0, nrcpts=0, proto=ESMTP, daemon=MTA, relay=hwsrv-754150.hostwindsdns.com [23.254.167.187]
Jul 23 03:25:40 kibr sm-mta[16245]: 06N0PYHa016245: ruleset=check_rcpt, arg1=<adalram1029@gmail.com>, relay=hwsrv-754150.hostwindsdns.com [23.254.167.187], reject=550 5.7.1 <adalram1029@gmail.com>... Relaying denied
Jul 23 03:25:40 kibr sm-mta[16245]: 06N0PYHa016245: lost input channel from hwsrv-754150.hostwindsdns.com [23.254.167.187] to MTA after rcpt
Jul 23 03:25:40 kibr sm-mta[16245]: 06N0PYHa016245: from=<administrator@kibr.net>, size=0, class=0, nrcpts=0, proto=ESMTP, daemon=MTA, relay=hwsrv-754150.hostwindsdns.com [23.254.167.187]
Jul 23 03:25:46 kibr sm-mta[16247]: 06N0PehE016247: ruleset=check_rcpt, arg1=<adalram1029@gmail.com>, relay=hwsrv-754150.hostwindsdns.com [23.254.167.187], reject=550 5.7.1 <adalram1029@gmail.com>... Relaying denied
Jul 23 03:25:47 kibr sm-mta[16247]: 06N0PehE016247: lost input channel from hwsrv-754150.hostwindsdns.com [23.254.167.187] to MTA after rcpt
Jul 23 03:25:47 kibr sm-mta[16247]: 06N0PehE016247: from=<infoeozo@kibr.net>, size=0, class=0, nrcpts=0, proto=ESMTP, daemon=MTA, relay=hwsrv-754150.hostwindsdns.com [23.254.167.187]
Jul 23 03:25:55 kibr sm-mta[16248]: 06N0Pmjl016248: ruleset=check_rcpt, arg1=<adalram1029@gmail.com>, relay=hwsrv-754150.hostwindsdns.com [23.254.167.187], reject=550 5.7.1 <adalram1029@gmail.com>... Relaying denied
Jul 23 03:25:55 kibr sm-mta[16248]: 06N0Pmjl016248: lost input channel from hwsrv-754150.hostwindsdns.com [23.254.167.187] to MTA after rcpt
Jul 23 03:25:55 kibr sm-mta[16248]: 06N0Pmjl016248: from=<admin@kibr.net>, size=0, class=0, nrcpts=0, proto=ESMTP, daemon=MTA, relay=hwsrv-754150.hostwindsdns.com [23.254.167.187]
Jul 23 03:26:01 kibr sm-mta[16250]: 06N0PtWU016250: ruleset=check_rcpt, arg1=<adalram1029@gmail.com>, relay=hwsrv-754150.hostwindsdns.com [23.254.167.187], reject=550 5.7.1 <adalram1029@gmail.com>... Relaying denied
Jul 23 03:26:01 kibr sm-mta[16250]: 06N0PtWU016250: lost input channel from hwsrv-754150.hostwindsdns.com [23.254.167.187] to MTA after rcpt
Jul 23 03:26:01 kibr sm-mta[16250]: 06N0PtWU016250: from=<prabesca@kibr.net>, size=0, class=0, nrcpts=0, proto=ESMTP, daemon=MTA, relay=hwsrv-754150.hostwindsdns.com [23.254.167.187]
Jul 23 03:26:09 kibr sm-mta[16252]: 06N0Q1TU016252: ruleset=check_rcpt, arg1=<adalram1029@gmail.com>, relay=hwsrv-754150.hostwindsdns.com [23.254.167.187], reject=550 5.7.1 <adalram1029@gmail.com>... Relaying denied
Jul 23 03:26:11 kibr sm-mta[16252]: 06N0Q1TU016252: lost input channel from hwsrv-754150.hostwindsdns.com [23.254.167.187] to MTA after rcpt
Jul 23 03:26:11 kibr sm-mta[16252]: 06N0Q1TU016252: from=<administrator@kibr.net>, size=0, class=0, nrcpts=0, proto=ESMTP, daemon=MTA, relay=hwsrv-754150.hostwindsdns.com [23.254.167.187]
Jul 23 03:26:18 kibr sm-mta[16253]: 06N0QCrh016253: ruleset=check_rcpt, arg1=<adalram1029@gmail.com>, relay=hwsrv-754150.hostwindsdns.com [23.254.167.187], reject=550 5.7.1 <adalram1029@gmail.com>... Relaying denied
Jul 23 03:26:18 kibr sm-mta[16253]: 06N0QCrh016253: lost input channel from hwsrv-754150.hostwindsdns.com [23.254.167.187] to MTA after rcpt
Jul 23 03:26:18 kibr sm-mta[16253]: 06N0QCrh016253: from=<prabesca@kibr.net>, size=0, class=0, nrcpts=0, proto=ESMTP, daemon=MTA, relay=hwsrv-754150.hostwindsdns.com [23.254.167.187]
Jul 23 03:26:26 kibr sm-mta[16254]: 06N0QIrH016254: ruleset=check_rcpt, arg1=<adalram1029@gmail.com>, relay=hwsrv-754150.hostwindsdns.com [23.254.167.187], reject=550 5.7.1 <adalram1029@gmail.com>... Relaying denied
Jul 23 03:26:26 kibr sm-mta[16254]: 06N0QIrH016254: lost input channel from hwsrv-754150.hostwindsdns.com [23.254.167.187] to MTA after rcpt
Jul 23 03:26:26 kibr sm-mta[16254]: 06N0QIrH016254: from=<admin@kibr.net>, size=0, class=0, nrcpts=0, proto=ESMTP, daemon=MTA, relay=hwsrv-754150.hostwindsdns.com [23.254.167.187]
Jul 23 03:26:33 kibr sm-mta[16256]: 06N0QQcF016256: ruleset=check_rcpt, arg1=<adalram1029@gmail.com>, relay=hwsrv-754150.hostwindsdns.com [23.254.167.187], reject=550 5.7.1 <adalram1029@gmail.com>... Relaying denied
Jul 23 03:26:34 kibr sm-mta[16256]: 06N0QQcF016256: lost input channel from hwsrv-754150.hostwindsdns.com [23.254.167.187] to MTA after rcpt
Jul 23 03:26:34 kibr sm-mta[16256]: 06N0QQcF016256: from=<bernard.leroy9nn@kibr.net>, size=0, class=0, nrcpts=0, proto=ESMTP, daemon=MTA, relay=hwsrv-754150.hostwindsdns.com [23.254.167.187]
Jul 23 03:26:46 kibr sm-mta[16257]: 06N0QY8x016257: ruleset=check_rcpt, arg1=<adalram1029@gmail.com>, relay=hwsrv-754150.hostwindsdns.com [23.254.167.187], reject=550 5.7.1 <adalram1029@gmail.com>... Relaying denied
Jul 23 03:26:46 kibr sm-mta[16257]: 06N0QY8x016257: lost input channel from hwsrv-754150.hostwindsdns.com [23.254.167.187] to MTA after rcpt
Jul 23 03:26:46 kibr sm-mta[16257]: 06N0QY8x016257: from=<administrator@kibr.net>, size=0, class=0, nrcpts=0, proto=ESMTP, daemon=MTA, relay=hwsrv-754150.hostwindsdns.com [23.254.167.187]
Jul 23 03:26:52 kibr sm-mta[16259]: 06N0QkwO016259: ruleset=check_rcpt, arg1=<adalram1029@gmail.com>, relay=hwsrv-754150.hostwindsdns.com [23.254.167.187], reject=550 5.7.1 <adalram1029@gmail.com>... Relaying denied
Jul 23 03:26:52 kibr sm-mta[16259]: 06N0QkwO016259: lost input channel from hwsrv-754150.hostwindsdns.com [23.254.167.187] to MTA after rcpt
Jul 23 03:26:52 kibr sm-mta[16259]: 06N0QkwO016259: from=<bernard.leroy9nn@kibr.net>, size=0, class=0, nrcpts=0, proto=ESMTP, daemon=MTA, relay=hwsrv-754150.hostwindsdns.com [23.254.167.187]
Jul 23 03:27:04 kibr sm-mta[16262]: 06N0Qq1v016262: ruleset=check_rcpt, arg1=<adalram1029@gmail.com>, relay=hwsrv-754150.hostwindsdns.com [23.254.167.187], reject=550 5.7.1 <adalram1029@gmail.com>... Relaying denied
Jul 23 03:27:04 kibr sm-mta[16262]: 06N0Qq1v016262: lost input channel from hwsrv-754150.hostwindsdns.com [23.254.167.187] to MTA after rcpt
Jul 23 03:27:04 kibr sm-mta[16262]: 06N0Qq1v016262: from=<evengage@kibr.net>, size=0, class=0, nrcpts=0, proto=ESMTP, daemon=MTA, relay=hwsrv-754150.hostwindsdns.com [23.254.167.187]
Jul 23 03:27:11 kibr sm-mta[16263]: 06N0R4c4016263: ruleset=check_rcpt, arg1=<adalram1029@gmail.com>, relay=hwsrv-754150.hostwindsdns.com [23.254.167.187], reject=550 5.7.1 <adalram1029@gmail.com>... Relaying denied
Jul 23 03:27:11 kibr sm-mta[16263]: 06N0R4c4016263: lost input channel from hwsrv-754150.hostwindsdns.com [23.254.167.187] to MTA after rcpt
Jul 23 03:27:11 kibr sm-mta[16263]: 06N0R4c4016263: from=<admin@kibr.net>, size=0, class=0, nrcpts=0, proto=ESMTP, daemon=MTA, relay=hwsrv-754150.hostwindsdns.com [23.254.167.187]
Jul 23 03:27:24 kibr sm-mta[16264]: 06N0RBlj016264: ruleset=check_rcpt, arg1=<adalram1029@gmail.com>, relay=hwsrv-754150.hostwindsdns.com [23.254.167.187], reject=550 5.7.1 <adalram1029@gmail.com>... Relaying denied
Jul 23 03:27:25 kibr sm-mta[16264]: 06N0RBlj016264: lost input channel from hwsrv-754150.hostwindsdns.com [23.254.167.187] to MTA after rcpt
Jul 23 03:27:25 kibr sm-mta[16264]: 06N0RBlj016264: from=<evengage@kibr.net>, size=0, class=0, nrcpts=0, proto=ESMTP, daemon=MTA, relay=hwsrv-754150.hostwindsdns.com [23.254.167.187]
Jul 23 03:27:32 kibr sm-mta[16265]: 06N0RPbW016265: ruleset=check_rcpt, arg1=<adalram1029@gmail.com>, relay=hwsrv-754150.hostwindsdns.com [23.254.167.187], reject=550 5.7.1 <adalram1029@gmail.com>... Relaying denied
Jul 23 03:27:32 kibr sm-mta[16265]: 06N0RPbW016265: lost input channel from hwsrv-754150.hostwindsdns.com [23.254.167.187] to MTA after rcpt
Jul 23 03:27:32 kibr sm-mta[16265]: 06N0RPbW016265: from=<administrator@kibr.net>, size=0, class=0, nrcpts=0, proto=ESMTP, daemon=MTA, relay=hwsrv-754150.hostwindsdns.com [23.254.167.187]
Jul 23 03:27:37 kibr sm-mta[16171]: 06N0B4gS016171: hwsrv-754150.hostwindsdns.com [23.254.167.187] did not issue MAIL/EXPN/VRFY/ETRN during connection to MTA
Jul 23 03:27:39 kibr sm-mta[16267]: 06N0RW6O016267: ruleset=check_rcpt, arg1=<adalram1029@gmail.com>, relay=hwsrv-754150.hostwindsdns.com [23.254.167.187], reject=550 5.7.1 <adalram1029@gmail.com>... Relaying denied
Jul 23 03:27:39 kibr sm-mta[16267]: 06N0RW6O016267: lost input channel from hwsrv-754150.hostwindsdns.com [23.254.167.187] to MTA after rcpt
Jul 23 03:27:39 kibr sm-mta[16267]: 06N0RW6O016267: from=<admin@kibr.net>, size=0, class=0, nrcpts=0, proto=ESMTP, daemon=MTA, relay=hwsrv-754150.hostwindsdns.com [23.254.167.187]
Jul 23 03:27:46 kibr sm-mta[16173]: 06N0B8rQ016173: hwsrv-754150.hostwindsdns.com [23.254.167.187] did not issue MAIL/EXPN/VRFY/ETRN during connection to MTA
Jul 23 03:27:47 kibr sm-mta[16268]: 06N0RdfB016268: ruleset=check_rcpt, arg1=<adalram1029@gmail.com>, relay=hwsrv-754150.hostwindsdns.com [23.254.167.187], reject=550 5.7.1 <adalram1029@gmail.com>... Relaying denied
Jul 23 03:27:47 kibr sm-mta[16268]: 06N0RdfB016268: lost input channel from hwsrv-754150.hostwindsdns.com [23.254.167.187] to MTA after rcpt
Jul 23 03:27:47 kibr sm-mta[16268]: 06N0RdfB016268: from=<dotardly@kibr.net>, size=0, class=0, nrcpts=0, proto=ESMTP, daemon=MTA, relay=hwsrv-754150.hostwindsdns.com [23.254.167.187]
Jul 23 03:27:54 kibr sm-mta[16270]: 06N0RlEC016270: ruleset=check_rcpt, arg1=<adalram1029@gmail.com>, relay=hwsrv-754150.hostwindsdns.com [23.254.167.187], reject=550 5.7.1 <adalram1029@gmail.com>... Relaying denied
Jul 23 03:27:54 kibr sm-mta[16270]: 06N0RlEC016270: lost input channel from hwsrv-754150.hostwindsdns.com [23.254.167.187] to MTA after rcpt
Jul 23 03:27:54 kibr sm-mta[16270]: 06N0RlEC016270: from=<administrator@kibr.net>, size=0, class=0, nrcpts=0, proto=ESMTP, daemon=MTA, relay=hwsrv-754150.hostwindsdns.com [23.254.167.187]
Jul 23 03:28:00 kibr sm-mta[16271]: 06N0RsFv016271: ruleset=check_rcpt, arg1=<adalram1029@gmail.com>, relay=hwsrv-754150.hostwindsdns.com [23.254.167.187], reject=550 5.7.1 <adalram1029@gmail.com>... Relaying denied
Jul 23 03:28:00 kibr sm-mta[16271]: 06N0RsFv016271: lost input channel from hwsrv-754150.hostwindsdns.com [23.254.167.187] to MTA after rcpt
Jul 23 03:28:00 kibr sm-mta[16271]: 06N0RsFv016271: from=<dotardly@kibr.net>, size=0, class=0, nrcpts=0, proto=ESMTP, daemon=MTA, relay=hwsrv-754150.hostwindsdns.com [23.254.167.187]
Jul 23 03:28:07 kibr sm-mta[16272]: 06N0S0Fb016272: ruleset=check_rcpt, arg1=<adalram1029@gmail.com>, relay=hwsrv-754150.hostwindsdns.com [23.254.167.187], reject=550 5.7.1 <adalram1029@gmail.com>... Relaying denied
Jul 23 03:28:07 kibr sm-mta[16272]: 06N0S0Fb016272: lost input channel from hwsrv-754150.hostwindsdns.com [23.254.167.187] to MTA after rcpt
Jul 23 03:28:07 kibr sm-mta[16272]: 06N0S0Fb016272: from=<info@kibr.net>, size=0, class=0, nrcpts=0, proto=ESMTP, daemon=MTA, relay=hwsrv-754150.hostwindsdns.com [23.254.167.187]
Jul 23 03:28:16 kibr sm-mta[16274]: 06N0S7Xk016274: ruleset=check_rcpt, arg1=<adalram1029@gmail.com>, relay=hwsrv-754150.hostwindsdns.com [23.254.167.187], reject=550 5.7.1 <adalram1029@gmail.com>... Relaying denied
Jul 23 03:28:16 kibr sm-mta[16274]: 06N0S7Xk016274: lost input channel from hwsrv-754150.hostwindsdns.com [23.254.167.187] to MTA after rcpt
Jul 23 03:28:16 kibr sm-mta[16274]: 06N0S7Xk016274: from=<infoeozo@kibr.net>, size=0, class=0, nrcpts=0, proto=ESMTP, daemon=MTA, relay=hwsrv-754150.hostwindsdns.com [23.254.167.187]
Jul 23 03:28:23 kibr sm-mta[16275]: 06N0SGDL016275: ruleset=check_rcpt, arg1=<adalram1029@gmail.com>, relay=hwsrv-754150.hostwindsdns.com [23.254.167.187], reject=550 5.7.1 <adalram1029@gmail.com>... Relaying denied
Jul 23 03:28:23 kibr sm-mta[16275]: 06N0SGDL016275: lost input channel from hwsrv-754150.hostwindsdns.com [23.254.167.187] to MTA after rcpt
Jul 23 03:28:23 kibr sm-mta[16275]: 06N0SGDL016275: from=<user@kibr.net>, size=0, class=0, nrcpts=0, proto=ESMTP, daemon=MTA, relay=hwsrv-754150.hostwindsdns.com [23.254.167.187]
Jul 23 03:28:32 kibr sm-mta[16276]: 06N0SNIi016276: ruleset=check_rcpt, arg1=<adalram1029@gmail.com>, relay=hwsrv-754150.hostwindsdns.com [23.254.167.187], reject=550 5.7.1 <adalram1029@gmail.com>... Relaying denied
Jul 23 03:28:32 kibr sm-mta[16276]: 06N0SNIi016276: lost input channel from hwsrv-754150.hostwindsdns.com [23.254.167.187] to MTA after rcpt
Jul 23 03:28:32 kibr sm-mta[16276]: 06N0SNIi016276: from=<infoeozo@kibr.net>, size=0, class=0, nrcpts=0, proto=ESMTP, daemon=MTA, relay=hwsrv-754150.hostwindsdns.com [23.254.167.187]
Jul 23 03:28:38 kibr sm-mta[16278]: 06N0SW1e016278: ruleset=check_rcpt, arg1=<adalram1029@gmail.com>, relay=hwsrv-754150.hostwindsdns.com [23.254.167.187], reject=550 5.7.1 <adalram1029@gmail.com>... Relaying denied
Jul 23 03:28:39 kibr sm-mta[16278]: 06N0SW1e016278: lost input channel from hwsrv-754150.hostwindsdns.com [23.254.167.187] to MTA after rcpt
Jul 23 03:28:39 kibr sm-mta[16278]: 06N0SW1e016278: from=<info@kibr.net>, size=0, class=0, nrcpts=0, proto=ESMTP, daemon=MTA, relay=hwsrv-754150.hostwindsdns.com [23.254.167.187]
Jul 23 03:28:45 kibr sm-mta[16279]: 06N0Sdtf016279: ruleset=check_rcpt, arg1=<adalram1029@gmail.com>, relay=hwsrv-754150.hostwindsdns.com [23.254.167.187], reject=550 5.7.1 <adalram1029@gmail.com>... Relaying denied
Jul 23 03:28:46 kibr sm-mta[16279]: 06N0Sdtf016279: lost input channel from hwsrv-754150.hostwindsdns.com [23.254.167.187] to MTA after rcpt
Jul 23 03:28:46 kibr sm-mta[16279]: 06N0Sdtf016279: from=<prabesca@kibr.net>, size=0, class=0, nrcpts=0, proto=ESMTP, daemon=MTA, relay=hwsrv-754150.hostwindsdns.com [23.254.167.187]
Jul 23 03:28:52 kibr sm-mta[16280]: 06N0Skem016280: ruleset=check_rcpt, arg1=<adalram1029@gmail.com>, relay=hwsrv-754150.hostwindsdns.com [23.254.167.187], reject=550 5.7.1 <adalram1029@gmail.com>... Relaying denied
Jul 23 03:28:52 kibr sm-mta[16280]: 06N0Skem016280: lost input channel from hwsrv-754150.hostwindsdns.com [23.254.167.187] to MTA after rcpt
Jul 23 03:28:52 kibr sm-mta[16280]: 06N0Skem016280: from=<user@kibr.net>, size=0, class=0, nrcpts=0, proto=ESMTP, daemon=MTA, relay=hwsrv-754150.hostwindsdns.com [23.254.167.187]
Jul 23 03:28:58 kibr sm-mta[16282]: 06N0SqTF016282: ruleset=check_rcpt, arg1=<adalram1029@gmail.com>, relay=hwsrv-754150.hostwindsdns.com [23.254.167.187], reject=550 5.7.1 <adalram1029@gmail.com>... Relaying denied
Jul 23 03:28:58 kibr sm-mta[16282]: 06N0SqTF016282: lost input channel from hwsrv-754150.hostwindsdns.com [23.254.167.187] to MTA after rcpt
Jul 23 03:28:58 kibr sm-mta[16282]: 06N0SqTF016282: from=<prabesca@kibr.net>, size=0, class=0, nrcpts=0, proto=ESMTP, daemon=MTA, relay=hwsrv-754150.hostwindsdns.com [23.254.167.187]
Jul 23 03:29:04 kibr sm-mta[16283]: 06N0Sxbr016283: ruleset=check_rcpt, arg1=<adalram1029@gmail.com>, relay=hwsrv-754150.hostwindsdns.com [23.254.167.187], reject=550 5.7.1 <adalram1029@gmail.com>... Relaying denied
Jul 23 03:29:05 kibr sm-mta[16283]: 06N0Sxbr016283: lost input channel from hwsrv-754150.hostwindsdns.com [23.254.167.187] to MTA after rcpt
Jul 23 03:29:05 kibr sm-mta[16283]: 06N0Sxbr016283: from=<info@kibr.net>, size=0, class=0, nrcpts=0, proto=ESMTP, daemon=MTA, relay=hwsrv-754150.hostwindsdns.com [23.254.167.187]
Jul 23 03:29:11 kibr sm-mta[16284]: 06N0T5r7016284: ruleset=check_rcpt, arg1=<adalram1029@gmail.com>, relay=hwsrv-754150.hostwindsdns.com [23.254.167.187], reject=550 5.7.1 <adalram1029@gmail.com>... Relaying denied
Jul 23 03:29:13 kibr sm-mta[16284]: 06N0T5r7016284: lost input channel from hwsrv-754150.hostwindsdns.com [23.254.167.187] to MTA after rcpt
Jul 23 03:29:13 kibr sm-mta[16284]: 06N0T5r7016284: from=<bernard.leroy9nn@kibr.net>, size=0, class=0, nrcpts=0, proto=ESMTP, daemon=MTA, relay=hwsrv-754150.hostwindsdns.com [23.254.167.187]
Jul 23 03:29:20 kibr sm-mta[16286]: 06N0TDc8016286: ruleset=check_rcpt, arg1=<adalram1029@gmail.com>, relay=hwsrv-754150.hostwindsdns.com [23.254.167.187], reject=550 5.7.1 <adalram1029@gmail.com>... Relaying denied
Jul 23 03:29:21 kibr sm-mta[16286]: 06N0TDc8016286: lost input channel from hwsrv-754150.hostwindsdns.com [23.254.167.187] to MTA after rcpt
Jul 23 03:29:21 kibr sm-mta[16286]: 06N0TDc8016286: from=<user@kibr.net>, size=0, class=0, nrcpts=0, proto=ESMTP, daemon=MTA, relay=hwsrv-754150.hostwindsdns.com [23.254.167.187]
Jul 23 03:29:28 kibr sm-mta[16287]: 06N0TLND016287: ruleset=check_rcpt, arg1=<adalram1029@gmail.com>, relay=hwsrv-754150.hostwindsdns.com [23.254.167.187], reject=550 5.7.1 <adalram1029@gmail.com>... Relaying denied
Jul 23 03:29:28 kibr sm-mta[16287]: 06N0TLND016287: lost input channel from hwsrv-754150.hostwindsdns.com [23.254.167.187] to MTA after rcpt
Jul 23 03:29:28 kibr sm-mta[16287]: 06N0TLND016287: from=<bernard.leroy9nn@kibr.net>, size=0, class=0, nrcpts=0, proto=ESMTP, daemon=MTA, relay=hwsrv-754150.hostwindsdns.com [23.254.167.187]
Jul 23 03:29:34 kibr sm-mta[16293]: 06N0TSs8016293: ruleset=check_rcpt, arg1=<adalram1029@gmail.com>, relay=hwsrv-754150.hostwindsdns.com [23.254.167.187], reject=550 5.7.1 <adalram1029@gmail.com>... Relaying denied
Jul 23 03:29:35 kibr sm-mta[16293]: 06N0TSs8016293: lost input channel from hwsrv-754150.hostwindsdns.com [23.254.167.187] to MTA after rcpt
Jul 23 03:29:35 kibr sm-mta[16293]: 06N0TSs8016293: from=<evengage@kibr.net>, size=0, class=0, nrcpts=0, proto=ESMTP, daemon=MTA, relay=hwsrv-754150.hostwindsdns.com [23.254.167.187]
Jul 23 03:29:42 kibr sm-mta[16294]: 06N0TZti016294: ruleset=check_rcpt, arg1=<adalram1029@gmail.com>, relay=hwsrv-754150.hostwindsdns.com [23.254.167.187], reject=550 5.7.1 <adalram1029@gmail.com>... Relaying denied
Jul 23 03:29:43 kibr sm-mta[16294]: 06N0TZti016294: lost input channel from hwsrv-754150.hostwindsdns.com [23.254.167.187] to MTA after rcpt
Jul 23 03:29:43 kibr sm-mta[16294]: 06N0TZti016294: from=<info@kibr.net>, size=0, class=0, nrcpts=0, proto=ESMTP, daemon=MTA, relay=hwsrv-754150.hostwindsdns.com [23.254.167.187]
Jul 23 03:29:50 kibr sm-mta[16296]: 06N0ThqJ016296: ruleset=check_rcpt, arg1=<adalram1029@gmail.com>, relay=hwsrv-754150.hostwindsdns.com [23.254.167.187], reject=550 5.7.1 <adalram1029@gmail.com>... Relaying denied
Jul 23 03:29:50 kibr sm-mta[16296]: 06N0ThqJ016296: lost input channel from hwsrv-754150.hostwindsdns.com [23.254.167.187] to MTA after rcpt
Jul 23 03:29:50 kibr sm-mta[16296]: 06N0ThqJ016296: from=<evengage@kibr.net>, size=0, class=0, nrcpts=0, proto=ESMTP, daemon=MTA, relay=hwsrv-754150.hostwindsdns.com [23.254.167.187]
Jul 23 03:29:57 kibr sm-mta[16298]: 06N0Todt016298: ruleset=check_rcpt, arg1=<adalram1029@gmail.com>, relay=hwsrv-754150.hostwindsdns.com [23.254.167.187], reject=550 5.7.1 <adalram1029@gmail.com>... Relaying denied
Jul 23 03:29:57 kibr sm-mta[16298]: 06N0Todt016298: lost input channel from hwsrv-754150.hostwindsdns.com [23.254.167.187] to MTA after rcpt
Jul 23 03:29:57 kibr sm-mta[16298]: 06N0Todt016298: from=<user@kibr.net>, size=0, class=0, nrcpts=0, proto=ESMTP, daemon=MTA, relay=hwsrv-754150.hostwindsdns.com [23.254.167.187]
Jul 23 03:30:03 kibr sm-mta[16299]: 06N0TvE7016299: ruleset=check_rcpt, arg1=<adalram1029@gmail.com>, relay=hwsrv-754150.hostwindsdns.com [23.254.167.187], reject=550 5.7.1 <adalram1029@gmail.com>... Relaying denied
Jul 23 03:30:03 kibr sm-mta[16299]: 06N0TvE7016299: lost input channel from hwsrv-754150.hostwindsdns.com [23.254.167.187] to MTA after rcpt
Jul 23 03:30:03 kibr sm-mta[16299]: 06N0TvE7016299: from=<info@kibr.net>, size=0, class=0, nrcpts=0, proto=ESMTP, daemon=MTA, relay=hwsrv-754150.hostwindsdns.com [23.254.167.187]
Jul 23 03:30:10 kibr sm-mta[16300]: 06N0U4Ln016300: ruleset=check_rcpt, arg1=<adalram1029@gmail.com>, relay=hwsrv-754150.hostwindsdns.com [23.254.167.187], reject=550 5.7.1 <adalram1029@gmail.com>... Relaying denied
Jul 23 03:30:10 kibr sm-mta[16300]: 06N0U4Ln016300: lost input channel from hwsrv-754150.hostwindsdns.com [23.254.167.187] to MTA after rcpt
Jul 23 03:30:10 kibr sm-mta[16300]: 06N0U4Ln016300: from=<dotardly@kibr.net>, size=0, class=0, nrcpts=0, proto=ESMTP, daemon=MTA, relay=hwsrv-754150.hostwindsdns.com [23.254.167.187]
Jul 23 03:30:23 kibr sm-mta[16301]: 06N0UAJV016301: ruleset=check_rcpt, arg1=<adalram1029@gmail.com>, relay=hwsrv-754150.hostwindsdns.com [23.254.167.187], reject=550 5.7.1 <adalram1029@gmail.com>... Relaying denied
Jul 23 03:30:23 kibr sm-mta[16301]: 06N0UAJV016301: lost input channel from hwsrv-754150.hostwindsdns.com [23.254.167.187] to MTA after rcpt
Jul 23 03:30:23 kibr sm-mta[16301]: 06N0UAJV016301: from=<user@kibr.net>, size=0, class=0, nrcpts=0, proto=ESMTP, daemon=MTA, relay=hwsrv-754150.hostwindsdns.com [23.254.167.187]
Jul 23 03:30:30 kibr sm-mta[16303]: 06N0UN7O016303: ruleset=check_rcpt, arg1=<adalram1029@gmail.com>, relay=hwsrv-754150.hostwindsdns.com [23.254.167.187], reject=550 5.7.1 <adalram1029@gmail.com>... Relaying denied
Jul 23 03:30:30 kibr sm-mta[16303]: 06N0UN7O016303: lost input channel from hwsrv-754150.hostwindsdns.com [23.254.167.187] to MTA after rcpt
Jul 23 03:30:30 kibr sm-mta[16303]: 06N0UN7O016303: from=<dotardly@kibr.net>, size=0, class=0, nrcpts=0, proto=ESMTP, daemon=MTA, relay=hwsrv-754150.hostwindsdns.com [23.254.167.187]
Jul 23 03:44:27 kibr sm-mta[16367]: 06N0hqju016367: 29.20.97.83.ro.ovo.sc [83.97.20.29] did not issue MAIL/EXPN/VRFY/ETRN during connection to MTA
Jul 23 03:47:54 kibr sendmail[16432]: 06N0lr21016432: from=root, size=164, class=0, nrcpts=1, msgid=<202007230047.06N0lr21016432@mail.kibr.net>, relay=root@localhost
Jul 23 03:48:04 kibr sm-mta[16434]: 06N0lsEM016434: from=<root@mail.kibr.net>, size=422, class=0, nrcpts=1, msgid=<202007230047.06N0lr21016432@mail.kibr.net>, proto=ESMTP, daemon=MTA, relay=localhost [127.0.0.1]
Jul 23 03:48:04 kibr sendmail[16432]: 06N0lr21016432: to=root, ctladdr=root (0/0), delay=00:00:10, xdelay=00:00:10, mailer=relay, pri=30164, relay=[127.0.0.1] [127.0.0.1], dsn=2.0.0, stat=Sent (06N0lsEM016434 Message accepted for delivery)
Jul 23 03:48:05 kibr sm-mta[16435]: 06N0lsEM016434: to=<root@mail.kibr.net>, ctladdr=<root@mail.kibr.net> (0/0), delay=00:00:06, xdelay=00:00:01, mailer=local, pri=30607, dsn=2.0.0, stat=Sent
Jul 23 03:48:21 kibr sm-mta[16439]: 06N0mFpf016439: ip-185-32-181-100.happytechnik.cz [185.32.181.100] did not issue MAIL/EXPN/VRFY/ETRN during connection to MTA
Jul 23 04:01:37 kibr sendmail[16510]: 06N11av0016510: from=sergey, size=1583641, class=0, nrcpts=1, msgid=<202007230101.06N11av0016510@mail.kibr.net>, relay=sergey@localhost
Jul 23 04:01:42 kibr sm-mta[16512]: 06N11blr016512: from=<sergey@mail.kibr.net>, size=1583903, class=0, nrcpts=1, msgid=<202007230101.06N11av0016510@mail.kibr.net>, proto=ESMTP, daemon=MTA, relay=localhost [127.0.0.1]
Jul 23 04:01:42 kibr sendmail[16510]: 06N11av0016510: to=sergey, ctladdr=sergey (1003/100), delay=00:00:06, xdelay=00:00:05, mailer=relay, pri=1613641, relay=[127.0.0.1] [127.0.0.1], dsn=2.0.0, stat=Sent (06N11blr016512 Message accepted for delivery)
Jul 23 04:01:43 kibr sm-mta[16513]: 06N11blr016512: to=<sergey@mail.kibr.net>, ctladdr=<sergey@mail.kibr.net> (1003/100), delay=00:00:01, xdelay=00:00:01, mailer=local, pri=1614090, dsn=2.0.0, stat=Sent
Jul 23 04:11:26 kibr sm-mta[16560]: 06N1BLqR016560: ip-185-32-181-100.happytechnik.cz [185.32.181.100] did not issue MAIL/EXPN/VRFY/ETRN during connection to MTA
Jul 23 04:34:23 kibr sm-mta[16660]: 06N1YIdR016660: ip-185-32-181-100.happytechnik.cz [185.32.181.100] did not issue MAIL/EXPN/VRFY/ETRN during connection to MTA
Jul 23 04:40:05 kibr sendmail[16895]: 06N1e44f016895: from=sergey, size=16678, class=0, nrcpts=1, msgid=<202007230140.06N1e44f016895@mail.kibr.net>, relay=sergey@localhost
Jul 23 04:40:10 kibr sm-mta[16897]: 06N1e5PP016897: from=<sergey@mail.kibr.net>, size=16940, class=0, nrcpts=1, msgid=<202007230140.06N1e44f016895@mail.kibr.net>, proto=ESMTP, daemon=MTA, relay=localhost [127.0.0.1]
Jul 23 04:40:10 kibr sendmail[16895]: 06N1e44f016895: to=sergey, ctladdr=sergey (1003/100), delay=00:00:06, xdelay=00:00:05, mailer=relay, pri=46678, relay=[127.0.0.1] [127.0.0.1], dsn=2.0.0, stat=Sent (06N1e5PP016897 Message accepted for delivery)
Jul 23 04:40:10 kibr sm-mta[16899]: 06N1e5PP016897: to=<sergey@mail.kibr.net>, ctladdr=<sergey@mail.kibr.net> (1003/100), delay=00:00:00, xdelay=00:00:00, mailer=local, pri=47127, dsn=2.0.0, stat=Sent
Jul 23 04:42:34 kibr sendmail[16955]: 06N1gYRw016955: from=root, size=189, class=0, nrcpts=1, msgid=<202007230142.06N1gYRw016955@mail.kibr.net>, relay=root@localhost
Jul 23 04:42:40 kibr sm-mta[16957]: 06N1gZwp016957: from=<root@mail.kibr.net>, size=447, class=0, nrcpts=1, msgid=<202007230142.06N1gYRw016955@mail.kibr.net>, proto=ESMTP, daemon=MTA, relay=localhost [127.0.0.1]
Jul 23 04:42:40 kibr sendmail[16955]: 06N1gYRw016955: to=root, ctladdr=root (0/0), delay=00:00:06, xdelay=00:00:05, mailer=relay, pri=30189, relay=[127.0.0.1] [127.0.0.1], dsn=2.0.0, stat=Sent (06N1gZwp016957 Message accepted for delivery)
Jul 23 04:42:40 kibr sm-mta[16959]: 06N1gZwp016957: to=<root@mail.kibr.net>, ctladdr=<root@mail.kibr.net> (0/0), delay=00:00:00, xdelay=00:00:00, mailer=local, pri=30632, dsn=2.0.0, stat=Sent
Jul 23 04:48:15 kibr sendmail[17036]: 06N1mExV017036: from=root, size=164, class=0, nrcpts=1, msgid=<202007230148.06N1mExV017036@mail.kibr.net>, relay=root@localhost
Jul 23 04:48:20 kibr sm-mta[17038]: 06N1mFKb017038: from=<root@mail.kibr.net>, size=422, class=0, nrcpts=1, msgid=<202007230148.06N1mExV017036@mail.kibr.net>, proto=ESMTP, daemon=MTA, relay=localhost [127.0.0.1]
Jul 23 04:48:20 kibr sendmail[17036]: 06N1mExV017036: to=root, ctladdr=root (0/0), delay=00:00:06, xdelay=00:00:05, mailer=relay, pri=30164, relay=[127.0.0.1] [127.0.0.1], dsn=2.0.0, stat=Sent (06N1mFKb017038 Message accepted for delivery)
Jul 23 04:48:20 kibr sm-mta[17039]: 06N1mFKb017038: to=<root@mail.kibr.net>, ctladdr=<root@mail.kibr.net> (0/0), delay=00:00:00, xdelay=00:00:00, mailer=local, pri=30607, dsn=2.0.0, stat=Sent
Jul 23 04:57:05 kibr sm-mta[17081]: 06N1v0PU017081: ip-185-32-181-100.happytechnik.cz [185.32.181.100] did not issue MAIL/EXPN/VRFY/ETRN during connection to MTA
Jul 23 05:19:17 kibr sm-mta[17177]: 06N2JCEn017177: ip-185-32-181-100.happytechnik.cz [185.32.181.100] did not issue MAIL/EXPN/VRFY/ETRN during connection to MTA
Jul 23 05:42:09 kibr sm-mta[17277]: 06N2g4M8017277: ip-185-32-181-100.happytechnik.cz [185.32.181.100] did not issue MAIL/EXPN/VRFY/ETRN during connection to MTA
Jul 23 05:47:56 kibr sendmail[17355]: 06N2ltwA017355: from=root, size=164, class=0, nrcpts=1, msgid=<202007230247.06N2ltwA017355@mail.kibr.net>, relay=root@localhost
Jul 23 05:48:01 kibr sm-mta[17357]: 06N2luxF017357: from=<root@mail.kibr.net>, size=422, class=0, nrcpts=1, msgid=<202007230247.06N2ltwA017355@mail.kibr.net>, proto=ESMTP, daemon=MTA, relay=localhost [127.0.0.1]
Jul 23 05:48:01 kibr sendmail[17355]: 06N2ltwA017355: to=root, ctladdr=root (0/0), delay=00:00:06, xdelay=00:00:05, mailer=relay, pri=30164, relay=[127.0.0.1] [127.0.0.1], dsn=2.0.0, stat=Sent (06N2luxF017357 Message accepted for delivery)
Jul 23 05:48:01 kibr sm-mta[17359]: 06N2luxF017357: to=<root@mail.kibr.net>, ctladdr=<root@mail.kibr.net> (0/0), delay=00:00:00, xdelay=00:00:00, mailer=local, pri=30607, dsn=2.0.0, stat=Sent
Jul 23 06:47:53 kibr sendmail[17666]: 06N3lrCv017666: from=root, size=164, class=0, nrcpts=1, msgid=<202007230347.06N3lrCv017666@mail.kibr.net>, relay=root@localhost
Jul 23 06:47:58 kibr sm-mta[17668]: 06N3lrE2017668: from=<root@mail.kibr.net>, size=422, class=0, nrcpts=1, msgid=<202007230347.06N3lrCv017666@mail.kibr.net>, proto=ESMTP, daemon=MTA, relay=localhost [127.0.0.1]
Jul 23 06:47:58 kibr sendmail[17666]: 06N3lrCv017666: to=root, ctladdr=root (0/0), delay=00:00:05, xdelay=00:00:05, mailer=relay, pri=30164, relay=[127.0.0.1] [127.0.0.1], dsn=2.0.0, stat=Sent (06N3lrE2017668 Message accepted for delivery)
Jul 23 06:47:59 kibr sm-mta[17670]: 06N3lrE2017668: to=<root@mail.kibr.net>, ctladdr=<root@mail.kibr.net> (0/0), delay=00:00:01, xdelay=00:00:00, mailer=local, pri=30607, dsn=2.0.0, stat=Sent
Jul 23 07:40:07 kibr sm-mta[17896]: 06N4e7ep017896: rejecting commands from ns3156019.ip-51-91-247.eu [51.91.247.125] due to pre-greeting traffic after 0 seconds
Jul 23 07:47:53 kibr sendmail[17984]: 06N4lqKj017984: from=root, size=164, class=0, nrcpts=1, msgid=<202007230447.06N4lqKj017984@mail.kibr.net>, relay=root@localhost
Jul 23 07:47:58 kibr sm-mta[17986]: 06N4lr0t017986: from=<root@mail.kibr.net>, size=422, class=0, nrcpts=1, msgid=<202007230447.06N4lqKj017984@mail.kibr.net>, proto=ESMTP, daemon=MTA, relay=localhost [127.0.0.1]
Jul 23 07:47:58 kibr sendmail[17984]: 06N4lqKj017984: to=root, ctladdr=root (0/0), delay=00:00:06, xdelay=00:00:05, mailer=relay, pri=30164, relay=[127.0.0.1] [127.0.0.1], dsn=2.0.0, stat=Sent (06N4lr0t017986 Message accepted for delivery)
Jul 23 07:47:58 kibr sm-mta[17988]: 06N4lr0t017986: to=<root@mail.kibr.net>, ctladdr=<root@mail.kibr.net> (0/0), delay=00:00:00, xdelay=00:00:00, mailer=local, pri=30607, dsn=2.0.0, stat=Sent
Jul 23 07:59:33 kibr sm-mta[18039]: 06N4xS9h018039: sh-phx-us-gp1-wk103.internet-census.org [198.143.133.154] did not issue MAIL/EXPN/VRFY/ETRN during connection to MTA
Jul 23 07:59:39 kibr sm-mta[18041]: 06N4xXLd018041: sh-phx-us-gp1-wk103.internet-census.org [198.143.133.154] did not issue MAIL/EXPN/VRFY/ETRN during connection to MTA
Jul 23 07:59:51 kibr sm-mta[18042]: 06N4xkG3018042: sh-phx-us-gp1-wk103.internet-census.org [198.143.133.154] did not issue MAIL/EXPN/VRFY/ETRN during connection to MTA
Jul 23 07:59:57 kibr sm-mta[18043]: 06N4xqla018043: sh-phx-us-gp1-wk103.internet-census.org [198.143.133.154] did not issue MAIL/EXPN/VRFY/ETRN during connection to MTA
Jul 23 08:47:53 kibr sendmail[18309]: 06N5lrn7018309: from=root, size=164, class=0, nrcpts=1, msgid=<202007230547.06N5lrn7018309@mail.kibr.net>, relay=root@localhost
Jul 23 08:47:58 kibr sm-mta[18311]: 06N5lr0c018311: from=<root@mail.kibr.net>, size=422, class=0, nrcpts=1, msgid=<202007230547.06N5lrn7018309@mail.kibr.net>, proto=ESMTP, daemon=MTA, relay=localhost [127.0.0.1]
Jul 23 08:47:59 kibr sendmail[18309]: 06N5lrn7018309: to=root, ctladdr=root (0/0), delay=00:00:06, xdelay=00:00:06, mailer=relay, pri=30164, relay=[127.0.0.1] [127.0.0.1], dsn=2.0.0, stat=Sent (06N5lr0c018311 Message accepted for delivery)
Jul 23 08:47:59 kibr sm-mta[18314]: 06N5lr0c018311: to=<root@mail.kibr.net>, ctladdr=<root@mail.kibr.net> (0/0), delay=00:00:01, xdelay=00:00:00, mailer=local, pri=30607, dsn=2.0.0, stat=Sent
Jul 23 08:51:51 kibr sm-mta[18328]: 06N5pisB018328: from=<a.bosova@s1.ua>, size=3589485, class=0, nrcpts=1, msgid=<CACTOr+Q9QFm7nCiTOt9FVB6Y+u5SWzVLA46_OJgB17d2uVpQcA@mail.gmail.com>, proto=ESMTP, daemon=MTA, relay=mail-ot1-f41.google.com [209.85.210.41]
Jul 23 08:51:51 kibr sm-mta[18329]: 06N5piAo018329: from=<a.bosova@s1.ua>, size=3589479, class=0, nrcpts=1, msgid=<CACTOr+Q9QFm7nCiTOt9FVB6Y+u5SWzVLA46_OJgB17d2uVpQcA@mail.gmail.com>, proto=ESMTP, daemon=MTA, relay=mail-ot1-f46.google.com [209.85.210.46]
Jul 23 08:51:55 kibr sm-mta[18330]: 06N5piAo018329: to=luba, delay=00:00:05, xdelay=00:00:03, mailer=local, pri=3619695, dsn=2.0.0, stat=Sent
Jul 23 08:51:55 kibr sm-mta[18331]: 06N5pisB018328: to=tanja, delay=00:00:05, xdelay=00:00:03, mailer=local, pri=3619707, dsn=2.0.0, stat=Sent
Jul 23 09:03:37 kibr sm-mta[18398]: 06N63Wsl018398: from=<golub.luba@kibr.net>, size=21982, class=0, nrcpts=4, msgid=<000601d660b6$0bc6f170$2354d450$@kibr.net>, proto=ESMTP, daemon=MTA, relay=kibr4-4.kibr.net [192.168.0.44]
Jul 23 09:03:38 kibr sm-mta[18403]: STARTTLS=client, relay=aspmx.l.google.com., version=TLSv1.3, verify=FAIL, cipher=TLS_AES_256_GCM_SHA384, bits=256/256
Jul 23 09:03:39 kibr sm-mta[18403]: 06N63Wsl018398: to=<t.malyshevska@s1.ua>,<s.fitel@s1.ua>,<s.danilyuk@s1.ua>, delay=00:00:02, xdelay=00:00:02, mailer=esmtp, pri=231982, relay=aspmx.l.google.com. [64.233.161.27], dsn=2.0.0, stat=Sent (OK  1595484219 z26si1057347ljh.292 - gsmtp)
Jul 23 09:03:40 kibr sm-mta[18403]: STARTTLS=client, relay=mxs.ukr.net., version=TLSv1.3, verify=FAIL, cipher=TLS_AES_256_GCM_SHA384, bits=256/256
Jul 23 09:03:41 kibr sm-mta[18403]: 06N63Wsl018398: to=<victori_72@ukr.net>, delay=00:00:04, xdelay=00:00:02, mailer=esmtp, pri=231982, relay=mxs.ukr.net. [212.42.75.251], dsn=2.0.0, stat=Sent (OK id=1jyUKT-000JMx-L5)
Jul 23 09:20:52 kibr sm-mta[18494]: 06N6KkZm018494: from=<golub.luba@kibr.net>, size=2386142, class=0, nrcpts=8, msgid=<000c01d660b8$74582130$5d086390$@kibr.net>, proto=ESMTP, daemon=MTA, relay=kibr4-4.kibr.net [192.168.0.44]
Jul 23 09:20:52 kibr sm-mta[18496]: 06N6KkZm018494: to=tanja, delay=00:00:01, xdelay=00:00:00, mailer=local, pri=2626340, dsn=2.0.0, stat=Sent
Jul 23 09:20:53 kibr sm-mta[18496]: STARTTLS=client, relay=mail.globusbank.com.ua., version=TLSv1.2, verify=FAIL, cipher=ECDHE-RSA-AES256-GCM-SHA384, bits=256/256
Jul 23 09:20:54 kibr sm-mta[18499]: 06N6Kr39018499: mail.globusbank.com.ua [77.222.141.243] did not issue MAIL/EXPN/VRFY/ETRN during connection to MTA
Jul 23 09:20:56 kibr sm-mta[18496]: 06N6KkZm018494: to=<vk@globusbank.com.ua>,<ORudnyk@globusbank.com.ua>,<ORomanenko@globusbank.com.ua>,<BRybitsky@globusbank.com.ua>,<BChopovska@globusbank.com.ua>, delay=00:00:05, xdelay=00:00:04, mailer=esmtp, pri=2626340, relay=mail.globusbank.com.ua. [77.222.141.243], dsn=4.0.0, stat=Deferred: 451 4.7.1 Try again later
Jul 23 09:20:56 kibr sm-mta[18496]: STARTTLS=client, relay=aspmx.l.google.com., version=TLSv1.3, verify=FAIL, cipher=TLS_AES_256_GCM_SHA384, bits=256/256
Jul 23 09:20:57 kibr sm-mta[18496]: 06N6KkZm018494: to=<v.pavlushyn@s1.ua>,<a.bosova@s1.ua>, delay=00:00:06, xdelay=00:00:01, mailer=esmtp, pri=2626340, relay=aspmx.l.google.com. [173.194.222.26], dsn=2.0.0, stat=Sent (OK  1595485257 p1si1200792ljg.301 - gsmtp)
Jul 23 09:25:50 kibr sm-mta[18521]: STARTTLS=client, relay=mail.globusbank.com.ua., version=TLSv1.2, verify=FAIL, cipher=ECDHE-RSA-AES256-GCM-SHA384, bits=256/256
Jul 23 09:25:50 kibr sm-mta[18521]: 06N6KkZm018494: to=<BChopovska@globusbank.com.ua>,<BRybitsky@globusbank.com.ua>,<ORomanenko@globusbank.com.ua>,<ORudnyk@globusbank.com.ua>,<vk@globusbank.com.ua>, delay=00:04:59, xdelay=00:00:00, mailer=esmtp, pri=2716340, relay=mail.globusbank.com.ua. [77.222.141.243], dsn=4.0.0, stat=Deferred: 451 4.7.1 Try again later
Jul 23 09:48:39 kibr sendmail[18713]: 06N6mdKX018713: from=root, size=164, class=0, nrcpts=1, msgid=<202007230648.06N6mdKX018713@mail.kibr.net>, relay=root@localhost
Jul 23 09:48:45 kibr sm-mta[18715]: 06N6mdKY018715: from=<root@mail.kibr.net>, size=422, class=0, nrcpts=1, msgid=<202007230648.06N6mdKX018713@mail.kibr.net>, proto=ESMTP, daemon=MTA, relay=localhost [127.0.0.1]
Jul 23 09:48:45 kibr sendmail[18713]: 06N6mdKX018713: to=root, ctladdr=root (0/0), delay=00:00:06, xdelay=00:00:06, mailer=relay, pri=30164, relay=[127.0.0.1] [127.0.0.1], dsn=2.0.0, stat=Sent (06N6mdKY018715 Message accepted for delivery)
Jul 23 09:48:45 kibr sm-mta[18717]: 06N6mdKY018715: to=<root@mail.kibr.net>, ctladdr=<root@mail.kibr.net> (0/0), delay=00:00:00, xdelay=00:00:00, mailer=local, pri=30607, dsn=2.0.0, stat=Sent
Jul 23 09:50:50 kibr sm-mta[18737]: STARTTLS=client, relay=mail.globusbank.com.ua., version=TLSv1.2, verify=FAIL, cipher=ECDHE-RSA-AES256-GCM-SHA384, bits=256/256
Jul 23 09:50:51 kibr sm-mta[18737]: 06N6KkZm018494: to=<BChopovska@globusbank.com.ua>,<BRybitsky@globusbank.com.ua>,<ORomanenko@globusbank.com.ua>,<ORudnyk@globusbank.com.ua>,<vk@globusbank.com.ua>, delay=00:30:00, xdelay=00:00:01, mailer=esmtp, pri=2806340, relay=mail.globusbank.com.ua. [77.222.141.243], dsn=2.0.0, stat=Sent (Ok: queued as 4BC2zG2jbjzDsmp)
Jul 23 10:04:54 kibr sm-mta[18814]: 06N74mZl018814: from=<golub.luba@kibr.net>, size=116540, class=0, nrcpts=2, msgid=<001201d660be$9b34f480$d19edd80$@kibr.net>, proto=ESMTP, daemon=MTA, relay=kibr4-4.kibr.net [192.168.0.44]
Jul 23 10:04:55 kibr sm-mta[18815]: 06N74mZl018814: to=tanja, delay=00:00:02, xdelay=00:00:01, mailer=local, pri=176704, dsn=2.0.0, stat=Sent
Jul 23 10:04:55 kibr sm-mta[18815]: STARTTLS=client, relay=gmail-smtp-in.l.google.com., version=TLSv1.3, verify=FAIL, cipher=TLS_AES_256_GCM_SHA384, bits=256/256
Jul 23 10:04:56 kibr sm-mta[18815]: 06N74mZl018814: to=<alexnikit72@gmail.com>, delay=00:00:03, xdelay=00:00:01, mailer=esmtp, pri=176704, relay=gmail-smtp-in.l.google.com. [173.194.222.27], dsn=2.0.0, stat=Sent (OK  1595487896 f4si1207299ljo.90 - gsmtp)
Jul 23 10:33:37 kibr sm-mta[18995]: 06N7XMAp018995: from=<y.dubodielova@uac-archive.com.ua>, size=1874501, class=0, nrcpts=1, msgid=<c53bbea5-2cdf-43e7-8be7-8d5a3629cb23@kibr.net>, proto=ESMTP, daemon=MTA, relay=mx1.mirohost.net [89.184.64.110]
Jul 23 10:33:37 kibr sm-mta[18996]: 06N7XMAp018995: to=tanja, delay=00:00:01, xdelay=00:00:00, mailer=local, pri=1904702, dsn=2.0.0, stat=Sent
Jul 23 10:34:17 kibr sm-mta[19001]: 06N7YBe5019001: from=<t.malyshevska@s1.ua>, size=468590, class=0, nrcpts=1, msgid=<CAMauyj+8gisEoTV2Q16bTPpjAUiopNCMF3h60BWQQJu3yJ6HjQ@mail.gmail.com>, proto=ESMTP, daemon=MTA, relay=mail-ed1-f50.google.com [209.85.208.50]
Jul 23 10:34:18 kibr sm-mta[19002]: 06N7YBe5019001: to=luba, delay=00:00:01, xdelay=00:00:01, mailer=local, pri=498800, dsn=2.0.0, stat=Sent
Jul 23 10:34:38 kibr sm-mta[19005]: 06N7YWhB019005: from=<bounce-mc.us7_18195139.168738-0258eee8a7@mail58.atl261.mcdlv.net>, size=46946, class=-60, nrcpts=1, msgid=<473cbd8586b809acf4bf00c83.0258eee8a7.20200723073402.981db3908b.15b85500@mail58.atl261.mcdlv.net>, proto=ESMTP, daemon=MTA, relay=mail58.atl261.mcdlv.net [198.2.142.58]
Jul 23 10:34:38 kibr sm-mta[19006]: 06N7YWhB019005: to=lena, delay=00:00:01, xdelay=00:00:00, mailer=local, pri=185146, dsn=2.0.0, stat=Sent
Jul 23 10:48:46 kibr sendmail[19160]: 06N7mjoS019160: from=root, size=164, class=0, nrcpts=1, msgid=<202007230748.06N7mjoS019160@mail.kibr.net>, relay=root@localhost
Jul 23 10:48:51 kibr sm-mta[19162]: 06N7mkul019162: from=<root@mail.kibr.net>, size=422, class=0, nrcpts=1, msgid=<202007230748.06N7mjoS019160@mail.kibr.net>, proto=ESMTP, daemon=MTA, relay=localhost [127.0.0.1]
Jul 23 10:48:51 kibr sendmail[19160]: 06N7mjoS019160: to=root, ctladdr=root (0/0), delay=00:00:06, xdelay=00:00:05, mailer=relay, pri=30164, relay=[127.0.0.1] [127.0.0.1], dsn=2.0.0, stat=Sent (06N7mkul019162 Message accepted for delivery)
Jul 23 10:48:52 kibr sm-mta[19163]: 06N7mkul019162: to=<root@mail.kibr.net>, ctladdr=<root@mail.kibr.net> (0/0), delay=00:00:01, xdelay=00:00:01, mailer=local, pri=30607, dsn=2.0.0, stat=Sent
Jul 23 10:54:18 kibr sm-mta[19193]: 06N7sCsS019193: from=<golub.luba@kibr.net>, size=138719, class=0, nrcpts=6, msgid=<001b01d660c5$81c58e40$8550aac0$@kibr.net>, proto=ESMTP, daemon=MTA, relay=kibr4-4.kibr.net [192.168.0.44]
Jul 23 10:54:19 kibr sm-mta[19202]: STARTTLS=client, relay=aspmx.l.google.com., version=TLSv1.3, verify=FAIL, cipher=TLS_AES_256_GCM_SHA384, bits=256/256
Jul 23 10:54:20 kibr sm-mta[19202]: 06N7sCsS019193: to=<v.pavlushyn@s1.ua>,<t.malyshevska@s1.ua>,<s.fitel@s1.ua>,<s.danilyuk@s1.ua>,<a.bosova@s1.ua>, delay=00:00:03, xdelay=00:00:02, mailer=esmtp, pri=408719, relay=aspmx.l.google.com. [64.233.165.26], dsn=2.0.0, stat=Sent (OK  1595490860 d15si1010155lfe.39 - gsmtp)
Jul 23 10:54:21 kibr sm-mta[19202]: STARTTLS=client, relay=mxs.ukr.net., version=TLSv1.3, verify=FAIL, cipher=TLS_AES_256_GCM_SHA384, bits=256/256
Jul 23 10:54:22 kibr sm-mta[19202]: 06N7sCsS019193: to=<victori_72@ukr.net>, delay=00:00:05, xdelay=00:00:02, mailer=esmtp, pri=408719, relay=mxs.ukr.net. [212.42.75.251], dsn=2.0.0, stat=Sent (OK id=1jyW3Z-000AlQ-W7)
Jul 23 11:01:29 kibr sm-mta[19241]: 06N81FKh019241: from=<bounce+3-golub.luba=kibr.net@mail.zakononline.com.ua>, size=51106, class=-60, nrcpts=1, msgid=<6ff5540b-af4a-46c9-9c75-9e41fd9048e4@ms4-56f5b95545-zmk59>, bodytype=7BIT, proto=ESMTP, daemon=MTA, relay=m60.esputnik.com [52.17.89.204]
Jul 23 11:01:29 kibr sm-mta[19242]: 06N81FKh019241: to=luba, delay=00:00:01, xdelay=00:00:00, mailer=local, pri=189291, dsn=2.0.0, stat=Sent
Jul 23 11:03:38 kibr sm-mta[19256]: 06N83WUX019256: ruleset=check_rcpt, arg1=<Apostolyuk.Elena@kibr.net>, relay=subscribe211.litres.ru [193.26.19.119], reject=550 5.7.1 <Apostolyuk.Elena@kibr.net>... Mail from 193.26.19.119 rejected - see safe.dnsbl.sorbs.net
Jul 23 11:03:38 kibr sm-mta[19256]: 06N83WUX019256: from=<subscrib@e.litres.ru>, size=125439, class=0, nrcpts=0, bodytype=8BITMIME, proto=ESMTP, daemon=MTA, relay=subscribe211.litres.ru [193.26.19.119]
Jul 23 11:14:09 kibr sm-mta[19317]: 06N8E3Wk019317: from=<t.malyshevska@s1.ua>, size=140192, class=0, nrcpts=1, msgid=<CAMauyjLR0sEh=GVruaU-Dh+Ukw+7q0PqLcvm0UtR6xOemM6R9g@mail.gmail.com>, proto=ESMTP, daemon=MTA, relay=mail-ed1-f51.google.com [209.85.208.51]
Jul 23 11:14:09 kibr sm-mta[19318]: 06N8E3Wk019317: to=luba, delay=00:00:01, xdelay=00:00:00, mailer=local, pri=170408, dsn=2.0.0, stat=Sent
Jul 23 11:21:05 kibr sm-mta[19368]: 06N8Kx09019368: from=<golub.luba@kibr.net>, size=594083, class=0, nrcpts=2, msgid=<002101d660c9$3fa8fa20$befaee60$@kibr.net>, proto=ESMTP, daemon=MTA, relay=kibr4-4.kibr.net [192.168.0.44]
Jul 23 11:21:06 kibr sm-mta[19369]: 06N8Kx09019368: to=tanja, delay=00:00:02, xdelay=00:00:01, mailer=local, pri=654247, dsn=2.0.0, stat=Sent
Jul 23 11:21:06 kibr sm-mta[19369]: STARTTLS=client, relay=gmail-smtp-in.l.google.com., version=TLSv1.3, verify=FAIL, cipher=TLS_AES_256_GCM_SHA384, bits=256/256
Jul 23 11:21:07 kibr sm-mta[19369]: 06N8Kx09019368: to=<alexnikit72@gmail.com>, delay=00:00:03, xdelay=00:00:01, mailer=esmtp, pri=654247, relay=gmail-smtp-in.l.google.com. [64.233.161.26], dsn=2.0.0, stat=Sent (OK  1595492467 z24si1283167ljk.12 - gsmtp)
Jul 23 11:22:59 kibr sm-mta[19378]: 06N8MsVb019378: scan-42.security.ipip.net [139.162.99.243] did not issue MAIL/EXPN/VRFY/ETRN during connection to MTA
Jul 23 11:23:07 kibr sm-mta[19377]: 06N8Mnfo019377: scan-42.security.ipip.net [139.162.99.243] did not issue MAIL/EXPN/VRFY/ETRN during connection to MTA
Jul 23 11:48:42 kibr sendmail[19595]: 06N8mg28019595: from=root, size=164, class=0, nrcpts=1, msgid=<202007230848.06N8mg28019595@mail.kibr.net>, relay=root@localhost
Jul 23 11:48:48 kibr sm-mta[19597]: 06N8mh6d019597: from=<root@mail.kibr.net>, size=422, class=0, nrcpts=1, msgid=<202007230848.06N8mg28019595@mail.kibr.net>, proto=ESMTP, daemon=MTA, relay=localhost [127.0.0.1]
Jul 23 11:48:48 kibr sendmail[19595]: 06N8mg28019595: to=root, ctladdr=root (0/0), delay=00:00:06, xdelay=00:00:05, mailer=relay, pri=30164, relay=[127.0.0.1] [127.0.0.1], dsn=2.0.0, stat=Sent (06N8mh6d019597 Message accepted for delivery)
Jul 23 11:48:48 kibr sm-mta[19599]: 06N8mh6d019597: to=<root@mail.kibr.net>, ctladdr=<root@mail.kibr.net> (0/0), delay=00:00:00, xdelay=00:00:00, mailer=local, pri=30607, dsn=2.0.0, stat=Sent
Jul 23 12:11:22 kibr sm-mta[19734]: 06N9BH7K019734: from=<Kadilnikova.Natalja@kibr.net>, size=1198358, class=0, nrcpts=1, msgid=<3a2bbbdc-02cd-c366-a820-a2e107f5b8ce@kibr.net>, bodytype=8BITMIME, proto=ESMTP, daemon=MTA, relay=kibr4-7.kibr.net [192.168.0.47]
Jul 23 12:11:23 kibr sm-mta[19736]: STARTTLS=client, relay=mxs.ukr.net., version=TLSv1.3, verify=FAIL, cipher=TLS_AES_256_GCM_SHA384, bits=256/256
Jul 23 12:11:26 kibr sm-mta[19736]: 06N9BH7K019734: to=<victori_72@ukr.net>, delay=00:00:04, xdelay=00:00:04, mailer=esmtp, pri=1318358, relay=mxs.ukr.net. [212.42.75.251], dsn=2.0.0, stat=Sent (OK id=1jyXG8-0005Cy-VH)
Jul 23 12:15:33 kibr sm-mta[19751]: 06N9FRkQ019751: from=<golub.luba@kibr.net>, size=2720404, class=0, nrcpts=1, msgid=<000601d660d0$db78a7f0$9269f7d0$@kibr.net>, proto=ESMTP, daemon=MTA, relay=kibr4-4.kibr.net [192.168.0.44]
Jul 23 12:15:33 kibr sm-mta[19754]: STARTTLS=client, relay=mxs.ukr.net., version=TLSv1.3, verify=FAIL, cipher=TLS_AES_256_GCM_SHA384, bits=256/256
Jul 23 12:15:39 kibr sm-mta[19754]: 06N9FRkQ019751: to=<victori_72@ukr.net>, delay=00:00:07, xdelay=00:00:06, mailer=esmtp, pri=2840404, relay=mxs.ukr.net. [212.42.75.251], dsn=2.0.0, stat=Sent (OK id=1jyXKB-000Fbn-Hw)
Jul 23 12:17:59 kibr sm-mta[19774]: 06N9Hr6Z019774: from=<golub.luba@kibr.net>, size=5538779, class=0, nrcpts=1, msgid=<000a01d660d1$32425e50$96c71af0$@kibr.net>, proto=ESMTP, daemon=MTA, relay=kibr4-4.kibr.net [192.168.0.44]
Jul 23 12:17:59 kibr sm-mta[19776]: STARTTLS=client, relay=mxs.ukr.net., version=TLSv1.3, verify=FAIL, cipher=TLS_AES_256_GCM_SHA384, bits=256/256
Jul 23 12:18:02 kibr sm-mta[19766]: 06N9HcSk019766: from=<postman527267@emlsnd.com>, size=31513, class=-60, nrcpts=1, msgid=<E1jyXM7-F8D8bE-MJ@ucs101-ucs-8.msgpanel.com>, bodytype=8BITMIME, proto=ESMTP, daemon=MTA, relay=smtp654.emlone.com [87.246.187.233]
Jul 23 12:18:02 kibr sm-mta[19777]: 06N9HcSk019766: to=luba, delay=00:00:01, xdelay=00:00:00, mailer=local, pri=169706, dsn=2.0.0, stat=Sent
Jul 23 12:18:03 kibr sm-mta[19776]: 06N9Hr6Z019774: to=<victori_72@ukr.net>, delay=00:00:05, xdelay=00:00:04, mailer=esmtp, pri=5658779, relay=mxs.ukr.net. [212.42.75.251], dsn=2.0.0, stat=Sent (OK id=1jyXMX-0003iW-Dn)
Jul 23 12:18:18 kibr sm-mta[19781]: 06N9IB0S019781: from=<Kadilnikova.Natalja@kibr.net>, size=9771718, class=0, nrcpts=1, msgid=<4b79c0a0-104e-740e-6d93-0653f81c5718@kibr.net>, bodytype=8BITMIME, proto=ESMTP, daemon=MTA, relay=kibr4-7.kibr.net [192.168.0.47]
Jul 23 12:18:20 kibr sm-mta[19783]: STARTTLS=client, relay=mxs.ukr.net., version=TLSv1.3, verify=FAIL, cipher=TLS_AES_256_GCM_SHA384, bits=256/256
Jul 23 12:18:23 kibr sm-mta[19783]: 06N9IB0S019781: to=<victori_72@ukr.net>, delay=00:00:07, xdelay=00:00:05, mailer=esmtp, pri=9891718, relay=mxs.ukr.net. [212.42.75.251], dsn=2.0.0, stat=Sent (OK id=1jyXMq-000Jum-TG)
Jul 23 12:30:08 kibr sm-mta[19852]: 06N9U29b019852: from=<Kadilnikova.Natalja@kibr.net>, size=2838958, class=0, nrcpts=1, msgid=<57881d80-61d1-bbd3-05bf-70e4a072c9c4@kibr.net>, bodytype=8BITMIME, proto=ESMTP, daemon=MTA, relay=kibr4-7.kibr.net [192.168.0.47]
Jul 23 12:30:10 kibr sm-mta[19854]: STARTTLS=client, relay=mxs.ukr.net., version=TLSv1.3, verify=FAIL, cipher=TLS_AES_256_GCM_SHA384, bits=256/256
Jul 23 12:30:14 kibr sm-mta[19854]: 06N9U29b019852: to=<victori_72@ukr.net>, delay=00:00:07, xdelay=00:00:06, mailer=esmtp, pri=2958958, relay=mxs.ukr.net. [212.42.75.251], dsn=2.0.0, stat=Sent (OK id=1jyXYK-00083I-0i)
Jul 23 12:31:03 kibr sm-mta[19868]: 06N9UwrN019868: from=<Kadilnikova.Natalja@kibr.net>, size=3123938, class=0, nrcpts=1, msgid=<8df04573-5ce1-e0dc-a0d9-b04af40c3f6f@kibr.net>, bodytype=8BITMIME, proto=ESMTP, daemon=MTA, relay=kibr4-7.kibr.net [192.168.0.47]
Jul 23 12:31:04 kibr sm-mta[19870]: STARTTLS=client, relay=mxs.ukr.net., version=TLSv1.3, verify=FAIL, cipher=TLS_AES_256_GCM_SHA384, bits=256/256
Jul 23 12:31:08 kibr sm-mta[19870]: 06N9UwrN019868: to=<victori_72@ukr.net>, delay=00:00:05, xdelay=00:00:04, mailer=esmtp, pri=3243938, relay=mxs.ukr.net. [212.42.75.251], dsn=2.0.0, stat=Sent (OK id=1jyXZB-000F3u-0r)
Jul 23 12:33:03 kibr sm-mta[19883]: 06N9Wwu3019883: from=<golub.luba@kibr.net>, size=118386, class=0, nrcpts=2, msgid=<001101d660d3$4dc63690$e952a3b0$@kibr.net>, proto=ESMTP, daemon=MTA, relay=kibr4-4.kibr.net [192.168.0.44]
Jul 23 12:33:04 kibr sm-mta[19884]: 06N9Wwu3019883: to=tanja, delay=00:00:01, xdelay=00:00:01, mailer=local, pri=178550, dsn=2.0.0, stat=Sent
Jul 23 12:33:04 kibr sm-mta[19884]: STARTTLS=client, relay=gmail-smtp-in.l.google.com., version=TLSv1.3, verify=FAIL, cipher=TLS_AES_256_GCM_SHA384, bits=256/256
Jul 23 12:33:05 kibr sm-mta[19884]: 06N9Wwu3019883: to=<alexnikit72@gmail.com>, delay=00:00:02, xdelay=00:00:01, mailer=esmtp, pri=178550, relay=gmail-smtp-in.l.google.com. [173.194.222.26], dsn=2.0.0, stat=Sent (OK  1595496785 c12si1197851ljd.362 - gsmtp)
Jul 23 12:33:15 kibr sm-mta[19887]: 06N9X9H8019887: from=<golub.luba@kibr.net>, size=10058, class=0, nrcpts=7, msgid=<001701d660d3$54ad7c70$fe087550$@kibr.net>, proto=ESMTP, daemon=MTA, relay=kibr4-4.kibr.net [192.168.0.44]
Jul 23 12:33:15 kibr sm-mta[19889]: STARTTLS=client, relay=aspmx.l.google.com., version=TLSv1.3, verify=FAIL, cipher=TLS_AES_256_GCM_SHA384, bits=256/256
Jul 23 12:33:17 kibr sm-mta[19889]: 06N9X9H8019887: to=<y.barabanova@s1.ua>,<s.fitel@s1.ua>,<s.danilyuk@s1.ua>,<o.marchenko@s1.ua>,<i.tarasova@s1.ua>,<a.rudiuk@s1.ua>, delay=00:00:03, xdelay=00:00:02, mailer=esmtp, pri=310058, relay=aspmx.l.google.com. [64.233.165.27], dsn=2.0.0, stat=Sent (OK  1595496796 g6si1332123ljk.557 - gsmtp)
Jul 23 12:33:17 kibr sm-mta[19889]: STARTTLS=client, relay=mxs.ukr.net., version=TLSv1.3, verify=FAIL, cipher=TLS_AES_256_GCM_SHA384, bits=256/256
Jul 23 12:33:17 kibr sm-mta[19887]: 06N9X9H9019887: from=<golub.luba@kibr.net>, size=12628, class=0, nrcpts=7, msgid=<001c01d660d3$563b2150$02b163f0$@kibr.net>, proto=ESMTP, daemon=MTA, relay=kibr4-4.kibr.net [192.168.0.44]
Jul 23 12:33:18 kibr sm-mta[19892]: STARTTLS=client, relay=aspmx.l.google.com., version=TLSv1.3, verify=FAIL, cipher=TLS_AES_256_GCM_SHA384, bits=256/256
Jul 23 12:33:18 kibr sm-mta[19892]: 06N9X9H9019887: to=<y.barabanova@s1.ua>,<s.fitel@s1.ua>,<s.danilyuk@s1.ua>,<o.marchenko@s1.ua>,<i.tarasova@s1.ua>,<a.rudiuk@s1.ua>, delay=00:00:01, xdelay=00:00:01, mailer=esmtp, pri=312628, relay=aspmx.l.google.com. [64.233.165.27], dsn=2.0.0, stat=Sent (OK  1595496798 z12si1225657lfb.102 - gsmtp)
Jul 23 12:33:19 kibr sm-mta[19892]: STARTTLS=client, relay=mxs.ukr.net., version=TLSv1.3, verify=FAIL, cipher=TLS_AES_256_GCM_SHA384, bits=256/256
Jul 23 12:33:20 kibr sm-mta[19889]: 06N9X9H8019887: to=<victori_72@ukr.net>, delay=00:00:06, xdelay=00:00:03, mailer=esmtp, pri=310058, relay=mxs.ukr.net. [212.42.75.251], dsn=2.0.0, stat=Sent (OK id=1jyXbK-00071I-5M)
Jul 23 12:33:21 kibr sm-mta[19892]: 06N9X9H9019887: to=<victori_72@ukr.net>, delay=00:00:04, xdelay=00:00:03, mailer=esmtp, pri=312628, relay=mxs.ukr.net. [212.42.75.251], dsn=2.0.0, stat=Sent (OK id=1jyXbL-0007Cu-TR)
Jul 23 12:33:55 kibr sm-mta[19897]: 06N9XttI019897: rejecting commands from [71.6.232.5] [71.6.232.5] due to pre-greeting traffic after 0 seconds
Jul 23 12:36:28 kibr sm-mta[19906]: 06N9aLTW019906: from=<a.bosova@s1.ua>, size=984220, class=0, nrcpts=1, msgid=<CACTOr+Ta_VKfMAz2ReHmH-1z=c-FPv_v9L6tKqoFrYTYkCAeXg@mail.gmail.com>, proto=ESMTP, daemon=MTA, relay=mail-oi1-f179.google.com [209.85.167.179]
Jul 23 12:36:29 kibr sm-mta[19908]: 06N9aLTW019906: to=tanja, delay=00:00:02, xdelay=00:00:01, mailer=local, pri=1014441, dsn=2.0.0, stat=Sent
Jul 23 12:37:24 kibr sm-mta[19913]: 06N9bIHl019913: from=<y.barabanova@s1.ua>, size=54081, class=0, nrcpts=1, msgid=<CAOjunKcU4W2cNT-5O8mRAHmNuqqBwqKgGRcqORKVRRLsF2iX=w@mail.gmail.com>, proto=ESMTP, daemon=MTA, relay=mail-qt1-f181.google.com [209.85.160.181]
Jul 23 12:37:24 kibr sm-mta[19914]: 06N9bIHl019913: to=luba, delay=00:00:01, xdelay=00:00:00, mailer=local, pri=84306, dsn=2.0.0, stat=Sent
Jul 23 12:38:00 kibr sm-mta[19924]: 06N9btnT019924: from=<v.pavlushyn@s1.ua>, size=16535, class=0, nrcpts=1, msgid=<027a01d660d4$f0104660$d030d320$@s1.ua>, proto=ESMTP, daemon=MTA, relay=mail-wr1-f50.google.com [209.85.221.50]
Jul 23 12:38:00 kibr sm-mta[19925]: 06N9btnT019924: to=tanja, delay=00:00:00, xdelay=00:00:00, mailer=local, pri=46746, dsn=2.0.0, stat=Sent
Jul 23 12:45:04 kibr sm-mta[19969]: 06N9iqQE019969: from=<BChopovska@globusbank.com.ua>, size=12061, class=0, nrcpts=1, msgid=<a273aeae-cb65-ffa7-22a1-2b36627ab90f@globusbank.com.ua>, bodytype=8BITMIME, proto=ESMTP, daemon=MTA, relay=mail.globusbank.com.ua [77.222.141.243]
Jul 23 12:45:04 kibr sm-mta[19970]: 06N9iqQE019969: to=luba, delay=00:00:00, xdelay=00:00:00, mailer=local, pri=42267, dsn=2.0.0, stat=Sent
Jul 23 12:48:46 kibr sendmail[20062]: 06N9mkGV020062: from=root, size=164, class=0, nrcpts=1, msgid=<202007230948.06N9mkGV020062@mail.kibr.net>, relay=root@localhost
Jul 23 12:48:51 kibr sm-mta[20064]: 06N9mkwQ020064: from=<root@mail.kibr.net>, size=422, class=0, nrcpts=1, msgid=<202007230948.06N9mkGV020062@mail.kibr.net>, proto=ESMTP, daemon=MTA, relay=localhost [127.0.0.1]
Jul 23 12:48:52 kibr sendmail[20062]: 06N9mkGV020062: to=root, ctladdr=root (0/0), delay=00:00:06, xdelay=00:00:06, mailer=relay, pri=30164, relay=[127.0.0.1] [127.0.0.1], dsn=2.0.0, stat=Sent (06N9mkwQ020064 Message accepted for delivery)
Jul 23 12:48:52 kibr sm-mta[20066]: 06N9mkwQ020064: to=<root@mail.kibr.net>, ctladdr=<root@mail.kibr.net> (0/0), delay=00:00:01, xdelay=00:00:00, mailer=local, pri=30607, dsn=2.0.0, stat=Sent
Jul 23 12:55:46 kibr sm-mta[20103]: 06N9tfB9020103: from=<BChopovska@globusbank.com.ua>, size=4207, class=0, nrcpts=2, msgid=<8dfc694f-6bcd-c0cb-82f6-29d818a104fd@globusbank.com.ua>, bodytype=8BITMIME, proto=ESMTP, daemon=MTA, relay=mail.globusbank.com.ua [77.222.141.243]
Jul 23 12:55:47 kibr sm-mta[20111]: 06N9tfB9020103: to=luba, delay=00:00:01, xdelay=00:00:00, mailer=local, pri=64430, dsn=2.0.0, stat=Sent
Jul 23 12:55:47 kibr sm-mta[20111]: 06N9tfB9020103: to=tanja, delay=00:00:01, xdelay=00:00:00, mailer=local, pri=64430, dsn=2.0.0, stat=Sent
Jul 23 13:01:59 kibr sm-mta[20146]: 06NA1iFF020146: from=<victori_72@ukr.net>, size=984446, class=0, nrcpts=1, msgid=<1595498496.143755000.iwpa3bhe@frv50.fwdcdn.com>, proto=ESMTP, daemon=MTA, relay=frv197.fwdcdn.com [212.42.77.197]
Jul 23 13:02:01 kibr sm-mta[20150]: 06NA1iFF020146: to=tanja, delay=00:00:02, xdelay=00:00:02, mailer=local, pri=1014646, dsn=2.0.0, stat=Sent
Jul 23 13:36:21 kibr sm-mta[20395]: 06NAaLJ0020395: ip108.ip-51-210-90.eu [51.210.90.108] did not issue MAIL/EXPN/VRFY/ETRN during connection to MTA
Jul 23 13:36:24 kibr sm-mta[20397]: 06NAaOku020397: ip108.ip-51-210-90.eu [51.210.90.108] did not issue MAIL/EXPN/VRFY/ETRN during connection to MTA
Jul 23 13:48:47 kibr sendmail[20544]: 06NAmlZJ020544: from=root, size=164, class=0, nrcpts=1, msgid=<202007231048.06NAmlZJ020544@mail.kibr.net>, relay=root@localhost
Jul 23 13:48:53 kibr sm-mta[20546]: 06NAmmQ6020546: from=<root@mail.kibr.net>, size=422, class=0, nrcpts=1, msgid=<202007231048.06NAmlZJ020544@mail.kibr.net>, proto=ESMTP, daemon=MTA, relay=localhost [127.0.0.1]
Jul 23 13:48:53 kibr sendmail[20544]: 06NAmlZJ020544: to=root, ctladdr=root (0/0), delay=00:00:06, xdelay=00:00:06, mailer=relay, pri=30164, relay=[127.0.0.1] [127.0.0.1], dsn=2.0.0, stat=Sent (06NAmmQ6020546 Message accepted for delivery)
Jul 23 13:48:53 kibr sm-mta[20547]: 06NAmmQ6020546: to=<root@mail.kibr.net>, ctladdr=<root@mail.kibr.net> (0/0), delay=00:00:00, xdelay=00:00:00, mailer=local, pri=30607, dsn=2.0.0, stat=Sent
Jul 23 13:52:51 kibr sm-mta[20564]: 06NAqjiw020564: from=<notaryzhukova@gmail.com>, size=146746, class=0, nrcpts=1, msgid=<CA+zxV1MaGKr-hSpbJVbitenDeYtSrNhV_nfdjqOWvPdeAkOwuQ@mail.gmail.com>, proto=ESMTP, daemon=MTA, relay=mail-ot1-f41.google.com [209.85.210.41]
Jul 23 13:52:51 kibr sm-mta[20565]: 06NAqjiw020564: to=luba, delay=00:00:00, xdelay=00:00:00, mailer=local, pri=176953, dsn=2.0.0, stat=Sent
Jul 23 14:27:50 kibr sm-mta[20794]: 06NBRiFx020794: from=<Usatenko.Tatjana@kibr.net>, size=15462, class=0, nrcpts=5, msgid=<b75427d4-43ed-884c-7118-3dac693ad0ab@kibr.net>, bodytype=8BITMIME, proto=ESMTP, daemon=MTA, relay=kibr4-8.kibr.net [192.168.0.48]
Jul 23 14:27:50 kibr sm-mta[20796]: STARTTLS=client, relay=aspmx.l.google.com., version=TLSv1.3, verify=FAIL, cipher=TLS_AES_256_GCM_SHA384, bits=256/256
Jul 23 14:27:51 kibr sm-mta[20796]: 06NBRiFx020794: to=<a.bosova@s1.ua>,<a.hordiichuk@s1.ua>,<v.pavlushyn@s1.ua>,<m.kudriavtsev@s1.ua>, delay=00:00:02, xdelay=00:00:01, mailer=esmtp, pri=255462, relay=aspmx.l.google.com. [173.194.220.26], dsn=2.0.0, stat=Sent (OK  1595503671 e19si1605601ljg.395 - gsmtp)
Jul 23 14:27:52 kibr sm-mta[20796]: STARTTLS=client, relay=mxs.ukr.net., version=TLSv1.3, verify=FAIL, cipher=TLS_AES_256_GCM_SHA384, bits=256/256
Jul 23 14:27:53 kibr sm-mta[20796]: 06NBRiFx020794: to=<victori_72@ukr.net>, delay=00:00:04, xdelay=00:00:02, mailer=esmtp, pri=255462, relay=mxs.ukr.net. [212.42.75.251], dsn=2.0.0, stat=Sent (OK id=1jyZOD-000OwH-L3)
Jul 23 14:48:45 kibr sendmail[20986]: 06NBmiIn020986: from=root, size=164, class=0, nrcpts=1, msgid=<202007231148.06NBmiIn020986@mail.kibr.net>, relay=root@localhost
Jul 23 14:48:50 kibr sm-mta[20988]: 06NBmj8k020988: from=<root@mail.kibr.net>, size=422, class=0, nrcpts=1, msgid=<202007231148.06NBmiIn020986@mail.kibr.net>, proto=ESMTP, daemon=MTA, relay=localhost [127.0.0.1]
Jul 23 14:48:50 kibr sendmail[20986]: 06NBmiIn020986: to=root, ctladdr=root (0/0), delay=00:00:06, xdelay=00:00:05, mailer=relay, pri=30164, relay=[127.0.0.1] [127.0.0.1], dsn=2.0.0, stat=Sent (06NBmj8k020988 Message accepted for delivery)
Jul 23 14:48:51 kibr sm-mta[20989]: 06NBmj8k020988: to=<root@mail.kibr.net>, ctladdr=<root@mail.kibr.net> (0/0), delay=00:00:01, xdelay=00:00:01, mailer=local, pri=30607, dsn=2.0.0, stat=Sent
Jul 23 15:05:27 kibr sm-mta[20993]: 06NBnSPI020993: [104.152.52.39] did not issue MAIL/EXPN/VRFY/ETRN during connection to MTA
Jul 23 15:05:34 kibr sm-mta[21080]: 06NC5Sah021080: Too many recipients
Jul 23 15:05:34 kibr sm-mta[21080]: 06NC5Sah021080: from=<golub.luba@kibr.net>, size=254528, class=0, nrcpts=10, msgid=<002d01d660e8$9c2b9770$d482c650$@kibr.net>, proto=ESMTP, daemon=MTA, relay=kibr4-4.kibr.net [192.168.0.44]
Jul 23 15:05:34 kibr sm-mta[21086]: 06NC5Sah021080: to=tanja, delay=00:00:01, xdelay=00:00:00, mailer=local, pri=554729, dsn=2.0.0, stat=Sent
Jul 23 15:05:35 kibr sm-mta[21086]: STARTTLS=client, relay=aspmx.l.google.com., version=TLSv1.3, verify=FAIL, cipher=TLS_AES_256_GCM_SHA384, bits=256/256
Jul 23 15:05:36 kibr sm-mta[21086]: 06NC5Sah021080: to=<f.scherbak@kdd.ua>, delay=00:00:03, xdelay=00:00:02, mailer=esmtp, pri=554729, relay=aspmx.l.google.com. [173.194.73.26], dsn=4.3.0, stat=Deferred: 451-4.3.0 Multiple destination domains per transaction is unsupported.  Please
Jul 23 15:05:37 kibr sm-mta[21086]: 06NC5Sah021080: to=<v.pavlushyn@s1.ua>,<v.kochurovets@s1.ua>,<s.fitel@s1.ua>,<s.danilyuk@s1.ua>,<m.kudriavtsev@s1.ua>,<a.rudiuk@s1.ua>,<a.hordiichuk@s1.ua>,<a.bahmach@s1.ua>, delay=00:00:04, xdelay=00:00:03, mailer=esmtp, pri=554729, relay=aspmx.l.google.com. [173.194.73.26], dsn=2.0.0, stat=Sent (OK  1595505937 n9si1343704ljc.259 - gsmtp)
Jul 23 15:05:44 kibr sm-mta[21086]: STARTTLS=client, relay=mx.kdd.ua., version=TLSv1.2, verify=FAIL, cipher=ECDHE-RSA-AES256-GCM-SHA384, bits=256/256
Jul 23 15:05:44 kibr sm-mta[21086]: 06NC5Sah021080: to=<f.scherbak@kdd.ua>, delay=00:00:11, xdelay=00:00:10, mailer=esmtp, pri=554729, relay=mx.kdd.ua. [195.201.212.224], dsn=2.0.0, stat=Sent (Ok: queued as 5161C6FFFEA65)
Jul 23 15:05:44 kibr sm-mta[21089]: 06NC5dPB021089: from=<>, size=19664, class=0, nrcpts=1, msgid=<5f197d13.1c69fb81.f10fa.66ae.GMR@mx.google.com>, proto=ESMTP, daemon=MTA, relay=mail-lj1-f193.google.com [209.85.208.193]
Jul 23 15:05:45 kibr sm-mta[21090]: 06NC5dPB021089: to=luba, delay=00:00:01, xdelay=00:00:00, mailer=local, pri=49869, dsn=2.0.0, stat=Sent
Jul 23 15:06:50 kibr sm-mta[21096]: 06NC6jw4021096: from=<golub.luba@kibr.net>, size=50683, class=0, nrcpts=4, msgid=<003301d660e8$c979f320$5c6dd960$@kibr.net>, proto=ESMTP, daemon=MTA, relay=kibr4-4.kibr.net [192.168.0.44]
Jul 23 15:06:50 kibr sm-mta[21098]: STARTTLS=client, relay=aspmx.l.google.com., version=TLSv1.3, verify=FAIL, cipher=TLS_AES_256_GCM_SHA384, bits=256/256
Jul 23 15:06:51 kibr sm-mta[21098]: 06NC6jw4021096: to=<s.danilyuk@s1.ua>,<i.tarasova@s1.ua>,<a.rudiuk@s1.ua>, delay=00:00:01, xdelay=00:00:01, mailer=esmtp, pri=260683, relay=aspmx.l.google.com. [173.194.73.26], dsn=2.0.0, stat=Sent (OK  1595506011 f12si1409466ljk.541 - gsmtp)
Jul 23 15:06:53 kibr sm-mta[21098]: STARTTLS=client, relay=mxs.ukr.net., version=TLSv1.3, verify=FAIL, cipher=TLS_AES_256_GCM_SHA384, bits=256/256
Jul 23 15:06:56 kibr sm-mta[21098]: 06NC6jw4021096: to=<victori_72@ukr.net>, delay=00:00:06, xdelay=00:00:05, mailer=esmtp, pri=260683, relay=mxs.ukr.net. [212.42.75.251], dsn=2.0.0, stat=Sent (OK id=1jyZzy-0006Qu-Ui)
Jul 23 15:22:11 kibr sm-mta[21204]: 06NCM5Mi021204: from=<golub.luba@kibr.net>, size=4271586, class=0, nrcpts=2, msgid=<003901d660ea$ee4e2200$caea6600$@kibr.net>, proto=ESMTP, daemon=MTA, relay=kibr4-4.kibr.net [192.168.0.44]
Jul 23 15:22:12 kibr sm-mta[21205]: 06NCM5Mi021204: to=tanja, delay=00:00:02, xdelay=00:00:00, mailer=local, pri=4331750, dsn=2.0.0, stat=Sent
Jul 23 15:22:12 kibr sm-mta[21205]: STARTTLS=client, relay=gmail-smtp-in.l.google.com., version=TLSv1.3, verify=FAIL, cipher=TLS_AES_256_GCM_SHA384, bits=256/256
Jul 23 15:22:15 kibr sm-mta[21205]: 06NCM5Mi021204: to=<alexnikit72@gmail.com>, delay=00:00:05, xdelay=00:00:03, mailer=esmtp, pri=4331750, relay=gmail-smtp-in.l.google.com. [64.233.161.26], dsn=2.0.0, stat=Sent (OK  1595506935 u17si1468289lff.178 - gsmtp)
Jul 23 15:22:45 kibr sm-mta[21212]: 06NCMe71021212: from=<a.rudiuk@s1.ua>, size=684312, class=0, nrcpts=1, msgid=<CAGmhs5xyR0dWczqXy4Q2eBTFgXQZco5-zNdMLU8ivaYdOoS0gA@mail.gmail.com>, proto=ESMTP, daemon=MTA, relay=mail-ed1-f41.google.com [209.85.208.41]
Jul 23 15:22:45 kibr sm-mta[21213]: 06NCMeFY021213: from=<a.rudiuk@s1.ua>, size=684305, class=0, nrcpts=1, msgid=<CAGmhs5xyR0dWczqXy4Q2eBTFgXQZco5-zNdMLU8ivaYdOoS0gA@mail.gmail.com>, proto=ESMTP, daemon=MTA, relay=mail-ed1-f41.google.com [209.85.208.41]
Jul 23 15:22:46 kibr sm-mta[21215]: 06NCMe71021212: to=tanja, delay=00:00:01, xdelay=00:00:00, mailer=local, pri=714568, dsn=2.0.0, stat=Sent
Jul 23 15:22:46 kibr sm-mta[21214]: 06NCMeFY021213: to=luba, delay=00:00:01, xdelay=00:00:00, mailer=local, pri=714555, dsn=2.0.0, stat=Sent
Jul 23 15:33:40 kibr sm-mta[21278]: 06NCXJTN021278: from=<bounce+a3-golub.luba=kibr.net@m12.esputnik.com>, size=118423, class=-60, nrcpts=1, msgid=<03e651fc-76ec-4189-ae7b-b914ad0c0128@ms4-56f5b95545-zcmr9>, bodytype=7BIT, proto=ESMTP, daemon=MTA, relay=m64.esputnik.com [52.19.51.242]
Jul 23 15:33:43 kibr sm-mta[21286]: 06NCXJTN021278: to=luba, delay=00:00:03, xdelay=00:00:02, mailer=local, pri=256608, dsn=2.0.0, stat=Sent
Jul 23 15:33:53 kibr sm-mta[21289]: 06NCXlEL021289: from=<bounce+c8-shvidka.elena=kibr.net@m11.esputnik.com>, size=118403, class=-60, nrcpts=1, msgid=<1a752ef5-9d24-48d5-8139-f64f80df4e14@ms4-56f5b95545-nkcnv>, bodytype=7BIT, proto=ESMTP, daemon=MTA, relay=m63.esputnik.com [52.51.184.236]
Jul 23 15:33:53 kibr sm-mta[21290]: 06NCXlEL021289: to=lena, delay=00:00:00, xdelay=00:00:00, mailer=local, pri=256592, dsn=2.0.0, stat=Sent
Jul 23 15:36:30 kibr sm-mta[21300]: 06NCaPlq021300: from=<golub.luba@kibr.net>, size=41209, class=0, nrcpts=1, msgid=<004901d660ec$eeea7720$ccbf6560$@kibr.net>, proto=ESMTP, daemon=MTA, relay=kibr4-4.kibr.net [192.168.0.44]
Jul 23 15:36:31 kibr sm-mta[21301]: 06NCaPlq021300: to=tanja, delay=00:00:01, xdelay=00:00:00, mailer=local, pri=71398, dsn=2.0.0, stat=Sent
Jul 23 15:47:20 kibr sm-mta[21403]: 06NClDi1021403: from=<a.bosova@s1.ua>, size=2664202, class=0, nrcpts=1, msgid=<CACTOr+SB4=cV3RF7vLni13CWRg7DUdpsZXOMgZCib9n0YtzV4w@mail.gmail.com>, proto=ESMTP, daemon=MTA, relay=mail-ot1-f54.google.com [209.85.210.54]
Jul 23 15:47:20 kibr sm-mta[21404]: 06NClD6n021404: from=<a.bosova@s1.ua>, size=2664208, class=0, nrcpts=1, msgid=<CACTOr+SB4=cV3RF7vLni13CWRg7DUdpsZXOMgZCib9n0YtzV4w@mail.gmail.com>, proto=ESMTP, daemon=MTA, relay=mail-ot1-f51.google.com [209.85.210.51]
Jul 23 15:47:22 kibr sm-mta[21406]: 06NClDi1021403: to=luba, delay=00:00:03, xdelay=00:00:02, mailer=local, pri=2694442, dsn=2.0.0, stat=Sent
Jul 23 15:47:22 kibr sm-mta[21407]: 06NClD6n021404: to=tanja, delay=00:00:03, xdelay=00:00:02, mailer=local, pri=2694454, dsn=2.0.0, stat=Sent
Jul 23 15:48:27 kibr sm-mta[21420]: 06NCmEYC021420: from=<BChopovska@globusbank.com.ua>, size=12561, class=0, nrcpts=2, msgid=<4c51ddf3-8bb8-ae55-b2f2-9e70c5bcd0cf@globusbank.com.ua>, bodytype=8BITMIME, proto=ESMTP, daemon=MTA, relay=mail.globusbank.com.ua [77.222.141.243]
Jul 23 15:48:28 kibr sm-mta[21446]: 06NCmEYC021420: to=luba, delay=00:00:01, xdelay=00:00:00, mailer=local, pri=72784, dsn=2.0.0, stat=Sent
Jul 23 15:48:28 kibr sm-mta[21446]: 06NCmEYC021420: to=tanja, delay=00:00:01, xdelay=00:00:00, mailer=local, pri=72784, dsn=2.0.0, stat=Sent
Jul 23 15:48:41 kibr sendmail[21449]: 06NCmeTx021449: from=root, size=164, class=0, nrcpts=1, msgid=<202007231248.06NCmeTx021449@mail.kibr.net>, relay=root@localhost
Jul 23 15:48:46 kibr sm-mta[21451]: 06NCmfdU021451: from=<root@mail.kibr.net>, size=422, class=0, nrcpts=1, msgid=<202007231248.06NCmeTx021449@mail.kibr.net>, proto=ESMTP, daemon=MTA, relay=localhost [127.0.0.1]
Jul 23 15:48:46 kibr sendmail[21449]: 06NCmeTx021449: to=root, ctladdr=root (0/0), delay=00:00:06, xdelay=00:00:05, mailer=relay, pri=30164, relay=[127.0.0.1] [127.0.0.1], dsn=2.0.0, stat=Sent (06NCmfdU021451 Message accepted for delivery)
Jul 23 15:48:46 kibr sm-mta[21453]: 06NCmfdU021451: to=<root@mail.kibr.net>, ctladdr=<root@mail.kibr.net> (0/0), delay=00:00:00, xdelay=00:00:00, mailer=local, pri=30607, dsn=2.0.0, stat=Sent
Jul 23 16:00:54 kibr sm-mta[21522]: 06ND0lk4021522: from=<y.barabanova@s1.ua>, size=3786984, class=0, nrcpts=1, msgid=<CAOjunKf98SeUkXM16LZZ4b00_7KA6_NwnEGJYJ30sbS+aEaVaQ@mail.gmail.com>, proto=ESMTP, daemon=MTA, relay=mail-qt1-f182.google.com [209.85.160.182]
Jul 23 16:00:55 kibr sm-mta[21524]: 06ND0lk4021522: to=luba, delay=00:00:02, xdelay=00:00:00, mailer=local, pri=3817213, dsn=2.0.0, stat=Sent
Jul 23 16:03:20 kibr sm-mta[21541]: 06ND3EUF021541: from=<golub.luba@kibr.net>, size=3789955, class=0, nrcpts=2, msgid=<005b01d660f0$ada35b70$08ea1250$@kibr.net>, proto=ESMTP, daemon=MTA, relay=kibr4-4.kibr.net [192.168.0.44]
Jul 23 16:03:20 kibr sm-mta[21542]: 06ND3EUF021541: to=tanya, delay=00:00:01, xdelay=00:00:00, mailer=local, pri=3850117, dsn=2.0.0, stat=Sent
Jul 23 16:03:22 kibr sm-mta[21542]: 06ND3EUF021541: to=tanja, delay=00:00:03, xdelay=00:00:02, mailer=local, pri=3850117, dsn=2.0.0, stat=Sent
Jul 23 16:37:43 kibr sm-mta[21723]: 06NDbcud021723: from=<golub.luba@kibr.net>, size=7784, class=0, nrcpts=7, msgid=<006101d660f5$7c2b12e0$748138a0$@kibr.net>, proto=ESMTP, daemon=MTA, relay=kibr4-4.kibr.net [192.168.0.44]
Jul 23 16:37:44 kibr sm-mta[21734]: STARTTLS=client, relay=aspmx.l.google.com., version=TLSv1.3, verify=FAIL, cipher=TLS_AES_256_GCM_SHA384, bits=256/256
Jul 23 16:37:45 kibr sm-mta[21734]: 06NDbcud021723: to=<y.barabanova@s1.ua>,<s.fitel@s1.ua>,<s.danilyuk@s1.ua>,<o.marchenko@s1.ua>,<i.tarasova@s1.ua>,<a.rudiuk@s1.ua>, delay=00:00:02, xdelay=00:00:01, mailer=esmtp, pri=307784, relay=aspmx.l.google.com. [64.233.165.26], dsn=2.0.0, stat=Sent (OK  1595511465 k18si1635833ljg.68 - gsmtp)
Jul 23 16:37:46 kibr sm-mta[21734]: STARTTLS=client, relay=mxs.ukr.net., version=TLSv1.3, verify=FAIL, cipher=TLS_AES_256_GCM_SHA384, bits=256/256
Jul 23 16:37:47 kibr sm-mta[21734]: 06NDbcud021723: to=<victori_72@ukr.net>, delay=00:00:04, xdelay=00:00:02, mailer=esmtp, pri=307784, relay=mxs.ukr.net. [212.42.75.251], dsn=2.0.0, stat=Sent (OK id=1jybPv-0004GR-6m)
Jul 23 16:41:32 kibr sm-mta[21757]: 06NDfPfM021757: from=<golub.luba@kibr.net>, size=8035961, class=0, nrcpts=2, msgid=<006601d660f6$031f42d0$095dc870$@kibr.net>, proto=ESMTP, daemon=MTA, relay=kibr4-4.kibr.net [192.168.0.44]
Jul 23 16:41:32 kibr sm-mta[21762]: 06NDfPfM021757: to=tanya, delay=00:00:02, xdelay=00:00:00, mailer=local, pri=8096123, dsn=2.0.0, stat=Sent
Jul 23 16:41:33 kibr sm-mta[21762]: 06NDfPfM021757: to=tanja, delay=00:00:03, xdelay=00:00:01, mailer=local, pri=8096123, dsn=2.0.0, stat=Sent
Jul 23 16:41:33 kibr sm-mta[21757]: 06NDfPfN021757: from=<golub.luba@kibr.net>, size=2367946, class=0, nrcpts=2, msgid=<006c01d660f6$050037d0$0f00a770$@kibr.net>, proto=ESMTP, daemon=MTA, relay=kibr4-4.kibr.net [192.168.0.44]
Jul 23 16:41:34 kibr sm-mta[21766]: 06NDfPfN021757: to=tanya, delay=00:00:01, xdelay=00:00:00, mailer=local, pri=2428108, dsn=2.0.0, stat=Sent
Jul 23 16:41:34 kibr sm-mta[21766]: 06NDfPfN021757: to=tanja, delay=00:00:01, xdelay=00:00:00, mailer=local, pri=2428108, dsn=2.0.0, stat=Sent
Jul 23 16:48:46 kibr sendmail[21870]: 06NDmkvF021870: from=root, size=164, class=0, nrcpts=1, msgid=<202007231348.06NDmkvF021870@mail.kibr.net>, relay=root@localhost
Jul 23 16:48:52 kibr sm-mta[21872]: 06NDmkxl021872: from=<root@mail.kibr.net>, size=422, class=0, nrcpts=1, msgid=<202007231348.06NDmkvF021870@mail.kibr.net>, proto=ESMTP, daemon=MTA, relay=localhost [127.0.0.1]
Jul 23 16:48:52 kibr sendmail[21870]: 06NDmkvF021870: to=root, ctladdr=root (0/0), delay=00:00:06, xdelay=00:00:06, mailer=relay, pri=30164, relay=[127.0.0.1] [127.0.0.1], dsn=2.0.0, stat=Sent (06NDmkxl021872 Message accepted for delivery)
Jul 23 16:48:52 kibr sm-mta[21873]: 06NDmkxl021872: to=<root@mail.kibr.net>, ctladdr=<root@mail.kibr.net> (0/0), delay=00:00:00, xdelay=00:00:00, mailer=local, pri=30607, dsn=2.0.0, stat=Sent
Jul 23 16:49:20 kibr sm-mta[21877]: 06NDnE0I021877: from=<13201206cvsh@gmail.com>, size=205658, class=0, nrcpts=1, msgid=<r7rpqhus5fnmd3p0drl4vib8.1595512358990@email.android.com>, proto=ESMTP, daemon=MTA, relay=mail-lj1-f181.google.com [209.85.208.181]
Jul 23 16:49:20 kibr sm-mta[21878]: 06NDnE0I021877: to=luba, delay=00:00:01, xdelay=00:00:00, mailer=local, pri=235867, dsn=2.0.0, stat=Sent
Jul 23 16:51:03 kibr sm-mta[21889]: 06NDorGi021889: [180.101.145.234] did not issue MAIL/EXPN/VRFY/ETRN during connection to MTA
Jul 23 17:05:38 kibr sm-mta[21973]: 06NE5XQ1021973: from=<golub.luba@kibr.net>, size=11302, class=0, nrcpts=7, msgid=<007301d660f9$62916fb0$27b44f10$@kibr.net>, proto=ESMTP, daemon=MTA, relay=kibr4-4.kibr.net [192.168.0.44]
Jul 23 17:05:39 kibr sm-mta[21978]: STARTTLS=client, relay=aspmx.l.google.com., version=TLSv1.3, verify=FAIL, cipher=TLS_AES_256_GCM_SHA384, bits=256/256
Jul 23 17:05:40 kibr sm-mta[21978]: 06NE5XQ1021973: to=<y.barabanova@s1.ua>,<s.fitel@s1.ua>,<s.danilyuk@s1.ua>,<o.marchenko@s1.ua>,<i.tarasova@s1.ua>,<a.rudiuk@s1.ua>, delay=00:00:02, xdelay=00:00:01, mailer=esmtp, pri=311302, relay=aspmx.l.google.com. [64.233.165.27], dsn=2.0.0, stat=Sent (OK  1595513140 a67si1565512lfd.61 - gsmtp)
Jul 23 17:05:41 kibr sm-mta[21978]: STARTTLS=client, relay=mxs.ukr.net., version=TLSv1.3, verify=FAIL, cipher=TLS_AES_256_GCM_SHA384, bits=256/256
Jul 23 17:05:42 kibr sm-mta[21978]: 06NE5XQ1021973: to=<victori_72@ukr.net>, delay=00:00:04, xdelay=00:00:02, mailer=esmtp, pri=311302, relay=mxs.ukr.net. [212.42.75.251], dsn=2.0.0, stat=Sent (OK id=1jybqw-000M7O-2X)
Jul 23 17:48:47 kibr sendmail[22231]: 06NEmlKi022231: from=root, size=164, class=0, nrcpts=1, msgid=<202007231448.06NEmlKi022231@mail.kibr.net>, relay=root@localhost
Jul 23 17:48:55 kibr sm-mta[22235]: 06NEmlia022235: from=<root@mail.kibr.net>, size=422, class=0, nrcpts=1, msgid=<202007231448.06NEmlKi022231@mail.kibr.net>, proto=ESMTP, daemon=MTA, relay=localhost [127.0.0.1]
Jul 23 17:48:56 kibr sendmail[22231]: 06NEmlKi022231: to=root, ctladdr=root (0/0), delay=00:00:09, xdelay=00:00:09, mailer=relay, pri=30164, relay=[127.0.0.1] [127.0.0.1], dsn=2.0.0, stat=Sent (06NEmlia022235 Message accepted for delivery)
Jul 23 17:48:56 kibr sm-mta[22236]: 06NEmlia022235: to=<root@mail.kibr.net>, ctladdr=<root@mail.kibr.net> (0/0), delay=00:00:04, xdelay=00:00:00, mailer=local, pri=30607, dsn=2.0.0, stat=Sent
Jul 23 18:08:30 kibr sm-mta[22328]: 06NF8URr022328: [92.204.160.110] did not issue MAIL/EXPN/VRFY/ETRN during connection to MTA
Jul 23 18:08:35 kibr sm-mta[22329]: 06NF8UfH022329: ruleset=check_rcpt, arg1=<zonkemadin@gmail.com>, relay=[92.204.160.110], reject=550 5.7.1 <zonkemadin@gmail.com>... Relaying denied. IP name lookup failed [92.204.160.110]
Jul 23 18:08:54 kibr sm-mta[22329]: 06NF8UfH022329: lost input channel from [92.204.160.110] to MTA after rcpt
Jul 23 18:08:54 kibr sm-mta[22329]: 06NF8UfH022329: from=<test@example.com>, size=0, class=0, nrcpts=0, proto=SMTP, daemon=MTA, relay=[92.204.160.110]
Jul 23 18:48:02 kibr sendmail[22570]: 06NFm2s4022570: from=root, size=164, class=0, nrcpts=1, msgid=<202007231548.06NFm2s4022570@mail.kibr.net>, relay=root@localhost
Jul 23 18:48:07 kibr sm-mta[22572]: 06NFm2nS022572: from=<root@mail.kibr.net>, size=422, class=0, nrcpts=1, msgid=<202007231548.06NFm2s4022570@mail.kibr.net>, proto=ESMTP, daemon=MTA, relay=localhost [127.0.0.1]
Jul 23 18:48:07 kibr sendmail[22570]: 06NFm2s4022570: to=root, ctladdr=root (0/0), delay=00:00:05, xdelay=00:00:05, mailer=relay, pri=30164, relay=[127.0.0.1] [127.0.0.1], dsn=2.0.0, stat=Sent (06NFm2nS022572 Message accepted for delivery)
Jul 23 18:48:08 kibr sm-mta[22573]: 06NFm2nS022572: to=<root@mail.kibr.net>, ctladdr=<root@mail.kibr.net> (0/0), delay=00:00:01, xdelay=00:00:00, mailer=local, pri=30607, dsn=2.0.0, stat=Sent
Jul 23 18:48:22 kibr sm-mta[22576]: 06NFmD0f022576: ruleset=check_rcpt, arg1=<info@kibr.net>, relay=[200.108.179.62], reject=550 5.7.1 <info@kibr.net>... Mail from 200.108.179.62 rejected - see bl.spamcop.net
Jul 23 18:48:22 kibr sm-mta[22576]: 06NFmD0f022576: lost input channel from [200.108.179.62] to MTA after data
Jul 23 18:48:22 kibr sm-mta[22576]: 06NFmD0f022576: from=<kika@stradiotto.it>, size=0, class=0, nrcpts=0, proto=ESMTP, daemon=MTA, relay=[200.108.179.62]
Jul 23 19:02:31 kibr sm-mta[22638]: 06NG2PrF022638: ruleset=check_rcpt, arg1=<loan@kibr.net>, relay=net-188-153-241-125.cust.vodafonedsl.it [188.153.241.125], reject=550 5.7.1 <loan@kibr.net>... Mail from 188.153.241.125 rejected - see bl.spamcop.net
Jul 23 19:02:32 kibr sm-mta[22638]: 06NG2PrF022638: lost input channel from net-188-153-241-125.cust.vodafonedsl.it [188.153.241.125] to MTA after data
Jul 23 19:02:32 kibr sm-mta[22638]: 06NG2PrF022638: from=<eggheadsrdwl51@spatial.com>, size=0, class=0, nrcpts=0, proto=ESMTP, daemon=MTA, relay=net-188-153-241-125.cust.vodafonedsl.it [188.153.241.125]
Jul 23 19:10:50 kibr sm-mta[22678]: 06NGAhYQ022678: ruleset=check_rcpt, arg1=<lysz@kibr.net>, relay=public-gprs375177.centertel.pl [37.47.96.202], reject=550 5.7.1 <lysz@kibr.net>... Mail from 37.47.96.202 rejected - see bl.spamcop.net
Jul 23 19:10:50 kibr sm-mta[22678]: 06NGAhYQ022678: lost input channel from public-gprs375177.centertel.pl [37.47.96.202] to MTA after data
Jul 23 19:10:50 kibr sm-mta[22678]: 06NGAhYQ022678: from=<hichaml200612@hotlaim.com>, size=0, class=0, nrcpts=0, proto=ESMTP, daemon=MTA, relay=public-gprs375177.centertel.pl [37.47.96.202]
Jul 23 19:25:05 kibr sm-mta[22737]: 06NGOx2X022737: from=<t.malyshevska@s1.ua>, size=396138, class=0, nrcpts=1, msgid=<CAMauyjJDjCzgFQeJxdT8JY7gsip5R+5tJTFC_Mbu+2crHRS0xA@mail.gmail.com>, proto=ESMTP, daemon=MTA, relay=mail-ej1-f42.google.com [209.85.218.42]
Jul 23 19:25:05 kibr sm-mta[22738]: 06NGOx2X022737: to=luba, delay=00:00:01, xdelay=00:00:00, mailer=local, pri=426368, dsn=2.0.0, stat=Sent
Jul 23 19:30:20 kibr sm-mta[22763]: 06NGUF21022763: from=<t.malyshevska@s1.ua>, size=147122, class=0, nrcpts=1, msgid=<CAMauyjLNBnYpTgbqCzYFsaAv445ruB2xmBZkFXTeyhGvRRfqog@mail.gmail.com>, proto=ESMTP, daemon=MTA, relay=mail-ej1-f43.google.com [209.85.218.43]
Jul 23 19:30:21 kibr sm-mta[22764]: 06NGUF21022763: to=luba, delay=00:00:01, xdelay=00:00:00, mailer=local, pri=177327, dsn=2.0.0, stat=Sent
Jul 23 19:47:55 kibr sendmail[22908]: 06NGls6O022908: from=root, size=164, class=0, nrcpts=1, msgid=<202007231647.06NGls6O022908@mail.kibr.net>, relay=root@localhost
Jul 23 19:48:00 kibr sm-mta[22911]: 06NGltja022911: from=<root@mail.kibr.net>, size=422, class=0, nrcpts=1, msgid=<202007231647.06NGls6O022908@mail.kibr.net>, proto=ESMTP, daemon=MTA, relay=localhost [127.0.0.1]
Jul 23 19:48:00 kibr sendmail[22908]: 06NGls6O022908: to=root, ctladdr=root (0/0), delay=00:00:06, xdelay=00:00:05, mailer=relay, pri=30164, relay=[127.0.0.1] [127.0.0.1], dsn=2.0.0, stat=Sent (06NGltja022911 Message accepted for delivery)
Jul 23 19:48:00 kibr sm-mta[22912]: 06NGltja022911: to=<root@mail.kibr.net>, ctladdr=<root@mail.kibr.net> (0/0), delay=00:00:00, xdelay=00:00:00, mailer=local, pri=30607, dsn=2.0.0, stat=Sent
Jul 23 20:25:29 kibr sm-mta[23058]: 06NHPTdG023058: [2.57.122.209] did not issue MAIL/EXPN/VRFY/ETRN during connection to MTA
Jul 23 20:25:34 kibr sm-mta[23059]: 06NHPTD4023059: ruleset=check_rcpt, arg1=<meregion69@gmail.com>, relay=[2.57.122.209], reject=550 5.7.1 <meregion69@gmail.com>... Relaying denied. IP name lookup failed [2.57.122.209]
Jul 23 20:25:34 kibr sm-mta[23059]: 06NHPTD4023059: lost input channel from [2.57.122.209] to MTA after rcpt
Jul 23 20:25:34 kibr sm-mta[23059]: 06NHPTD4023059: from=<admin@kibr.net>, size=0, class=0, nrcpts=0, proto=ESMTP, daemon=MTA, relay=[2.57.122.209]
Jul 23 20:47:55 kibr sendmail[23214]: 06NHltBi023214: from=root, size=164, class=0, nrcpts=1, msgid=<202007231747.06NHltBi023214@mail.kibr.net>, relay=root@localhost
Jul 23 20:48:01 kibr sm-mta[23216]: 06NHlthf023216: from=<root@mail.kibr.net>, size=422, class=0, nrcpts=1, msgid=<202007231747.06NHltBi023214@mail.kibr.net>, proto=ESMTP, daemon=MTA, relay=localhost [127.0.0.1]
Jul 23 20:48:01 kibr sendmail[23214]: 06NHltBi023214: to=root, ctladdr=root (0/0), delay=00:00:06, xdelay=00:00:06, mailer=relay, pri=30164, relay=[127.0.0.1] [127.0.0.1], dsn=2.0.0, stat=Sent (06NHlthf023216 Message accepted for delivery)
Jul 23 20:48:01 kibr sm-mta[23218]: 06NHlthf023216: to=<root@mail.kibr.net>, ctladdr=<root@mail.kibr.net> (0/0), delay=00:00:01, xdelay=00:00:00, mailer=local, pri=30607, dsn=2.0.0, stat=Sent
Jul 23 20:51:36 kibr sm-mta[23230]: 06NHpWlq023230: ip-113-115.4vendeta.com [78.128.113.115] (may be forged) did not issue MAIL/EXPN/VRFY/ETRN during connection to MTA
Jul 23 21:29:36 kibr sm-mta[23378]: 06NITaK6023378: [2.57.122.209] did not issue MAIL/EXPN/VRFY/ETRN during connection to MTA
Jul 23 21:29:42 kibr sm-mta[23379]: 06NITaj7023379: ruleset=check_rcpt, arg1=<meregion69@gmail.com>, relay=[2.57.122.209], reject=550 5.7.1 <meregion69@gmail.com>... Relaying denied. IP name lookup failed [2.57.122.209]
Jul 23 21:29:42 kibr sm-mta[23379]: 06NITaj7023379: lost input channel from [2.57.122.209] to MTA after rcpt
Jul 23 21:29:42 kibr sm-mta[23379]: 06NITaj7023379: from=<admin@kibr.net>, size=0, class=0, nrcpts=0, proto=ESMTP, daemon=MTA, relay=[2.57.122.209]
Jul 23 21:43:27 kibr sm-mta[23432]: 06NIhMHH023432: ruleset=check_rcpt, arg1=<spameri@tiscali.it>, relay=[37.49.230.109], reject=550 5.7.1 <spameri@tiscali.it>... Relaying denied. IP name lookup failed [37.49.230.109]
Jul 23 21:43:28 kibr sm-mta[23432]: 06NIhMHH023432: from=<spameri@tiscali.it>, size=0, class=0, nrcpts=0, proto=ESMTP, daemon=MTA, relay=[37.49.230.109]
Jul 23 21:45:54 kibr sm-mta[23444]: 06NIjoYR023444: ip-113-115.4vendeta.com [78.128.113.115] (may be forged) did not issue MAIL/EXPN/VRFY/ETRN during connection to MTA
Jul 23 21:47:55 kibr sendmail[23520]: 06NIltJ1023520: from=root, size=164, class=0, nrcpts=1, msgid=<202007231847.06NIltJ1023520@mail.kibr.net>, relay=root@localhost
Jul 23 21:48:00 kibr sm-mta[23522]: 06NIltWx023522: from=<root@mail.kibr.net>, size=422, class=0, nrcpts=1, msgid=<202007231847.06NIltJ1023520@mail.kibr.net>, proto=ESMTP, daemon=MTA, relay=localhost [127.0.0.1]
Jul 23 21:48:01 kibr sendmail[23520]: 06NIltJ1023520: to=root, ctladdr=root (0/0), delay=00:00:06, xdelay=00:00:06, mailer=relay, pri=30164, relay=[127.0.0.1] [127.0.0.1], dsn=2.0.0, stat=Sent (06NIltWx023522 Message accepted for delivery)
Jul 23 21:48:01 kibr sm-mta[23523]: 06NIltWx023522: to=<root@mail.kibr.net>, ctladdr=<root@mail.kibr.net> (0/0), delay=00:00:01, xdelay=00:00:00, mailer=local, pri=30607, dsn=2.0.0, stat=Sent
Jul 23 22:47:55 kibr sendmail[23824]: 06NJlsXt023824: from=root, size=164, class=0, nrcpts=1, msgid=<202007231947.06NJlsXt023824@mail.kibr.net>, relay=root@localhost
Jul 23 22:48:00 kibr sm-mta[23827]: 06NJltl9023827: from=<root@mail.kibr.net>, size=422, class=0, nrcpts=1, msgid=<202007231947.06NJlsXt023824@mail.kibr.net>, proto=ESMTP, daemon=MTA, relay=localhost [127.0.0.1]
Jul 23 22:48:00 kibr sendmail[23824]: 06NJlsXt023824: to=root, ctladdr=root (0/0), delay=00:00:06, xdelay=00:00:05, mailer=relay, pri=30164, relay=[127.0.0.1] [127.0.0.1], dsn=2.0.0, stat=Sent (06NJltl9023827 Message accepted for delivery)
Jul 23 22:48:00 kibr sm-mta[23828]: 06NJltl9023827: to=<root@mail.kibr.net>, ctladdr=<root@mail.kibr.net> (0/0), delay=00:00:00, xdelay=00:00:00, mailer=local, pri=30607, dsn=2.0.0, stat=Sent
Jul 23 22:55:21 kibr sm-mta[23859]: 06NJtHR8023859: ip-113-115.4vendeta.com [78.128.113.115] (may be forged) did not issue MAIL/EXPN/VRFY/ETRN during connection to MTA
Jul 23 23:37:12 kibr sm-mta[24021]: 06NKb87B024021: ip-113-115.4vendeta.com [78.128.113.115] (may be forged) did not issue MAIL/EXPN/VRFY/ETRN during connection to MTA
Jul 23 23:47:56 kibr sendmail[24133]: 06NKlthP024133: from=root, size=164, class=0, nrcpts=1, msgid=<202007232047.06NKlthP024133@mail.kibr.net>, relay=root@localhost
Jul 23 23:48:01 kibr sm-mta[24135]: 06NKluQe024135: from=<root@mail.kibr.net>, size=422, class=0, nrcpts=1, msgid=<202007232047.06NKlthP024133@mail.kibr.net>, proto=ESMTP, daemon=MTA, relay=localhost [127.0.0.1]
Jul 23 23:48:01 kibr sendmail[24133]: 06NKlthP024133: to=root, ctladdr=root (0/0), delay=00:00:06, xdelay=00:00:05, mailer=relay, pri=30164, relay=[127.0.0.1] [127.0.0.1], dsn=2.0.0, stat=Sent (06NKluQe024135 Message accepted for delivery)
Jul 23 23:48:01 kibr sm-mta[24137]: 06NKluQe024135: to=<root@mail.kibr.net>, ctladdr=<root@mail.kibr.net> (0/0), delay=00:00:00, xdelay=00:00:00, mailer=local, pri=30607, dsn=2.0.0, stat=Sent
Jul 23 23:54:02 kibr sm-mta[24164]: 06NKs2DC024164: [2.57.122.209] did not issue MAIL/EXPN/VRFY/ETRN during connection to MTA
Jul 23 23:54:07 kibr sm-mta[24165]: 06NKs2bQ024165: ruleset=check_rcpt, arg1=<meregion69@gmail.com>, relay=[2.57.122.209], reject=550 5.7.1 <meregion69@gmail.com>... Relaying denied. IP name lookup failed [2.57.122.209]
Jul 23 23:54:07 kibr sm-mta[24165]: 06NKs2bQ024165: lost input channel from [2.57.122.209] to MTA after rcpt
Jul 23 23:54:07 kibr sm-mta[24165]: 06NKs2bQ024165: from=<admin@kibr.net>, size=0, class=0, nrcpts=0, proto=ESMTP, daemon=MTA, relay=[2.57.122.209]
Jul 23 23:58:04 kibr sm-mta[24180]: 06NKw1NJ024180: ip-113-115.4vendeta.com [78.128.113.115] (may be forged) did not issue MAIL/EXPN/VRFY/ETRN during connection to MTA
Jul 24 00:25:40 kibr sm-mta[24282]: 06NLPYsZ024282: [103.133.105.65] did not issue MAIL/EXPN/VRFY/ETRN during connection to MTA
Jul 24 00:27:55 kibr sm-mta[24294]: 06NLRoN6024294: worker-12.sfj.censys-scanner.com [192.35.168.195] (may be forged) did not issue MAIL/EXPN/VRFY/ETRN during connection to MTA
Jul 24 00:39:35 kibr sm-mta[24337]: 06NLdT9T024337: ruleset=check_rcpt, arg1=<mboconnect2019@hotmail.com>, relay=yeu.bokere.us [93.119.106.59] (may be forged), reject=550 5.7.1 <mboconnect2019@hotmail.com>... Relaying denied. IP name possibly forged [93.119.106.59]
Jul 24 00:39:35 kibr sm-mta[24337]: 06NLdT9T024337: from=<contact3273282758@vectronicsappleworlds.com>, size=0, class=0, nrcpts=0, bodytype=8BITMIME, proto=ESMTP, daemon=MTA, relay=yeu.bokere.us [93.119.106.59] (may be forged)
Jul 24 00:47:16 kibr sendmail[24411]: 06NLlGdZ024411: from=root, size=174, class=0, nrcpts=1, msgid=<202007232147.06NLlGdZ024411@mail.kibr.net>, relay=root@localhost
Jul 24 00:47:21 kibr sm-mta[24413]: 06NLlGBI024413: from=<root@mail.kibr.net>, size=432, class=0, nrcpts=1, msgid=<202007232147.06NLlGdZ024411@mail.kibr.net>, proto=ESMTP, daemon=MTA, relay=localhost [127.0.0.1]
Jul 24 00:47:21 kibr sendmail[24411]: 06NLlGdZ024411: to=root, ctladdr=root (0/0), delay=00:00:05, xdelay=00:00:05, mailer=relay, pri=30174, relay=[127.0.0.1] [127.0.0.1], dsn=2.0.0, stat=Sent (06NLlGBI024413 Message accepted for delivery)
Jul 24 00:47:22 kibr sm-mta[24414]: 06NLlGBI024413: to=<root@mail.kibr.net>, ctladdr=<root@mail.kibr.net> (0/0), delay=00:00:01, xdelay=00:00:00, mailer=local, pri=30617, dsn=2.0.0, stat=Sent
Jul 24 01:25:13 kibr sm-mta[24563]: 06NMP8n7024563: from=<zifcbfp@yahoo.com>, size=72286, class=0, nrcpts=1, msgid=<873a4be714e1d0dcb9cc7a29dd473d301d348be3@yahoo.com>, proto=ESMTP, daemon=MTA, relay=bioenergo.com.ua [195.26.86.1]
Jul 24 01:25:13 kibr sm-mta[24564]: 06NMP8n7024563: to=<thr@kibr.net>, delay=00:00:00, xdelay=00:00:00, mailer=local, pri=102477, dsn=2.0.0, stat=Sent
Jul 24 01:37:16 kibr sendmail[24735]: 06NMbG3r024735: from=root, size=5186, class=0, nrcpts=1, msgid=<202007232237.06NMbG3r024735@mail.kibr.net>, relay=root@localhost
Jul 24 01:37:21 kibr sm-mta[24737]: 06NMbGs5024737: from=<root@mail.kibr.net>, size=5444, class=0, nrcpts=1, msgid=<202007232237.06NMbG3r024735@mail.kibr.net>, proto=ESMTP, daemon=MTA, relay=localhost [127.0.0.1]
Jul 24 01:37:21 kibr sendmail[24735]: 06NMbG3r024735: to=root, ctladdr=root (0/0), delay=00:00:05, xdelay=00:00:05, mailer=relay, pri=35186, relay=[127.0.0.1] [127.0.0.1], dsn=2.0.0, stat=Sent (06NMbGs5024737 Message accepted for delivery)
Jul 24 01:37:22 kibr sm-mta[24738]: 06NMbGs5024737: to=<root@mail.kibr.net>, ctladdr=<root@mail.kibr.net> (0/0), delay=00:00:01, xdelay=00:00:00, mailer=local, pri=35629, dsn=2.0.0, stat=Sent
Jul 24 01:45:51 kibr sm-mta[24776]: 06NMjlP3024776: ip-113-115.4vendeta.com [78.128.113.115] (may be forged) did not issue MAIL/EXPN/VRFY/ETRN during connection to MTA
Jul 24 01:47:16 kibr sendmail[24825]: 06NMlGHB024825: from=root, size=174, class=0, nrcpts=1, msgid=<202007232247.06NMlGHB024825@mail.kibr.net>, relay=root@localhost
Jul 24 01:47:21 kibr sm-mta[24827]: 06NMlGGG024827: from=<root@mail.kibr.net>, size=432, class=0, nrcpts=1, msgid=<202007232247.06NMlGHB024825@mail.kibr.net>, proto=ESMTP, daemon=MTA, relay=localhost [127.0.0.1]
Jul 24 01:47:22 kibr sendmail[24825]: 06NMlGHB024825: to=root, ctladdr=root (0/0), delay=00:00:06, xdelay=00:00:06, mailer=relay, pri=30174, relay=[127.0.0.1] [127.0.0.1], dsn=2.0.0, stat=Sent (06NMlGGG024827 Message accepted for delivery)
Jul 24 01:47:22 kibr sm-mta[24828]: 06NMlGGG024827: to=<root@mail.kibr.net>, ctladdr=<root@mail.kibr.net> (0/0), delay=00:00:01, xdelay=00:00:00, mailer=local, pri=30617, dsn=2.0.0, stat=Sent
Jul 24 01:57:31 kibr sm-mta[24870]: 06NMvRhX024870: ip-113-115.4vendeta.com [78.128.113.115] (may be forged) did not issue MAIL/EXPN/VRFY/ETRN during connection to MTA
Jul 24 02:33:11 kibr sm-mta[25011]: 06NNX7Ba025011: ip-113-115.4vendeta.com [78.128.113.115] (may be forged) did not issue MAIL/EXPN/VRFY/ETRN during connection to MTA
Jul 24 02:47:16 kibr sendmail[25107]: 06NNlGN8025107: from=root, size=174, class=0, nrcpts=1, msgid=<202007232347.06NNlGN8025107@mail.kibr.net>, relay=root@localhost
Jul 24 02:47:21 kibr sm-mta[25109]: 06NNlG9W025109: from=<root@mail.kibr.net>, size=432, class=0, nrcpts=1, msgid=<202007232347.06NNlGN8025107@mail.kibr.net>, proto=ESMTP, daemon=MTA, relay=localhost [127.0.0.1]
Jul 24 02:47:22 kibr sendmail[25107]: 06NNlGN8025107: to=root, ctladdr=root (0/0), delay=00:00:06, xdelay=00:00:06, mailer=relay, pri=30174, relay=[127.0.0.1] [127.0.0.1], dsn=2.0.0, stat=Sent (06NNlG9W025109 Message accepted for delivery)
Jul 24 02:47:22 kibr sm-mta[25110]: 06NNlG9W025109: to=<root@mail.kibr.net>, ctladdr=<root@mail.kibr.net> (0/0), delay=00:00:01, xdelay=00:00:00, mailer=local, pri=30617, dsn=2.0.0, stat=Sent
Jul 24 03:47:16 kibr sendmail[25386]: 06O0lGfs025386: from=root, size=174, class=0, nrcpts=1, msgid=<202007240047.06O0lGfs025386@mail.kibr.net>, relay=root@localhost
Jul 24 03:47:21 kibr sm-mta[25388]: 06O0lG3q025388: from=<root@mail.kibr.net>, size=432, class=0, nrcpts=1, msgid=<202007240047.06O0lGfs025386@mail.kibr.net>, proto=ESMTP, daemon=MTA, relay=localhost [127.0.0.1]
Jul 24 03:47:21 kibr sendmail[25386]: 06O0lGfs025386: to=root, ctladdr=root (0/0), delay=00:00:05, xdelay=00:00:05, mailer=relay, pri=30174, relay=[127.0.0.1] [127.0.0.1], dsn=2.0.0, stat=Sent (06O0lG3q025388 Message accepted for delivery)
Jul 24 03:47:21 kibr sm-mta[25389]: 06O0lG3q025388: to=<root@mail.kibr.net>, ctladdr=<root@mail.kibr.net> (0/0), delay=00:00:00, xdelay=00:00:00, mailer=local, pri=30617, dsn=2.0.0, stat=Sent
Jul 24 03:59:10 kibr sm-mta[25433]: 06O0x7E9025433: ip-113-115.4vendeta.com [78.128.113.115] (may be forged) did not issue MAIL/EXPN/VRFY/ETRN during connection to MTA
Jul 24 04:01:38 kibr sendmail[25455]: 06O11bPb025455: from=sergey, size=1584272, class=0, nrcpts=1, msgid=<202007240101.06O11bPb025455@mail.kibr.net>, relay=sergey@localhost
Jul 24 04:01:49 kibr sm-mta[25457]: 06O11cvP025457: from=<sergey@mail.kibr.net>, size=1584534, class=0, nrcpts=1, msgid=<202007240101.06O11bPb025455@mail.kibr.net>, proto=ESMTP, daemon=MTA, relay=localhost [127.0.0.1]
Jul 24 04:01:49 kibr sendmail[25455]: 06O11bPb025455: to=sergey, ctladdr=sergey (1003/100), delay=00:00:12, xdelay=00:00:11, mailer=relay, pri=1614272, relay=[127.0.0.1] [127.0.0.1], dsn=2.0.0, stat=Sent (06O11cvP025457 Message accepted for delivery)
Jul 24 04:01:49 kibr sm-mta[25459]: 06O11cvP025457: to=<sergey@mail.kibr.net>, ctladdr=<sergey@mail.kibr.net> (1003/100), delay=00:00:06, xdelay=00:00:00, mailer=local, pri=1614721, dsn=2.0.0, stat=Sent
Jul 24 04:40:04 kibr sendmail[25823]: 06O1e3n2025823: from=sergey, size=16678, class=0, nrcpts=1, msgid=<202007240140.06O1e3n2025823@mail.kibr.net>, relay=sergey@localhost
Jul 24 04:40:09 kibr sm-mta[25825]: 06O1e4nS025825: from=<sergey@mail.kibr.net>, size=16940, class=0, nrcpts=1, msgid=<202007240140.06O1e3n2025823@mail.kibr.net>, proto=ESMTP, daemon=MTA, relay=localhost [127.0.0.1]
Jul 24 04:40:09 kibr sendmail[25823]: 06O1e3n2025823: to=sergey, ctladdr=sergey (1003/100), delay=00:00:06, xdelay=00:00:05, mailer=relay, pri=46678, relay=[127.0.0.1] [127.0.0.1], dsn=2.0.0, stat=Sent (06O1e4nS025825 Message accepted for delivery)
Jul 24 04:40:09 kibr sm-mta[25826]: 06O1e4nS025825: to=<sergey@mail.kibr.net>, ctladdr=<sergey@mail.kibr.net> (1003/100), delay=00:00:00, xdelay=00:00:00, mailer=local, pri=47127, dsn=2.0.0, stat=Sent
Jul 24 04:42:24 kibr sendmail[25883]: 06O1gO1S025883: from=root, size=189, class=0, nrcpts=1, msgid=<202007240142.06O1gO1S025883@mail.kibr.net>, relay=root@localhost
Jul 24 04:42:30 kibr sm-mta[25885]: 06O1gOdH025885: from=<root@mail.kibr.net>, size=447, class=0, nrcpts=1, msgid=<202007240142.06O1gO1S025883@mail.kibr.net>, proto=ESMTP, daemon=MTA, relay=localhost [127.0.0.1]
Jul 24 04:42:30 kibr sendmail[25883]: 06O1gO1S025883: to=root, ctladdr=root (0/0), delay=00:00:06, xdelay=00:00:06, mailer=relay, pri=30189, relay=[127.0.0.1] [127.0.0.1], dsn=2.0.0, stat=Sent (06O1gOdH025885 Message accepted for delivery)
Jul 24 04:42:30 kibr sm-mta[25886]: 06O1gOdH025885: to=<root@mail.kibr.net>, ctladdr=<root@mail.kibr.net> (0/0), delay=00:00:01, xdelay=00:00:00, mailer=local, pri=30632, dsn=2.0.0, stat=Sent
Jul 24 04:47:16 kibr sendmail[25948]: 06O1lGhV025948: from=root, size=174, class=0, nrcpts=1, msgid=<202007240147.06O1lGhV025948@mail.kibr.net>, relay=root@localhost
Jul 24 04:47:22 kibr sm-mta[25951]: 06O1lHAU025951: from=<root@mail.kibr.net>, size=432, class=0, nrcpts=1, msgid=<202007240147.06O1lGhV025948@mail.kibr.net>, proto=ESMTP, daemon=MTA, relay=localhost [127.0.0.1]
Jul 24 04:47:22 kibr sendmail[25948]: 06O1lGhV025948: to=root, ctladdr=root (0/0), delay=00:00:06, xdelay=00:00:05, mailer=relay, pri=30174, relay=[127.0.0.1] [127.0.0.1], dsn=2.0.0, stat=Sent (06O1lHAU025951 Message accepted for delivery)
Jul 24 04:47:22 kibr sm-mta[25952]: 06O1lHAU025951: to=<root@mail.kibr.net>, ctladdr=<root@mail.kibr.net> (0/0), delay=00:00:00, xdelay=00:00:00, mailer=local, pri=30617, dsn=2.0.0, stat=Sent
Jul 24 05:47:16 kibr sendmail[26224]: 06O2lGfm026224: from=root, size=174, class=0, nrcpts=1, msgid=<202007240247.06O2lGfm026224@mail.kibr.net>, relay=root@localhost
Jul 24 05:47:21 kibr sm-mta[26226]: 06O2lGJ1026226: from=<root@mail.kibr.net>, size=432, class=0, nrcpts=1, msgid=<202007240247.06O2lGfm026224@mail.kibr.net>, proto=ESMTP, daemon=MTA, relay=localhost [127.0.0.1]
Jul 24 05:47:21 kibr sendmail[26224]: 06O2lGfm026224: to=root, ctladdr=root (0/0), delay=00:00:05, xdelay=00:00:05, mailer=relay, pri=30174, relay=[127.0.0.1] [127.0.0.1], dsn=2.0.0, stat=Sent (06O2lGJ1026226 Message accepted for delivery)
Jul 24 05:47:22 kibr sm-mta[26227]: 06O2lGJ1026226: to=<root@mail.kibr.net>, ctladdr=<root@mail.kibr.net> (0/0), delay=00:00:01, xdelay=00:00:00, mailer=local, pri=30617, dsn=2.0.0, stat=Sent
Jul 24 06:06:44 kibr sm-mta[26304]: 06O36hRA026304: ip-113-115.4vendeta.com [78.128.113.115] (may be forged) did not issue MAIL/EXPN/VRFY/ETRN during connection to MTA
Jul 24 06:47:16 kibr sendmail[26502]: 06O3lGFQ026502: from=root, size=174, class=0, nrcpts=1, msgid=<202007240347.06O3lGFQ026502@mail.kibr.net>, relay=root@localhost
Jul 24 06:47:21 kibr sm-mta[26504]: 06O3lGGS026504: from=<root@mail.kibr.net>, size=432, class=0, nrcpts=1, msgid=<202007240347.06O3lGFQ026502@mail.kibr.net>, proto=ESMTP, daemon=MTA, relay=localhost [127.0.0.1]
Jul 24 06:47:21 kibr sendmail[26502]: 06O3lGFQ026502: to=root, ctladdr=root (0/0), delay=00:00:05, xdelay=00:00:05, mailer=relay, pri=30174, relay=[127.0.0.1] [127.0.0.1], dsn=2.0.0, stat=Sent (06O3lGGS026504 Message accepted for delivery)
Jul 24 06:47:22 kibr sm-mta[26505]: 06O3lGGS026504: to=<root@mail.kibr.net>, ctladdr=<root@mail.kibr.net> (0/0), delay=00:00:01, xdelay=00:00:01, mailer=local, pri=30617, dsn=2.0.0, stat=Sent
Jul 24 06:51:57 kibr sm-mta[26525]: 06O3pr48026525: ip-113-115.4vendeta.com [78.128.113.115] (may be forged) did not issue MAIL/EXPN/VRFY/ETRN during connection to MTA
Jul 24 07:14:54 kibr sm-mta[26616]: 06O4EqUI026616: ip-113-115.4vendeta.com [78.128.113.115] (may be forged) did not issue MAIL/EXPN/VRFY/ETRN during connection to MTA
Jul 24 07:41:41 kibr sm-mta[26721]: 06O4fbot026721: ip-113-115.4vendeta.com [78.128.113.115] (may be forged) did not issue MAIL/EXPN/VRFY/ETRN during connection to MTA
Jul 24 07:42:45 kibr sm-mta[26725]: 06O4gcb7026725: from=<gtw@gmail.com>, size=72349, class=0, nrcpts=1, msgid=<0ffe3d916d196c600570c69561fb818ca1667eca@gmail.com>, proto=ESMTP, daemon=MTA, relay=[92.37.161.226]
Jul 24 07:42:45 kibr sm-mta[26727]: 06O4gcb7026725: to=tanja, delay=00:00:01, xdelay=00:00:00, mailer=local, pri=102544, dsn=2.0.0, stat=Sent
Jul 24 07:47:16 kibr sendmail[26788]: 06O4lGLV026788: from=root, size=174, class=0, nrcpts=1, msgid=<202007240447.06O4lGLV026788@mail.kibr.net>, relay=root@localhost
Jul 24 07:47:21 kibr sm-mta[26790]: 06O4lGHR026790: from=<root@mail.kibr.net>, size=432, class=0, nrcpts=1, msgid=<202007240447.06O4lGLV026788@mail.kibr.net>, proto=ESMTP, daemon=MTA, relay=localhost [127.0.0.1]
Jul 24 07:47:21 kibr sendmail[26788]: 06O4lGLV026788: to=root, ctladdr=root (0/0), delay=00:00:05, xdelay=00:00:05, mailer=relay, pri=30174, relay=[127.0.0.1] [127.0.0.1], dsn=2.0.0, stat=Sent (06O4lGHR026790 Message accepted for delivery)
Jul 24 07:47:21 kibr sm-mta[26792]: 06O4lGHR026790: to=<root@mail.kibr.net>, ctladdr=<root@mail.kibr.net> (0/0), delay=00:00:00, xdelay=00:00:00, mailer=local, pri=30617, dsn=2.0.0, stat=Sent
Jul 24 08:14:09 kibr sm-mta[26894]: 06O5E9I4026894: rejecting commands from zg-0708b-169.stretchoid.com [192.241.239.119] due to pre-greeting traffic after 0 seconds
Jul 24 08:21:56 kibr sm-mta[26926]: 06O5LoiJ026926: ruleset=check_rcpt, arg1=<spameri@tiscali.it>, relay=[37.49.224.177], reject=550 5.7.1 <spameri@tiscali.it>... Relaying denied. IP name lookup failed [37.49.224.177]
Jul 24 08:21:56 kibr sm-mta[26926]: 06O5LoiJ026926: from=<spameri@tiscali.it>, size=0, class=0, nrcpts=0, proto=ESMTP, daemon=MTA, relay=[37.49.224.177]
Jul 24 08:28:36 kibr sm-mta[26953]: 06O5SVU0026953: ruleset=check_rcpt, arg1=<spameri@tiscali.it>, relay=[37.49.224.177], reject=550 5.7.1 <spameri@tiscali.it>... Relaying denied. IP name lookup failed [37.49.224.177]
Jul 24 08:28:36 kibr sm-mta[26953]: 06O5SVU0026953: from=<spameri@tiscali.it>, size=0, class=0, nrcpts=0, proto=ESMTP, daemon=MTA, relay=[37.49.224.177]
Jul 24 08:48:04 kibr sendmail[27086]: 06O5m4k3027086: from=root, size=164, class=0, nrcpts=1, msgid=<202007240548.06O5m4k3027086@mail.kibr.net>, relay=root@localhost
Jul 24 08:48:09 kibr sm-mta[27088]: 06O5m4H8027088: from=<root@mail.kibr.net>, size=422, class=0, nrcpts=1, msgid=<202007240548.06O5m4k3027086@mail.kibr.net>, proto=ESMTP, daemon=MTA, relay=localhost [127.0.0.1]
Jul 24 08:48:09 kibr sendmail[27086]: 06O5m4k3027086: to=root, ctladdr=root (0/0), delay=00:00:05, xdelay=00:00:05, mailer=relay, pri=30164, relay=[127.0.0.1] [127.0.0.1], dsn=2.0.0, stat=Sent (06O5m4H8027088 Message accepted for delivery)
Jul 24 08:48:10 kibr sm-mta[27090]: 06O5m4H8027088: to=<root@mail.kibr.net>, ctladdr=<root@mail.kibr.net> (0/0), delay=00:00:01, xdelay=00:00:01, mailer=local, pri=30607, dsn=2.0.0, stat=Sent
Jul 24 08:51:56 kibr sm-mta[27104]: 06O5pr7b027104: ip-113-115.4vendeta.com [78.128.113.115] (may be forged) did not issue MAIL/EXPN/VRFY/ETRN during connection to MTA
Jul 24 09:05:47 kibr sm-mta[27191]: 06O65grI027191: from=<golub.luba@kibr.net>, size=407647, class=0, nrcpts=2, msgid=<000601d6617f$833fddb0$89bf9910$@kibr.net>, proto=ESMTP, daemon=MTA, relay=kibr4-4.kibr.net [192.168.0.44]
Jul 24 09:05:47 kibr sm-mta[27198]: 06O65grI027191: to=tanya, delay=00:00:00, xdelay=00:00:00, mailer=local, pri=467809, dsn=2.0.0, stat=Sent
Jul 24 09:05:47 kibr sm-mta[27198]: 06O65grI027191: to=tanja, delay=00:00:00, xdelay=00:00:00, mailer=local, pri=467809, dsn=2.0.0, stat=Sent
Jul 24 09:20:49 kibr sm-mta[27270]: 06O6KTBh027270: from=<yanemoskal@ukr.net>, size=10898, class=0, nrcpts=1, msgid=<1595571619.474530000.s8mrybmp@frv53.fwdcdn.com>, proto=ESMTP, daemon=MTA, relay=frv196.fwdcdn.com [212.42.77.196]
Jul 24 09:20:50 kibr sm-mta[27271]: 06O6KTBh027270: to=tanja, delay=00:00:01, xdelay=00:00:00, mailer=local, pri=41100, dsn=2.0.0, stat=Sent
Jul 24 09:27:35 kibr sm-mta[27300]: 06O6RPUh027300: from=<BChopovska@globusbank.com.ua>, size=4919, class=0, nrcpts=2, msgid=<215ec4ec-abc6-2726-f900-ecb4496c1a01@globusbank.com.ua>, bodytype=8BITMIME, proto=ESMTP, daemon=MTA, relay=mail.globusbank.com.ua [77.222.141.243]
Jul 24 09:27:35 kibr sm-mta[27301]: 06O6RPUh027300: to=luba, delay=00:00:02, xdelay=00:00:00, mailer=local, pri=65142, dsn=2.0.0, stat=Sent
Jul 24 09:27:35 kibr sm-mta[27301]: 06O6RPUh027300: to=tanja, delay=00:00:02, xdelay=00:00:00, mailer=local, pri=65142, dsn=2.0.0, stat=Sent
Jul 24 09:29:45 kibr sm-mta[27312]: 06O6Teme027312: ruleset=check_rcpt, arg1=<spameri@tiscali.it>, relay=[156.96.62.223], reject=450 4.4.0 <spameri@tiscali.it>... Relaying temporarily denied. Cannot resolve PTR record for 156.96.62.223
Jul 24 09:29:45 kibr sm-mta[27312]: 06O6Teme027312: from=<spameri@tiscali.it>, size=0, class=0, nrcpts=0, proto=ESMTP, daemon=MTA, relay=[156.96.62.223]
Jul 24 09:41:32 kibr sm-mta[27379]: 06O6fQ8r027379: from=<t.malyshevska@s1.ua>, size=222106, class=0, nrcpts=1, msgid=<CAMauyj+4k8qzsK1cktAOfaXw+DKMGfit6==cNMdYc5=PVoF9Sw@mail.gmail.com>, proto=ESMTP, daemon=MTA, relay=mail-ed1-f52.google.com [209.85.208.52]
Jul 24 09:41:32 kibr sm-mta[27380]: 06O6fQ8r027379: to=luba, delay=00:00:00, xdelay=00:00:00, mailer=local, pri=252311, dsn=2.0.0, stat=Sent
Jul 24 09:42:11 kibr sm-mta[27390]: 06O6g6gi027390: from=<a.bosova@s1.ua>, size=10674, class=0, nrcpts=1, msgid=<CACTOr+TqBi37hcgQHy45_Wc+eU4u0c6x8VdGNmAgY84JasFBVw@mail.gmail.com>, proto=ESMTP, daemon=MTA, relay=mail-ot1-f50.google.com [209.85.210.50]
Jul 24 09:42:11 kibr sm-mta[27389]: 06O6g65g027389: from=<a.bosova@s1.ua>, size=10680, class=0, nrcpts=1, msgid=<CACTOr+TqBi37hcgQHy45_Wc+eU4u0c6x8VdGNmAgY84JasFBVw@mail.gmail.com>, proto=ESMTP, daemon=MTA, relay=mail-ot1-f43.google.com [209.85.210.43]
Jul 24 09:42:12 kibr sm-mta[27391]: 06O6g6gi027390: to=luba, delay=00:00:01, xdelay=00:00:00, mailer=local, pri=40914, dsn=2.0.0, stat=Sent
Jul 24 09:42:12 kibr sm-mta[27392]: 06O6g65g027389: to=tanja, delay=00:00:01, xdelay=00:00:00, mailer=local, pri=40926, dsn=2.0.0, stat=Sent
Jul 24 09:48:25 kibr sendmail[27491]: 06O6mPiW027491: from=root, size=164, class=0, nrcpts=1, msgid=<202007240648.06O6mPiW027491@mail.kibr.net>, relay=root@localhost
Jul 24 09:48:30 kibr sm-mta[27493]: 06O6mPXu027493: from=<root@mail.kibr.net>, size=422, class=0, nrcpts=1, msgid=<202007240648.06O6mPiW027491@mail.kibr.net>, proto=ESMTP, daemon=MTA, relay=localhost [127.0.0.1]
Jul 24 09:48:30 kibr sendmail[27491]: 06O6mPiW027491: to=root, ctladdr=root (0/0), delay=00:00:05, xdelay=00:00:05, mailer=relay, pri=30164, relay=[127.0.0.1] [127.0.0.1], dsn=2.0.0, stat=Sent (06O6mPXu027493 Message accepted for delivery)
Jul 24 09:48:30 kibr sm-mta[27494]: 06O6mPXu027493: to=<root@mail.kibr.net>, ctladdr=<root@mail.kibr.net> (0/0), delay=00:00:00, xdelay=00:00:00, mailer=local, pri=30607, dsn=2.0.0, stat=Sent
Jul 24 09:56:22 kibr sm-mta[27545]: 06O6uHLx027545: from=<golub.luba@kibr.net>, size=229785, class=0, nrcpts=1, msgid=<001601d66186$9455c810$bd015830$@kibr.net>, proto=ESMTP, daemon=MTA, relay=kibr4-4.kibr.net [192.168.0.44]
Jul 24 09:56:23 kibr sm-mta[27547]: STARTTLS=client, relay=gmail-smtp-in.l.google.com., version=TLSv1.3, verify=FAIL, cipher=TLS_AES_256_GCM_SHA384, bits=256/256
Jul 24 09:56:24 kibr sm-mta[27547]: 06O6uHLx027545: to=<ufolog.80@gmail.com>, delay=00:00:02, xdelay=00:00:02, mailer=esmtp, pri=349785, relay=gmail-smtp-in.l.google.com. [64.233.161.26], dsn=2.0.0, stat=Sent (OK  1595573784 q4si78583ljg.300 - gsmtp)
Jul 24 10:00:02 kibr sm-mta[27570]: 06O6xsCA027570: from=<a.bosova@s1.ua>, size=3985435, class=0, nrcpts=1, msgid=<CACTOr+SBd1-ZROLkrctATC6GyPwu0RaBiAPFi201QOZcrOC2Jg@mail.gmail.com>, proto=ESMTP, daemon=MTA, relay=mail-oi1-f172.google.com [209.85.167.172]
Jul 24 10:00:02 kibr sm-mta[27571]: 06O6xsjW027571: from=<a.bosova@s1.ua>, size=3985427, class=0, nrcpts=1, msgid=<CACTOr+SBd1-ZROLkrctATC6GyPwu0RaBiAPFi201QOZcrOC2Jg@mail.gmail.com>, proto=ESMTP, daemon=MTA, relay=mail-oi1-f177.google.com [209.85.167.177]
Jul 24 10:00:03 kibr sm-mta[27576]: 06O6xsCA027570: to=tanja, delay=00:00:03, xdelay=00:00:01, mailer=local, pri=4015660, dsn=2.0.0, stat=Sent
Jul 24 10:00:03 kibr sm-mta[27575]: 06O6xsjW027571: to=luba, delay=00:00:03, xdelay=00:00:01, mailer=local, pri=4015646, dsn=2.0.0, stat=Sent
Jul 24 10:35:03 kibr sm-mta[27790]: 06O7YkHN027790: from=<victori_72@ukr.net>, size=1023928, class=0, nrcpts=1, msgid=<1595576076.918691000.g6stx3zs@frv50.fwdcdn.com>, proto=ESMTP, daemon=MTA, relay=frv198.fwdcdn.com [212.42.77.198]
Jul 24 10:35:04 kibr sm-mta[27794]: 06O7YkHN027790: to=tanja, delay=00:00:01, xdelay=00:00:01, mailer=local, pri=1054128, dsn=2.0.0, stat=Sent
Jul 24 10:35:05 kibr sm-mta[27792]: 06O7YvG2027792: from=<bounce-mc.us7_18195139.168762-0258eee8a7@mail58.atl261.mcdlv.net>, size=65734, class=0, nrcpts=1, msgid=<473cbd8586b809acf4bf00c83.0258eee8a7.20200724073427.ade290c128.22d8598c@mail58.atl261.mcdlv.net>, proto=ESMTP, daemon=MTA, relay=mail58.atl261.mcdlv.net [198.2.142.58]
Jul 24 10:35:06 kibr sm-mta[27797]: 06O7YvG2027792: to=lena, delay=00:00:02, xdelay=00:00:01, mailer=local, pri=95936, dsn=2.0.0, stat=Sent
Jul 24 10:42:50 kibr sm-mta[27841]: 06O7gjxg027841: from=<golub.luba@kibr.net>, size=8073, class=0, nrcpts=6, msgid=<002001d6618d$11f63740$35e2a5c0$@kibr.net>, proto=ESMTP, daemon=MTA, relay=kibr4-4.kibr.net [192.168.0.44]
Jul 24 10:42:50 kibr sm-mta[27843]: STARTTLS=client, relay=aspmx.l.google.com., version=TLSv1.3, verify=FAIL, cipher=TLS_AES_256_GCM_SHA384, bits=256/256
Jul 24 10:42:52 kibr sm-mta[27843]: 06O7gjxg027841: to=<y.barabanova@s1.ua>,<s.fitel@s1.ua>,<s.danilyuk@s1.ua>,<i.tarasova@s1.ua>,<a.rudiuk@s1.ua>, delay=00:00:02, xdelay=00:00:02, mailer=esmtp, pri=278073, relay=aspmx.l.google.com. [64.233.165.26], dsn=2.0.0, stat=Sent (OK  1595576572 b19si114360lfa.188 - gsmtp)
Jul 24 10:42:52 kibr sm-mta[27843]: STARTTLS=client, relay=mxs.ukr.net., version=TLSv1.3, verify=FAIL, cipher=TLS_AES_256_GCM_SHA384, bits=256/256
Jul 24 10:42:53 kibr sm-mta[27843]: 06O7gjxg027841: to=<victori_72@ukr.net>, delay=00:00:03, xdelay=00:00:01, mailer=esmtp, pri=278073, relay=mxs.ukr.net. [212.42.75.251], dsn=2.0.0, stat=Sent (OK id=1jysM1-0005yY-9j)
Jul 24 10:48:51 kibr sendmail[27948]: 06O7mo4X027948: from=root, size=164, class=0, nrcpts=1, msgid=<202007240748.06O7mo4X027948@mail.kibr.net>, relay=root@localhost
Jul 24 10:48:56 kibr sm-mta[27950]: 06O7mp0e027950: from=<root@mail.kibr.net>, size=422, class=0, nrcpts=1, msgid=<202007240748.06O7mo4X027948@mail.kibr.net>, proto=ESMTP, daemon=MTA, relay=localhost [127.0.0.1]
Jul 24 10:48:56 kibr sendmail[27948]: 06O7mo4X027948: to=root, ctladdr=root (0/0), delay=00:00:05, xdelay=00:00:05, mailer=relay, pri=30164, relay=[127.0.0.1] [127.0.0.1], dsn=2.0.0, stat=Sent (06O7mp0e027950 Message accepted for delivery)
Jul 24 10:48:57 kibr sm-mta[27951]: 06O7mp0e027950: to=<root@mail.kibr.net>, ctladdr=<root@mail.kibr.net> (0/0), delay=00:00:01, xdelay=00:00:00, mailer=local, pri=30607, dsn=2.0.0, stat=Sent
Jul 24 10:59:16 kibr sm-mta[28013]: 06O7x95U028013: from=<golub.luba@kibr.net>, size=10416490, class=0, nrcpts=8, msgid=<002501d6618f$5cc5c1d0$16514570$@kibr.net>, proto=ESMTP, daemon=MTA, relay=kibr4-4.kibr.net [192.168.0.44]
Jul 24 10:59:17 kibr sm-mta[28016]: 06O7x95U028013: to=tanja, delay=00:00:03, xdelay=00:00:01, mailer=local, pri=10656688, dsn=2.0.0, stat=Sent
Jul 24 10:59:17 kibr sm-mta[28016]: STARTTLS=client, relay=mail.globusbank.com.ua., version=TLSv1.2, verify=FAIL, cipher=ECDHE-RSA-AES256-GCM-SHA384, bits=256/256
Jul 24 10:59:20 kibr sm-mta[28019]: 06O7xJOp028019: mail.globusbank.com.ua [77.222.141.243] did not issue MAIL/EXPN/VRFY/ETRN during connection to MTA
Jul 24 10:59:22 kibr sm-mta[28016]: 06O7x95U028013: to=<vk@globusbank.com.ua>,<ORudnyk@globusbank.com.ua>,<ORomanenko@globusbank.com.ua>,<BRybitsky@globusbank.com.ua>,<BChopovska@globusbank.com.ua>, delay=00:00:08, xdelay=00:00:05, mailer=esmtp, pri=10656688, relay=mail.globusbank.com.ua. [77.222.141.243], dsn=4.0.0, stat=Deferred: 451 4.7.1 Try again later
Jul 24 10:59:22 kibr sm-mta[28016]: STARTTLS=client, relay=aspmx.l.google.com., version=TLSv1.3, verify=FAIL, cipher=TLS_AES_256_GCM_SHA384, bits=256/256
Jul 24 10:59:25 kibr sm-mta[28016]: 06O7x95U028013: to=<v.pavlushyn@s1.ua>,<a.bosova@s1.ua>, delay=00:00:11, xdelay=00:00:03, mailer=esmtp, pri=10656688, relay=aspmx.l.google.com. [74.125.205.26], dsn=2.0.0, stat=Sent (OK  1595577565 77si142271lfl.163 - gsmtp)
Jul 24 11:05:57 kibr sm-mta[28062]: 06O85pv2028062: from=<golub.luba@kibr.net>, size=1196981, class=0, nrcpts=2, msgid=<002b01d66190$4ca36590$e5ea30b0$@kibr.net>, proto=ESMTP, daemon=MTA, relay=kibr4-4.kibr.net [192.168.0.44]
Jul 24 11:05:57 kibr sm-mta[28063]: 06O85pv2028062: to=natasha, delay=00:00:00, xdelay=00:00:00, mailer=local, pri=1257143, dsn=2.0.0, stat=Sent
Jul 24 11:05:57 kibr sm-mta[28063]: 06O85pv2028062: to=tanya, delay=00:00:00, xdelay=00:00:00, mailer=local, pri=1257143, dsn=2.0.0, stat=Sent
Jul 24 11:15:50 kibr sm-mta[28131]: STARTTLS=client, relay=mail.globusbank.com.ua., version=TLSv1.2, verify=FAIL, cipher=ECDHE-RSA-AES256-GCM-SHA384, bits=256/256
Jul 24 11:15:52 kibr sm-mta[28131]: 06O7x95U028013: to=<BChopovska@globusbank.com.ua>,<BRybitsky@globusbank.com.ua>,<ORomanenko@globusbank.com.ua>,<ORudnyk@globusbank.com.ua>,<vk@globusbank.com.ua>, delay=00:16:38, xdelay=00:00:02, mailer=esmtp, pri=10746688, relay=mail.globusbank.com.ua. [77.222.141.243], dsn=2.0.0, stat=Sent (Ok: queued as 4BChpt2VWHzDrQB)
Jul 24 11:28:59 kibr sm-mta[28203]: 06O8SgOW028203: <golub@kibr.net>... User unknown
Jul 24 11:28:59 kibr sm-mta[28203]: 06O8SgOW028203: from=<news@meta-inform.com>, size=23095, class=0, nrcpts=0, proto=ESMTP, daemon=MTA, relay=main.meta-inform.com [195.138.71.194]
Jul 24 11:33:13 kibr sm-mta[28238]: 06O8X8q1028238: from=<golub.luba@kibr.net>, size=13316, class=0, nrcpts=1, msgid=<003201d66194$1c3afbd0$54b0f370$@kibr.net>, proto=ESMTP, daemon=MTA, relay=kibr4-4.kibr.net [192.168.0.44]
Jul 24 11:33:14 kibr sm-mta[28239]: 06O8X8q1028238: to=luba, delay=00:00:01, xdelay=00:00:00, mailer=local, pri=43496, dsn=2.0.0, stat=Sent
Jul 24 11:33:16 kibr sm-mta[28238]: 06O8X8q2028238: from=<golub.luba@kibr.net>, size=146075, class=0, nrcpts=1, msgid=<003601d66194$1dc19bd0$5944d370$@kibr.net>, proto=ESMTP, daemon=MTA, relay=kibr4-4.kibr.net [192.168.0.44]
Jul 24 11:33:16 kibr sm-mta[28242]: 06O8X8q2028238: to=luba, delay=00:00:00, xdelay=00:00:00, mailer=local, pri=176255, dsn=2.0.0, stat=Sent
Jul 24 11:33:30 kibr sm-mta[28244]: 06O8XODU028244: from=<golub.luba@kibr.net>, size=30378, class=0, nrcpts=1, msgid=<003a01d66194$25d10e00$71732a00$@kibr.net>, proto=ESMTP, daemon=MTA, relay=kibr4-4.kibr.net [192.168.0.44]
Jul 24 11:33:30 kibr sm-mta[28245]: 06O8XODU028244: to=luba, delay=00:00:01, xdelay=00:00:00, mailer=local, pri=60559, dsn=2.0.0, stat=Sent
Jul 24 11:33:35 kibr sm-mta[28244]: 06O8XODV028244: from=<golub.luba@kibr.net>, size=16302255, class=0, nrcpts=1, msgid=<003e01d66194$2743fef0$75cbfcd0$@kibr.net>, proto=ESMTP, daemon=MTA, relay=kibr4-4.kibr.net [192.168.0.44]
Jul 24 11:33:36 kibr sm-mta[28251]: 06O8XODV028244: to=luba, delay=00:00:04, xdelay=00:00:01, mailer=local, pri=16332435, dsn=2.0.0, stat=Sent
Jul 24 11:33:57 kibr sm-mta[28253]: 06O8XpSe028253: from=<golub.luba@kibr.net>, size=601052, class=0, nrcpts=1, msgid=<004201d66194$35cfc030$a16f4090$@kibr.net>, proto=ESMTP, daemon=MTA, relay=kibr4-4.kibr.net [192.168.0.44]
Jul 24 11:33:57 kibr sm-mta[28255]: 06O8XpSe028253: to=luba, delay=00:00:01, xdelay=00:00:00, mailer=local, pri=631232, dsn=2.0.0, stat=Sent
Jul 24 11:33:57 kibr sm-mta[28253]: 06O8XpSf028253: from=<golub.luba@kibr.net>, size=125406, class=0, nrcpts=1, msgid=<004601d66194$3626b9d0$a2742d70$@kibr.net>, proto=ESMTP, daemon=MTA, relay=kibr4-4.kibr.net [192.168.0.44]
Jul 24 11:33:57 kibr sm-mta[28257]: 06O8XpSf028253: to=luba, delay=00:00:00, xdelay=00:00:00, mailer=local, pri=155586, dsn=2.0.0, stat=Sent
Jul 24 11:34:09 kibr sm-mta[28262]: 06O8Y3MJ028262: from=<golub.luba@kibr.net>, size=4278509, class=0, nrcpts=1, msgid=<004a01d66194$3ccf7010$b66e5030$@kibr.net>, proto=ESMTP, daemon=MTA, relay=kibr4-4.kibr.net [192.168.0.44]
Jul 24 11:34:09 kibr sm-mta[28262]: 06O8Y3MK028262: from=<golub.luba@kibr.net>, size=47822, class=0, nrcpts=1, msgid=<004e01d66194$3d9000f0$b8b002d0$@kibr.net>, proto=ESMTP, daemon=MTA, relay=kibr4-4.kibr.net [192.168.0.44]
Jul 24 11:34:10 kibr sm-mta[28263]: 06O8Y3MJ028262: to=luba, delay=00:00:02, xdelay=00:00:01, mailer=local, pri=4308689, dsn=2.0.0, stat=Sent
Jul 24 11:34:10 kibr sm-mta[28265]: 06O8Y3MK028262: to=luba, delay=00:00:01, xdelay=00:00:00, mailer=local, pri=78002, dsn=2.0.0, stat=Sent
Jul 24 11:37:07 kibr sm-mta[28278]: 06O8b2oI028278: from=<golub.luba@kibr.net>, size=13737, class=0, nrcpts=6, msgid=<005a01d66194$a76a1650$f63e42f0$@kibr.net>, proto=ESMTP, daemon=MTA, relay=kibr4-4.kibr.net [192.168.0.44]
Jul 24 11:37:07 kibr sm-mta[28283]: STARTTLS=client, relay=aspmx.l.google.com., version=TLSv1.3, verify=FAIL, cipher=TLS_AES_256_GCM_SHA384, bits=256/256
Jul 24 11:37:09 kibr sm-mta[28283]: 06O8b2oI028278: to=<y.barabanova@s1.ua>,<s.fitel@s1.ua>,<s.danilyuk@s1.ua>,<i.tarasova@s1.ua>,<a.rudiuk@s1.ua>, delay=00:00:02, xdelay=00:00:02, mailer=esmtp, pri=283737, relay=aspmx.l.google.com. [64.233.161.27], dsn=2.0.0, stat=Sent (OK  1595579829 p142si196293lfa.132 - gsmtp)
Jul 24 11:37:10 kibr sm-mta[28283]: STARTTLS=client, relay=mxs.ukr.net., version=TLSv1.3, verify=FAIL, cipher=TLS_AES_256_GCM_SHA384, bits=256/256
Jul 24 11:37:11 kibr sm-mta[28283]: 06O8b2oI028278: to=<victori_72@ukr.net>, delay=00:00:04, xdelay=00:00:02, mailer=esmtp, pri=283737, relay=mxs.ukr.net. [212.42.75.251], dsn=2.0.0, stat=Sent (OK id=1jytCZ-000NaX-0h)
Jul 24 11:43:10 kibr sm-mta[28323]: 06O8h5pe028323: from=<golub.luba@kibr.net>, size=145146, class=0, nrcpts=1, msgid=<006801d66195$7fa48c80$7eeda580$@kibr.net>, proto=ESMTP, daemon=MTA, relay=kibr4-4.kibr.net [192.168.0.44]
Jul 24 11:43:10 kibr sm-mta[28324]: 06O8h5pe028323: to=luba, delay=00:00:00, xdelay=00:00:00, mailer=local, pri=175326, dsn=2.0.0, stat=Sent
Jul 24 11:43:11 kibr sm-mta[28323]: 06O8h5pf028323: from=<golub.luba@kibr.net>, size=30049, class=0, nrcpts=1, msgid=<006c01d66195$806bad10$81430730$@kibr.net>, proto=ESMTP, daemon=MTA, relay=kibr4-4.kibr.net [192.168.0.44]
Jul 24 11:43:11 kibr sm-mta[28327]: 06O8h5pf028323: to=luba, delay=00:00:00, xdelay=00:00:00, mailer=local, pri=60230, dsn=2.0.0, stat=Sent
Jul 24 11:43:24 kibr sm-mta[28330]: 06O8hGPd028330: from=<golub.luba@kibr.net>, size=16301361, class=0, nrcpts=1, msgid=<007001d66195$868da720$93a8f560$@kibr.net>, proto=ESMTP, daemon=MTA, relay=kibr4-4.kibr.net [192.168.0.44]
Jul 24 11:43:24 kibr sm-mta[28330]: 06O8hGPe028330: from=<golub.luba@kibr.net>, size=7812, class=0, nrcpts=1, msgid=<007401d66195$8861cae0$992560a0$@kibr.net>, proto=ESMTP, daemon=MTA, relay=kibr4-4.kibr.net [192.168.0.44]
Jul 24 11:43:25 kibr sm-mta[28333]: 06O8hGPe028330: to=luba, delay=00:00:01, xdelay=00:00:01, mailer=local, pri=37994, dsn=2.0.0, stat=Sent
Jul 24 11:43:25 kibr sm-mta[28332]: 06O8hGPd028330: to=luba, delay=00:00:04, xdelay=00:00:01, mailer=local, pri=16331541, dsn=2.0.0, stat=Sent
Jul 24 11:43:37 kibr sm-mta[28339]: 06O8hWsE028339: from=<golub.luba@kibr.net>, size=222602, class=0, nrcpts=1, msgid=<007801d66195$900ada20$b0208e60$@kibr.net>, proto=ESMTP, daemon=MTA, relay=kibr4-4.kibr.net [192.168.0.44]
Jul 24 11:43:38 kibr sm-mta[28340]: 06O8hWsE028339: to=luba, delay=00:00:01, xdelay=00:00:00, mailer=local, pri=252782, dsn=2.0.0, stat=Sent
Jul 24 11:43:45 kibr sm-mta[28342]: 06O8heLo028342: from=<golub.luba@kibr.net>, size=154079, class=0, nrcpts=1, msgid=<007c01d66195$94d35eb0$be7a1c10$@kibr.net>, proto=ESMTP, daemon=MTA, relay=kibr4-4.kibr.net [192.168.0.44]
Jul 24 11:43:46 kibr sm-mta[28344]: 06O8heLo028342: to=luba, delay=00:00:01, xdelay=00:00:00, mailer=local, pri=184260, dsn=2.0.0, stat=Sent
Jul 24 11:43:47 kibr sm-mta[28342]: 06O8heLp028342: from=<golub.luba@kibr.net>, size=156167, class=0, nrcpts=1, msgid=<008001d66195$95c62320$c1526960$@kibr.net>, proto=ESMTP, daemon=MTA, relay=kibr4-4.kibr.net [192.168.0.44]
Jul 24 11:43:47 kibr sm-mta[28346]: 06O8heLp028342: to=luba, delay=00:00:00, xdelay=00:00:00, mailer=local, pri=186348, dsn=2.0.0, stat=Sent
Jul 24 11:43:58 kibr sm-mta[28348]: 06O8hrtc028348: from=<golub.luba@kibr.net>, size=154108, class=0, nrcpts=1, msgid=<008401d66195$9c8f0b90$d5ad22b0$@kibr.net>, proto=ESMTP, daemon=MTA, relay=kibr4-4.kibr.net [192.168.0.44]
Jul 24 11:43:59 kibr sm-mta[28349]: 06O8hrtc028348: to=luba, delay=00:00:01, xdelay=00:00:00, mailer=local, pri=184289, dsn=2.0.0, stat=Sent
Jul 24 11:44:00 kibr sm-mta[28348]: 06O8hrtd028348: from=<golub.luba@kibr.net>, size=154088, class=0, nrcpts=1, msgid=<008801d66195$9d8ea140$d8abe3c0$@kibr.net>, proto=ESMTP, daemon=MTA, relay=kibr4-4.kibr.net [192.168.0.44]
Jul 24 11:44:00 kibr sm-mta[28354]: 06O8hrtd028348: to=luba, delay=00:00:00, xdelay=00:00:00, mailer=local, pri=184269, dsn=2.0.0, stat=Sent
Jul 24 11:45:02 kibr sm-mta[28365]: 06O8iuBM028365: from=<golub.luba@kibr.net>, size=828672, class=0, nrcpts=1, msgid=<008c01d66195$c24547f0$46cfd7d0$@kibr.net>, proto=ESMTP, daemon=MTA, relay=kibr4-4.kibr.net [192.168.0.44]
Jul 24 11:45:02 kibr sm-mta[28366]: 06O8iuBM028365: to=luba, delay=00:00:01, xdelay=00:00:00, mailer=local, pri=858853, dsn=2.0.0, stat=Sent
Jul 24 11:48:41 kibr sendmail[28452]: 06O8meCT028452: from=root, size=164, class=0, nrcpts=1, msgid=<202007240848.06O8meCT028452@mail.kibr.net>, relay=root@localhost
Jul 24 11:48:47 kibr sm-mta[28454]: 06O8mfTR028454: from=<root@mail.kibr.net>, size=422, class=0, nrcpts=1, msgid=<202007240848.06O8meCT028452@mail.kibr.net>, proto=ESMTP, daemon=MTA, relay=localhost [127.0.0.1]
Jul 24 11:48:47 kibr sendmail[28452]: 06O8meCT028452: to=root, ctladdr=root (0/0), delay=00:00:06, xdelay=00:00:06, mailer=relay, pri=30164, relay=[127.0.0.1] [127.0.0.1], dsn=2.0.0, stat=Sent (06O8mfTR028454 Message accepted for delivery)
Jul 24 11:48:47 kibr sm-mta[28455]: 06O8mfTR028454: to=<root@mail.kibr.net>, ctladdr=<root@mail.kibr.net> (0/0), delay=00:00:00, xdelay=00:00:00, mailer=local, pri=30607, dsn=2.0.0, stat=Sent
Jul 24 11:56:53 kibr sm-mta[28505]: 06O8umYn028505: from=<Usatenko.Tatjana@kibr.net>, size=65968, class=0, nrcpts=3, msgid=<3215b222-f203-ab1d-aadc-9a96025cab2e@kibr.net>, bodytype=8BITMIME, proto=ESMTP, daemon=MTA, relay=kibr4-8.kibr.net [192.168.0.48]
Jul 24 11:56:54 kibr sm-mta[28507]: STARTTLS=client, relay=aspmx.l.google.com., version=TLSv1.3, verify=FAIL, cipher=TLS_AES_256_GCM_SHA384, bits=256/256
Jul 24 11:56:55 kibr sm-mta[28507]: 06O8umYn028505: to=<a.bosova@s1.ua>,<v.pavlushyn@s1.ua>, delay=00:00:02, xdelay=00:00:02, mailer=esmtp, pri=245968, relay=aspmx.l.google.com. [64.233.163.27], dsn=2.0.0, stat=Sent (OK  1595581015 h28si214302lfl.66 - gsmtp)
Jul 24 11:56:55 kibr sm-mta[28507]: STARTTLS=client, relay=mxs.ukr.net., version=TLSv1.3, verify=FAIL, cipher=TLS_AES_256_GCM_SHA384, bits=256/256
Jul 24 11:56:57 kibr sm-mta[28507]: 06O8umYn028505: to=<victori_72@ukr.net>, delay=00:00:04, xdelay=00:00:02, mailer=esmtp, pri=245968, relay=mxs.ukr.net. [212.42.75.251], dsn=2.0.0, stat=Sent (OK id=1jytVg-000Maj-Gc)
Jul 24 12:00:40 kibr sm-mta[28527]: 06O90b8v028527: ip-113-115.4vendeta.com [78.128.113.115] (may be forged) did not issue MAIL/EXPN/VRFY/ETRN during connection to MTA
Jul 24 12:08:48 kibr sm-mta[28587]: 06O98ik2028587: ip-113-115.4vendeta.com [78.128.113.115] (may be forged) did not issue MAIL/EXPN/VRFY/ETRN during connection to MTA
Jul 24 12:20:22 kibr sm-mta[28643]: 06O9KINS028643: ip-113-115.4vendeta.com [78.128.113.115] (may be forged) did not issue MAIL/EXPN/VRFY/ETRN during connection to MTA
Jul 24 12:30:56 kibr sm-mta[28710]: 06O9UpHo028710: from=<Kadilnikova.Natalja@kibr.net>, size=24636, class=0, nrcpts=1, msgid=<11e44a1d-4165-f8c6-9747-2cffaa217e4d@kibr.net>, bodytype=8BITMIME, proto=ESMTP, daemon=MTA, relay=kibr4-7.kibr.net [192.168.0.47]
Jul 24 12:30:57 kibr sm-mta[28712]: STARTTLS=client, relay=gmail-smtp-in.l.google.com., version=TLSv1.3, verify=FAIL, cipher=TLS_AES_256_GCM_SHA384, bits=256/256
Jul 24 12:30:57 kibr sm-mta[28712]: 06O9UpHo028710: to=<milalife78@gmail.com>, delay=00:00:01, xdelay=00:00:01, mailer=esmtp, pri=144636, relay=gmail-smtp-in.l.google.com. [64.233.161.26], dsn=2.0.0, stat=Sent (OK  1595583057 b76si256762lfg.185 - gsmtp)
Jul 24 12:31:47 kibr sm-mta[28715]: 06O9Vhpj028715: ip-113-115.4vendeta.com [78.128.113.115] (may be forged) did not issue MAIL/EXPN/VRFY/ETRN during connection to MTA
Jul 24 12:42:52 kibr sm-mta[28782]: 06O9gYq5028782: from=<info@1mailmayak.dp.ua>, size=44185, class=0, nrcpts=1, msgid=<1c78ea1612a01a2044fb096c57c754a3@mail.1mailmayak.dp.ua>, proto=ESMTP, daemon=MTA, relay=mail.1mailmayak.dp.ua [195.177.240.203]
Jul 24 12:42:53 kibr sm-mta[28784]: 06O9gYq5028782: to=luba, delay=00:00:01, xdelay=00:00:01, mailer=local, pri=74390, dsn=2.0.0, stat=Sent
Jul 24 12:48:47 kibr sendmail[28889]: 06O9ml00028889: from=root, size=164, class=0, nrcpts=1, msgid=<202007240948.06O9ml00028889@mail.kibr.net>, relay=root@localhost
Jul 24 12:48:52 kibr sm-mta[28891]: 06O9mlpk028891: from=<root@mail.kibr.net>, size=422, class=0, nrcpts=1, msgid=<202007240948.06O9ml00028889@mail.kibr.net>, proto=ESMTP, daemon=MTA, relay=localhost [127.0.0.1]
Jul 24 12:48:53 kibr sendmail[28889]: 06O9ml00028889: to=root, ctladdr=root (0/0), delay=00:00:06, xdelay=00:00:06, mailer=relay, pri=30164, relay=[127.0.0.1] [127.0.0.1], dsn=2.0.0, stat=Sent (06O9mlpk028891 Message accepted for delivery)
Jul 24 12:48:53 kibr sm-mta[28892]: 06O9mlpk028891: to=<root@mail.kibr.net>, ctladdr=<root@mail.kibr.net> (0/0), delay=00:00:01, xdelay=00:00:00, mailer=local, pri=30607, dsn=2.0.0, stat=Sent
Jul 24 12:57:22 kibr sm-mta[28944]: 06O9ulxa028944: 29.20.97.83.ro.ovo.sc [83.97.20.29] did not issue MAIL/EXPN/VRFY/ETRN during connection to MTA
Jul 24 13:07:38 kibr sm-mta[29001]: 06OA7X4F029001: from=<golub.luba@kibr.net>, size=63024, class=0, nrcpts=5, msgid=<00a901d661a1$4ce23390$e6a69ab0$@kibr.net>, proto=ESMTP, daemon=MTA, relay=kibr4-4.kibr.net [192.168.0.44]
Jul 24 13:07:39 kibr sm-mta[29003]: STARTTLS=client, relay=aspmx.l.google.com., version=TLSv1.3, verify=FAIL, cipher=TLS_AES_256_GCM_SHA384, bits=256/256
Jul 24 13:07:41 kibr sm-mta[29003]: 06OA7X4F029001: to=<y.barabanova@s1.ua>,<s.danilyuk@s1.ua>,<i.tarasova@s1.ua>,<a.rudiuk@s1.ua>, delay=00:00:03, xdelay=00:00:02, mailer=esmtp, pri=303024, relay=aspmx.l.google.com. [64.233.163.27], dsn=2.0.0, stat=Sent (OK  1595585261 r23si292707ljn.375 - gsmtp)
Jul 24 13:07:41 kibr sm-mta[29003]: STARTTLS=client, relay=mxs.ukr.net., version=TLSv1.3, verify=FAIL, cipher=TLS_AES_256_GCM_SHA384, bits=256/256
Jul 24 13:07:42 kibr sm-mta[29003]: 06OA7X4F029001: to=<victori_72@ukr.net>, delay=00:00:04, xdelay=00:00:01, mailer=esmtp, pri=303024, relay=mxs.ukr.net. [212.42.75.251], dsn=2.0.0, stat=Sent (OK id=1jyucA-0009d6-Dp)
Jul 24 13:25:15 kibr sm-mta[29105]: 06OAPAbJ029105: from=<i.tarasova@s1.ua>, size=106137, class=0, nrcpts=1, msgid=<002601d661a4$b37505d0$1a5f1170$@s1.ua>, proto=ESMTP, daemon=MTA, relay=mail-wr1-f44.google.com [209.85.221.44]
Jul 24 13:25:16 kibr sm-mta[29106]: 06OAPAbJ029105: to=luba, delay=00:00:01, xdelay=00:00:01, mailer=local, pri=136373, dsn=2.0.0, stat=Sent
Jul 24 13:35:46 kibr sm-mta[29171]: 06OAZe2p029171: from=<golub.luba@kibr.net>, size=106681, class=0, nrcpts=2, msgid=<00b101d661a5$3a85be70$af913b50$@kibr.net>, proto=ESMTP, daemon=MTA, relay=kibr4-4.kibr.net [192.168.0.44]
Jul 24 13:35:46 kibr sm-mta[29176]: 06OAZe2p029171: to=tanya, delay=00:00:01, xdelay=00:00:00, mailer=local, pri=166843, dsn=2.0.0, stat=Sent
Jul 24 13:35:46 kibr sm-mta[29176]: 06OAZe2p029171: to=tanja, delay=00:00:01, xdelay=00:00:00, mailer=local, pri=166843, dsn=2.0.0, stat=Sent
Jul 24 13:38:58 kibr sm-mta[29196]: 06OActKH029196: ip-113-115.4vendeta.com [78.128.113.115] (may be forged) did not issue MAIL/EXPN/VRFY/ETRN during connection to MTA
Jul 24 13:48:45 kibr sendmail[29328]: 06OAmjRp029328: from=root, size=164, class=0, nrcpts=1, msgid=<202007241048.06OAmjRp029328@mail.kibr.net>, relay=root@localhost
Jul 24 13:48:51 kibr sm-mta[29330]: 06OAmkMr029330: from=<root@mail.kibr.net>, size=422, class=0, nrcpts=1, msgid=<202007241048.06OAmjRp029328@mail.kibr.net>, proto=ESMTP, daemon=MTA, relay=localhost [127.0.0.1]
Jul 24 13:48:51 kibr sendmail[29328]: 06OAmjRp029328: to=root, ctladdr=root (0/0), delay=00:00:06, xdelay=00:00:05, mailer=relay, pri=30164, relay=[127.0.0.1] [127.0.0.1], dsn=2.0.0, stat=Sent (06OAmkMr029330 Message accepted for delivery)
Jul 24 13:48:51 kibr sm-mta[29332]: 06OAmkMr029330: to=<root@mail.kibr.net>, ctladdr=<root@mail.kibr.net> (0/0), delay=00:00:00, xdelay=00:00:00, mailer=local, pri=30607, dsn=2.0.0, stat=Sent
Jul 24 13:57:21 kibr sm-mta[29389]: 06OAvG3V029389: from=<tanyakat@kibr.net>, size=6388, class=0, nrcpts=1, msgid=<3510abb3-8ab0-b88b-9c21-9651c91d10bb@kibr.net>, bodytype=8BITMIME, proto=ESMTP, daemon=MSA, relay=kibr4-5.kibr.net [192.168.0.45]
Jul 24 13:57:22 kibr sm-mta[29390]: 06OAvG3V029389: to=luba, delay=00:00:01, xdelay=00:00:01, mailer=local, pri=36580, dsn=2.0.0, stat=Sent
Jul 24 13:58:59 kibr sm-mta[29401]: 06OAwrPl029401: from=<t.malyshevska@s1.ua>, size=225360, class=0, nrcpts=1, msgid=<CAMauyj+yRdYCYv-u2rOOkTYPKk88HKKZfLuT5T_mQsm92k6BVA@mail.gmail.com>, proto=ESMTP, daemon=MTA, relay=mail-ed1-f43.google.com [209.85.208.43]
Jul 24 13:58:59 kibr sm-mta[29402]: 06OAwrPl029401: to=luba, delay=00:00:01, xdelay=00:00:00, mailer=local, pri=255590, dsn=2.0.0, stat=Sent
Jul 24 14:07:00 kibr sm-mta[29461]: 06OB6tli029461: from=<golub.luba@kibr.net>, size=10945, class=0, nrcpts=7, msgid=<00bd01d661a9$97db0950$c7911bf0$@kibr.net>, proto=ESMTP, daemon=MTA, relay=kibr4-4.kibr.net [192.168.0.44]
Jul 24 14:07:01 kibr sm-mta[29463]: STARTTLS=client, relay=aspmx.l.google.com., version=TLSv1.3, verify=FAIL, cipher=TLS_AES_256_GCM_SHA384, bits=256/256
Jul 24 14:07:02 kibr sm-mta[29463]: 06OB6tli029461: to=<y.barabanova@s1.ua>,<s.fitel@s1.ua>,<s.danilyuk@s1.ua>,<o.marchenko@s1.ua>,<i.tarasova@s1.ua>,<a.rudiuk@s1.ua>, delay=00:00:02, xdelay=00:00:02, mailer=esmtp, pri=310945, relay=aspmx.l.google.com. [108.177.14.26], dsn=2.0.0, stat=Sent (OK  1595588822 o27si399390lfb.175 - gsmtp)
Jul 24 14:07:02 kibr sm-mta[29463]: STARTTLS=client, relay=mxs.ukr.net., version=TLSv1.3, verify=FAIL, cipher=TLS_AES_256_GCM_SHA384, bits=256/256
Jul 24 14:07:03 kibr sm-mta[29463]: 06OB6tli029461: to=<victori_72@ukr.net>, delay=00:00:03, xdelay=00:00:01, mailer=esmtp, pri=310945, relay=mxs.ukr.net. [212.42.75.251], dsn=2.0.0, stat=Sent (OK id=1jyvXb-00037z-LA)
Jul 24 14:23:11 kibr sm-mta[29569]: 06OBN7kQ029569: ip-113-115.4vendeta.com [78.128.113.115] (may be forged) did not issue MAIL/EXPN/VRFY/ETRN during connection to MTA
Jul 24 14:27:13 kibr sm-mta[29592]: 06OBQraB029592: from=<yanemoskal@ukr.net>, size=10898, class=0, nrcpts=1, msgid=<1595589992.934942000.9rygbazy@frv53.fwdcdn.com>, proto=ESMTP, daemon=MTA, relay=frv197.fwdcdn.com [212.42.77.197]
Jul 24 14:27:14 kibr sm-mta[29593]: 06OBQraB029592: to=tanja, delay=00:00:01, xdelay=00:00:01, mailer=local, pri=41100, dsn=2.0.0, stat=Sent
Jul 24 14:29:05 kibr sm-mta[29605]: 06OBT1Pc029605: ip-113-115.4vendeta.com [78.128.113.115] (may be forged) did not issue MAIL/EXPN/VRFY/ETRN during connection to MTA
Jul 24 14:39:31 kibr sm-mta[29669]: 06OBdQxu029669: from=<i.tarasova@s1.ua>, size=96642, class=0, nrcpts=1, msgid=<005401d661af$14490870$3cdb1950$@s1.ua>, proto=ESMTP, daemon=MTA, relay=mail-wm1-f48.google.com [209.85.128.48]
Jul 24 14:39:32 kibr sm-mta[29671]: 06OBdQxu029669: to=luba, delay=00:00:01, xdelay=00:00:00, mailer=local, pri=126876, dsn=2.0.0, stat=Sent
Jul 24 14:48:15 kibr sendmail[29798]: 06OBmEjo029798: from=root, size=164, class=0, nrcpts=1, msgid=<202007241148.06OBmEjo029798@mail.kibr.net>, relay=root@localhost
Jul 24 14:48:20 kibr sm-mta[29800]: 06OBmFoi029800: from=<root@mail.kibr.net>, size=422, class=0, nrcpts=1, msgid=<202007241148.06OBmEjo029798@mail.kibr.net>, proto=ESMTP, daemon=MTA, relay=localhost [127.0.0.1]
Jul 24 14:48:20 kibr sendmail[29798]: 06OBmEjo029798: to=root, ctladdr=root (0/0), delay=00:00:06, xdelay=00:00:05, mailer=relay, pri=30164, relay=[127.0.0.1] [127.0.0.1], dsn=2.0.0, stat=Sent (06OBmFoi029800 Message accepted for delivery)
Jul 24 14:48:20 kibr sm-mta[29801]: 06OBmFoi029800: to=<root@mail.kibr.net>, ctladdr=<root@mail.kibr.net> (0/0), delay=00:00:00, xdelay=00:00:00, mailer=local, pri=30607, dsn=2.0.0, stat=Sent
Jul 24 14:48:49 kibr sm-mta[29807]: 06OBmfXn029807: from=<a.bosova@s1.ua>, size=6341750, class=0, nrcpts=1, msgid=<CACTOr+TsbRw9994uhsmptRvWkf+mVR0UvK8FfZg79xPtTANFRQ@mail.gmail.com>, proto=ESMTP, daemon=MTA, relay=mail-oi1-f179.google.com [209.85.167.179]
Jul 24 14:48:50 kibr sm-mta[29809]: 06OBmfXn029807: to=tanja, delay=00:00:03, xdelay=00:00:01, mailer=local, pri=6371969, dsn=2.0.0, stat=Sent
Jul 24 14:56:29 kibr sm-mta[29850]: 06OBuQa6029850: ip-113-115.4vendeta.com [78.128.113.115] (may be forged) did not issue MAIL/EXPN/VRFY/ETRN during connection to MTA
Jul 24 14:57:31 kibr sm-mta[29861]: 06OBvQSG029861: from=<Usatenko.Tatjana@kibr.net>, size=6345048, class=0, nrcpts=1, msgid=<037874c2-e5d1-b5df-a90a-a50d55cfd00e@kibr.net>, bodytype=8BITMIME, proto=ESMTP, daemon=MTA, relay=kibr4-8.kibr.net [192.168.0.48]
Jul 24 14:57:32 kibr sm-mta[29862]: 06OBvQSG029861: to=tanya, delay=00:00:01, xdelay=00:00:00, mailer=local, pri=6375237, dsn=2.0.0, stat=Sent
Jul 24 15:03:38 kibr sm-mta[29892]: 06OC3XxT029892: ruleset=check_rcpt, arg1=<spameri@tiscali.it>, relay=[37.49.224.184], reject=550 5.7.1 <spameri@tiscali.it>... Relaying denied. IP name lookup failed [37.49.224.184]
Jul 24 15:03:39 kibr sm-mta[29892]: 06OC3XxT029892: from=<spameri@tiscali.it>, size=0, class=0, nrcpts=0, proto=ESMTP, daemon=MTA, relay=[37.49.224.184]
Jul 24 15:26:22 kibr sm-mta[30047]: 06OCQJUK030047: ip-113-115.4vendeta.com [78.128.113.115] (may be forged) did not issue MAIL/EXPN/VRFY/ETRN during connection to MTA
Jul 24 15:40:22 kibr sm-mta[30124]: 06OCe4o6030124: from=<bounce+a7-golub.luba=kibr.net@m14.esputnik.com>, size=61721, class=-60, nrcpts=1, msgid=<86807a3d-c944-41d7-a7c3-3dd21969460e@ms4-56f5b95545-dkkxl>, bodytype=7BIT, proto=ESMTP, daemon=MTA, relay=m41.esputnik.com [52.208.133.153]
Jul 24 15:40:22 kibr sm-mta[30126]: 06OCe6ex030126: from=<bounce+a7-shvidka.elena=kibr.net@m14.esputnik.com>, size=61689, class=-60, nrcpts=1, msgid=<a30f3e6f-a714-4386-ac5f-eceeb6923ee8@ms4-56f5b95545-n9z5w>, bodytype=7BIT, proto=ESMTP, daemon=MTA, relay=m31.esputnik.com [52.49.233.241]
Jul 24 15:40:22 kibr sm-mta[30127]: 06OCe4o6030124: to=luba, delay=00:00:01, xdelay=00:00:00, mailer=local, pri=199908, dsn=2.0.0, stat=Sent
Jul 24 15:40:22 kibr sm-mta[30129]: 06OCe6ex030126: to=lena, delay=00:00:00, xdelay=00:00:00, mailer=local, pri=199878, dsn=2.0.0, stat=Sent
Jul 24 15:48:55 kibr sendmail[30252]: 06OCms7p030252: from=root, size=164, class=0, nrcpts=1, msgid=<202007241248.06OCms7p030252@mail.kibr.net>, relay=root@localhost
Jul 24 15:49:00 kibr sm-mta[30254]: 06OCmtfh030254: from=<root@mail.kibr.net>, size=422, class=0, nrcpts=1, msgid=<202007241248.06OCms7p030252@mail.kibr.net>, proto=ESMTP, daemon=MTA, relay=localhost [127.0.0.1]
Jul 24 15:49:00 kibr sendmail[30252]: 06OCms7p030252: to=root, ctladdr=root (0/0), delay=00:00:05, xdelay=00:00:05, mailer=relay, pri=30164, relay=[127.0.0.1] [127.0.0.1], dsn=2.0.0, stat=Sent (06OCmtfh030254 Message accepted for delivery)
Jul 24 15:49:01 kibr sm-mta[30255]: 06OCmtfh030254: to=<root@mail.kibr.net>, ctladdr=<root@mail.kibr.net> (0/0), delay=00:00:01, xdelay=00:00:01, mailer=local, pri=30607, dsn=2.0.0, stat=Sent
Jul 24 15:55:50 kibr sm-mta[30300]: 06OCtoJY030300: [84.38.187.164] did not issue MAIL/EXPN/VRFY/ETRN during connection to MTA
Jul 24 15:55:50 kibr sm-mta[30301]: 06OCtoFm030301: rejecting commands from [84.38.187.164] [84.38.187.164] due to pre-greeting traffic after 0 seconds
Jul 24 15:55:50 kibr sm-mta[30302]: 06OCtooe030302: rejecting commands from [84.38.187.164] [84.38.187.164] due to pre-greeting traffic after 0 seconds
Jul 24 16:21:37 kibr sm-mta[30456]: 06ODLbpS030456: ip108.ip-51-210-90.eu [51.210.90.108] did not issue MAIL/EXPN/VRFY/ETRN during connection to MTA
Jul 24 16:21:37 kibr sm-mta[30458]: 06ODLbP8030458: ip108.ip-51-210-90.eu [51.210.90.108] did not issue MAIL/EXPN/VRFY/ETRN during connection to MTA
Jul 24 16:43:26 kibr sm-mta[30595]: 06ODhK8V030595: from=<y.barabanova@s1.ua>, size=1224381, class=0, nrcpts=1, msgid=<CAOjunKeuL6364f43XpjHHnzO7uaVW=HBJVYDOqRyrV6tqdqhcQ@mail.gmail.com>, proto=ESMTP, daemon=MTA, relay=mail-qv1-f51.google.com [209.85.219.51]
Jul 24 16:43:27 kibr sm-mta[30596]: 06ODhK8V030595: to=luba, delay=00:00:02, xdelay=00:00:01, mailer=local, pri=1254607, dsn=2.0.0, stat=Sent
Jul 24 16:48:44 kibr sendmail[30719]: 06ODmivi030719: from=root, size=164, class=0, nrcpts=1, msgid=<202007241348.06ODmivi030719@mail.kibr.net>, relay=root@localhost
Jul 24 16:48:51 kibr sm-mta[30721]: 06ODmjhD030721: from=<root@mail.kibr.net>, size=422, class=0, nrcpts=1, msgid=<202007241348.06ODmivi030719@mail.kibr.net>, proto=ESMTP, daemon=MTA, relay=localhost [127.0.0.1]
Jul 24 16:48:51 kibr sendmail[30719]: 06ODmivi030719: to=root, ctladdr=root (0/0), delay=00:00:07, xdelay=00:00:06, mailer=relay, pri=30164, relay=[127.0.0.1] [127.0.0.1], dsn=2.0.0, stat=Sent (06ODmjhD030721 Message accepted for delivery)
Jul 24 16:48:52 kibr sm-mta[30722]: 06ODmjhD030721: to=<root@mail.kibr.net>, ctladdr=<root@mail.kibr.net> (0/0), delay=00:00:02, xdelay=00:00:01, mailer=local, pri=30607, dsn=2.0.0, stat=Sent
Jul 24 17:14:17 kibr sm-mta[30847]: 06OEEGHD030847: ip-113-115.4vendeta.com [78.128.113.115] (may be forged) did not issue MAIL/EXPN/VRFY/ETRN during connection to MTA
Jul 24 17:48:04 kibr sendmail[31077]: 06OEm3EU031077: from=root, size=164, class=0, nrcpts=1, msgid=<202007241448.06OEm3EU031077@mail.kibr.net>, relay=root@localhost
Jul 24 17:48:09 kibr sm-mta[31079]: 06OEm4k9031079: from=<root@mail.kibr.net>, size=422, class=0, nrcpts=1, msgid=<202007241448.06OEm3EU031077@mail.kibr.net>, proto=ESMTP, daemon=MTA, relay=localhost [127.0.0.1]
Jul 24 17:48:09 kibr sendmail[31077]: 06OEm3EU031077: to=root, ctladdr=root (0/0), delay=00:00:06, xdelay=00:00:05, mailer=relay, pri=30164, relay=[127.0.0.1] [127.0.0.1], dsn=2.0.0, stat=Sent (06OEm4k9031079 Message accepted for delivery)
Jul 24 17:48:09 kibr sm-mta[31081]: 06OEm4k9031079: to=<root@mail.kibr.net>, ctladdr=<root@mail.kibr.net> (0/0), delay=00:00:00, xdelay=00:00:00, mailer=local, pri=30607, dsn=2.0.0, stat=Sent
Jul 24 18:18:43 kibr sm-mta[31672]: 06OFIQSf031672: from=<rsvyu@afwos.com>, size=6699, class=0, nrcpts=1, msgid=6ba98952-0d43-4c66-88b1-a65c89dfbe96, proto=ESMTP, daemon=MTA, relay=bioenergo.com.ua [195.26.86.1]
Jul 24 18:18:43 kibr sm-mta[31674]: 06OFIQSf031672: to=<thr@kibr.net>, delay=00:00:00, xdelay=00:00:00, mailer=local, pri=36889, dsn=2.0.0, stat=Sent
Jul 24 18:36:28 kibr sm-mta[31753]: 06OFaELS031753: from=<bounce+d8-tveritin.konstantin=kibr.net@mail.kyivstar.net>, size=59746, class=-60, nrcpts=1, msgid=<f8ea581c-8564-40e8-bcae-368e63e00286@ms4-56f5b95545-4tr5l>, bodytype=7BIT, proto=ESMTP, daemon=MTA, relay=m72.esputnik.com [52.51.204.72]
Jul 24 18:36:28 kibr sm-mta[31754]: 06OFaELS031753: to=tveritin, delay=00:00:01, xdelay=00:00:00, mailer=local, pri=197941, dsn=2.0.0, stat=Sent
Jul 24 18:48:01 kibr sendmail[31878]: 06OFm1G0031878: from=root, size=164, class=0, nrcpts=1, msgid=<202007241548.06OFm1G0031878@mail.kibr.net>, relay=root@localhost
Jul 24 18:48:07 kibr sm-mta[31880]: 06OFm19K031880: from=<root@mail.kibr.net>, size=422, class=0, nrcpts=1, msgid=<202007241548.06OFm1G0031878@mail.kibr.net>, proto=ESMTP, daemon=MTA, relay=localhost [127.0.0.1]
Jul 24 18:48:07 kibr sendmail[31878]: 06OFm1G0031878: to=root, ctladdr=root (0/0), delay=00:00:06, xdelay=00:00:06, mailer=relay, pri=30164, relay=[127.0.0.1] [127.0.0.1], dsn=2.0.0, stat=Sent (06OFm19K031880 Message accepted for delivery)
Jul 24 18:48:07 kibr sm-mta[31882]: 06OFm19K031880: to=<root@mail.kibr.net>, ctladdr=<root@mail.kibr.net> (0/0), delay=00:00:01, xdelay=00:00:00, mailer=local, pri=30607, dsn=2.0.0, stat=Sent
Jul 24 19:37:31 kibr sm-mta[32093]: 06OGbTVW032093: ip-113-115.4vendeta.com [78.128.113.115] (may be forged) did not issue MAIL/EXPN/VRFY/ETRN during connection to MTA
Jul 24 19:47:55 kibr sendmail[32202]: 06OGltPm032202: from=root, size=164, class=0, nrcpts=1, msgid=<202007241647.06OGltPm032202@mail.kibr.net>, relay=root@localhost
Jul 24 19:48:01 kibr sm-mta[32204]: 06OGluRb032204: from=<root@mail.kibr.net>, size=422, class=0, nrcpts=1, msgid=<202007241647.06OGltPm032202@mail.kibr.net>, proto=ESMTP, daemon=MTA, relay=localhost [127.0.0.1]
Jul 24 19:48:01 kibr sendmail[32202]: 06OGltPm032202: to=root, ctladdr=root (0/0), delay=00:00:06, xdelay=00:00:05, mailer=relay, pri=30164, relay=[127.0.0.1] [127.0.0.1], dsn=2.0.0, stat=Sent (06OGluRb032204 Message accepted for delivery)
Jul 24 19:48:01 kibr sm-mta[32205]: 06OGluRb032204: to=<root@mail.kibr.net>, ctladdr=<root@mail.kibr.net> (0/0), delay=00:00:00, xdelay=00:00:00, mailer=local, pri=30607, dsn=2.0.0, stat=Sent
